TAP version 13
# Subtest: exact preserved PsSourcePos metadata checks wire projection 0
ok 1 - exact preserved PsSourcePos metadata checks wire projection 0
  ---
  duration_ms: 2671.1714
  type: 'test'
  ...
# Subtest: exact preserved PsSourcePos metadata checks wire projection 1
ok 2 - exact preserved PsSourcePos metadata checks wire projection 1
  ---
  duration_ms: 2247.4124
  type: 'test'
  ...
# Subtest: exact preserved PsSourcePos metadata checks wire projection 2
ok 3 - exact preserved PsSourcePos metadata checks wire projection 2
  ---
  duration_ms: 2895.8303
  type: 'test'
  ...
# Subtest: projection boundary rejects out-of-bounds
ok 4 - projection boundary rejects out-of-bounds
  ---
  duration_ms: 2393.0984
  type: 'test'
  ...
# Subtest: projection boundary rejects huge-index
ok 5 - projection boundary rejects huge-index
  ---
  duration_ms: 2200.214
  type: 'test'
  ...
# Subtest: projection boundary rejects negative-index
ok 6 - projection boundary rejects negative-index
  ---
  duration_ms: 112.4239
  type: 'test'
  ...
# Subtest: projection boundary rejects noncanonical-index
ok 7 - projection boundary rejects noncanonical-index
  ---
  duration_ms: 115.5047
  type: 'test'
  ...
# Subtest: projection boundary rejects unsafe-number
ok 8 - projection boundary rejects unsafe-number
  ---
  duration_ms: 99.5035
  type: 'test'
  ...
# Subtest: projection boundary rejects extra-metadata
ok 9 - projection boundary rejects extra-metadata
  ---
  duration_ms: 94.5367
  type: 'test'
  ...
# Subtest: projection boundary rejects missing-field
ok 10 - projection boundary rejects missing-field
  ---
  duration_ms: 119.7228
  type: 'test'
  ...
# Subtest: projection boundary rejects wrong-family
ok 11 - projection boundary rejects wrong-family
  ---
  duration_ms: 1650.5059
  type: 'test'
  ...
# Subtest: projection boundary rejects unknown-family
ok 12 - projection boundary rejects unknown-family
  ---
  duration_ms: 1579.6529
  type: 'test'
  ...
# Subtest: projection boundary rejects non-record-family
ok 13 - projection boundary rejects non-record-family
  ---
  duration_ms: 1560.3259
  type: 'test'
  ...
# Subtest: projection boundary rejects wrong-major
ok 14 - projection boundary rejects wrong-major
  ---
  duration_ms: 1495.3903
  type: 'test'
  ...
# Subtest: projection boundary rejects unbound-major
ok 15 - projection boundary rejects unbound-major
  ---
  duration_ms: 1365.886
  type: 'test'
  ...
# Subtest: projection boundary rejects discarded-bad-field
ok 16 - projection boundary rejects discarded-bad-field
  ---
  duration_ms: 1621.7663
  type: 'test'
  ...
# Subtest: wire projection exhaustion is exact and prior acceptance does not grant authority
ok 17 - wire projection exhaustion is exact and prior acceptance does not grant authority
  ---
  duration_ms: 6403.1599
  type: 'test'
  ...
# Subtest: real lean record projections pass owned check and execute
ok 18 - real lean record projections pass owned check and execute
  ---
  duration_ms: 3780.3067
  type: 'test'
  ...
# Subtest: real ps record projections pass owned check and execute
ok 19 - real ps record projections pass owned check and execute
  ---
  duration_ms: 3592.5117
  type: 'test'
  ...
# Subtest: real record match uses the owned recursor before emission
ok 20 - real record match uses the owned recursor before emission
  ---
  duration_ms: 4102.0087
  type: 'test'
  ...
1..20
# tests 20
# suites 0
# pass 20
# fail 0
# cancelled 0
# skipped 0
# todo 0
# duration_ms 28906.014
