PSKERNEL_BENCH environment_indexed_ns=1674853 environment_linear_ns=46335653 environment_hits=2000/2000
PSKERNEL_BENCH cache_indexed_ns=1500788 cache_linear_ns=47026493 cache_hits=2000/2000
PSKERNEL_BENCH name_hash_ns=122027 expr_hash_ns=167433 accumulators=22628000/59274000
PSKERNEL_BENCH environment_prehashed_ns=239516 cache_prehashed_ns=233084 hits=2000/2000
PSKERNEL_BENCH infer_cold_ns=410415 isprop_cold_ns=403192 hits=1000/1000
PSKERNEL_BENCH proof_probe_ns=789843 lazy_delta_ns=920957 hits=1000/1000
PSKERNEL_BENCH whnf_cold_ns=490094 whnf_warm_ns=199151 whnf_hits=1000/1000
PSKERNEL_BENCH defeq_cold_ns=2243474 defeq_warm_ns=183272 defeq_hits=1000/1000
PSKERNEL_BENCH official_lean_whnf_ns=213618 pskernel_cold_whnf_ns=490094 hits=1000/1000
PSKERNEL_BENCH official_lean_defeq_ns=619094 pskernel_cold_defeq_ns=2243474 hits=1000/1000
PSKERNEL_BENCH beta_pskernel_ns=602704 beta_lean_ns=294439 hits=1000/1000
PSKERNEL_BENCH application_infer_only_pskernel_ns=1276450 arity=8 hits=1000
PSKERNEL_BENCH application_check_pskernel_ns=3416320 application_check_warm_pskernel_ns=2975478 application_check_lean_ns=1584806 arity=8 hits=1000/1000/1000
PSKERNEL_BENCH dependent_application_check_pskernel_ns=3975643 dependent_application_check_lean_ns=2471678 arity=8 hits=1000/1000
PSKERNEL_BENCH recursor_pskernel_ns=12721630 recursor_lean_ns=5850037 hits=1000/1000
PSKERNEL_BENCH inductive_admission_pskernel_ns=15929 inductive_admission_lean_ns=3346059 iterations=100 hits=100/100
PSKERNEL_BENCH indexed_inductive_admission_pskernel_ns=138678 indexed_inductive_admission_lean_ns=4145991 iterations=100 hits=100/100
PSKERNEL_BENCH mutual_inductive_admission_pskernel_ns=381912 mutual_inductive_admission_lean_ns=8006378 iterations=100 hits=100/100
PSKERNEL_BENCH nested_inductive_admission_pskernel_ns=53931117 nested_inductive_admission_lean_ns=17189380 iterations=100 hits=100/100
PSKERNEL_BENCH nested_wide_setup=ok
PSKERNEL_BENCH nested_wide_validate_templates=ok
PSKERNEL_BENCH nested_wide_validate_originals=ok
PSKERNEL_BENCH nested_wide_validate_aux=ok
PSKERNEL_BENCH nested_wide_admission_pskernel_ns=84140774 nested_wide_admission_lean_ns=21669653 iterations=50 hits=50/50
PSKERNEL_BENCH nested_wide_stage_preprocess_ns=506314 nested_wide_stage_transform_ns=38239188 nested_wide_stage_restore_ns=3028516 nested_wide_stage_validate_ns=36347793 iterations=50 hits=50/50/50/50
PSKERNEL_BENCH nested_wide_validate_templates_ns=147846 nested_wide_validate_originals_ns=13799741 nested_wide_validate_aux_ns=22050685 iterations=50 hits=50/50/50
PSKERNEL_BENCH nested_wide_main_rules_current_ns=11265065 nested_wide_main_rules_threaded_ns=11250647 iterations=50 hits=50/50
PSKERNEL_BENCH nested_stage_preprocess_ns=489683 nested_stage_transform_ns=31829087 nested_stage_restore_ns=1822779 nested_stage_validate_ns=19069486 iterations=100 hits=100/100/100/100
PSKERNEL_BENCH nested_validate_templates_ns=111308 nested_validate_originals_ns=9674679 nested_validate_aux_ns=9142046 iterations=100 hits=100/100/100
PSKERNEL_BENCH nested_validate_original_ctors_ns=301052 nested_validate_original_recursor_ns=9269603 nested_validate_aux_rules_ns=6555593 nested_validate_aux_recursor_ns=2551948 iterations=100 hits=100/100/100/100
PSKERNEL_BENCH nested_original_rec_type_ns=2406988 nested_original_rules_ns=7162074 nested_aux_old_rules_ns=4366471 nested_aux_new_rules_ns=4597142 iterations=100 hits=100/100/100/100
PSKERNEL_BENCH nested_infer_original_rules_ns=2239235 nested_infer_aux_old_rules_ns=1304913 nested_infer_aux_new_rules_ns=1462307 iterations=100 hits=100/100/100
PSKERNEL_BENCH structural_defeq_pskernel_ns=135823 structural_defeq_lean_ns=205784 hits=1000/1000
