2026-10-10T00:40:07.2632092Z Current runner version: '2.337.0'
2026-10-10T00:40:07.2666593Z ##[group]Runner Image Provisioner
2026-10-10T00:40:07.2668256Z Hosted Compute Agent
2026-10-10T00:40:07.2669360Z Version: 20261002.596
2026-10-10T00:40:07.2670357Z Commit: c3d12f3313a95f25162a1503be624f3b0617f8c0
2026-10-10T00:40:07.2671731Z Build Date: 2026-10-02T22:28:27Z
2026-10-10T00:40:07.2673016Z Worker ID: {00511c92-2f96-40d9-b362-0bd909501240}
2026-10-10T00:40:07.2674572Z Region: southcentralus
2026-10-10T00:40:07.2675856Z Cloud: Azure
2026-10-10T00:40:07.2676867Z ##[endgroup]
2026-10-10T00:40:07.2679464Z ##[group]Operating System
2026-10-10T00:40:07.2680617Z Ubuntu
2026-10-10T00:40:07.2682135Z 24.04.5
2026-10-10T00:40:07.2683308Z LTS
2026-10-10T00:40:07.2684531Z ##[endgroup]
2026-10-10T00:40:07.2685649Z ##[group]Runner Image
2026-10-10T00:40:07.2686865Z Image: ubuntu-24.04
2026-10-10T00:40:07.2687870Z Version: 20261004.327.1
2026-10-10T00:40:07.2690164Z Included Software: https://github.com/actions/runner-images/blob/ubuntu24/20261004.327/images/ubuntu/Ubuntu2404-Readme.md
2026-10-10T00:40:07.2693030Z Image Release: https://github.com/actions/runner-images/releases/tag/ubuntu24%2F20261004.327
2026-10-10T00:40:07.2695170Z ##[endgroup]
2026-10-10T00:40:07.2697352Z ##[group]GITHUB_TOKEN Permissions
2026-10-10T00:40:07.2700264Z Actions: read
2026-10-10T00:40:07.2701256Z Contents: read
2026-10-10T00:40:07.2702468Z Metadata: read
2026-10-10T00:40:07.2703572Z ##[endgroup]
2026-10-10T00:40:07.2706801Z Secret source: Actions
2026-10-10T00:40:07.2708465Z Cache mode: write
2026-10-10T00:40:07.2709782Z Prepare workflow directory
2026-10-10T00:40:07.3051293Z Prepare all required actions
2026-10-10T00:40:07.3121193Z Getting action download info
2026-10-10T00:40:07.5659892Z Download action repository 'actions/checkout@v4' (SHA:11d5960a326750d5838078e36cf38b85af677262)
2026-10-10T00:40:07.6846941Z Download action repository 'actions/setup-node@v4' (SHA:49933ea5288caeca8642d1e84afbd3f7d6820020)
2026-10-10T00:40:07.7678347Z Download action repository 'actions/upload-artifact@v4' (SHA:ea165f8d65b6e75b540449e92b4886f43607fa02)
2026-10-10T00:40:08.0088556Z Complete job name: diagnose
2026-10-10T00:40:08.0857834Z ##[group]Run actions/checkout@v4
2026-10-10T00:40:08.0858699Z with:
2026-10-10T00:40:08.0859181Z   ref: b3fac0872f1a5e2a0fe79aede843179d4ce43a2c
2026-10-10T00:40:08.0859796Z   persist-credentials: false
2026-10-10T00:40:08.0860316Z   repository: dwijayuda/pskernel
2026-10-10T00:40:08.0864500Z   token: ***
2026-10-10T00:40:08.0864940Z   ssh-strict: true
2026-10-10T00:40:08.0865376Z   ssh-user: git
2026-10-10T00:40:08.0865797Z   clean: true
2026-10-10T00:40:08.0866244Z   sparse-checkout-cone-mode: true
2026-10-10T00:40:08.0866763Z   fetch-depth: 1
2026-10-10T00:40:08.0867195Z   fetch-tags: false
2026-10-10T00:40:08.0867632Z   show-progress: true
2026-10-10T00:40:08.0868066Z   lfs: false
2026-10-10T00:40:08.0868472Z   submodules: false
2026-10-10T00:40:08.0868959Z   set-safe-directory: true
2026-10-10T00:40:08.0869513Z   allow-unsafe-pr-checkout: false
2026-10-10T00:40:08.0870347Z ##[endgroup]
2026-10-10T00:40:08.1859842Z Syncing repository: dwijayuda/pskernel
2026-10-10T00:40:08.1862377Z ##[group]Getting Git version info
2026-10-10T00:40:08.1863515Z Working directory is '/home/runner/work/pskernel/pskernel'
2026-10-10T00:40:08.1865467Z [command]/usr/bin/git version
2026-10-10T00:40:08.1933907Z git version 2.55.0
2026-10-10T00:40:08.1955762Z ##[endgroup]
2026-10-10T00:40:08.1970045Z Temporarily overriding HOME='/home/runner/work/_temp/b6c7b516-cd61-4fbe-992c-59a0eaaa25e7' before making global git config changes
2026-10-10T00:40:08.1972328Z Adding repository directory to the temporary git global config as a safe directory
2026-10-10T00:40:08.1974839Z [command]/usr/bin/git config --global --add safe.directory /home/runner/work/pskernel/pskernel
2026-10-10T00:40:08.2035140Z Deleting the contents of '/home/runner/work/pskernel/pskernel'
2026-10-10T00:40:08.2040277Z ##[group]Initializing the repository
2026-10-10T00:40:08.2044674Z [command]/usr/bin/git init /home/runner/work/pskernel/pskernel
2026-10-10T00:40:08.2156370Z hint: Using 'master' as the name for the initial branch. This default branch name
2026-10-10T00:40:08.2157461Z hint: will change to "main" in Git 3.0. To configure the initial branch name
2026-10-10T00:40:08.2159245Z hint: to use in all of your new repositories, which will suppress this warning,
2026-10-10T00:40:08.2160839Z hint: call:
2026-10-10T00:40:08.2161605Z hint:
2026-10-10T00:40:08.2162470Z hint: 	git config --global init.defaultBranch <name>
2026-10-10T00:40:08.2163639Z hint:
2026-10-10T00:40:08.2164999Z hint: Names commonly chosen instead of 'master' are 'main', 'trunk' and
2026-10-10T00:40:08.2166844Z hint: 'development'. The just-created branch can be renamed via this command:
2026-10-10T00:40:08.2168250Z hint:
2026-10-10T00:40:08.2169077Z hint: 	git branch -m <name>
2026-10-10T00:40:08.2169944Z hint:
2026-10-10T00:40:08.2171032Z hint: Disable this message with "git config set advice.defaultBranchName false"
2026-10-10T00:40:08.2172867Z Initialized empty Git repository in /home/runner/work/pskernel/pskernel/.git/
2026-10-10T00:40:08.2177828Z [command]/usr/bin/git remote add origin https://github.com/dwijayuda/pskernel
2026-10-10T00:40:08.2248468Z ##[endgroup]
2026-10-10T00:40:08.2249838Z ##[group]Disabling automatic garbage collection
2026-10-10T00:40:08.2253897Z [command]/usr/bin/git config --local gc.auto 0
2026-10-10T00:40:08.2336501Z ##[endgroup]
2026-10-10T00:40:08.2365756Z ##[group]Setting up auth
2026-10-10T00:40:08.2366880Z [command]/usr/bin/git config --local --name-only --get-regexp core\.sshCommand
2026-10-10T00:40:08.2369212Z [command]/usr/bin/git submodule foreach --recursive sh -c "git config --local --name-only --get-regexp 'core\.sshCommand' && git config --local --unset-all 'core.sshCommand' || :"
2026-10-10T00:40:08.2732625Z [command]/usr/bin/git config --local --name-only --get-regexp http\.https\:\/\/github\.com\/\.extraheader
2026-10-10T00:40:08.2780907Z [command]/usr/bin/git submodule foreach --recursive sh -c "git config --local --name-only --get-regexp 'http\.https\:\/\/github\.com\/\.extraheader' && git config --local --unset-all 'http.https://github.com/.extraheader' || :"
2026-10-10T00:40:08.3048648Z [command]/usr/bin/git config --local --name-only --get-regexp ^includeIf\.gitdir:
2026-10-10T00:40:08.3093032Z [command]/usr/bin/git submodule foreach --recursive git config --local --show-origin --name-only --get-regexp remote.origin.url
2026-10-10T00:40:08.3340201Z [command]/usr/bin/git config --local http.https://github.com/.extraheader AUTHORIZATION: basic ***
2026-10-10T00:40:08.3402384Z ##[endgroup]
2026-10-10T00:40:08.3404247Z ##[group]Fetching the repository
2026-10-10T00:40:08.3414712Z [command]/usr/bin/git -c protocol.version=2 fetch --no-tags --prune --no-recurse-submodules --depth=1 origin b3fac0872f1a5e2a0fe79aede843179d4ce43a2c
2026-10-10T00:40:19.2891172Z From https://github.com/dwijayuda/pskernel
2026-10-10T00:40:19.2893153Z  * branch              b3fac0872f1a5e2a0fe79aede843179d4ce43a2c -> FETCH_HEAD
2026-10-10T00:40:19.2897718Z ##[endgroup]
2026-10-10T00:40:19.2899417Z ##[group]Determining the checkout info
2026-10-10T00:40:19.2901138Z ##[endgroup]
2026-10-10T00:40:19.2903432Z [command]/usr/bin/git sparse-checkout disable
2026-10-10T00:40:19.2959836Z [command]/usr/bin/git config --local --unset-all extensions.worktreeConfig
2026-10-10T00:40:19.2991976Z ##[group]Checking out the ref
2026-10-10T00:40:19.3031215Z [command]/usr/bin/git checkout --progress --force b3fac0872f1a5e2a0fe79aede843179d4ce43a2c
2026-10-10T00:40:21.0825642Z Updating files:   7% (1520/20816)
2026-10-10T00:40:21.0943452Z Updating files:   8% (1666/20816)
2026-10-10T00:40:21.1101990Z Updating files:   9% (1874/20816)
2026-10-10T00:40:21.1349465Z Updating files:  10% (2082/20816)
2026-10-10T00:40:21.1659401Z Updating files:  11% (2290/20816)
2026-10-10T00:40:21.1781588Z Updating files:  12% (2498/20816)
2026-10-10T00:40:21.4858474Z Updating files:  13% (2707/20816)
2026-10-10T00:40:22.4155269Z Updating files:  13% (2866/20816)
2026-10-10T00:40:22.7154704Z Updating files:  13% (2869/20816)
2026-10-10T00:40:22.7277011Z Updating files:  14% (2915/20816)
2026-10-10T00:40:22.7367308Z Updating files:  15% (3123/20816)
2026-10-10T00:40:22.7487422Z Updating files:  16% (3331/20816)
2026-10-10T00:40:22.7658344Z Updating files:  17% (3539/20816)
2026-10-10T00:40:22.7816883Z Updating files:  18% (3747/20816)
2026-10-10T00:40:22.7960602Z Updating files:  19% (3956/20816)
2026-10-10T00:40:22.8273441Z Updating files:  20% (4164/20816)
2026-10-10T00:40:22.8515042Z Updating files:  21% (4372/20816)
2026-10-10T00:40:22.8637097Z Updating files:  22% (4580/20816)
2026-10-10T00:40:23.4814272Z Updating files:  23% (4788/20816)
2026-10-10T00:40:24.3975245Z Updating files:  23% (4937/20816)
2026-10-10T00:40:24.4006215Z Updating files:  23% (4940/20816)
2026-10-10T00:40:24.4125235Z Updating files:  24% (4996/20816)
2026-10-10T00:40:24.4211587Z Updating files:  25% (5204/20816)
2026-10-10T00:40:24.4323918Z Updating files:  26% (5413/20816)
2026-10-10T00:40:24.4435438Z Updating files:  27% (5621/20816)
2026-10-10T00:40:24.4558610Z Updating files:  28% (5829/20816)
2026-10-10T00:40:24.5353797Z Updating files:  29% (6037/20816)
2026-10-10T00:40:24.5549276Z Updating files:  30% (6245/20816)
2026-10-10T00:40:24.5710487Z Updating files:  31% (6453/20816)
2026-10-10T00:40:24.5883608Z Updating files:  32% (6662/20816)
2026-10-10T00:40:24.6060962Z Updating files:  33% (6870/20816)
2026-10-10T00:40:24.6214026Z Updating files:  34% (7078/20816)
2026-10-10T00:40:24.6404921Z Updating files:  35% (7286/20816)
2026-10-10T00:40:24.6562029Z Updating files:  36% (7494/20816)
2026-10-10T00:40:24.6722293Z Updating files:  37% (7702/20816)
2026-10-10T00:40:24.6853138Z Updating files:  38% (7911/20816)
2026-10-10T00:40:24.7015644Z Updating files:  39% (8119/20816)
2026-10-10T00:40:24.7254344Z Updating files:  40% (8327/20816)
2026-10-10T00:40:24.7392687Z Updating files:  41% (8535/20816)
2026-10-10T00:40:24.7521785Z Updating files:  42% (8743/20816)
2026-10-10T00:40:24.7666973Z Updating files:  43% (8951/20816)
2026-10-10T00:40:24.7792852Z Updating files:  44% (9160/20816)
2026-10-10T00:40:24.8240026Z Updating files:  45% (9368/20816)
2026-10-10T00:40:24.9388369Z Updating files:  46% (9576/20816)
2026-10-10T00:40:24.9966951Z Updating files:  47% (9784/20816)
2026-10-10T00:40:25.0826382Z Updating files:  48% (9992/20816)
2026-10-10T00:40:25.2566071Z Updating files:  49% (10200/20816)
2026-10-10T00:40:25.3262357Z Updating files:  50% (10408/20816)
2026-10-10T00:40:25.5075486Z Updating files:  50% (10470/20816)
2026-10-10T00:40:25.8321800Z Updating files:  51% (10617/20816)
2026-10-10T00:40:26.0564672Z Updating files:  52% (10825/20816)
2026-10-10T00:40:26.2988859Z Updating files:  53% (11033/20816)
2026-10-10T00:40:26.3255831Z Updating files:  54% (11241/20816)
2026-10-10T00:40:26.5580823Z Updating files:  54% (11275/20816)
2026-10-10T00:40:26.7570084Z Updating files:  55% (11449/20816)
2026-10-10T00:40:26.8273433Z Updating files:  56% (11657/20816)
2026-10-10T00:40:26.9028841Z Updating files:  57% (11866/20816)
2026-10-10T00:40:26.9133215Z Updating files:  58% (12074/20816)
2026-10-10T00:40:26.9233024Z Updating files:  59% (12282/20816)
2026-10-10T00:40:26.9310553Z Updating files:  60% (12490/20816)
2026-10-10T00:40:26.9386302Z Updating files:  61% (12698/20816)
2026-10-10T00:40:26.9471180Z Updating files:  62% (12906/20816)
2026-10-10T00:40:26.9564712Z Updating files:  63% (13115/20816)
2026-10-10T00:40:26.9659079Z Updating files:  64% (13323/20816)
2026-10-10T00:40:26.9753754Z Updating files:  65% (13531/20816)
2026-10-10T00:40:26.9860958Z Updating files:  66% (13739/20816)
2026-10-10T00:40:26.9959588Z Updating files:  67% (13947/20816)
2026-10-10T00:40:27.0054963Z Updating files:  68% (14155/20816)
2026-10-10T00:40:27.0147701Z Updating files:  69% (14364/20816)
2026-10-10T00:40:27.0240535Z Updating files:  70% (14572/20816)
2026-10-10T00:40:27.0337492Z Updating files:  71% (14780/20816)
2026-10-10T00:40:27.0431839Z Updating files:  72% (14988/20816)
2026-10-10T00:40:27.0522720Z Updating files:  73% (15196/20816)
2026-10-10T00:40:27.0645254Z Updating files:  74% (15404/20816)
2026-10-10T00:40:27.0733921Z Updating files:  75% (15612/20816)
2026-10-10T00:40:27.0826772Z Updating files:  76% (15821/20816)
2026-10-10T00:40:27.0916306Z Updating files:  77% (16029/20816)
2026-10-10T00:40:27.1012425Z Updating files:  78% (16237/20816)
2026-10-10T00:40:27.1110559Z Updating files:  79% (16445/20816)
2026-10-10T00:40:27.1226400Z Updating files:  80% (16653/20816)
2026-10-10T00:40:27.1311574Z Updating files:  81% (16861/20816)
2026-10-10T00:40:27.1393347Z Updating files:  82% (17070/20816)
2026-10-10T00:40:27.1475092Z Updating files:  83% (17278/20816)
2026-10-10T00:40:27.1560921Z Updating files:  84% (17486/20816)
2026-10-10T00:40:27.1646541Z Updating files:  85% (17694/20816)
2026-10-10T00:40:27.1734632Z Updating files:  86% (17902/20816)
2026-10-10T00:40:27.1792708Z Updating files:  87% (18110/20816)
2026-10-10T00:40:27.1853423Z Updating files:  88% (18319/20816)
2026-10-10T00:40:27.1918155Z Updating files:  89% (18527/20816)
2026-10-10T00:40:27.2161378Z Updating files:  90% (18735/20816)
2026-10-10T00:40:27.2363112Z Updating files:  91% (18943/20816)
2026-10-10T00:40:27.2452149Z Updating files:  92% (19151/20816)
2026-10-10T00:40:27.2538465Z Updating files:  93% (19359/20816)
2026-10-10T00:40:27.3246557Z Updating files:  94% (19568/20816)
2026-10-10T00:40:27.3920220Z Updating files:  94% (19716/20816)
2026-10-10T00:40:27.4745811Z Updating files:  95% (19776/20816)
2026-10-10T00:40:27.5357700Z Updating files:  96% (19984/20816)
2026-10-10T00:40:27.5598831Z Updating files:  97% (20192/20816)
2026-10-10T00:40:27.6256216Z Updating files:  98% (20400/20816)
2026-10-10T00:40:27.6691492Z Updating files:  99% (20608/20816)
2026-10-10T00:40:27.6691952Z Updating files: 100% (20816/20816)
2026-10-10T00:40:27.6692353Z Updating files: 100% (20816/20816), done.
2026-10-10T00:40:27.7223801Z Note: switching to 'b3fac0872f1a5e2a0fe79aede843179d4ce43a2c'.
2026-10-10T00:40:27.7224870Z 
2026-10-10T00:40:27.7225149Z You are in 'detached HEAD' state. You can look around, make experimental
2026-10-10T00:40:27.7226114Z changes and commit them, and you can discard any commits you make in this
2026-10-10T00:40:27.7226718Z state without impacting any branches by switching back to a branch.
2026-10-10T00:40:27.7227072Z 
2026-10-10T00:40:27.7227310Z If you want to create a new branch to retain commits you create, you may
2026-10-10T00:40:27.7227863Z do so (now or later) by using -c with the switch command. Example:
2026-10-10T00:40:27.7228181Z 
2026-10-10T00:40:27.7228322Z   git switch -c <new-branch-name>
2026-10-10T00:40:27.7228536Z 
2026-10-10T00:40:27.7228665Z Or undo this operation with:
2026-10-10T00:40:27.7228870Z 
2026-10-10T00:40:27.7228976Z   git switch -
2026-10-10T00:40:27.7229130Z 
2026-10-10T00:40:27.7229391Z Turn off this advice by setting config variable advice.detachedHead to false
2026-10-10T00:40:27.7229787Z 
2026-10-10T00:40:27.7230108Z HEAD is now at b3fac087 fix(psc0): verify actual empty-result source entries [sh1-qualify]
2026-10-10T00:40:27.7419980Z ##[endgroup]
2026-10-10T00:40:27.7426320Z [command]/usr/bin/git log -1 --format=%H
2026-10-10T00:40:27.7434675Z b3fac0872f1a5e2a0fe79aede843179d4ce43a2c
2026-10-10T00:40:27.7446158Z ##[group]Removing auth
2026-10-10T00:40:27.7450104Z [command]/usr/bin/git config --local --name-only --get-regexp core\.sshCommand
2026-10-10T00:40:27.7485624Z [command]/usr/bin/git submodule foreach --recursive sh -c "git config --local --name-only --get-regexp 'core\.sshCommand' && git config --local --unset-all 'core.sshCommand' || :"
2026-10-10T00:40:27.7729800Z [command]/usr/bin/git config --local --name-only --get-regexp http\.https\:\/\/github\.com\/\.extraheader
2026-10-10T00:40:27.7755304Z http.https://github.com/.extraheader
2026-10-10T00:40:27.7762014Z [command]/usr/bin/git config --local --unset-all http.https://github.com/.extraheader
2026-10-10T00:40:27.7827202Z [command]/usr/bin/git submodule foreach --recursive sh -c "git config --local --name-only --get-regexp 'http\.https\:\/\/github\.com\/\.extraheader' && git config --local --unset-all 'http.https://github.com/.extraheader' || :"
2026-10-10T00:40:27.8066355Z [command]/usr/bin/git config --local --name-only --get-regexp ^includeIf\.gitdir:
2026-10-10T00:40:27.8098825Z [command]/usr/bin/git submodule foreach --recursive git config --local --show-origin --name-only --get-regexp remote.origin.url
2026-10-10T00:40:27.8333509Z ##[endgroup]
2026-10-10T00:40:27.8577304Z ##[group]Run actions/setup-node@v4
2026-10-10T00:40:27.8577599Z with:
2026-10-10T00:40:27.8577805Z   node-version: 22.23.3
2026-10-10T00:40:27.8578281Z   always-auth: false
2026-10-10T00:40:27.8578505Z   check-latest: false
2026-10-10T00:40:27.8581227Z   token: ***
2026-10-10T00:40:27.8581431Z ##[endgroup]
2026-10-10T00:40:28.0670530Z Found in cache @ /opt/hostedtoolcache/node/22.23.3/x64
2026-10-10T00:40:28.0677761Z (node:2393) [DEP0040] DeprecationWarning: The `punycode` module is deprecated. Please use a userland alternative instead.
2026-10-10T00:40:28.0678815Z (Use `node --trace-deprecation ...` to show where the warning was created)
2026-10-10T00:40:28.0680288Z ##[group]Environment details
2026-10-10T00:40:30.4317218Z node: v22.23.3
2026-10-10T00:40:30.4317768Z npm: 10.9.9
2026-10-10T00:40:30.4319616Z yarn: 1.22.22
2026-10-10T00:40:30.4321430Z ##[endgroup]
2026-10-10T00:40:30.4478442Z ##[group]Run node --max-old-space-size=8192 --input-type=module <<'NODE'
2026-10-10T00:40:30.4479152Z [36;1mnode --max-old-space-size=8192 --input-type=module <<'NODE'[0m
2026-10-10T00:40:30.4479591Z [36;1mimport assert from 'node:assert/strict';[0m
2026-10-10T00:40:30.4479941Z [36;1mimport { createHash } from 'node:crypto';[0m
2026-10-10T00:40:30.4480355Z [36;1mimport { mkdtemp, readFile, writeFile } from 'node:fs/promises';[0m
2026-10-10T00:40:30.4480805Z [36;1mimport { execFileSync } from 'node:child_process';[0m
2026-10-10T00:40:30.4481160Z [36;1mimport path from 'node:path';[0m
2026-10-10T00:40:30.4481481Z [36;1mimport { pathToFileURL } from 'node:url';[0m
2026-10-10T00:40:30.4481795Z [36;1m[0m
2026-10-10T00:40:30.4482058Z [36;1massert.equal(process.version, 'v22.23.3');[0m
2026-10-10T00:40:30.4482381Z [36;1mconst expected = {[0m
2026-10-10T00:40:30.4482719Z [36;1m  sourceRef: 'b3fac0872f1a5e2a0fe79aede843179d4ce43a2c',[0m
2026-10-10T00:40:30.4483147Z [36;1m  runId: 38008721677, artifactId: 11652692106,[0m
2026-10-10T00:40:30.4483602Z [36;1m  artifactName: 'psc0-sh1-ts7.0.2-b3fac0872f1a5e2a0fe79aede843179d4ce43a2c',[0m
2026-10-10T00:40:30.4484337Z [36;1m  archiveBytes: 1841093,[0m
2026-10-10T00:40:30.4484792Z [36;1m  archiveSha256: 'a90181c130536359774816775acc74ebcae1a2c773e735fd3d55bd7ada273b8f',[0m
2026-10-10T00:40:30.4485454Z [36;1m  compilerSha256: '111fbc3c5cb565cc9d723a5fbf72de3fa4d285825c2d6274a099ce29aaf2b9f1',[0m
2026-10-10T00:40:30.4486080Z [36;1m  fixturePath: 'psc0/test/fixtures/selfhost-sh1-generic-erasure.lean',[0m
2026-10-10T00:40:30.4486584Z [36;1m  fixtureBlob: 'dd8b43775493d0d69e9cf62c2fd8670a580ff3ac',[0m
2026-10-10T00:40:30.4487109Z [36;1m  fixtureSha256: 'fbd5ad124960260862e8fe5bf5b83b9b4e509486ca126c7853fab911852945a5',[0m
2026-10-10T00:40:30.4487570Z [36;1m  fixtureBytes: 6340,[0m
2026-10-10T00:40:30.4487809Z [36;1m};[0m
2026-10-10T00:40:30.4488135Z [36;1mconst hash = (bytes) => createHash('sha256').update(bytes).digest('hex');[0m
2026-10-10T00:40:30.4488645Z [36;1mconst headers = { Authorization: 'Bearer ' + process.env.GH_TOKEN,[0m
2026-10-10T00:40:30.4489185Z [36;1m  Accept: 'application/vnd.github+json', 'X-GitHub-Api-Version': '2022-11-28' };[0m
2026-10-10T00:40:30.4489882Z [36;1mconst base = 'https://api.github.com/repos/dwijayuda/pskernel/actions/artifacts/' + expected.artifactId;[0m
2026-10-10T00:40:30.4490519Z [36;1mconst response = await fetch(base, { headers });[0m
2026-10-10T00:40:30.4490882Z [36;1massert.equal(response.status, 200);[0m
2026-10-10T00:40:30.4491211Z [36;1mconst metadata = await response.json();[0m
2026-10-10T00:40:30.4491570Z [36;1massert.equal(metadata.id, expected.artifactId);[0m
2026-10-10T00:40:30.4492147Z [36;1massert.equal(metadata.name, expected.artifactName);[0m
2026-10-10T00:40:30.4492522Z [36;1massert.equal(metadata.expired, false);[0m
2026-10-10T00:40:30.4492913Z [36;1massert.equal(metadata.size_in_bytes, expected.archiveBytes);[0m
2026-10-10T00:40:30.4493401Z [36;1massert.equal(metadata.digest, 'sha256:' + expected.archiveSha256);[0m
2026-10-10T00:40:30.4493865Z [36;1massert.equal(metadata.workflow_run.id, expected.runId);[0m
2026-10-10T00:40:30.4494639Z [36;1massert.equal(metadata.workflow_run.head_sha, expected.sourceRef);[0m
2026-10-10T00:40:30.4495141Z [36;1mconst archiveResponse = await fetch(base + '/zip', { headers });[0m
2026-10-10T00:40:30.4495564Z [36;1massert.equal(archiveResponse.status, 200);[0m
2026-10-10T00:40:30.4495981Z [36;1mconst archive = Buffer.from(await archiveResponse.arrayBuffer());[0m
2026-10-10T00:40:30.4496435Z [36;1massert.equal(archive.length, expected.archiveBytes);[0m
2026-10-10T00:40:30.4496847Z [36;1massert.equal(hash(archive), expected.archiveSha256);[0m
2026-10-10T00:40:30.4497393Z [36;1mconst directory = await mkdtemp(path.join(process.env.RUNNER_TEMP, 'psc0-generic-origin-'));[0m
2026-10-10T00:40:30.4497956Z [36;1mconst archivePath = path.join(directory, 'verified.zip');[0m
2026-10-10T00:40:30.4498508Z [36;1mawait writeFile(archivePath, archive);[0m
2026-10-10T00:40:30.4498900Z [36;1mconst files = execFileSync('unzip', ['-Z', '-1', archivePath],[0m
2026-10-10T00:40:30.4499371Z [36;1m  { encoding: 'utf8', maxBuffer: 2 * 1024 * 1024 }).trim().split(/\r?\n/u);[0m
2026-10-10T00:40:30.4499927Z [36;1massert(files.every((name) => !name.startsWith('/') && !name.split('/').includes('..')));[0m
2026-10-10T00:40:30.4500580Z [36;1mconst indexes = files.filter((name) => /^(?:dist\/sh1\/)?development\/N1\/index\.js$/u.test(name));[0m
2026-10-10T00:40:30.4501174Z [36;1massert.equal(indexes.length, 1, 'one retained N1 JavaScript product');[0m
2026-10-10T00:40:30.4501716Z [36;1mconst compilerBytes = execFileSync('unzip', ['-p', archivePath, indexes[0]],[0m
2026-10-10T00:40:30.4502181Z [36;1m  { maxBuffer: 64 * 1024 * 1024 });[0m
2026-10-10T00:40:30.4502557Z [36;1massert.equal(hash(compilerBytes), expected.compilerSha256);[0m
2026-10-10T00:40:30.4503162Z [36;1mconst fixtureBytes = await readFile(path.join(process.env.GITHUB_WORKSPACE, expected.fixturePath));[0m
2026-10-10T00:40:30.4503762Z [36;1massert.equal(fixtureBytes.length, expected.fixtureBytes);[0m
2026-10-10T00:40:30.4504469Z [36;1massert.equal(hash(fixtureBytes), expected.fixtureSha256);[0m
2026-10-10T00:40:30.4504876Z [36;1mconst source = fixtureBytes.toString('utf8');[0m
2026-10-10T00:40:30.4505296Z [36;1massert.equal(Buffer.byteLength(source), fixtureBytes.length);[0m
2026-10-10T00:40:30.4505748Z [36;1mconst modulePath = path.join(directory, 'compiler.mjs');[0m
2026-10-10T00:40:30.4506136Z [36;1mawait writeFile(modulePath, compilerBytes);[0m
2026-10-10T00:40:30.4506454Z [36;1mdelete process.env.GH_TOKEN;[0m
2026-10-10T00:40:30.4506814Z [36;1mconst compiler = await import(pathToFileURL(modulePath).href);[0m
2026-10-10T00:40:30.4507219Z [36;1mfunction tag(value) {[0m
2026-10-10T00:40:30.4507599Z [36;1m  if (value === null || typeof value !== 'object') return undefined;[0m
2026-10-10T00:40:30.4508068Z [36;1m  for (const symbol of Object.getOwnPropertySymbols(value)) {[0m
2026-10-10T00:40:30.4508522Z [36;1m    if (typeof value[symbol] === 'string') return value[symbol];[0m
2026-10-10T00:40:30.4508864Z [36;1m  }[0m
2026-10-10T00:40:30.4509066Z [36;1m  return undefined;[0m
2026-10-10T00:40:30.4509290Z [36;1m}[0m
2026-10-10T00:40:30.4509512Z [36;1mfunction items(value, maximum = 64) {[0m
2026-10-10T00:40:30.4509818Z [36;1m  const result = [], seen = new Set();[0m
2026-10-10T00:40:30.4510109Z [36;1m  while (tag(value) === 'cons') {[0m
2026-10-10T00:40:30.4510503Z [36;1m    assert(!seen.has(value) && result.length < maximum, 'bounded owned list');[0m
2026-10-10T00:40:30.4511000Z [36;1m    seen.add(value); result.push(value.head); value = value.tail;[0m
2026-10-10T00:40:30.4511488Z [36;1m  }[0m
2026-10-10T00:40:30.4511697Z [36;1m  assert.equal(tag(value), 'nil');[0m
2026-10-10T00:40:30.4511972Z [36;1m  return result;[0m
2026-10-10T00:40:30.4512206Z [36;1m}[0m
2026-10-10T00:40:30.4512408Z [36;1mlet observedNodes = 0;[0m
2026-10-10T00:40:30.4512677Z [36;1mfunction describe(value, depth = 0) {[0m
2026-10-10T00:40:30.4513114Z [36;1m  assert(depth <= 64 && ++observedNodes <= 4096, 'bounded diagnostic serialization');[0m
2026-10-10T00:40:30.4513602Z [36;1m  if (typeof value === 'bigint') return value.toString();[0m
2026-10-10T00:40:30.4514211Z [36;1m  if (Array.isArray(value)) return value.map((item) => describe(item, depth + 1));[0m
2026-10-10T00:40:30.4514683Z [36;1m  if (value !== null && typeof value === 'object') {[0m
2026-10-10T00:40:30.4515036Z [36;1m    const result = {}, valueTag = tag(value);[0m
2026-10-10T00:40:30.4515401Z [36;1m    if (valueTag !== undefined) result.tag = valueTag;[0m
2026-10-10T00:40:30.4515906Z [36;1m    for (const [key, child] of Object.entries(value)) result[key] = describe(child, depth + 1);[0m
2026-10-10T00:40:30.4516377Z [36;1m    return result;[0m
2026-10-10T00:40:30.4516608Z [36;1m  }[0m
2026-10-10T00:40:30.4516804Z [36;1m  return value;[0m
2026-10-10T00:40:30.4517142Z [36;1m}[0m
2026-10-10T00:40:30.4517423Z [36;1mconst sourceKind = compiler.PsCompilerSourceKind.lean;[0m
2026-10-10T00:40:30.4517905Z [36;1mconst parsed = compiler.psCompilerParseSource(sourceKind, source);[0m
2026-10-10T00:40:30.4518391Z [36;1massert.equal(tag(parsed), 'ok', 'unchanged fixture parses');[0m
2026-10-10T00:40:30.4518843Z [36;1massert.equal(items(parsed.value.declarations).length, 34);[0m
2026-10-10T00:40:30.4519323Z [36;1mconst initial = compiler.psCompilerPreparationStart(sourceKind);[0m
2026-10-10T00:40:30.4519931Z [36;1mconst result = compiler.psCompilerPreparationStepParsedWithOrigins(initial, parsed.value);[0m
2026-10-10T00:40:30.4520597Z [36;1massert.equal(tag(result), 'error', 'recorded fixture preparation failure reproduced');[0m
2026-10-10T00:40:30.4521075Z [36;1mconst failure = result.error;[0m
2026-10-10T00:40:30.4521381Z [36;1massert.equal(tag(failure.error), 'infer');[0m
2026-10-10T00:40:30.4521809Z [36;1massert.equal(tag(failure.error.error), 'applicationTypeMismatch');[0m
2026-10-10T00:40:30.4522220Z [36;1mconst origin = describe(failure);[0m
2026-10-10T00:40:30.4522547Z [36;1mconst sourceIndex = Number(origin.sourceIndex);[0m
2026-10-10T00:40:30.4523026Z [36;1massert(Number.isSafeInteger(sourceIndex) && sourceIndex >= 0 && sourceIndex < 34);[0m
2026-10-10T00:40:30.4523581Z [36;1mconst sourceName = items(failure.sourceName.segments).join('.');[0m
2026-10-10T00:40:30.4524398Z [36;1mconst start = Number(origin.span.start.byteOffset), stop = Number(origin.span.stop.byteOffset);[0m
2026-10-10T00:40:30.4525010Z [36;1massert(Number.isSafeInteger(start) && Number.isSafeInteger(stop));[0m
2026-10-10T00:40:30.4525502Z [36;1massert(start >= 0 && stop >= start && stop <= fixtureBytes.length);[0m
2026-10-10T00:40:30.4525978Z [36;1mconst declarationBytes = fixtureBytes.subarray(start, stop);[0m
2026-10-10T00:40:30.4526343Z [36;1mconst report = {[0m
2026-10-10T00:40:30.4526762Z [36;1m  schemaVersion: 1, kind: 'psc0-retained-N1-generic-preparation-origin-diagnostic',[0m
2026-10-10T00:40:30.4527306Z [36;1m  diagnosticSourceRef: process.env.GITHUB_SHA, expected,[0m
2026-10-10T00:40:30.4527847Z [36;1m  archiveDigestVerified: true, compilerDigestVerified: true, fixtureDigestVerified: true,[0m
2026-10-10T00:40:30.4528453Z [36;1m  compilerArchivePath: indexes[0], compilerBytes: compilerBytes.length,[0m
2026-10-10T00:40:30.4528929Z [36;1m  parseCalls: 1, originPreservingPreparationCalls: 1,[0m
2026-10-10T00:40:30.4529437Z [36;1m  nativeBuilds: 0, typeScriptCompilations: 0, erasureCalls: 0, compilerEmissions: 0,[0m
2026-10-10T00:40:30.4530009Z [36;1m  fixtureChanged: false, compilerChanged: false, sourceIndex, sourceName,[0m
2026-10-10T00:40:30.4530438Z [36;1m  phase: tag(failure.phase), origin,[0m
2026-10-10T00:40:30.4531035Z [36;1m  declaration: { startByte: start, stopByte: stop, sha256: hash(declarationBytes),[0m
2026-10-10T00:40:30.4531610Z [36;1m    bytes: declarationBytes.length, text: declarationBytes.toString('utf8') },[0m
2026-10-10T00:40:30.4532067Z [36;1m  errorProjection: { tag: 'elaboration',[0m
2026-10-10T00:40:30.4532461Z [36;1m    error: { tag: 'infer', error: { tag: 'applicationTypeMismatch' } } },[0m
2026-10-10T00:40:30.4532938Z [36;1m  qualification: { N1Complete: false, strictSh1Qualified: false,[0m
2026-10-10T00:40:30.4533409Z [36;1m    semanticContractQualified: false, providerChecked: false },[0m
2026-10-10T00:40:30.4533770Z [36;1m};[0m
2026-10-10T00:40:30.4534301Z [36;1mconst reportBytes = JSON.stringify(report, null, 2) + '\n';[0m
2026-10-10T00:40:30.4534933Z [36;1mawait writeFile(path.join(process.env.GITHUB_WORKSPACE, 'generic-preparation-origin.json'), reportBytes);[0m
2026-10-10T00:40:30.4535655Z [36;1mprocess.stdout.write('PSC0_GENERIC_PREPARATION_ORIGIN: ' + JSON.stringify(report) + '\n');[0m
2026-10-10T00:40:30.4536325Z [36;1mprocess.stdout.write('PSC0_GENERIC_PREPARATION_ORIGIN_SHA256: ' + hash(reportBytes) + '\n');[0m
2026-10-10T00:40:30.4536789Z [36;1mNODE[0m
2026-10-10T00:40:30.4861925Z shell: /usr/bin/bash -e {0}
2026-10-10T00:40:30.4862245Z env:
2026-10-10T00:40:30.4865922Z   GH_TOKEN: ***
2026-10-10T00:40:30.4866184Z ##[endgroup]
2026-10-10T00:40:32.5746366Z PSC0_GENERIC_PREPARATION_ORIGIN: {"schemaVersion":1,"kind":"psc0-retained-N1-generic-preparation-origin-diagnostic","diagnosticSourceRef":"216b63b5ff5a2740058f0a97c67c71dfc8a1be8d","expected":{"sourceRef":"b3fac0872f1a5e2a0fe79aede843179d4ce43a2c","runId":38008721677,"artifactId":11652692106,"artifactName":"psc0-sh1-ts7.0.2-b3fac0872f1a5e2a0fe79aede843179d4ce43a2c","archiveBytes":1841093,"archiveSha256":"a90181c130536359774816775acc74ebcae1a2c773e735fd3d55bd7ada273b8f","compilerSha256":"111fbc3c5cb565cc9d723a5fbf72de3fa4d285825c2d6274a099ce29aaf2b9f1","fixturePath":"psc0/test/fixtures/selfhost-sh1-generic-erasure.lean","fixtureBlob":"dd8b43775493d0d69e9cf62c2fd8670a580ff3ac","fixtureSha256":"fbd5ad124960260862e8fe5bf5b83b9b4e509486ca126c7853fab911852945a5","fixtureBytes":6340},"archiveDigestVerified":true,"compilerDigestVerified":true,"fixtureDigestVerified":true,"compilerArchivePath":"dist/sh1/development/N1/index.js","compilerBytes":3137707,"parseCalls":1,"originPreservingPreparationCalls":1,"nativeBuilds":0,"typeScriptCompilations":0,"erasureCalls":0,"compilerEmissions":0,"fixtureChanged":false,"compilerChanged":false,"sourceIndex":6,"sourceName":"sh1GroupLet","phase":"stableDeclaration","origin":{"error":{"tag":"infer","error":{"tag":"applicationTypeMismatch"}},"sourceIndex":"6","sourceName":{"segments":{"tag":"cons","head":"sh1GroupLet","tail":{"tag":"nil"}},"span":{"start":{"byteOffset":"1615","line":"37","column":"5"},"stop":{"byteOffset":"1626","line":"37","column":"16"}}},"span":{"start":{"byteOffset":"1611","line":"37","column":"1"},"stop":{"byteOffset":"1708","line":"39","column":"9"}},"phase":{"tag":"stableDeclaration"}},"declaration":{"startByte":1611,"stopByte":1708,"sha256":"dc8a8a71fc5268303448b80ac69cb0555e8b6e81c8cbfb4659541b0ac6c419b3","bytes":97,"text":"def sh1GroupLet (f : Nat -> Nat) : Nat :=\n  let next : Nat -> Nat := sh1GroupIdentity f;\n  next 7"},"errorProjection":{"tag":"elaboration","error":{"tag":"infer","error":{"tag":"applicationTypeMismatch"}}},"qualification":{"N1Complete":false,"strictSh1Qualified":false,"semanticContractQualified":false,"providerChecked":false}}
2026-10-10T00:40:32.5754494Z PSC0_GENERIC_PREPARATION_ORIGIN_SHA256: 46a60edd579402eca2ebf1a42aace7635d245b16a6472c4d3e00523c2054ef0b
2026-10-10T00:40:32.6108487Z ##[group]Run actions/upload-artifact@v4
2026-10-10T00:40:32.6108797Z with:
2026-10-10T00:40:32.6109168Z   name: psc0-generic-preparation-origin-216b63b5ff5a2740058f0a97c67c71dfc8a1be8d
2026-10-10T00:40:32.6109650Z   path: generic-preparation-origin.json
2026-10-10T00:40:32.6109948Z   if-no-files-found: ignore
2026-10-10T00:40:32.6110365Z   retention-days: 30
2026-10-10T00:40:32.6110585Z   compression-level: 6
2026-10-10T00:40:32.6110800Z   overwrite: false
2026-10-10T00:40:32.6111020Z   include-hidden-files: false
2026-10-10T00:40:32.6111257Z ##[endgroup]
2026-10-10T00:40:32.8025832Z (node:2440) [DEP0040] DeprecationWarning: The `punycode` module is deprecated. Please use a userland alternative instead.
2026-10-10T00:40:32.8027242Z (Use `node --trace-deprecation ...` to show where the warning was created)
2026-10-10T00:40:32.8085178Z With the provided path, there will be 1 file uploaded
2026-10-10T00:40:32.8092070Z Artifact name is valid!
2026-10-10T00:40:32.8093306Z Root directory input is valid!
2026-10-10T00:40:33.0847879Z Beginning upload of artifact content to blob storage
2026-10-10T00:40:33.1038813Z (node:2440) [DEP0169] DeprecationWarning: `url.parse()` behavior is not standardized and prone to errors that have security implications. Use the WHATWG URL API instead. CVEs are not issued for `url.parse()` vulnerabilities.
2026-10-10T00:40:33.2332275Z Uploaded bytes 1256
2026-10-10T00:40:33.2722676Z Finished uploading artifact content to blob storage!
2026-10-10T00:40:33.2724246Z SHA256 digest of uploaded artifact zip is 00e5d16ca56af33d536ca18065447812663f2ff92e63fe43181b0a1aefe62552
2026-10-10T00:40:33.2725860Z Finalizing artifact upload
2026-10-10T00:40:33.5044445Z Artifact psc0-generic-preparation-origin-216b63b5ff5a2740058f0a97c67c71dfc8a1be8d.zip successfully finalized. Artifact ID 11652477993
2026-10-10T00:40:33.5047449Z Artifact psc0-generic-preparation-origin-216b63b5ff5a2740058f0a97c67c71dfc8a1be8d has been successfully uploaded! Final size is 1256 bytes. Artifact ID is 11652477993
2026-10-10T00:40:33.5049622Z Artifact download URL: https://github.com/dwijayuda/pskernel/actions/runs/38010024282/artifacts/11652477993
2026-10-10T00:40:33.5216352Z Post job cleanup.
2026-10-10T00:40:33.6426150Z (node:2452) [DEP0040] DeprecationWarning: The `punycode` module is deprecated. Please use a userland alternative instead.
2026-10-10T00:40:33.6427194Z (Use `node --trace-deprecation ...` to show where the warning was created)
2026-10-10T00:40:33.6594269Z Post job cleanup.
2026-10-10T00:40:33.7464603Z [command]/usr/bin/git version
2026-10-10T00:40:33.7509027Z git version 2.55.0
2026-10-10T00:40:33.7551200Z Temporarily overriding HOME='/home/runner/work/_temp/6a9d3f3c-c1a4-4a1b-b9bd-77f6047873cb' before making global git config changes
2026-10-10T00:40:33.7553011Z Adding repository directory to the temporary git global config as a safe directory
2026-10-10T00:40:33.7557147Z [command]/usr/bin/git config --global --add safe.directory /home/runner/work/pskernel/pskernel
2026-10-10T00:40:33.7599243Z [command]/usr/bin/git config --local --name-only --get-regexp core\.sshCommand
2026-10-10T00:40:33.7637007Z [command]/usr/bin/git submodule foreach --recursive sh -c "git config --local --name-only --get-regexp 'core\.sshCommand' && git config --local --unset-all 'core.sshCommand' || :"
2026-10-10T00:40:33.7908203Z [command]/usr/bin/git config --local --name-only --get-regexp http\.https\:\/\/github\.com\/\.extraheader
2026-10-10T00:40:33.7948628Z [command]/usr/bin/git submodule foreach --recursive sh -c "git config --local --name-only --get-regexp 'http\.https\:\/\/github\.com\/\.extraheader' && git config --local --unset-all 'http.https://github.com/.extraheader' || :"
2026-10-10T00:40:33.8251294Z [command]/usr/bin/git config --local --name-only --get-regexp ^includeIf\.gitdir:
2026-10-10T00:40:33.8310475Z [command]/usr/bin/git submodule foreach --recursive git config --local --show-origin --name-only --get-regexp remote.origin.url
2026-10-10T00:40:33.8790230Z Cleaning up orphan processes
2026-10-10T00:40:33.9065971Z ##[warning]Node.js 20 is deprecated. The following actions target Node.js 20 but are being forced to run on Node.js 24: actions/checkout@v4, actions/setup-node@v4, actions/upload-artifact@v4. For more information see: https://github.blog/changelog/2025-09-19-deprecation-of-node-20-on-github-actions-runners/
