2026-10-10T05:25:48.8565847Z Current runner version: '2.337.0'
2026-10-10T05:25:48.8605126Z ##[group]Runner Image Provisioner
2026-10-10T05:25:48.8606392Z Hosted Compute Agent
2026-10-10T05:25:48.8607332Z Version: 20261002.596
2026-10-10T05:25:48.8608438Z Commit: c3d12f3313a95f25162a1503be624f3b0617f8c0
2026-10-10T05:25:48.8609729Z Build Date: 2026-10-02T22:28:27Z
2026-10-10T05:25:48.8611232Z Worker ID: {44be9498-c257-44b2-bdcc-7084e6c1bc36}
2026-10-10T05:25:48.8612423Z Region: eastus
2026-10-10T05:25:48.8613416Z Cloud: Azure
2026-10-10T05:25:48.8614465Z ##[endgroup]
2026-10-10T05:25:48.8616634Z ##[group]Operating System
2026-10-10T05:25:48.8617784Z Ubuntu
2026-10-10T05:25:48.8618715Z 24.04.5
2026-10-10T05:25:48.8619537Z LTS
2026-10-10T05:25:48.8620541Z ##[endgroup]
2026-10-10T05:25:48.8621768Z ##[group]Runner Image
2026-10-10T05:25:48.8622830Z Image: ubuntu-24.04
2026-10-10T05:25:48.8623719Z Version: 20261004.327.1
2026-10-10T05:25:48.8625983Z Included Software: https://github.com/actions/runner-images/blob/ubuntu24/20261004.327/images/ubuntu/Ubuntu2404-Readme.md
2026-10-10T05:25:48.8628666Z Image Release: https://github.com/actions/runner-images/releases/tag/ubuntu24%2F20261004.327
2026-10-10T05:25:48.8630443Z ##[endgroup]
2026-10-10T05:25:48.8632813Z ##[group]GITHUB_TOKEN Permissions
2026-10-10T05:25:48.8635909Z Actions: read
2026-10-10T05:25:48.8636815Z Contents: read
2026-10-10T05:25:48.8637845Z Metadata: read
2026-10-10T05:25:48.8638775Z ##[endgroup]
2026-10-10T05:25:48.8642255Z Secret source: Actions
2026-10-10T05:25:48.8643797Z Cache mode: write
2026-10-10T05:25:48.8644925Z Prepare workflow directory
2026-10-10T05:25:48.9132721Z Prepare all required actions
2026-10-10T05:25:48.9205870Z Getting action download info
2026-10-10T05:25:49.1504708Z Download action repository 'actions/checkout@v4' (SHA:11d5960a326750d5838078e36cf38b85af677262)
2026-10-10T05:25:49.2627809Z Download action repository 'actions/setup-node@v4' (SHA:49933ea5288caeca8642d1e84afbd3f7d6820020)
2026-10-10T05:25:49.3550237Z Download action repository 'leanprover/lean-action@v1' (SHA:f061402b660e0c34644504b324e830f2991d4865)
2026-10-10T05:25:49.4458986Z Download action repository 'actions/cache@v4' (SHA:0057852bfaa89a56745cba8c7296529d2fc39830)
2026-10-10T05:25:49.5479162Z Download action repository 'actions/download-artifact@v4' (SHA:d3f86a106a0bac45b974a628896c90dbdf5c8093)
2026-10-10T05:25:49.7056419Z Download action repository 'actions/upload-artifact@v4' (SHA:ea165f8d65b6e75b540449e92b4886f43607fa02)
2026-10-10T05:25:49.9876921Z Getting action download info
2026-10-10T05:25:50.0636647Z Download action repository 'actions/cache@caa296126883cff596d87d8935842f9db880ef25' (SHA:caa296126883cff596d87d8935842f9db880ef25)
2026-10-10T05:25:50.2854383Z Complete job name: kernel-admissions
2026-10-10T05:25:50.3829629Z ##[group]Run actions/checkout@v4
2026-10-10T05:25:50.3831243Z with:
2026-10-10T05:25:50.3832190Z   ref: 1fa5559a72b293defc56ef7e7020cf82d4b44b79
2026-10-10T05:25:50.3833409Z   repository: dwijayuda/pskernel
2026-10-10T05:25:50.3841482Z   token: ***
2026-10-10T05:25:50.3842358Z   ssh-strict: true
2026-10-10T05:25:50.3843210Z   ssh-user: git
2026-10-10T05:25:50.3844081Z   persist-credentials: true
2026-10-10T05:25:50.3845031Z   clean: true
2026-10-10T05:25:50.3845924Z   sparse-checkout-cone-mode: true
2026-10-10T05:25:50.3846944Z   fetch-depth: 1
2026-10-10T05:25:50.3847802Z   fetch-tags: false
2026-10-10T05:25:50.3848682Z   show-progress: true
2026-10-10T05:25:50.3849560Z   lfs: false
2026-10-10T05:25:50.3850387Z   submodules: false
2026-10-10T05:25:50.3851443Z   set-safe-directory: true
2026-10-10T05:25:50.3852461Z   allow-unsafe-pr-checkout: false
2026-10-10T05:25:50.3853773Z ##[endgroup]
2026-10-10T05:25:50.4909036Z Syncing repository: dwijayuda/pskernel
2026-10-10T05:25:50.4913167Z ##[group]Getting Git version info
2026-10-10T05:25:50.4914854Z Working directory is '/home/runner/work/pskernel/pskernel'
2026-10-10T05:25:50.4916933Z [command]/usr/bin/git version
2026-10-10T05:25:50.5000327Z git version 2.55.0
2026-10-10T05:25:50.5027621Z ##[endgroup]
2026-10-10T05:25:50.5043799Z Temporarily overriding HOME='/home/runner/work/_temp/636714a5-ec90-4141-a18e-fad4829a025e' before making global git config changes
2026-10-10T05:25:50.5048807Z Adding repository directory to the temporary git global config as a safe directory
2026-10-10T05:25:50.5053179Z [command]/usr/bin/git config --global --add safe.directory /home/runner/work/pskernel/pskernel
2026-10-10T05:25:50.5113522Z Deleting the contents of '/home/runner/work/pskernel/pskernel'
2026-10-10T05:25:50.5124106Z ##[group]Initializing the repository
2026-10-10T05:25:50.5132301Z [command]/usr/bin/git init /home/runner/work/pskernel/pskernel
2026-10-10T05:25:50.5247559Z hint: Using 'master' as the name for the initial branch. This default branch name
2026-10-10T05:25:50.5251335Z hint: will change to "main" in Git 3.0. To configure the initial branch name
2026-10-10T05:25:50.5254752Z hint: to use in all of your new repositories, which will suppress this warning,
2026-10-10T05:25:50.5257856Z hint: call:
2026-10-10T05:25:50.5259285Z hint:
2026-10-10T05:25:50.5261395Z hint: 	git config --global init.defaultBranch <name>
2026-10-10T05:25:50.5263666Z hint:
2026-10-10T05:25:50.5265691Z hint: Names commonly chosen instead of 'master' are 'main', 'trunk' and
2026-10-10T05:25:50.5267946Z hint: 'development'. The just-created branch can be renamed via this command:
2026-10-10T05:25:50.5271579Z hint:
2026-10-10T05:25:50.5273098Z hint: 	git branch -m <name>
2026-10-10T05:25:50.5274757Z hint:
2026-10-10T05:25:50.5277363Z hint: Disable this message with "git config set advice.defaultBranchName false"
2026-10-10T05:25:50.5281152Z Initialized empty Git repository in /home/runner/work/pskernel/pskernel/.git/
2026-10-10T05:25:50.5286721Z [command]/usr/bin/git remote add origin https://github.com/dwijayuda/pskernel
2026-10-10T05:25:50.5320203Z ##[endgroup]
2026-10-10T05:25:50.5323192Z ##[group]Disabling automatic garbage collection
2026-10-10T05:25:50.5325586Z [command]/usr/bin/git config --local gc.auto 0
2026-10-10T05:25:50.5367704Z ##[endgroup]
2026-10-10T05:25:50.5370044Z ##[group]Setting up auth
2026-10-10T05:25:50.5385934Z [command]/usr/bin/git config --local --name-only --get-regexp core\.sshCommand
2026-10-10T05:25:50.5411047Z [command]/usr/bin/git submodule foreach --recursive sh -c "git config --local --name-only --get-regexp 'core\.sshCommand' && git config --local --unset-all 'core.sshCommand' || :"
2026-10-10T05:25:50.5829439Z [command]/usr/bin/git config --local --name-only --get-regexp http\.https\:\/\/github\.com\/\.extraheader
2026-10-10T05:25:50.5870784Z [command]/usr/bin/git submodule foreach --recursive sh -c "git config --local --name-only --get-regexp 'http\.https\:\/\/github\.com\/\.extraheader' && git config --local --unset-all 'http.https://github.com/.extraheader' || :"
2026-10-10T05:25:50.6099900Z [command]/usr/bin/git config --local --name-only --get-regexp ^includeIf\.gitdir:
2026-10-10T05:25:50.6138269Z [command]/usr/bin/git submodule foreach --recursive git config --local --show-origin --name-only --get-regexp remote.origin.url
2026-10-10T05:25:50.6368336Z [command]/usr/bin/git config --local http.https://github.com/.extraheader AUTHORIZATION: basic ***
2026-10-10T05:25:50.6411558Z ##[endgroup]
2026-10-10T05:25:50.6422158Z ##[group]Fetching the repository
2026-10-10T05:25:50.6426304Z [command]/usr/bin/git -c protocol.version=2 fetch --no-tags --prune --no-recurse-submodules --depth=1 origin 1fa5559a72b293defc56ef7e7020cf82d4b44b79
2026-10-10T05:26:02.0218144Z From https://github.com/dwijayuda/pskernel
2026-10-10T05:26:02.0218986Z  * branch              1fa5559a72b293defc56ef7e7020cf82d4b44b79 -> FETCH_HEAD
2026-10-10T05:26:02.0223256Z ##[endgroup]
2026-10-10T05:26:02.0224057Z ##[group]Determining the checkout info
2026-10-10T05:26:02.0225787Z ##[endgroup]
2026-10-10T05:26:02.0232291Z [command]/usr/bin/git sparse-checkout disable
2026-10-10T05:26:02.0287760Z [command]/usr/bin/git config --local --unset-all extensions.worktreeConfig
2026-10-10T05:26:02.0319652Z ##[group]Checking out the ref
2026-10-10T05:26:02.0324042Z [command]/usr/bin/git checkout --progress --force 1fa5559a72b293defc56ef7e7020cf82d4b44b79
2026-10-10T05:26:03.8358818Z Updating files:   7% (1546/20842)
2026-10-10T05:26:03.8469331Z Updating files:   8% (1668/20842)
2026-10-10T05:26:03.8633674Z Updating files:   9% (1876/20842)
2026-10-10T05:26:03.8889964Z Updating files:  10% (2085/20842)
2026-10-10T05:26:03.9162210Z Updating files:  11% (2293/20842)
2026-10-10T05:26:03.9335912Z Updating files:  12% (2502/20842)
2026-10-10T05:26:04.2463416Z Updating files:  13% (2710/20842)
2026-10-10T05:26:05.1769751Z Updating files:  13% (2892/20842)
2026-10-10T05:26:05.4828984Z Updating files:  13% (2895/20842)
2026-10-10T05:26:05.4952441Z Updating files:  14% (2918/20842)
2026-10-10T05:26:05.5047144Z Updating files:  15% (3127/20842)
2026-10-10T05:26:05.5160933Z Updating files:  16% (3335/20842)
2026-10-10T05:26:05.5324837Z Updating files:  17% (3544/20842)
2026-10-10T05:26:05.5456427Z Updating files:  18% (3752/20842)
2026-10-10T05:26:05.5592654Z Updating files:  19% (3960/20842)
2026-10-10T05:26:05.5906253Z Updating files:  20% (4169/20842)
2026-10-10T05:26:05.6159757Z Updating files:  21% (4377/20842)
2026-10-10T05:26:05.6279920Z Updating files:  22% (4586/20842)
2026-10-10T05:26:06.2457629Z Updating files:  23% (4794/20842)
2026-10-10T05:26:07.1720492Z Updating files:  23% (4963/20842)
2026-10-10T05:26:07.1738764Z Updating files:  23% (4966/20842)
2026-10-10T05:26:07.1857369Z Updating files:  24% (5003/20842)
2026-10-10T05:26:07.1945413Z Updating files:  25% (5211/20842)
2026-10-10T05:26:07.2065593Z Updating files:  26% (5419/20842)
2026-10-10T05:26:07.2181016Z Updating files:  27% (5628/20842)
2026-10-10T05:26:07.2299779Z Updating files:  28% (5836/20842)
2026-10-10T05:26:07.3074660Z Updating files:  29% (6045/20842)
2026-10-10T05:26:07.3298653Z Updating files:  30% (6253/20842)
2026-10-10T05:26:07.3508162Z Updating files:  31% (6462/20842)
2026-10-10T05:26:07.3669812Z Updating files:  32% (6670/20842)
2026-10-10T05:26:07.3842452Z Updating files:  33% (6878/20842)
2026-10-10T05:26:07.4003252Z Updating files:  34% (7087/20842)
2026-10-10T05:26:07.4149159Z Updating files:  35% (7295/20842)
2026-10-10T05:26:07.4326239Z Updating files:  36% (7504/20842)
2026-10-10T05:26:07.4488259Z Updating files:  37% (7712/20842)
2026-10-10T05:26:07.4619609Z Updating files:  38% (7920/20842)
2026-10-10T05:26:07.4778277Z Updating files:  39% (8129/20842)
2026-10-10T05:26:07.5001457Z Updating files:  40% (8337/20842)
2026-10-10T05:26:07.5154521Z Updating files:  41% (8546/20842)
2026-10-10T05:26:07.5283806Z Updating files:  42% (8754/20842)
2026-10-10T05:26:07.5412144Z Updating files:  43% (8963/20842)
2026-10-10T05:26:07.5522956Z Updating files:  44% (9171/20842)
2026-10-10T05:26:07.5791804Z Updating files:  45% (9379/20842)
2026-10-10T05:26:07.6991555Z Updating files:  46% (9588/20842)
2026-10-10T05:26:07.7614001Z Updating files:  47% (9796/20842)
2026-10-10T05:26:07.8366954Z Updating files:  48% (10005/20842)
2026-10-10T05:26:08.0107024Z Updating files:  49% (10213/20842)
2026-10-10T05:26:08.0549642Z Updating files:  50% (10421/20842)
2026-10-10T05:26:08.2587896Z Updating files:  50% (10456/20842)
2026-10-10T05:26:08.5518198Z Updating files:  51% (10630/20842)
2026-10-10T05:26:08.9774333Z Updating files:  52% (10838/20842)
2026-10-10T05:26:09.0547564Z Updating files:  53% (11047/20842)
2026-10-10T05:26:09.2115536Z Updating files:  53% (11126/20842)
2026-10-10T05:26:09.4618616Z Updating files:  54% (11255/20842)
2026-10-10T05:26:09.6836779Z Updating files:  55% (11464/20842)
2026-10-10T05:26:09.7544121Z Updating files:  56% (11672/20842)
2026-10-10T05:26:09.8297412Z Updating files:  57% (11880/20842)
2026-10-10T05:26:09.8406279Z Updating files:  58% (12089/20842)
2026-10-10T05:26:09.8484076Z Updating files:  59% (12297/20842)
2026-10-10T05:26:09.8559568Z Updating files:  60% (12506/20842)
2026-10-10T05:26:09.8636077Z Updating files:  61% (12714/20842)
2026-10-10T05:26:09.8721472Z Updating files:  62% (12923/20842)
2026-10-10T05:26:09.8812284Z Updating files:  63% (13131/20842)
2026-10-10T05:26:09.8909020Z Updating files:  64% (13339/20842)
2026-10-10T05:26:09.9004990Z Updating files:  65% (13548/20842)
2026-10-10T05:26:09.9111690Z Updating files:  66% (13756/20842)
2026-10-10T05:26:09.9209045Z Updating files:  67% (13965/20842)
2026-10-10T05:26:09.9304039Z Updating files:  68% (14173/20842)
2026-10-10T05:26:09.9397080Z Updating files:  69% (14381/20842)
2026-10-10T05:26:09.9493031Z Updating files:  70% (14590/20842)
2026-10-10T05:26:09.9588747Z Updating files:  71% (14798/20842)
2026-10-10T05:26:09.9683958Z Updating files:  72% (15007/20842)
2026-10-10T05:26:09.9776976Z Updating files:  73% (15215/20842)
2026-10-10T05:26:09.9898188Z Updating files:  74% (15424/20842)
2026-10-10T05:26:09.9988070Z Updating files:  75% (15632/20842)
2026-10-10T05:26:10.0080731Z Updating files:  76% (15840/20842)
2026-10-10T05:26:10.0170867Z Updating files:  77% (16049/20842)
2026-10-10T05:26:10.0269104Z Updating files:  78% (16257/20842)
2026-10-10T05:26:10.0367889Z Updating files:  79% (16466/20842)
2026-10-10T05:26:10.0484969Z Updating files:  80% (16674/20842)
2026-10-10T05:26:10.0545181Z Updating files:  81% (16883/20842)
2026-10-10T05:26:10.0571972Z Updating files:  81% (17024/20842)
2026-10-10T05:26:10.0654657Z Updating files:  82% (17091/20842)
2026-10-10T05:26:10.0736449Z Updating files:  83% (17299/20842)
2026-10-10T05:26:10.0824088Z Updating files:  84% (17508/20842)
2026-10-10T05:26:10.0910797Z Updating files:  85% (17716/20842)
2026-10-10T05:26:10.0998396Z Updating files:  86% (17925/20842)
2026-10-10T05:26:10.1056554Z Updating files:  87% (18133/20842)
2026-10-10T05:26:10.1118548Z Updating files:  88% (18341/20842)
2026-10-10T05:26:10.1182102Z Updating files:  89% (18550/20842)
2026-10-10T05:26:10.1440428Z Updating files:  90% (18758/20842)
2026-10-10T05:26:10.1643281Z Updating files:  91% (18967/20842)
2026-10-10T05:26:10.1733042Z Updating files:  92% (19175/20842)
2026-10-10T05:26:10.1820270Z Updating files:  93% (19384/20842)
2026-10-10T05:26:10.3192217Z Updating files:  94% (19592/20842)
2026-10-10T05:26:10.4003999Z Updating files:  95% (19800/20842)
2026-10-10T05:26:10.4624885Z Updating files:  96% (20009/20842)
2026-10-10T05:26:10.4869181Z Updating files:  97% (20217/20842)
2026-10-10T05:26:10.5558876Z Updating files:  98% (20426/20842)
2026-10-10T05:26:10.6003490Z Updating files:  99% (20634/20842)
2026-10-10T05:26:10.6004357Z Updating files: 100% (20842/20842)
2026-10-10T05:26:10.6004803Z Updating files: 100% (20842/20842), done.
2026-10-10T05:26:10.8439632Z Note: switching to '1fa5559a72b293defc56ef7e7020cf82d4b44b79'.
2026-10-10T05:26:10.8440396Z 
2026-10-10T05:26:10.8441348Z You are in 'detached HEAD' state. You can look around, make experimental
2026-10-10T05:26:10.8444302Z changes and commit them, and you can discard any commits you make in this
2026-10-10T05:26:10.8445484Z state without impacting any branches by switching back to a branch.
2026-10-10T05:26:10.8446255Z 
2026-10-10T05:26:10.8447966Z If you want to create a new branch to retain commits you create, you may
2026-10-10T05:26:10.8448985Z do so (now or later) by using -c with the switch command. Example:
2026-10-10T05:26:10.8449623Z 
2026-10-10T05:26:10.8449857Z   git switch -c <new-branch-name>
2026-10-10T05:26:10.8450251Z 
2026-10-10T05:26:10.8450473Z Or undo this operation with:
2026-10-10T05:26:10.8451036Z 
2026-10-10T05:26:10.8451232Z   git switch -
2026-10-10T05:26:10.8451496Z 
2026-10-10T05:26:10.8451978Z Turn off this advice by setting config variable advice.detachedHead to false
2026-10-10T05:26:10.8452696Z 
2026-10-10T05:26:10.8453199Z HEAD is now at 1fa5559a psc0: bind historical worker observation schema [sh1-qualify]
2026-10-10T05:26:10.8559726Z ##[endgroup]
2026-10-10T05:26:10.8614539Z [command]/usr/bin/git log -1 --format=%H
2026-10-10T05:26:10.8642248Z 1fa5559a72b293defc56ef7e7020cf82d4b44b79
2026-10-10T05:26:11.1963186Z ##[group]Run actions/checkout@v4
2026-10-10T05:26:11.1963468Z with:
2026-10-10T05:26:11.1963701Z   ref: 963030dc2d154008fccc82e7c8ed29331f138799
2026-10-10T05:26:11.1963993Z   path: provider-source
2026-10-10T05:26:11.1964413Z   sparse-checkout: psc0
2026-10-10T05:26:11.1964646Z   repository: dwijayuda/pskernel
2026-10-10T05:26:11.1966905Z   token: ***
2026-10-10T05:26:11.1967108Z   ssh-strict: true
2026-10-10T05:26:11.1967313Z   ssh-user: git
2026-10-10T05:26:11.1967522Z   persist-credentials: true
2026-10-10T05:26:11.1967754Z   clean: true
2026-10-10T05:26:11.1967961Z   sparse-checkout-cone-mode: true
2026-10-10T05:26:11.1968210Z   fetch-depth: 1
2026-10-10T05:26:11.1968413Z   fetch-tags: false
2026-10-10T05:26:11.1968615Z   show-progress: true
2026-10-10T05:26:11.1968821Z   lfs: false
2026-10-10T05:26:11.1969008Z   submodules: false
2026-10-10T05:26:11.1969218Z   set-safe-directory: true
2026-10-10T05:26:11.1969461Z   allow-unsafe-pr-checkout: false
2026-10-10T05:26:11.1969758Z ##[endgroup]
2026-10-10T05:26:11.2824459Z Syncing repository: dwijayuda/pskernel
2026-10-10T05:26:11.2825271Z ##[group]Getting Git version info
2026-10-10T05:26:11.2825934Z Working directory is '/home/runner/work/pskernel/pskernel/provider-source'
2026-10-10T05:26:11.2854541Z [command]/usr/bin/git version
2026-10-10T05:26:11.2897370Z git version 2.55.0
2026-10-10T05:26:11.2918964Z ##[endgroup]
2026-10-10T05:26:11.2933768Z Temporarily overriding HOME='/home/runner/work/_temp/9100ff7e-0270-48e4-97ef-ea14bcc329b6' before making global git config changes
2026-10-10T05:26:11.2935141Z Adding repository directory to the temporary git global config as a safe directory
2026-10-10T05:26:11.2939709Z [command]/usr/bin/git config --global --add safe.directory /home/runner/work/pskernel/pskernel/provider-source
2026-10-10T05:26:11.2986976Z ##[group]Initializing the repository
2026-10-10T05:26:11.2991859Z [command]/usr/bin/git init /home/runner/work/pskernel/pskernel/provider-source
2026-10-10T05:26:11.3037881Z hint: Using 'master' as the name for the initial branch. This default branch name
2026-10-10T05:26:11.3055779Z hint: will change to "main" in Git 3.0. To configure the initial branch name
2026-10-10T05:26:11.3056993Z hint: to use in all of your new repositories, which will suppress this warning,
2026-10-10T05:26:11.3057789Z hint: call:
2026-10-10T05:26:11.3058095Z hint:
2026-10-10T05:26:11.3058494Z hint: 	git config --global init.defaultBranch <name>
2026-10-10T05:26:11.3058987Z hint:
2026-10-10T05:26:11.3059443Z hint: Names commonly chosen instead of 'master' are 'main', 'trunk' and
2026-10-10T05:26:11.3060239Z hint: 'development'. The just-created branch can be renamed via this command:
2026-10-10T05:26:11.3061014Z hint:
2026-10-10T05:26:11.3061325Z hint: 	git branch -m <name>
2026-10-10T05:26:11.3061685Z hint:
2026-10-10T05:26:11.3062195Z hint: Disable this message with "git config set advice.defaultBranchName false"
2026-10-10T05:26:11.3063188Z Initialized empty Git repository in /home/runner/work/pskernel/pskernel/provider-source/.git/
2026-10-10T05:26:11.3064814Z [command]/usr/bin/git remote add origin https://github.com/dwijayuda/pskernel
2026-10-10T05:26:11.3084809Z ##[endgroup]
2026-10-10T05:26:11.3085676Z ##[group]Disabling automatic garbage collection
2026-10-10T05:26:11.3092765Z [command]/usr/bin/git config --local gc.auto 0
2026-10-10T05:26:11.3124567Z ##[endgroup]
2026-10-10T05:26:11.3125108Z ##[group]Setting up auth
2026-10-10T05:26:11.3131484Z [command]/usr/bin/git config --local --name-only --get-regexp core\.sshCommand
2026-10-10T05:26:11.3163990Z [command]/usr/bin/git submodule foreach --recursive sh -c "git config --local --name-only --get-regexp 'core\.sshCommand' && git config --local --unset-all 'core.sshCommand' || :"
2026-10-10T05:26:11.3436711Z [command]/usr/bin/git config --local --name-only --get-regexp http\.https\:\/\/github\.com\/\.extraheader
2026-10-10T05:26:11.3480552Z [command]/usr/bin/git submodule foreach --recursive sh -c "git config --local --name-only --get-regexp 'http\.https\:\/\/github\.com\/\.extraheader' && git config --local --unset-all 'http.https://github.com/.extraheader' || :"
2026-10-10T05:26:11.3737287Z [command]/usr/bin/git config --local --name-only --get-regexp ^includeIf\.gitdir:
2026-10-10T05:26:11.3790031Z [command]/usr/bin/git submodule foreach --recursive git config --local --show-origin --name-only --get-regexp remote.origin.url
2026-10-10T05:26:11.4028761Z [command]/usr/bin/git config --local http.https://github.com/.extraheader AUTHORIZATION: basic ***
2026-10-10T05:26:11.4073618Z ##[endgroup]
2026-10-10T05:26:11.4074248Z ##[group]Fetching the repository
2026-10-10T05:26:11.4083774Z [command]/usr/bin/git -c protocol.version=2 fetch --no-tags --prune --no-recurse-submodules --filter=blob:none --depth=1 origin 963030dc2d154008fccc82e7c8ed29331f138799
2026-10-10T05:26:11.6434263Z From https://github.com/dwijayuda/pskernel
2026-10-10T05:26:11.6435010Z  * branch            963030dc2d154008fccc82e7c8ed29331f138799 -> FETCH_HEAD
2026-10-10T05:26:11.6452627Z ##[endgroup]
2026-10-10T05:26:11.6453352Z ##[group]Determining the checkout info
2026-10-10T05:26:11.6454114Z ##[endgroup]
2026-10-10T05:26:11.6454769Z ##[group]Setting up sparse checkout
2026-10-10T05:26:11.6456756Z [command]/usr/bin/git sparse-checkout set psc0
2026-10-10T05:26:11.6498658Z ##[endgroup]
2026-10-10T05:26:11.6499322Z ##[group]Checking out the ref
2026-10-10T05:26:11.6504728Z [command]/usr/bin/git checkout --progress --force 963030dc2d154008fccc82e7c8ed29331f138799
2026-10-10T05:26:17.3616764Z Updating files:   0% (1/1082)
2026-10-10T05:26:17.3623980Z Updating files:   1% (11/1082)
2026-10-10T05:26:17.3631400Z Updating files:   2% (22/1082)
2026-10-10T05:26:17.3686996Z Updating files:   3% (33/1082)
2026-10-10T05:26:17.3693562Z Updating files:   4% (44/1082)
2026-10-10T05:26:17.3700711Z Updating files:   5% (55/1082)
2026-10-10T05:26:17.3707428Z Updating files:   6% (65/1082)
2026-10-10T05:26:17.3777444Z Updating files:   7% (76/1082)
2026-10-10T05:26:17.3803156Z Updating files:   8% (87/1082)
2026-10-10T05:26:17.3833195Z Updating files:   9% (98/1082)
2026-10-10T05:26:17.3855150Z Updating files:  10% (109/1082)
2026-10-10T05:26:17.3871182Z Updating files:  11% (120/1082)
2026-10-10T05:26:17.3881080Z Updating files:  12% (130/1082)
2026-10-10T05:26:17.3983667Z Updating files:  13% (141/1082)
2026-10-10T05:26:17.4081830Z Updating files:  14% (152/1082)
2026-10-10T05:26:17.4085945Z Updating files:  15% (163/1082)
2026-10-10T05:26:17.4091115Z Updating files:  16% (174/1082)
2026-10-10T05:26:17.4098856Z Updating files:  17% (184/1082)
2026-10-10T05:26:17.4106462Z Updating files:  18% (195/1082)
2026-10-10T05:26:17.4113856Z Updating files:  19% (206/1082)
2026-10-10T05:26:17.4120841Z Updating files:  20% (217/1082)
2026-10-10T05:26:17.4129331Z Updating files:  21% (228/1082)
2026-10-10T05:26:17.4135764Z Updating files:  22% (239/1082)
2026-10-10T05:26:17.4141648Z Updating files:  23% (249/1082)
2026-10-10T05:26:17.4147417Z Updating files:  24% (260/1082)
2026-10-10T05:26:17.4154257Z Updating files:  25% (271/1082)
2026-10-10T05:26:17.4163243Z Updating files:  26% (282/1082)
2026-10-10T05:26:17.4171263Z Updating files:  27% (293/1082)
2026-10-10T05:26:17.4179001Z Updating files:  28% (303/1082)
2026-10-10T05:26:17.4217165Z Updating files:  29% (314/1082)
2026-10-10T05:26:17.4217636Z Updating files:  30% (325/1082)
2026-10-10T05:26:17.4217942Z Updating files:  31% (336/1082)
2026-10-10T05:26:17.4218235Z Updating files:  32% (347/1082)
2026-10-10T05:26:17.4225386Z Updating files:  33% (358/1082)
2026-10-10T05:26:17.4236034Z Updating files:  34% (368/1082)
2026-10-10T05:26:17.4243813Z Updating files:  35% (379/1082)
2026-10-10T05:26:17.4254389Z Updating files:  36% (390/1082)
2026-10-10T05:26:17.4264877Z Updating files:  37% (401/1082)
2026-10-10T05:26:17.4272407Z Updating files:  38% (412/1082)
2026-10-10T05:26:17.4284556Z Updating files:  39% (422/1082)
2026-10-10T05:26:17.4295529Z Updating files:  40% (433/1082)
2026-10-10T05:26:17.4304604Z Updating files:  41% (444/1082)
2026-10-10T05:26:17.4314432Z Updating files:  42% (455/1082)
2026-10-10T05:26:17.4324373Z Updating files:  43% (466/1082)
2026-10-10T05:26:17.4334413Z Updating files:  44% (477/1082)
2026-10-10T05:26:17.4345219Z Updating files:  45% (487/1082)
2026-10-10T05:26:17.4353893Z Updating files:  46% (498/1082)
2026-10-10T05:26:17.4365596Z Updating files:  47% (509/1082)
2026-10-10T05:26:17.4373742Z Updating files:  48% (520/1082)
2026-10-10T05:26:17.4381427Z Updating files:  49% (531/1082)
2026-10-10T05:26:17.4389280Z Updating files:  50% (541/1082)
2026-10-10T05:26:17.4396584Z Updating files:  51% (552/1082)
2026-10-10T05:26:17.4403295Z Updating files:  52% (563/1082)
2026-10-10T05:26:17.4411442Z Updating files:  53% (574/1082)
2026-10-10T05:26:17.4422183Z Updating files:  54% (585/1082)
2026-10-10T05:26:17.4429885Z Updating files:  55% (596/1082)
2026-10-10T05:26:17.4439188Z Updating files:  56% (606/1082)
2026-10-10T05:26:17.4448158Z Updating files:  57% (617/1082)
2026-10-10T05:26:17.4471767Z Updating files:  58% (628/1082)
2026-10-10T05:26:17.4472267Z Updating files:  59% (639/1082)
2026-10-10T05:26:17.4478856Z Updating files:  60% (650/1082)
2026-10-10T05:26:17.4543318Z Updating files:  61% (661/1082)
2026-10-10T05:26:17.4549869Z Updating files:  62% (671/1082)
2026-10-10T05:26:17.4555783Z Updating files:  63% (682/1082)
2026-10-10T05:26:17.4564336Z Updating files:  64% (693/1082)
2026-10-10T05:26:17.7521924Z Updating files:  65% (704/1082)
2026-10-10T05:26:18.0864968Z Updating files:  65% (714/1082)
2026-10-10T05:26:18.7171317Z Updating files:  66% (715/1082)
2026-10-10T05:26:19.0165871Z Updating files:  66% (717/1082)
2026-10-10T05:26:19.0170782Z Updating files:  67% (725/1082)
2026-10-10T05:26:19.0178083Z Updating files:  68% (736/1082)
2026-10-10T05:26:19.0185147Z Updating files:  69% (747/1082)
2026-10-10T05:26:19.0194469Z Updating files:  70% (758/1082)
2026-10-10T05:26:19.0201014Z Updating files:  71% (769/1082)
2026-10-10T05:26:19.0207336Z Updating files:  72% (780/1082)
2026-10-10T05:26:19.0214791Z Updating files:  73% (790/1082)
2026-10-10T05:26:19.0221032Z Updating files:  74% (801/1082)
2026-10-10T05:26:19.0225537Z Updating files:  75% (812/1082)
2026-10-10T05:26:19.0231550Z Updating files:  76% (823/1082)
2026-10-10T05:26:19.0236420Z Updating files:  77% (834/1082)
2026-10-10T05:26:19.0244369Z Updating files:  78% (844/1082)
2026-10-10T05:26:19.0255785Z Updating files:  79% (855/1082)
2026-10-10T05:26:19.0262697Z Updating files:  80% (866/1082)
2026-10-10T05:26:19.0267918Z Updating files:  81% (877/1082)
2026-10-10T05:26:19.0273367Z Updating files:  82% (888/1082)
2026-10-10T05:26:19.0278173Z Updating files:  83% (899/1082)
2026-10-10T05:26:19.0283894Z Updating files:  84% (909/1082)
2026-10-10T05:26:19.0289967Z Updating files:  85% (920/1082)
2026-10-10T05:26:19.0296134Z Updating files:  86% (931/1082)
2026-10-10T05:26:19.0302542Z Updating files:  87% (942/1082)
2026-10-10T05:26:19.0307494Z Updating files:  88% (953/1082)
2026-10-10T05:26:19.0312857Z Updating files:  89% (963/1082)
2026-10-10T05:26:19.0318014Z Updating files:  90% (974/1082)
2026-10-10T05:26:19.0324464Z Updating files:  91% (985/1082)
2026-10-10T05:26:19.0330700Z Updating files:  92% (996/1082)
2026-10-10T05:26:19.0337326Z Updating files:  93% (1007/1082)
2026-10-10T05:26:19.0343574Z Updating files:  94% (1018/1082)
2026-10-10T05:26:19.0349219Z Updating files:  95% (1028/1082)
2026-10-10T05:26:19.0356555Z Updating files:  96% (1039/1082)
2026-10-10T05:26:19.0362747Z Updating files:  97% (1050/1082)
2026-10-10T05:26:19.0372679Z Updating files:  98% (1061/1082)
2026-10-10T05:26:19.0378869Z Updating files:  99% (1072/1082)
2026-10-10T05:26:19.0379342Z Updating files: 100% (1082/1082)
2026-10-10T05:26:19.0379755Z Updating files: 100% (1082/1082), done.
2026-10-10T05:26:19.0558431Z Note: switching to '963030dc2d154008fccc82e7c8ed29331f138799'.
2026-10-10T05:26:19.0558936Z 
2026-10-10T05:26:19.0559276Z You are in 'detached HEAD' state. You can look around, make experimental
2026-10-10T05:26:19.0560114Z changes and commit them, and you can discard any commits you make in this
2026-10-10T05:26:19.0561448Z state without impacting any branches by switching back to a branch.
2026-10-10T05:26:19.0561947Z 
2026-10-10T05:26:19.0562270Z If you want to create a new branch to retain commits you create, you may
2026-10-10T05:26:19.0563055Z do so (now or later) by using -c with the switch command. Example:
2026-10-10T05:26:19.0563697Z 
2026-10-10T05:26:19.0563877Z   git switch -c <new-branch-name>
2026-10-10T05:26:19.0564183Z 
2026-10-10T05:26:19.0564353Z Or undo this operation with:
2026-10-10T05:26:19.0564630Z 
2026-10-10T05:26:19.0564773Z   git switch -
2026-10-10T05:26:19.0564983Z 
2026-10-10T05:26:19.0565344Z Turn off this advice by setting config variable advice.detachedHead to false
2026-10-10T05:26:19.0565886Z 
2026-10-10T05:26:19.0566390Z HEAD is now at 963030d sync(psc0): replace kernel runtime implementation with latest proof-lane source
2026-10-10T05:26:19.0597164Z ##[endgroup]
2026-10-10T05:26:19.0651196Z [command]/usr/bin/git log -1 --format=%H
2026-10-10T05:26:19.0681974Z 963030dc2d154008fccc82e7c8ed29331f138799
2026-10-10T05:26:19.0899525Z ##[group]Run actions/setup-node@v4
2026-10-10T05:26:19.0899814Z with:
2026-10-10T05:26:19.0900014Z   node-version: 22.23.3
2026-10-10T05:26:19.0900237Z   always-auth: false
2026-10-10T05:26:19.0900459Z   check-latest: false
2026-10-10T05:26:19.0903063Z   token: ***
2026-10-10T05:26:19.0903275Z ##[endgroup]
2026-10-10T05:26:19.2336748Z Found in cache @ /opt/hostedtoolcache/node/22.23.3/x64
2026-10-10T05:26:19.2341518Z (node:2438) [DEP0040] DeprecationWarning: The `punycode` module is deprecated. Please use a userland alternative instead.
2026-10-10T05:26:19.2342392Z (Use `node --trace-deprecation ...` to show where the warning was created)
2026-10-10T05:26:19.2344724Z ##[group]Environment details
2026-10-10T05:26:21.9319083Z node: v22.23.3
2026-10-10T05:26:21.9319526Z npm: 10.9.9
2026-10-10T05:26:21.9319863Z yarn: 1.22.22
2026-10-10T05:26:21.9320709Z ##[endgroup]
2026-10-10T05:26:21.9665133Z ##[group]Run leanprover/lean-action@v1
2026-10-10T05:26:21.9665445Z with:
2026-10-10T05:26:21.9665695Z   lake-package-directory: provider-source/psc0
2026-10-10T05:26:21.9666010Z   auto-config: false
2026-10-10T05:26:21.9666221Z   build: false
2026-10-10T05:26:21.9666411Z   test: false
2026-10-10T05:26:21.9666610Z   use-github-cache: false
2026-10-10T05:26:21.9666869Z   use-mathlib-cache: false
2026-10-10T05:26:21.9667092Z   lint: default
2026-10-10T05:26:21.9667283Z   mk_all-check: false
2026-10-10T05:26:21.9667517Z   check-reservoir-eligibility: false
2026-10-10T05:26:21.9667781Z   leanchecker: false
2026-10-10T05:26:21.9667995Z   lean4checker: false
2026-10-10T05:26:21.9668200Z   nanoda: false
2026-10-10T05:26:21.9668402Z   nanoda-allow-sorry: true
2026-10-10T05:26:21.9668623Z   axiom-audit: false
2026-10-10T05:26:21.9668897Z   axiom-audit-allow: propext,Classical.choice,Quot.sound
2026-10-10T05:26:21.9669249Z   reinstall-transient-toolchain: false
2026-10-10T05:26:21.9669551Z ##[endgroup]
2026-10-10T05:26:21.9748927Z ##[start-action display=install elan;id=__leanprover_lean-action.__run]
2026-10-10T05:26:21.9787191Z ##[group]Run : Install Elan
2026-10-10T05:26:21.9787501Z [36;1m: Install Elan[0m
2026-10-10T05:26:21.9787807Z [36;1m${GITHUB_ACTION_PATH}/scripts/install_elan.sh[0m
2026-10-10T05:26:22.0106831Z shell: /usr/bin/bash --noprofile --norc -e -o pipefail {0}
2026-10-10T05:26:22.0107310Z ##[endgroup]
2026-10-10T05:26:22.0241859Z ##[group]Elan Installation Output
2026-10-10T05:26:22.0705868Z info: downloading installer
2026-10-10T05:26:22.5807080Z info: downloading https://releases.lean-lang.org/lean4/v4.34.0/lean-4.34.0-linux.tar.zst
2026-10-10T05:26:25.9898493Z info: installing /home/runner/.elan/toolchains/leanprover--lean4---v4.34.0
2026-10-10T05:26:32.9489942Z Lean (version 4.34.0, x86_64-unknown-linux-gnu, commit 293d5d0c0c3f3dded4688b3ccd6a33939ac5102b, Release)
2026-10-10T05:26:32.9932755Z Lake version 5.0.0-src+293d5d0 (Lean version 4.34.0)
2026-10-10T05:26:32.9969821Z ##[endgroup]
2026-10-10T05:26:32.9992697Z 
2026-10-10T05:26:33.0039840Z ##[end-action id=__leanprover_lean-action.__run;outcome=success;conclusion=success;duration_ms=11028]
2026-10-10T05:26:33.0050630Z ##[start-action display=configure `lean-action`;id=__leanprover_lean-action.config]
2026-10-10T05:26:33.0512049Z ##[group]Run : Configure Lean Action
2026-10-10T05:26:33.0512863Z [36;1m: Configure Lean Action[0m
2026-10-10T05:26:33.0513341Z [36;1m${GITHUB_ACTION_PATH}/scripts/config.sh[0m
2026-10-10T05:26:33.0587107Z shell: /usr/bin/bash --noprofile --norc -e -o pipefail {0}
2026-10-10T05:26:33.0587455Z env:
2026-10-10T05:26:33.0587653Z   AUTO_CONFIG: false
2026-10-10T05:26:33.0587867Z   BUILD: false
2026-10-10T05:26:33.0588056Z   TEST: false
2026-10-10T05:26:33.0588247Z   LINT: default
2026-10-10T05:26:33.0588439Z ##[endgroup]
2026-10-10T05:26:33.0980265Z ##[group]Configure lean-action
2026-10-10T05:26:33.1035685Z ##[end-action id=__leanprover_lean-action.config;outcome=success;conclusion=success;duration_ms=98]
2026-10-10T05:26:33.1040085Z ##[start-action display=reinstall transient toolchain;id=__leanprover_lean-action.__run_2]
2026-10-10T05:26:33.1046372Z ##[end-action id=__leanprover_lean-action.__run_2;outcome=skipped;conclusion=skipped;duration_ms=0]
2026-10-10T05:26:33.1049005Z ##[start-action display=ensure all files are imported;id=__leanprover_lean-action.mk_all]
2026-10-10T05:26:33.1053184Z ##[end-action id=__leanprover_lean-action.mk_all;outcome=skipped;conclusion=skipped;duration_ms=0]
2026-10-10T05:26:33.1055290Z ##[start-action display=Run actions/cache/restore@caa296126883cff596d87d8935842f9db880ef25;id=__leanprover_lean-action.__actions_cache]
2026-10-10T05:26:33.1058924Z ##[end-action id=__leanprover_lean-action.__actions_cache;outcome=skipped;conclusion=skipped;duration_ms=0]
2026-10-10T05:26:33.1060767Z ##[start-action display=detect mathlib;id=__leanprover_lean-action.detect-mathlib]
2026-10-10T05:26:33.1064993Z ##[end-action id=__leanprover_lean-action.detect-mathlib;outcome=skipped;conclusion=skipped;duration_ms=0]
2026-10-10T05:26:33.1066815Z ##[start-action display=get mathlib cache;id=__leanprover_lean-action.__run_3]
2026-10-10T05:26:33.1083641Z ##[end-action id=__leanprover_lean-action.__run_3;outcome=skipped;conclusion=skipped;duration_ms=0]
2026-10-10T05:26:33.1111740Z ##[start-action display=build dwijayuda/pskernel;id=__leanprover_lean-action.build]
2026-10-10T05:26:33.1116511Z ##[end-action id=__leanprover_lean-action.build;outcome=skipped;conclusion=skipped;duration_ms=0]
2026-10-10T05:26:33.1118625Z ##[start-action display=Run actions/cache/save@caa296126883cff596d87d8935842f9db880ef25;id=__leanprover_lean-action.__actions_cache_2]
2026-10-10T05:26:33.1122624Z ##[end-action id=__leanprover_lean-action.__actions_cache_2;outcome=skipped;conclusion=skipped;duration_ms=0]
2026-10-10T05:26:33.1125849Z ##[start-action display=test dwijayuda/pskernel;id=__leanprover_lean-action.test]
2026-10-10T05:26:33.1130086Z ##[end-action id=__leanprover_lean-action.test;outcome=skipped;conclusion=skipped;duration_ms=0]
2026-10-10T05:26:33.1133255Z ##[start-action display=lint dwijayuda/pskernel;id=__leanprover_lean-action.lint]
2026-10-10T05:26:33.1137404Z ##[end-action id=__leanprover_lean-action.lint;outcome=skipped;conclusion=skipped;duration_ms=0]
2026-10-10T05:26:33.1139225Z ##[start-action display=check reservoir eligibility;id=__leanprover_lean-action.__run_4]
2026-10-10T05:26:33.1142948Z ##[end-action id=__leanprover_lean-action.__run_4;outcome=skipped;conclusion=skipped;duration_ms=0]
2026-10-10T05:26:33.1145624Z ##[start-action display=check environment with leanchecker;id=__leanprover_lean-action.__run_5]
2026-10-10T05:26:33.1150253Z ##[end-action id=__leanprover_lean-action.__run_5;outcome=skipped;conclusion=skipped;duration_ms=0]
2026-10-10T05:26:33.1153053Z ##[start-action display=check environment with nanoda;id=__leanprover_lean-action.nanoda]
2026-10-10T05:26:33.1156370Z ##[end-action id=__leanprover_lean-action.nanoda;outcome=skipped;conclusion=skipped;duration_ms=0]
2026-10-10T05:26:33.1158820Z ##[start-action display=audit axioms with axiom-audit;id=__leanprover_lean-action.axiom-audit]
2026-10-10T05:26:33.1162495Z ##[end-action id=__leanprover_lean-action.axiom-audit;outcome=skipped;conclusion=skipped;duration_ms=0]
2026-10-10T05:26:33.1943054Z ##[group]Run actions/cache/restore@v4
2026-10-10T05:26:33.1943377Z with:
2026-10-10T05:26:33.1943804Z   path: provider-source/psc0/.lake/build
2026-10-10T05:26:33.1944272Z   key: psc0-sh1-provider-v1-Linux-X64-963030dc2d154008fccc82e7c8ed29331f138799
2026-10-10T05:26:33.1944732Z   enableCrossOsArchive: false
2026-10-10T05:26:33.1945002Z   fail-on-cache-miss: false
2026-10-10T05:26:33.1945255Z   lookup-only: false
2026-10-10T05:26:33.1945482Z ##[endgroup]
2026-10-10T05:26:33.3056686Z (node:2514) [DEP0040] DeprecationWarning: The `punycode` module is deprecated. Please use a userland alternative instead.
2026-10-10T05:26:33.3058353Z (Use `node --trace-deprecation ...` to show where the warning was created)
2026-10-10T05:26:33.5998748Z Cache not found for input keys: psc0-sh1-provider-v1-Linux-X64-963030dc2d154008fccc82e7c8ed29331f138799
2026-10-10T05:26:33.6084676Z ##[group]Run lake build psc_kernel_core_provider
2026-10-10T05:26:33.6085079Z [36;1mlake build psc_kernel_core_provider[0m
2026-10-10T05:26:33.6153348Z shell: /usr/bin/bash -e {0}
2026-10-10T05:26:33.6153612Z ##[endgroup]
2026-10-10T05:26:35.5933252Z ✔ [1/16] Built Ps.Foundation.Name (476ms)
2026-10-10T05:26:35.5963265Z ✔ [2/16] Built Ps.Foundation.List (465ms)
2026-10-10T05:26:36.1942564Z ✔ [3/94] Built Ps.Core.Level (597ms)
2026-10-10T05:26:36.3922093Z ✔ [4/100] Built Ps.KernelCore.Core.Name (776ms)
2026-10-10T05:26:36.4932914Z ✔ [5/100] Built Ps.Host.KernelCoreProvider.Error (798ms)
2026-10-10T05:26:36.7972423Z ✔ [7/204] Built Ps.Bridge.Json (1.6s)
2026-10-10T05:26:36.9072877Z ✔ [8/204] Built Ps.Core.Expr (723ms)
2026-10-10T05:26:37.3066166Z ✔ [9/204] Built Ps.Core.Builtin (565ms)
2026-10-10T05:26:37.4096148Z ✔ [10/204] Built Ps.KernelCore.Checker.ResourcePolicy (894ms)
2026-10-10T05:26:37.6112584Z ✔ [11/204] Built Ps.KernelCore.Core.Level (1.2s)
2026-10-10T05:26:37.6142249Z ✔ [12/204] Built Ps.Foundation.Name:c.o (294ms)
2026-10-10T05:26:37.6171868Z ✔ [13/204] Built Ps.Core.Level:c.o (177ms)
2026-10-10T05:26:37.8105178Z ✔ [14/204] Built Ps.Foundation.List:c.o (291ms)
2026-10-10T05:26:37.9125757Z ✔ [15/204] Built Ps.Host.KernelCoreProvider.Error:c.o (343ms)
2026-10-10T05:26:38.1142691Z ✔ [16/204] Built Ps.Core.Expr:c.o (304ms)
2026-10-10T05:26:38.1172127Z ✔ [17/204] Built Ps.KernelCore.Core.Name:c.o (518ms)
2026-10-10T05:26:38.3145689Z ✔ [18/204] Built Ps.KernelCore.Checker.ResourcePolicy:c.o (262ms)
2026-10-10T05:26:38.3202287Z ✔ [19/204] Built Ps.Core.Builtin:c.o (373ms)
2026-10-10T05:26:38.8161751Z ✔ [20/204] Built Ps.Bridge.Json:c.o (1.9s)
2026-10-10T05:26:39.0154830Z ⚠ [21/204] Built Ps.Core.Subst (645ms)
2026-10-10T05:26:39.0181988Z warning: packages/core/src/Ps/Core/Subst.lean:14:11: Variable name `cutoff` is not explicitly referenced.
2026-10-10T05:26:39.0201262Z 
2026-10-10T05:26:39.0212158Z Hint: The binding can be removed (if unused) or named `_` (if used implicitly). Alternatively, prefix the name with `_` to silence this warning:
2026-10-10T05:26:39.0274220Z   [apply] _cutoff
2026-10-10T05:26:39.0328656Z 
2026-10-10T05:26:39.0338973Z Note: This linter can be disabled with `set_option linter.unusedVariables false`
2026-10-10T05:26:39.0403329Z warning: packages/core/src/Ps/Core/Subst.lean:16:11: Variable name `cutoff` is not explicitly referenced.
2026-10-10T05:26:39.0421150Z 
2026-10-10T05:26:39.0422139Z Hint: The binding can be removed (if unused) or named `_` (if used implicitly). Alternatively, prefix the name with `_` to silence this warning:
2026-10-10T05:26:39.0423036Z   [apply] _cutoff
2026-10-10T05:26:39.0423221Z 
2026-10-10T05:26:39.0423877Z Note: This linter can be disabled with `set_option linter.unusedVariables false`
2026-10-10T05:26:39.0424968Z warning: packages/core/src/Ps/Core/Subst.lean:18:11: Variable name `cutoff` is not explicitly referenced.
2026-10-10T05:26:39.0425526Z 
2026-10-10T05:26:39.0426374Z Hint: The binding can be removed (if unused) or named `_` (if used implicitly). Alternatively, prefix the name with `_` to silence this warning:
2026-10-10T05:26:39.0427285Z   [apply] _cutoff
2026-10-10T05:26:39.0427484Z 
2026-10-10T05:26:39.0427952Z Note: This linter can be disabled with `set_option linter.unusedVariables false`
2026-10-10T05:26:39.0429428Z warning: packages/core/src/Ps/Core/Subst.lean:20:11: Variable name `cutoff` is not explicitly referenced.
2026-10-10T05:26:39.0430013Z 
2026-10-10T05:26:39.0431075Z Hint: The binding can be removed (if unused) or named `_` (if used implicitly). Alternatively, prefix the name with `_` to silence this warning:
2026-10-10T05:26:39.0431942Z   [apply] _cutoff
2026-10-10T05:26:39.0432132Z 
2026-10-10T05:26:39.0432581Z Note: This linter can be disabled with `set_option linter.unusedVariables false`
2026-10-10T05:26:39.0433606Z warning: packages/core/src/Ps/Core/Subst.lean:66:11: Variable name `cutoff` is not explicitly referenced.
2026-10-10T05:26:39.0434146Z 
2026-10-10T05:26:39.0435259Z Hint: The binding can be removed (if unused) or named `_` (if used implicitly). Alternatively, prefix the name with `_` to silence this warning:
2026-10-10T05:26:39.0436142Z   [apply] _cutoff
2026-10-10T05:26:39.0436325Z 
2026-10-10T05:26:39.0436787Z Note: This linter can be disabled with `set_option linter.unusedVariables false`
2026-10-10T05:26:39.0437899Z warning: packages/core/src/Ps/Core/Subst.lean:94:11: Variable name `depth` is not explicitly referenced.
2026-10-10T05:26:39.0438470Z 
2026-10-10T05:26:39.0439279Z Hint: The binding can be removed (if unused) or named `_` (if used implicitly). Alternatively, prefix the name with `_` to silence this warning:
2026-10-10T05:26:39.0440141Z   [apply] _depth
2026-10-10T05:26:39.0440329Z 
2026-10-10T05:26:39.0440771Z Note: This linter can be disabled with `set_option linter.unusedVariables false`
2026-10-10T05:26:39.0442023Z warning: packages/core/src/Ps/Core/Subst.lean:96:11: Variable name `depth` is not explicitly referenced.
2026-10-10T05:26:39.0442579Z 
2026-10-10T05:26:39.0443394Z Hint: The binding can be removed (if unused) or named `_` (if used implicitly). Alternatively, prefix the name with `_` to silence this warning:
2026-10-10T05:26:39.0444222Z   [apply] _depth
2026-10-10T05:26:39.0444403Z 
2026-10-10T05:26:39.0444837Z Note: This linter can be disabled with `set_option linter.unusedVariables false`
2026-10-10T05:26:39.0445920Z warning: packages/core/src/Ps/Core/Subst.lean:98:11: Variable name `depth` is not explicitly referenced.
2026-10-10T05:26:39.0446486Z 
2026-10-10T05:26:39.0447295Z Hint: The binding can be removed (if unused) or named `_` (if used implicitly). Alternatively, prefix the name with `_` to silence this warning:
2026-10-10T05:26:39.0448160Z   [apply] _depth
2026-10-10T05:26:39.0448372Z 
2026-10-10T05:26:39.0448908Z Note: This linter can be disabled with `set_option linter.unusedVariables false`
2026-10-10T05:26:39.0450176Z warning: packages/core/src/Ps/Core/Subst.lean:100:11: Variable name `depth` is not explicitly referenced.
2026-10-10T05:26:39.0450764Z 
2026-10-10T05:26:39.0512689Z Hint: The binding can be removed (if unused) or named `_` (if used implicitly). Alternatively, prefix the name with `_` to silence this warning:
2026-10-10T05:26:39.0513681Z   [apply] _depth
2026-10-10T05:26:39.0513869Z 
2026-10-10T05:26:39.0514337Z Note: This linter can be disabled with `set_option linter.unusedVariables false`
2026-10-10T05:26:39.0515364Z warning: packages/core/src/Ps/Core/Subst.lean:146:11: Variable name `depth` is not explicitly referenced.
2026-10-10T05:26:39.0515918Z 
2026-10-10T05:26:39.0516721Z Hint: The binding can be removed (if unused) or named `_` (if used implicitly). Alternatively, prefix the name with `_` to silence this warning:
2026-10-10T05:26:39.0517564Z   [apply] _depth
2026-10-10T05:26:39.0517755Z 
2026-10-10T05:26:39.0518205Z Note: This linter can be disabled with `set_option linter.unusedVariables false`
2026-10-10T05:26:39.0519180Z ✔ [22/204] Built Ps.Core.Equality (715ms)
2026-10-10T05:26:39.3172613Z ⚠ [23/204] Built Ps.Core.Abstract (490ms)
2026-10-10T05:26:39.3202279Z warning: packages/core/src/Ps/Core/Abstract.lean:8:11: Variable name `depth` is not explicitly referenced.
2026-10-10T05:26:39.3231248Z 
2026-10-10T05:26:39.3250157Z Hint: The binding can be removed (if unused) or named `_` (if used implicitly). Alternatively, prefix the name with `_` to silence this warning:
2026-10-10T05:26:39.3273723Z   [apply] _depth
2026-10-10T05:26:39.3311450Z 
2026-10-10T05:26:39.3342322Z Note: This linter can be disabled with `set_option linter.unusedVariables false`
2026-10-10T05:26:39.3373728Z warning: packages/core/src/Ps/Core/Abstract.lean:16:11: Variable name `depth` is not explicitly referenced.
2026-10-10T05:26:39.3391292Z 
2026-10-10T05:26:39.3392401Z Hint: The binding can be removed (if unused) or named `_` (if used implicitly). Alternatively, prefix the name with `_` to silence this warning:
2026-10-10T05:26:39.3393534Z   [apply] _depth
2026-10-10T05:26:39.3393790Z 
2026-10-10T05:26:39.3394921Z Note: This linter can be disabled with `set_option linter.unusedVariables false`
2026-10-10T05:26:39.3396384Z warning: packages/core/src/Ps/Core/Abstract.lean:18:11: Variable name `depth` is not explicitly referenced.
2026-10-10T05:26:39.3397133Z 
2026-10-10T05:26:39.3398209Z Hint: The binding can be removed (if unused) or named `_` (if used implicitly). Alternatively, prefix the name with `_` to silence this warning:
2026-10-10T05:26:39.3399342Z   [apply] _depth
2026-10-10T05:26:39.3399600Z 
2026-10-10T05:26:39.3400183Z Note: This linter can be disabled with `set_option linter.unusedVariables false`
2026-10-10T05:26:39.3401854Z warning: packages/core/src/Ps/Core/Abstract.lean:20:11: Variable name `depth` is not explicitly referenced.
2026-10-10T05:26:39.3402598Z 
2026-10-10T05:26:39.3403650Z Hint: The binding can be removed (if unused) or named `_` (if used implicitly). Alternatively, prefix the name with `_` to silence this warning:
2026-10-10T05:26:39.3404767Z   [apply] _depth
2026-10-10T05:26:39.3405020Z 
2026-10-10T05:26:39.3405608Z Note: This linter can be disabled with `set_option linter.unusedVariables false`
2026-10-10T05:26:39.3406998Z warning: packages/core/src/Ps/Core/Abstract.lean:66:11: Variable name `depth` is not explicitly referenced.
2026-10-10T05:26:39.3407732Z 
2026-10-10T05:26:39.3408769Z Hint: The binding can be removed (if unused) or named `_` (if used implicitly). Alternatively, prefix the name with `_` to silence this warning:
2026-10-10T05:26:39.3409880Z   [apply] _depth
2026-10-10T05:26:39.3410127Z 
2026-10-10T05:26:39.3410703Z Note: This linter can be disabled with `set_option linter.unusedVariables false`
2026-10-10T05:26:39.3432449Z ✔ [24/204] Built Ps.KernelCore.Core.Level:c.o (1.2s)
2026-10-10T05:26:39.6182941Z ✔ [25/204] Built Ps.Core.Declaration (651ms)
2026-10-10T05:26:39.6212037Z ✔ [26/204] Built Ps.Core.Subst:c.o (294ms)
2026-10-10T05:26:39.7162707Z ✔ [27/204] Built Ps.KernelCore.API.Outcome (658ms)
2026-10-10T05:26:39.8172482Z ✔ [28/204] Built Ps.Core.Equality:c.o (217ms)
2026-10-10T05:26:39.9174573Z ✔ [29/204] Built Ps.Core.Declaration:c.o (190ms)
2026-10-10T05:26:40.0166933Z ✔ [30/204] Built Ps.Core.Abstract:c.o (339ms)
2026-10-10T05:26:40.1168969Z ✔ [31/204] Built Ps.KernelCore.API.Outcome:c.o (257ms)
2026-10-10T05:26:40.4195991Z ✔ [32/204] Built Ps.KernelCore.Core.Expr (1.1s)
2026-10-10T05:26:40.5199470Z ✔ [33/204] Built Ps.Environment.Basic (595ms)
2026-10-10T05:26:40.9258111Z ✔ [34/204] Built Ps.KernelCore.Core.Substitution.ListOps (405ms)
2026-10-10T05:26:40.9282394Z ✔ [35/204] Built Ps.KernelCore.Runtime.Acceleration.CachePolicy (560ms)
2026-10-10T05:26:41.2268553Z ✔ [36/204] Built Ps.KernelCore.Core.Expr:c.o (875ms)
2026-10-10T05:26:41.3272716Z ✔ [37/204] Built Ps.KernelCore.Runtime.Acceleration.Cache (894ms)
2026-10-10T05:26:41.3302413Z ✔ [38/204] Built Ps.Environment.Basic:c.o (497ms)
2026-10-10T05:26:41.5314071Z ✔ [39/204] Built Ps.KernelCore.Core.LocalContext (555ms)
2026-10-10T05:26:41.5331989Z ✔ [40/204] Built Ps.KernelCore.Core.Substitution.ListOps:c.o (260ms)
2026-10-10T05:26:41.6312988Z ✔ [41/204] Built Ps.KernelCore.Runtime.Acceleration.CachePolicy:c.o (134ms)
2026-10-10T05:26:41.7332770Z ✔ [42/204] Built Ps.KernelCore.Runtime.Capability.Types (465ms)
2026-10-10T05:26:42.3392720Z ✔ [43/204] Built Ps.KernelCore.Core.Declaration (987ms)
2026-10-10T05:26:42.4383258Z ✔ [44/204] Built Ps.Environment.Prelude (817ms)
2026-10-10T05:26:42.6378272Z ✔ [45/204] Built Ps.KernelCore.Runtime.Acceleration.Cache:c.o (916ms)
2026-10-10T05:26:42.7392470Z ✔ [46/204] Built Ps.KernelCore.Core.LocalContext:c.o (253ms)
2026-10-10T05:26:42.8396187Z ✔ [47/204] Built Ps.KernelCore.Core.Substitution.Lift (473ms)
2026-10-10T05:26:42.8452359Z ✔ [48/204] Built Ps.KernelCore.Runtime.Capability.Types:c.o (129ms)
2026-10-10T05:26:43.1408410Z ✔ [49/204] Built Ps.KernelCore.Core.Declaration:c.o (465ms)
2026-10-10T05:26:43.3426814Z ✔ [50/204] Built Ps.Bridge.CheckedAdmissions (1.8s)
2026-10-10T05:26:43.4452502Z ✔ [51/204] Built Ps.KernelCore.Checker.State (638ms)
2026-10-10T05:26:43.6453542Z ✔ [52/204] Built Ps.KernelCore.Runtime.Capability.Lean434NativeReduction (443ms)
2026-10-10T05:26:43.7453070Z ✔ [53/204] Built Ps.Environment.Prelude:c.o (890ms)
2026-10-10T05:26:43.9451084Z ✔ [54/204] Built Ps.KernelCore.Environment.Semantic (543ms)
2026-10-10T05:26:44.0501886Z ✔ [55/204] Built Ps.KernelCore.Runtime.Acceleration.EnvironmentIndex (641ms)
2026-10-10T05:26:44.0523577Z ✔ [56/204] Built Ps.KernelCore.Core.Substitution.Lift:c.o (483ms)
2026-10-10T05:26:44.2502715Z ✔ [57/204] Built Ps.KernelCore.Checker.State:c.o (265ms)
2026-10-10T05:26:44.3522694Z ✔ [58/204] Built Ps.Environment.SelfHostPrelude (656ms)
2026-10-10T05:26:44.3526224Z ✔ [59/204] Built Ps.KernelCore.Runtime.Capability.Lean434NativeReduction:c.o (258ms)
2026-10-10T05:26:44.5501763Z ✔ [60/204] Built Ps.KernelCore.Environment.Semantic:c.o (177ms)
2026-10-10T05:26:44.7502892Z ✔ [61/204] Built Ps.KernelCore.Runtime.Acceleration.EnvironmentIndex:c.o (373ms)
2026-10-10T05:26:44.8522782Z ✔ [62/204] Built Ps.KernelCore.Core.Substitution.Instantiate (554ms)
2026-10-10T05:26:45.2512765Z ✔ [63/204] Built Ps.KernelCore.Environment.Environment (471ms)
2026-10-10T05:26:45.3512624Z ✔ [64/204] Built Ps.Environment.SelfHostPrelude:c.o (611ms)
2026-10-10T05:26:45.4512658Z ✔ [65/204] Built Ps.Bridge.Codec (973ms)
2026-10-10T05:26:45.6582890Z ✔ [66/204] Built Ps.KernelCore.Environment.Environment:c.o (160ms)
2026-10-10T05:26:45.8541610Z ✔ [67/204] Built Ps.Environment.SelfHostProd (489ms)
2026-10-10T05:26:45.8568368Z ✔ [68/204] Built Ps.KernelCore.Core.Substitution.Instantiate:c.o (536ms)
2026-10-10T05:26:46.0562854Z ✔ [69/204] Built Ps.KernelCore.Core.Substitution.Beta (444ms)
2026-10-10T05:26:46.2572709Z ✔ [70/204] Built Ps.KernelCore.Environment.Lookup (453ms)
2026-10-10T05:26:46.3572753Z ✔ [71/204] Built Ps.Bridge.CheckedAdmissions:c.o (2.4s)
2026-10-10T05:26:46.3592272Z ✔ [72/204] Built Ps.Environment.SelfHostProd:c.o (269ms)
2026-10-10T05:26:46.5592708Z ✔ [73/204] Built Ps.KernelCore.Environment.Lookup:c.o (186ms)
2026-10-10T05:26:46.5642280Z ✔ [74/204] Built Ps.KernelCore.Core.Substitution.Beta:c.o (278ms)
2026-10-10T05:26:46.7576089Z ✔ [75/204] Built Ps.KernelCore.Core.Substitution.Abstract (420ms)
2026-10-10T05:26:46.7577241Z ✔ [76/204] Built Ps.Bridge.Codec:c.o (925ms)
2026-10-10T05:26:46.8602663Z ✔ [77/204] Built Ps.KernelCore.Environment.Operations (329ms)
2026-10-10T05:26:47.0584223Z ✔ [78/204] Built Ps.KernelCore.Environment.Operations:c.o (162ms)
2026-10-10T05:26:47.2587264Z ✔ [79/204] Built Ps.KernelCore.Core.Substitution.Abstract:c.o (419ms)
2026-10-10T05:26:47.3613173Z ✔ [80/204] Built Ps.KernelCore.Checker.Context (461ms)
2026-10-10T05:26:47.7620401Z ✔ [81/204] Built Ps.KernelCore.Checker.Ops (376ms)
2026-10-10T05:26:47.7622967Z ✔ [82/204] Built Ps.KernelCore.Checker.Reduction.PrimitiveData (461ms)
2026-10-10T05:26:47.7625371Z ✔ [83/204] Built Ps.KernelCore.Checker.Context:c.o (445ms)
2026-10-10T05:26:47.8616374Z ✔ [84/204] Built Ps.KernelCore.Checker.Ops:c.o (99ms)
2026-10-10T05:26:47.9618312Z ✔ [85/204] Built Ps.KernelCore.Checker.Reduction.PrimitiveData:c.o (191ms)
2026-10-10T05:26:48.1622808Z ✔ [86/204] Built Ps.KernelCore.Checker.Reduction.PrimitiveNat (385ms)
2026-10-10T05:26:48.4662898Z ✔ [87/204] Built Ps.KernelCore.Checker.Reduction.Primitives (277ms)
2026-10-10T05:26:48.5656667Z ✔ [88/204] Built Ps.KernelCore.Checker.Reduction.PrimitiveNat:c.o (343ms)
2026-10-10T05:26:48.5657979Z ✔ [89/204] Built Ps.KernelCore.Checker.Reduction.Primitives:c.o (112ms)
2026-10-10T05:26:48.8665436Z ✔ [90/204] Built Ps.KernelCore.Checker.Reduction.KernelReductions (391ms)
2026-10-10T05:26:49.1669568Z ✔ [91/204] Built Ps.KernelCore.Checker.Reduction.KernelReductions:c.o (355ms)
2026-10-10T05:26:49.2673983Z ✔ [92/204] Built Ps.KernelCore.Checker.Reduction.WhnfCore (402ms)
2026-10-10T05:26:49.5743028Z ✔ [93/204] Built Ps.KernelCore.Checker.Reduction.Whnf (345ms)
2026-10-10T05:26:49.6722244Z ✔ [94/204] Built Ps.KernelCore.Checker.Reduction.WhnfCore:c.o (404ms)
2026-10-10T05:26:49.8714647Z ✔ [95/204] Built Ps.KernelCore.Checker.Reduction.Whnf:c.o (220ms)
2026-10-10T05:26:49.9723130Z ✔ [96/204] Built Ps.KernelCore.Checker.Projection (398ms)
2026-10-10T05:26:50.3743655Z ✔ [97/204] Built Ps.KernelCore.Checker.Inference.Helpers (331ms)
2026-10-10T05:26:50.4747167Z ✔ [98/204] Built Ps.KernelCore.Checker.Projection:c.o (456ms)
2026-10-10T05:26:50.5748301Z ✔ [99/204] Built Ps.KernelCore.Checker.Inference.Helpers:c.o (233ms)
2026-10-10T05:26:50.8754870Z ✔ [100/204] Built Ps.KernelCore.Checker.Inference.Core (516ms)
2026-10-10T05:26:51.0762617Z ✔ [101/204] Built Ps.KernelCore.Checker.Inference (251ms)
2026-10-10T05:26:51.2752604Z ✔ [102/204] Built Ps.KernelCore.Checker.Inference:c.o (124ms)
2026-10-10T05:26:51.4754676Z ✔ [103/204] Built Ps.KernelCore.Checker.Inference.Core:c.o (584ms)
2026-10-10T05:26:51.5756727Z ✔ [104/204] Built Ps.KernelCore.Checker.Recursor.Analysis (425ms)
2026-10-10T05:26:51.8792770Z ✔ [105/204] Built Ps.KernelCore.Checker.Recursor.Reduction (359ms)
2026-10-10T05:26:52.0787897Z ✔ [106/204] Built Ps.KernelCore.Checker.Recursor.Analysis:c.o (545ms)
2026-10-10T05:26:52.2805878Z ✔ [107/204] Built Ps.KernelCore.Checker.DefEq.BinderSpines (425ms)
2026-10-10T05:26:52.2807348Z ✔ [108/204] Built Ps.KernelCore.Checker.Recursor.Reduction:c.o (414ms)
2026-10-10T05:26:52.5817068Z ✔ [109/204] Built Ps.KernelCore.Checker.DefEq.Quick (308ms)
2026-10-10T05:26:52.6817843Z ✔ [110/204] Built Ps.KernelCore.Checker.DefEq.BinderSpines:c.o (409ms)
2026-10-10T05:26:52.8821106Z ✔ [111/204] Built Ps.KernelCore.Checker.DefEq.Support (283ms)
2026-10-10T05:26:52.8822493Z ✔ [112/204] Built Ps.KernelCore.Checker.DefEq.Quick:c.o (218ms)
2026-10-10T05:26:52.9824054Z ✔ [113/204] Built Ps.KernelCore.Checker.DefEq.Support:c.o (92ms)
2026-10-10T05:26:53.2829010Z ✔ [114/204] Built Ps.KernelCore.Checker.DefEq.DeltaStep (373ms)
2026-10-10T05:26:53.5833158Z ✔ [115/204] Built Ps.KernelCore.Checker.DefEq.DeltaStep:c.o (347ms)
2026-10-10T05:26:53.6825218Z ✔ [116/204] Built Ps.KernelCore.Checker.DefEq.LazyDelta (359ms)
2026-10-10T05:26:53.9859831Z ✔ [117/204] Built Ps.KernelCore.Checker.DefEq.FinalRules (393ms)
2026-10-10T05:26:53.9869178Z ✔ [118/204] Built Ps.KernelCore.Checker.DefEq.LazyDelta:c.o (328ms)
2026-10-10T05:26:54.3882854Z ✔ [119/204] Built Ps.KernelCore.Checker.DefEq.Shortcuts (310ms)
2026-10-10T05:26:54.4877500Z ✔ [120/204] Built Ps.KernelCore.Checker.DefEq.FinalRules:c.o (485ms)
2026-10-10T05:26:54.5877917Z ✔ [121/204] Built Ps.KernelCore.Checker.DefEq.Shortcuts:c.o (249ms)
2026-10-10T05:26:54.6882896Z ✔ [122/204] Built Ps.KernelCore.Checker.DefEq.FullShape (372ms)
2026-10-10T05:26:54.8883860Z ✔ [123/204] Built Ps.KernelCore.Checker.DefEq.FullShape:c.o (214ms)
2026-10-10T05:26:55.0887488Z ✔ [124/204] Built Ps.KernelCore.Checker.Knot (410ms)
2026-10-10T05:26:55.3896408Z ✔ [125/204] Built Ps.KernelCore.Checker.Session (303ms)
2026-10-10T05:26:55.6888108Z ✔ [126/204] Built Ps.KernelCore.Checker.Session:c.o (309ms)
2026-10-10T05:26:55.7889759Z ✔ [127/204] Built Ps.KernelCore.Checker.Knot:c.o (669ms)
2026-10-10T05:26:55.8892539Z ✔ [128/204] Built Ps.KernelCore.Admission.Declaration.Validation (415ms)
2026-10-10T05:26:56.0895219Z ✔ [129/204] Built Ps.KernelCore.Admission.Declaration.Validation:c.o (295ms)
2026-10-10T05:26:56.1897836Z ✔ [130/204] Built Ps.KernelCore.Admission.Declaration.Admission (364ms)
2026-10-10T05:26:56.5903515Z ⚠ [131/204] Built Ps.KernelCore.Admission.Quot.Bootstrap (371ms)
2026-10-10T05:26:56.5907586Z warning: packages/pskernel-core/src/Ps/KernelCore/Admission/Quot/Bootstrap.lean:231:6: Variable name `relation` is not explicitly referenced.
2026-10-10T05:26:56.5908839Z 
2026-10-10T05:26:56.5910097Z Hint: The binding can be removed (if unused) or named `_` (if used implicitly). Alternatively, prefix the name with `_` to silence this warning:
2026-10-10T05:26:56.5911755Z   [apply] _relation
2026-10-10T05:26:56.5912224Z 
2026-10-10T05:26:56.5913021Z Note: This linter can be disabled with `set_option linter.unusedVariables false`
2026-10-10T05:26:56.5914918Z warning: packages/pskernel-core/src/Ps/KernelCore/Admission/Quot/Bootstrap.lean:280:6: Variable name `value` is not explicitly referenced.
2026-10-10T05:26:56.5916126Z 
2026-10-10T05:26:56.5917682Z Hint: The binding can be removed (if unused) or named `_` (if used implicitly). Alternatively, prefix the name with `_` to silence this warning:
2026-10-10T05:26:56.5919077Z   [apply] _value
2026-10-10T05:26:56.5919547Z 
2026-10-10T05:26:56.5920311Z Note: This linter can be disabled with `set_option linter.unusedVariables false`
2026-10-10T05:26:56.5922235Z ✔ [132/204] Built Ps.KernelCore.Admission.Declaration.Admission:c.o (361ms)
2026-10-10T05:26:56.8902584Z ✔ [133/204] Built Ps.KernelCore.Admission.Quot.Admission (290ms)
2026-10-10T05:26:56.9896215Z ✔ [134/204] Built Ps.KernelCore.Admission.Quot.Bootstrap:c.o (393ms)
2026-10-10T05:26:56.9897265Z ✔ [135/204] Built Ps.KernelCore.Admission.Quot.Admission:c.o (148ms)
2026-10-10T05:26:57.2901077Z ✔ [136/204] Built Ps.KernelCore.Admission.Inductive.Types (374ms)
2026-10-10T05:26:57.3902450Z ✔ [137/204] Built Ps.KernelCore.Admission.Inductive.Types:c.o (158ms)
2026-10-10T05:26:57.5906277Z ✔ [138/204] Built Ps.KernelCore.Admission.Inductive.Common.Occurrence (357ms)
2026-10-10T05:26:57.8912716Z ✔ [139/204] Built Ps.KernelCore.Admission.Inductive.Common.Parameters (327ms)
2026-10-10T05:26:57.8914465Z ✔ [140/204] Built Ps.KernelCore.Admission.Inductive.Common.Occurrence:c.o (266ms)
2026-10-10T05:26:58.1918088Z ✔ [141/204] Built Ps.KernelCore.Admission.Inductive.Common.Parameters:c.o (253ms)
2026-10-10T05:26:58.3934225Z ✔ [142/204] Built Ps.KernelCore.Admission.Inductive.Ordinary.Constructor (431ms)
2026-10-10T05:26:58.6963030Z ✔ [143/204] Built Ps.KernelCore.Admission.Inductive.Ordinary.Recursor (360ms)
2026-10-10T05:26:58.8945774Z ✔ [144/204] Built Ps.KernelCore.Admission.Inductive.Ordinary.Constructor:c.o (577ms)
2026-10-10T05:26:58.9953003Z ✔ [145/204] Built Ps.KernelCore.Admission.Inductive.Common.RecursorValidation (301ms)
2026-10-10T05:26:58.9954693Z ✔ [146/204] Built Ps.KernelCore.Admission.Inductive.Ordinary.Recursor:c.o (315ms)
2026-10-10T05:26:59.1950660Z ✔ [147/204] Built Ps.KernelCore.Admission.Inductive.Common.RecursorValidation:c.o (170ms)
2026-10-10T05:26:59.2972043Z ✔ [148/204] Built Ps.KernelCore.Admission.Inductive.Common.Elimination (321ms)
2026-10-10T05:26:59.5980391Z ✔ [149/204] Built Ps.KernelCore.Admission.Inductive.Ordinary.ConstructorAdmission (295ms)
2026-10-10T05:26:59.5988873Z ✔ [150/204] Built Ps.KernelCore.Admission.Inductive.Common.Elimination:c.o (215ms)
2026-10-10T05:26:59.8983909Z ✔ [151/204] Built Ps.KernelCore.Admission.Inductive.Ordinary.ConstructorAdmission:c.o (246ms)
2026-10-10T05:26:59.9986581Z ✔ [152/204] Built Ps.KernelCore.Admission.Inductive.Ordinary.Admission (354ms)
2026-10-10T05:27:00.4994644Z ✔ [153/204] Built Ps.KernelCore.Admission.Inductive.Mutual.Analysis (538ms)
2026-10-10T05:27:00.4996101Z ✔ [154/204] Built Ps.KernelCore.Admission.Inductive.Ordinary.Admission:c.o (464ms)
2026-10-10T05:27:00.9003361Z ✔ [155/204] Built Ps.KernelCore.Admission.Inductive.Mutual.Recursor (390ms)
2026-10-10T05:27:01.0997930Z ✔ [156/204] Built Ps.KernelCore.Admission.Inductive.Mutual.Analysis:c.o (586ms)
2026-10-10T05:27:01.3062846Z ✔ [157/204] Built Ps.KernelCore.Admission.Inductive.Mutual.Header (374ms)
2026-10-10T05:27:01.4010024Z ✔ [158/204] Built Ps.KernelCore.Admission.Inductive.Mutual.Recursor:c.o (528ms)
2026-10-10T05:27:01.7019429Z ✔ [159/204] Built Ps.KernelCore.Admission.Inductive.Mutual.AdmissionLoops (390ms)
2026-10-10T05:27:01.7022107Z ✔ [160/204] Built Ps.KernelCore.Admission.Inductive.Mutual.Header:c.o (376ms)
2026-10-10T05:27:02.0062910Z ✔ [161/204] Built Ps.KernelCore.Admission.Inductive.Mutual.Admission (342ms)
2026-10-10T05:27:02.2048445Z ✔ [162/204] Built Ps.KernelCore.Admission.Inductive.Mutual.AdmissionLoops:c.o (543ms)
2026-10-10T05:27:02.4050357Z ✔ [163/204] Built Ps.KernelCore.Admission.Inductive.Nested.Types (357ms)
2026-10-10T05:27:02.4053691Z ✔ [164/204] Built Ps.KernelCore.Admission.Inductive.Mutual.Admission:c.o (339ms)
2026-10-10T05:27:02.5046525Z ✔ [165/204] Built Ps.KernelCore.Admission.Inductive.Nested.Types:c.o (89ms)
2026-10-10T05:27:02.7074376Z ✔ [166/204] Built Ps.KernelCore.Admission.Inductive.Nested.ReservedNames (293ms)
2026-10-10T05:27:02.8051333Z ✔ [167/204] Built Ps.KernelCore.Admission.Inductive.Nested.ReservedNames:c.o (127ms)
2026-10-10T05:27:03.1045409Z ✔ [168/204] Built Ps.KernelCore.Admission.Inductive.Nested.Rebase (391ms)
2026-10-10T05:27:03.4049126Z ✔ [169/204] Built Ps.KernelCore.Admission.Inductive.Nested.Rebase:c.o (290ms)
2026-10-10T05:27:03.5051293Z ✔ [170/204] Built Ps.KernelCore.Admission.Inductive.Nested.Discover (442ms)
2026-10-10T05:27:03.9074665Z ✔ [171/204] Built Ps.KernelCore.Admission.Inductive.Nested.Flatten (370ms)
2026-10-10T05:27:04.0075714Z ✔ [172/204] Built Ps.KernelCore.Admission.Inductive.Nested.Discover:c.o (540ms)
2026-10-10T05:27:04.3085937Z ✔ [173/204] Built Ps.KernelCore.Admission.Inductive.Nested.RestoreExpr (472ms)
2026-10-10T05:27:04.4085380Z ✔ [174/204] Built Ps.KernelCore.Admission.Inductive.Nested.Flatten:c.o (491ms)
2026-10-10T05:27:04.7092968Z ✔ [175/204] Built Ps.KernelCore.Admission.Inductive.Nested.Restore (349ms)
2026-10-10T05:27:04.8092182Z ✔ [176/204] Built Ps.KernelCore.Admission.Inductive.Nested.RestoreExpr:c.o (476ms)
2026-10-10T05:27:05.1085380Z ✔ [177/204] Built Ps.KernelCore.Admission.Inductive.Nested.Restore:c.o (412ms)
2026-10-10T05:27:05.2090644Z ✔ [178/204] Built Ps.KernelCore.Admission.Inductive.Nested.Validation (470ms)
2026-10-10T05:27:05.5112838Z ✔ [179/204] Built Ps.KernelCore.Admission.Inductive.Nested.Commit (291ms)
2026-10-10T05:27:05.6106877Z ✔ [180/204] Built Ps.KernelCore.Admission.Inductive.Nested.Commit:c.o (171ms)
2026-10-10T05:27:05.8124519Z ✔ [181/204] Built Ps.KernelCore.Admission.Inductive.Nested.Admission (345ms)
2026-10-10T05:27:06.0127112Z ✔ [182/204] Built Ps.KernelCore.Admission.Inductive.Nested.Validation:c.o (872ms)
2026-10-10T05:27:06.0128027Z ✔ [183/204] Built Ps.KernelCore.Admission.Inductive.Nested.Admission:c.o (251ms)
2026-10-10T05:27:06.2149382Z ✔ [184/204] Built Ps.KernelCore.API.KernelContractV1 (405ms)
2026-10-10T05:27:06.3151032Z ✔ [185/204] Built Ps.KernelCore.API.KernelContractV1:c.o (122ms)
2026-10-10T05:27:06.5162594Z ✔ [186/204] Built Ps.KernelCore.API.Provider (276ms)
2026-10-10T05:27:06.6156188Z ✔ [187/204] Built Ps.KernelCore.API.Provider:c.o (95ms)
2026-10-10T05:27:06.8161046Z ✔ [188/204] Built Ps.KernelCore.API.Session (290ms)
2026-10-10T05:27:06.9162483Z ✔ [189/204] Built Ps.KernelCore.API.Session:c.o (124ms)
2026-10-10T05:27:07.1174381Z ✔ [190/204] Built Ps.KernelCore.API.Kernel (311ms)
2026-10-10T05:27:07.3176674Z ✔ [191/204] Built Ps.KernelCore.API.Kernel:c.o (226ms)
2026-10-10T05:27:07.4202721Z ✔ [192/204] Built Ps.Host.KernelCoreProvider.Convert (317ms)
2026-10-10T05:27:07.8202727Z ✔ [193/204] Built Ps.Host.KernelCoreProvider.Convert:c.o (366ms)
2026-10-10T05:27:07.9199616Z ✔ [194/204] Built Ps.Host.KernelCoreProvider.Prelude (525ms)
2026-10-10T05:27:08.0203958Z ✔ [195/204] Built Ps.Host.KernelCoreProvider.Protocol (564ms)
2026-10-10T05:27:08.3223872Z ✔ [196/204] Built Ps.Host.KernelCoreProvider.Admission (307ms)
2026-10-10T05:27:08.5226941Z ✔ [197/204] Built Ps.Host.KernelCoreProvider.Prelude:c.o (628ms)
2026-10-10T05:27:08.5228240Z ✔ [198/204] Built Ps.Host.KernelCoreProvider.Admission:c.o (201ms)
2026-10-10T05:27:08.7229664Z ✔ [199/204] Built Ps.Host.KernelCoreProvider.Response (404ms)
2026-10-10T05:27:08.8231430Z ✔ [200/204] Built Ps.Host.KernelCoreProvider.Protocol:c.o (881ms)
2026-10-10T05:27:08.8232861Z ✔ [201/204] Built Ps.Host.KernelCoreProvider.Response:c.o (166ms)
2026-10-10T05:27:09.0233919Z ✔ [202/204] Built Ps.Host.KernelCoreProvider.Main (315ms)
2026-10-10T05:27:09.1234847Z ✔ [203/204] Built Ps.Host.KernelCoreProvider.Main:c.o (151ms)
2026-10-10T05:27:09.3237296Z ✔ [204/204] Built psc_kernel_core_provider:exe (195ms)
2026-10-10T05:27:09.3410417Z Build completed successfully (204 jobs).
2026-10-10T05:27:09.3829540Z ##[group]Run actions/cache/save@v4
2026-10-10T05:27:09.3829832Z with:
2026-10-10T05:27:09.3830052Z   path: provider-source/psc0/.lake/build
2026-10-10T05:27:09.3830472Z   key: psc0-sh1-provider-v1-Linux-X64-963030dc2d154008fccc82e7c8ed29331f138799
2026-10-10T05:27:09.3831196Z   enableCrossOsArchive: false
2026-10-10T05:27:09.3831440Z ##[endgroup]
2026-10-10T05:27:09.4900297Z (node:3664) [DEP0040] DeprecationWarning: The `punycode` module is deprecated. Please use a userland alternative instead.
2026-10-10T05:27:09.4901630Z (Use `node --trace-deprecation ...` to show where the warning was created)
2026-10-10T05:27:09.5065512Z [command]/usr/bin/tar --posix -cf cache.tzst --exclude cache.tzst -P -C /home/runner/work/pskernel/pskernel --files-from manifest.txt --use-compress-program zstdmt
2026-10-10T05:27:09.7244974Z (node:3664) [DEP0169] DeprecationWarning: `url.parse()` behavior is not standardized and prone to errors that have security implications. Use the WHATWG URL API instead. CVEs are not issued for `url.parse()` vulnerabilities.
2026-10-10T05:27:09.9380232Z Sent 9137730 of 9137730 (100.0%), 39.3 MBs/sec
2026-10-10T05:27:10.0244976Z Cache saved with key: psc0-sh1-provider-v1-Linux-X64-963030dc2d154008fccc82e7c8ed29331f138799
2026-10-10T05:27:10.0378875Z ##[group]Run actions/download-artifact@v4
2026-10-10T05:27:10.0379429Z with:
2026-10-10T05:27:10.0379865Z   name: psc0-sh1-evidence-finish-ts7.0.2-38027413274
2026-10-10T05:27:10.0380435Z   path: qualification-artifacts
2026-10-10T05:27:10.0381156Z   merge-multiple: false
2026-10-10T05:27:10.0381611Z   repository: dwijayuda/pskernel
2026-10-10T05:27:10.0382049Z   run-id: 38027413274
2026-10-10T05:27:10.0382409Z ##[endgroup]
2026-10-10T05:27:10.1960348Z Downloading single artifact
2026-10-10T05:27:10.2144375Z (node:3685) [DEP0040] DeprecationWarning: The `punycode` module is deprecated. Please use a userland alternative instead.
2026-10-10T05:27:10.2145383Z (Use `node --trace-deprecation ...` to show where the warning was created)
2026-10-10T05:27:10.2842877Z Preparing to download the following artifacts:
2026-10-10T05:27:10.2844736Z - psc0-sh1-evidence-finish-ts7.0.2-38027413274 (ID: 11661180683, Size: 23593626, Expected Digest: sha256:e4f18a13063265126dc2c08dd710dae94bfff3ac7ad780a4a360b66976cac08c)
2026-10-10T05:27:10.4087092Z Redirecting to blob download url: https://productionresultssa16.blob.core.windows.net/actions-results/c56741dc-8c8e-8f24-921a-bcbd15eafb59/workflow-job-run-368f7c52-1609-5462-bce1-2d9c03a377f5/artifacts/62b7884e86cdab615690197d07bdfee3f51a5ed9e277f1c423a523a2c21a0237.zip
2026-10-10T05:27:10.4090006Z Starting download of artifact to: /home/runner/work/pskernel/pskernel/qualification-artifacts
2026-10-10T05:27:10.4995482Z (node:3685) [DEP0005] DeprecationWarning: Buffer() is deprecated due to security and usability issues. Please use the Buffer.alloc(), Buffer.allocUnsafe(), or Buffer.from() methods instead.
2026-10-10T05:27:11.2495131Z SHA256 digest of downloaded artifact is e4f18a13063265126dc2c08dd710dae94bfff3ac7ad780a4a360b66976cac08c
2026-10-10T05:27:11.2496265Z Artifact download completed successfully.
2026-10-10T05:27:11.2496885Z Total of 1 artifact(s) downloaded
2026-10-10T05:27:11.2501648Z Download artifact has finished successfully
2026-10-10T05:27:11.2683244Z ##[group]Run node scripts/sh1-check-admissions.mjs --provider-root ../provider-source/psc0 --artifacts ../qualification-artifacts/dist/sh1
2026-10-10T05:27:11.2684268Z [36;1mnode scripts/sh1-check-admissions.mjs --provider-root ../provider-source/psc0 --artifacts ../qualification-artifacts/dist/sh1[0m
2026-10-10T05:27:11.2746944Z shell: /usr/bin/bash -e {0}
2026-10-10T05:27:11.2747210Z ##[endgroup]
2026-10-10T05:27:13.8166316Z PSC0_SH1_PROVIDER_ADMISSIONS: {"schemaVersion":1,"evidence":"selected-provider-acceptance-for-qualified-compiler-admissions","sourceRef":"1fa5559a72b293defc56ef7e7020cf82d4b44b79","sourceClosureSha256":"46737f1e58a56cfa4cc0b575d30f531efe1dbe06ccf34002cc01e553febb1fb5","compilerSha256":"6cddc3c34c38f1524ef9a355c46b0eb17949c45c54fd59367ea370c1af861ab3","provider":{"sourceRef":"963030dc2d154008fccc82e7c8ed29331f138799","sourceTree":"38c8c55bd2b214753e56c58c15c4901c32c01b86","binarySha256":"88f2d20ea733742d48724ecbdc903271e18bcfcccc8682be596a676aef68e3ec","metadata":{"protocol":"pskernel-core/1","provider":"pskernel-core-native","leanVersion":"4.34.0","leanCommit":"293d5d0c0c3f3dded4688b3ccd6a33939ac5102b","profile":"lean4.34-core","status":"ready"},"lean":"Lean (version 4.34.0, x86_64-unknown-linux-gnu, commit 293d5d0c0c3f3dded4688b3ccd6a33939ac5102b, Release)","node":"v22.23.3","command":["psc_kernel_core_provider","--check"],"resourcePolicy":"Pinned compilerSelfHostResourcePolicy; default fuel 131072, unchanged.","timeoutMs":60000},"streams":[{"canonicalAdmissionsSha256":"e77c40ccd38fc3ea6a2d3342732f23b54665d066aeeda38533d04ff54aeeb020","artifacts":["C2 compiler source","C3 compiler source"],"durationMs":1759.690789,"result":{"protocol":"pskernel-core/1","provider":"pskernel-core-native","leanVersion":"4.34.0","leanCommit":"293d5d0c0c3f3dded4688b3ccd6a33939ac5102b","profile":"lean4.34-core","accepted":true}},{"canonicalAdmissionsSha256":"cecaa159180879698e91bcdf44b3e84c1766ba86784aa75a5ebcf9e673c2c20c","artifacts":["C2 raw lean capability source","C3 raw lean capability source"],"durationMs":14.720842999999604,"result":{"protocol":"pskernel-core/1","provider":"pskernel-core-native","leanVersion":"4.34.0","leanCommit":"293d5d0c0c3f3dded4688b3ccd6a33939ac5102b","profile":"lean4.34-core","accepted":true}},{"canonicalAdmissionsSha256":"674ba92b32a74694f21b5348b05aa7358e16efa6929f3311c186fb0f4edab2aa","artifacts":["C2 raw ps capability source","C3 raw ps capability source"],"durationMs":14.431609000000208,"result":{"protocol":"pskernel-core/1","provider":"pskernel-core-native","leanVersion":"4.34.0","leanCommit":"293d5d0c0c3f3dded4688b3ccd6a33939ac5102b","profile":"lean4.34-core","accepted":true}},{"canonicalAdmissionsSha256":"6c97944c3ef08ae3c3b7b6c51a6f79b859cde986434250cf2c7e651b6b83b2de","artifacts":["C2 raw recursive-generic fixture source","C3 raw recursive-generic fixture source"],"durationMs":11.847541999999976,"result":{"protocol":"pskernel-core/1","provider":"pskernel-core-native","leanVersion":"4.34.0","leanCommit":"293d5d0c0c3f3dded4688b3ccd6a33939ac5102b","profile":"lean4.34-core","accepted":true}}],"accepted":true,"emissionWasGatedByThisCheck":false,"qualificationBoundary":"Compiler-only artifacts were generated first; promotion may use this additional exact-stream provider acceptance."}
2026-10-10T05:27:13.8212686Z PSC0_SH1_PROVIDER_ADMISSIONS_FILE: {"path":"kernel-admissions.json","sha256":"a3169030f4331500d563c9b34b764279550c63c86e5f0bf743e8a3983d75eb71","bytes":3526,"content":"{\n  \"schemaVersion\": 1,\n  \"evidence\": \"selected-provider-acceptance-for-qualified-compiler-admissions\",\n  \"sourceRef\": \"1fa5559a72b293defc56ef7e7020cf82d4b44b79\",\n  \"sourceClosureSha256\": \"46737f1e58a56cfa4cc0b575d30f531efe1dbe06ccf34002cc01e553febb1fb5\",\n  \"compilerSha256\": \"6cddc3c34c38f1524ef9a355c46b0eb17949c45c54fd59367ea370c1af861ab3\",\n  \"provider\": {\n    \"sourceRef\": \"963030dc2d154008fccc82e7c8ed29331f138799\",\n    \"sourceTree\": \"38c8c55bd2b214753e56c58c15c4901c32c01b86\",\n    \"binarySha256\": \"88f2d20ea733742d48724ecbdc903271e18bcfcccc8682be596a676aef68e3ec\",\n    \"metadata\": {\n      \"protocol\": \"pskernel-core/1\",\n      \"provider\": \"pskernel-core-native\",\n      \"leanVersion\": \"4.34.0\",\n      \"leanCommit\": \"293d5d0c0c3f3dded4688b3ccd6a33939ac5102b\",\n      \"profile\": \"lean4.34-core\",\n      \"status\": \"ready\"\n    },\n    \"lean\": \"Lean (version 4.34.0, x86_64-unknown-linux-gnu, commit 293d5d0c0c3f3dded4688b3ccd6a33939ac5102b, Release)\",\n    \"node\": \"v22.23.3\",\n    \"command\": [\n      \"psc_kernel_core_provider\",\n      \"--check\"\n    ],\n    \"resourcePolicy\": \"Pinned compilerSelfHostResourcePolicy; default fuel 131072, unchanged.\",\n    \"timeoutMs\": 60000\n  },\n  \"streams\": [\n    {\n      \"canonicalAdmissionsSha256\": \"e77c40ccd38fc3ea6a2d3342732f23b54665d066aeeda38533d04ff54aeeb020\",\n      \"artifacts\": [\n        \"C2 compiler source\",\n        \"C3 compiler source\"\n      ],\n      \"durationMs\": 1759.690789,\n      \"result\": {\n        \"protocol\": \"pskernel-core/1\",\n        \"provider\": \"pskernel-core-native\",\n        \"leanVersion\": \"4.34.0\",\n        \"leanCommit\": \"293d5d0c0c3f3dded4688b3ccd6a33939ac5102b\",\n        \"profile\": \"lean4.34-core\",\n        \"accepted\": true\n      }\n    },\n    {\n      \"canonicalAdmissionsSha256\": \"cecaa159180879698e91bcdf44b3e84c1766ba86784aa75a5ebcf9e673c2c20c\",\n      \"artifacts\": [\n        \"C2 raw lean capability source\",\n        \"C3 raw lean capability source\"\n      ],\n      \"durationMs\": 14.720842999999604,\n      \"result\": {\n        \"protocol\": \"pskernel-core/1\",\n        \"provider\": \"pskernel-core-native\",\n        \"leanVersion\": \"4.34.0\",\n        \"leanCommit\": \"293d5d0c0c3f3dded4688b3ccd6a33939ac5102b\",\n        \"profile\": \"lean4.34-core\",\n        \"accepted\": true\n      }\n    },\n    {\n      \"canonicalAdmissionsSha256\": \"674ba92b32a74694f21b5348b05aa7358e16efa6929f3311c186fb0f4edab2aa\",\n      \"artifacts\": [\n        \"C2 raw ps capability source\",\n        \"C3 raw ps capability source\"\n      ],\n      \"durationMs\": 14.431609000000208,\n      \"result\": {\n        \"protocol\": \"pskernel-core/1\",\n        \"provider\": \"pskernel-core-native\",\n        \"leanVersion\": \"4.34.0\",\n        \"leanCommit\": \"293d5d0c0c3f3dded4688b3ccd6a33939ac5102b\",\n        \"profile\": \"lean4.34-core\",\n        \"accepted\": true\n      }\n    },\n    {\n      \"canonicalAdmissionsSha256\": \"6c97944c3ef08ae3c3b7b6c51a6f79b859cde986434250cf2c7e651b6b83b2de\",\n      \"artifacts\": [\n        \"C2 raw recursive-generic fixture source\",\n        \"C3 raw recursive-generic fixture source\"\n      ],\n      \"durationMs\": 11.847541999999976,\n      \"result\": {\n        \"protocol\": \"pskernel-core/1\",\n        \"provider\": \"pskernel-core-native\",\n        \"leanVersion\": \"4.34.0\",\n        \"leanCommit\": \"293d5d0c0c3f3dded4688b3ccd6a33939ac5102b\",\n        \"profile\": \"lean4.34-core\",\n        \"accepted\": true\n      }\n    }\n  ],\n  \"accepted\": true,\n  \"emissionWasGatedByThisCheck\": false,\n  \"qualificationBoundary\": \"Compiler-only artifacts were generated first; promotion may use this additional exact-stream provider acceptance.\"\n}\n"}
2026-10-10T05:27:13.8307011Z ##[group]Run actions/upload-artifact@v4
2026-10-10T05:27:13.8307325Z with:
2026-10-10T05:27:13.8307609Z   name: psc0-sh1-evidence-finish-kernel-ts7.0.2-38027413274
2026-10-10T05:27:13.8308073Z   path: qualification-artifacts/dist/sh1/kernel-admissions.json
2026-10-10T05:27:13.8308445Z   if-no-files-found: ignore
2026-10-10T05:27:13.8308690Z   retention-days: 30
2026-10-10T05:27:13.8308915Z   compression-level: 6
2026-10-10T05:27:13.8309139Z   overwrite: false
2026-10-10T05:27:13.8309362Z   include-hidden-files: false
2026-10-10T05:27:13.8309618Z ##[endgroup]
2026-10-10T05:27:14.0012238Z (node:3758) [DEP0040] DeprecationWarning: The `punycode` module is deprecated. Please use a userland alternative instead.
2026-10-10T05:27:14.0013144Z (Use `node --trace-deprecation ...` to show where the warning was created)
2026-10-10T05:27:14.0059425Z With the provided path, there will be 1 file uploaded
2026-10-10T05:27:14.0066343Z Artifact name is valid!
2026-10-10T05:27:14.0072126Z Root directory input is valid!
2026-10-10T05:27:14.2069668Z Beginning upload of artifact content to blob storage
2026-10-10T05:27:14.2264373Z (node:3758) [DEP0169] DeprecationWarning: `url.parse()` behavior is not standardized and prone to errors that have security implications. Use the WHATWG URL API instead. CVEs are not issued for `url.parse()` vulnerabilities.
2026-10-10T05:27:14.2707884Z Uploaded bytes 1277
2026-10-10T05:27:14.2917890Z Finished uploading artifact content to blob storage!
2026-10-10T05:27:14.2919355Z SHA256 digest of uploaded artifact zip is 35485c9e47e3041fd20236eb671c4532c83028f078028b01364b44b0f5ad20c7
2026-10-10T05:27:14.2920346Z Finalizing artifact upload
2026-10-10T05:27:14.5084093Z Artifact psc0-sh1-evidence-finish-kernel-ts7.0.2-38027413274.zip successfully finalized. Artifact ID 11661425347
2026-10-10T05:27:14.5085614Z Artifact psc0-sh1-evidence-finish-kernel-ts7.0.2-38027413274 has been successfully uploaded! Final size is 1277 bytes. Artifact ID is 11661425347
2026-10-10T05:27:14.5091233Z Artifact download URL: https://github.com/dwijayuda/pskernel/actions/runs/38027413274/artifacts/11661425347
2026-10-10T05:27:14.5255024Z Post job cleanup.
2026-10-10T05:27:14.6469652Z (node:3770) [DEP0040] DeprecationWarning: The `punycode` module is deprecated. Please use a userland alternative instead.
2026-10-10T05:27:14.6470688Z (Use `node --trace-deprecation ...` to show where the warning was created)
2026-10-10T05:27:14.6653295Z Post job cleanup.
2026-10-10T05:27:14.7570033Z [command]/usr/bin/git version
2026-10-10T05:27:14.7615214Z git version 2.55.0
2026-10-10T05:27:14.7655159Z Temporarily overriding HOME='/home/runner/work/_temp/a09cea31-25d2-4c6b-97de-39be66df21e9' before making global git config changes
2026-10-10T05:27:14.7656651Z Adding repository directory to the temporary git global config as a safe directory
2026-10-10T05:27:14.7661624Z [command]/usr/bin/git config --global --add safe.directory /home/runner/work/pskernel/pskernel/provider-source
2026-10-10T05:27:14.7702117Z [command]/usr/bin/git config --local --name-only --get-regexp core\.sshCommand
2026-10-10T05:27:14.7738264Z [command]/usr/bin/git submodule foreach --recursive sh -c "git config --local --name-only --get-regexp 'core\.sshCommand' && git config --local --unset-all 'core.sshCommand' || :"
2026-10-10T05:27:14.8020526Z [command]/usr/bin/git config --local --name-only --get-regexp http\.https\:\/\/github\.com\/\.extraheader
2026-10-10T05:27:14.8050650Z http.https://github.com/.extraheader
2026-10-10T05:27:14.8063247Z [command]/usr/bin/git config --local --unset-all http.https://github.com/.extraheader
2026-10-10T05:27:14.8100630Z [command]/usr/bin/git submodule foreach --recursive sh -c "git config --local --name-only --get-regexp 'http\.https\:\/\/github\.com\/\.extraheader' && git config --local --unset-all 'http.https://github.com/.extraheader' || :"
2026-10-10T05:27:14.8452728Z [command]/usr/bin/git config --local --name-only --get-regexp ^includeIf\.gitdir:
2026-10-10T05:27:14.8509159Z [command]/usr/bin/git submodule foreach --recursive git config --local --show-origin --name-only --get-regexp remote.origin.url
2026-10-10T05:27:14.8939934Z Post job cleanup.
2026-10-10T05:27:14.9817885Z [command]/usr/bin/git version
2026-10-10T05:27:14.9866758Z git version 2.55.0
2026-10-10T05:27:14.9913263Z Temporarily overriding HOME='/home/runner/work/_temp/06673249-2be3-46d8-88dd-3e0c18e70899' before making global git config changes
2026-10-10T05:27:14.9914956Z Adding repository directory to the temporary git global config as a safe directory
2026-10-10T05:27:14.9919986Z [command]/usr/bin/git config --global --add safe.directory /home/runner/work/pskernel/pskernel
2026-10-10T05:27:14.9965367Z [command]/usr/bin/git config --local --name-only --get-regexp core\.sshCommand
2026-10-10T05:27:15.0002567Z [command]/usr/bin/git submodule foreach --recursive sh -c "git config --local --name-only --get-regexp 'core\.sshCommand' && git config --local --unset-all 'core.sshCommand' || :"
2026-10-10T05:27:15.0304580Z [command]/usr/bin/git config --local --name-only --get-regexp http\.https\:\/\/github\.com\/\.extraheader
2026-10-10T05:27:15.0341786Z http.https://github.com/.extraheader
2026-10-10T05:27:15.0372172Z [command]/usr/bin/git config --local --unset-all http.https://github.com/.extraheader
2026-10-10T05:27:15.0392103Z [command]/usr/bin/git submodule foreach --recursive sh -c "git config --local --name-only --get-regexp 'http\.https\:\/\/github\.com\/\.extraheader' && git config --local --unset-all 'http.https://github.com/.extraheader' || :"
2026-10-10T05:27:15.0695155Z [command]/usr/bin/git config --local --name-only --get-regexp ^includeIf\.gitdir:
2026-10-10T05:27:15.0742139Z [command]/usr/bin/git submodule foreach --recursive git config --local --show-origin --name-only --get-regexp remote.origin.url
2026-10-10T05:27:15.1158716Z Cleaning up orphan processes
2026-10-10T05:27:15.1548622Z ##[warning]Node.js 20 is deprecated. The following actions target Node.js 20 but are being forced to run on Node.js 24: actions/cache/restore@v4, actions/cache/save@v4, actions/checkout@v4, actions/download-artifact@v4, actions/setup-node@v4, actions/upload-artifact@v4. For more information see: https://github.blog/changelog/2025-09-19-deprecation-of-node-20-on-github-actions-runners/
