2026-10-09T15:08:38.7060798Z Current runner version: '2.337.0'
2026-10-09T15:08:38.7084286Z ##[group]Runner Image Provisioner
2026-10-09T15:08:38.7085290Z Hosted Compute Agent
2026-10-09T15:08:38.7085900Z Version: 20261002.596
2026-10-09T15:08:38.7086490Z Commit: c3d12f3313a95f25162a1503be624f3b0617f8c0
2026-10-09T15:08:38.7087241Z Build Date: 2026-10-02T22:28:27Z
2026-10-09T15:08:38.7087885Z Worker ID: {8553f28f-9655-4820-8450-dcb270579837}
2026-10-09T15:08:38.7088620Z Region: westcentralus
2026-10-09T15:08:38.7089185Z Cloud: Azure
2026-10-09T15:08:38.7089699Z ##[endgroup]
2026-10-09T15:08:38.7091071Z ##[group]Operating System
2026-10-09T15:08:38.7091662Z Ubuntu
2026-10-09T15:08:38.7092140Z 24.04.5
2026-10-09T15:08:38.7092665Z LTS
2026-10-09T15:08:38.7093155Z ##[endgroup]
2026-10-09T15:08:38.7093711Z ##[group]Runner Image
2026-10-09T15:08:38.7094456Z Image: ubuntu-24.04
2026-10-09T15:08:38.7095014Z Version: 20261004.327.1
2026-10-09T15:08:38.7096259Z Included Software: https://github.com/actions/runner-images/blob/ubuntu24/20261004.327/images/ubuntu/Ubuntu2404-Readme.md
2026-10-09T15:08:38.7097823Z Image Release: https://github.com/actions/runner-images/releases/tag/ubuntu24%2F20261004.327
2026-10-09T15:08:38.7098814Z ##[endgroup]
2026-10-09T15:08:38.7100300Z ##[group]GITHUB_TOKEN Permissions
2026-10-09T15:08:38.7102624Z Contents: read
2026-10-09T15:08:38.7103229Z Metadata: read
2026-10-09T15:08:38.7103847Z ##[endgroup]
2026-10-09T15:08:38.7106381Z Secret source: Actions
2026-10-09T15:08:38.7107320Z Cache mode: write
2026-10-09T15:08:38.7108051Z Prepare workflow directory
2026-10-09T15:08:38.7423303Z Prepare all required actions
2026-10-09T15:08:38.7473344Z Getting action download info
2026-10-09T15:08:39.0433843Z Download action repository 'actions/checkout@v4' (SHA:11d5960a326750d5838078e36cf38b85af677262)
2026-10-09T15:08:39.1580500Z Download action repository 'actions/setup-node@v4' (SHA:49933ea5288caeca8642d1e84afbd3f7d6820020)
2026-10-09T15:08:39.2857803Z Download action repository 'actions/upload-artifact@v4' (SHA:ea165f8d65b6e75b540449e92b4886f43607fa02)
2026-10-09T15:08:39.5399206Z Complete job name: qualify
2026-10-09T15:08:39.6082675Z ##[group]Run actions/checkout@v4
2026-10-09T15:08:39.6083534Z with:
2026-10-09T15:08:39.6084256Z   ref: a02f03b97bb3385b66ad670dabf7f13d334fc79f
2026-10-09T15:08:39.6084996Z   repository: dwijayuda/pskernel
2026-10-09T15:08:39.6088955Z   token: ***
2026-10-09T15:08:39.6089424Z   ssh-strict: true
2026-10-09T15:08:39.6089957Z   ssh-user: git
2026-10-09T15:08:39.6090468Z   persist-credentials: true
2026-10-09T15:08:39.6091033Z   clean: true
2026-10-09T15:08:39.6091550Z   sparse-checkout-cone-mode: true
2026-10-09T15:08:39.6092124Z   fetch-depth: 1
2026-10-09T15:08:39.6092631Z   fetch-tags: false
2026-10-09T15:08:39.6093167Z   show-progress: true
2026-10-09T15:08:39.6093690Z   lfs: false
2026-10-09T15:08:39.6094304Z   submodules: false
2026-10-09T15:08:39.6094839Z   set-safe-directory: true
2026-10-09T15:08:39.6095417Z   allow-unsafe-pr-checkout: false
2026-10-09T15:08:39.6096147Z ##[endgroup]
2026-10-09T15:08:39.7132460Z Syncing repository: dwijayuda/pskernel
2026-10-09T15:08:39.7135751Z ##[group]Getting Git version info
2026-10-09T15:08:39.7136906Z Working directory is '/home/runner/work/pskernel/pskernel'
2026-10-09T15:08:39.7138514Z [command]/usr/bin/git version
2026-10-09T15:08:39.7169274Z git version 2.55.0
2026-10-09T15:08:39.7189974Z ##[endgroup]
2026-10-09T15:08:39.7206185Z Temporarily overriding HOME='/home/runner/work/_temp/f531a448-cb17-412b-a1d3-588e649ae38f' before making global git config changes
2026-10-09T15:08:39.7208297Z Adding repository directory to the temporary git global config as a safe directory
2026-10-09T15:08:39.7211777Z [command]/usr/bin/git config --global --add safe.directory /home/runner/work/pskernel/pskernel
2026-10-09T15:08:39.7272032Z Deleting the contents of '/home/runner/work/pskernel/pskernel'
2026-10-09T15:08:39.7277880Z ##[group]Initializing the repository
2026-10-09T15:08:39.7283651Z [command]/usr/bin/git init /home/runner/work/pskernel/pskernel
2026-10-09T15:08:39.7389097Z hint: Using 'master' as the name for the initial branch. This default branch name
2026-10-09T15:08:39.7390778Z hint: will change to "main" in Git 3.0. To configure the initial branch name
2026-10-09T15:08:39.7392618Z hint: to use in all of your new repositories, which will suppress this warning,
2026-10-09T15:08:39.7393821Z hint: call:
2026-10-09T15:08:39.7394737Z hint:
2026-10-09T15:08:39.7395590Z hint: 	git config --global init.defaultBranch <name>
2026-10-09T15:08:39.7396651Z hint:
2026-10-09T15:08:39.7397705Z hint: Names commonly chosen instead of 'master' are 'main', 'trunk' and
2026-10-09T15:08:39.7399259Z hint: 'development'. The just-created branch can be renamed via this command:
2026-10-09T15:08:39.7400437Z hint:
2026-10-09T15:08:39.7401164Z hint: 	git branch -m <name>
2026-10-09T15:08:39.7401923Z hint:
2026-10-09T15:08:39.7402944Z hint: Disable this message with "git config set advice.defaultBranchName false"
2026-10-09T15:08:39.7409172Z Initialized empty Git repository in /home/runner/work/pskernel/pskernel/.git/
2026-10-09T15:08:39.7418037Z [command]/usr/bin/git remote add origin https://github.com/dwijayuda/pskernel
2026-10-09T15:08:39.7495187Z ##[endgroup]
2026-10-09T15:08:39.7505225Z ##[group]Disabling automatic garbage collection
2026-10-09T15:08:39.7506666Z [command]/usr/bin/git config --local gc.auto 0
2026-10-09T15:08:39.7509630Z ##[endgroup]
2026-10-09T15:08:39.7510549Z ##[group]Setting up auth
2026-10-09T15:08:39.7517426Z [command]/usr/bin/git config --local --name-only --get-regexp core\.sshCommand
2026-10-09T15:08:39.7552031Z [command]/usr/bin/git submodule foreach --recursive sh -c "git config --local --name-only --get-regexp 'core\.sshCommand' && git config --local --unset-all 'core.sshCommand' || :"
2026-10-09T15:08:39.7871419Z [command]/usr/bin/git config --local --name-only --get-regexp http\.https\:\/\/github\.com\/\.extraheader
2026-10-09T15:08:39.7905179Z [command]/usr/bin/git submodule foreach --recursive sh -c "git config --local --name-only --get-regexp 'http\.https\:\/\/github\.com\/\.extraheader' && git config --local --unset-all 'http.https://github.com/.extraheader' || :"
2026-10-09T15:08:39.8172889Z [command]/usr/bin/git config --local --name-only --get-regexp ^includeIf\.gitdir:
2026-10-09T15:08:39.8212392Z [command]/usr/bin/git submodule foreach --recursive git config --local --show-origin --name-only --get-regexp remote.origin.url
2026-10-09T15:08:39.8401792Z [command]/usr/bin/git config --local http.https://github.com/.extraheader AUTHORIZATION: basic ***
2026-10-09T15:08:39.8440291Z ##[endgroup]
2026-10-09T15:08:39.8441192Z ##[group]Fetching the repository
2026-10-09T15:08:39.8449457Z [command]/usr/bin/git -c protocol.version=2 fetch --no-tags --prune --no-recurse-submodules --depth=1 origin a02f03b97bb3385b66ad670dabf7f13d334fc79f
2026-10-09T15:08:52.5207258Z From https://github.com/dwijayuda/pskernel
2026-10-09T15:08:52.5209706Z  * branch              a02f03b97bb3385b66ad670dabf7f13d334fc79f -> FETCH_HEAD
2026-10-09T15:08:52.5215094Z ##[endgroup]
2026-10-09T15:08:52.5217292Z ##[group]Determining the checkout info
2026-10-09T15:08:52.5219328Z ##[endgroup]
2026-10-09T15:08:52.5220827Z [command]/usr/bin/git sparse-checkout disable
2026-10-09T15:08:52.5273603Z [command]/usr/bin/git config --local --unset-all extensions.worktreeConfig
2026-10-09T15:08:52.5305551Z ##[group]Checking out the ref
2026-10-09T15:08:52.5309376Z [command]/usr/bin/git checkout --progress --force a02f03b97bb3385b66ad670dabf7f13d334fc79f
2026-10-09T15:08:54.7068719Z Updating files:   6% (1294/20578)
2026-10-09T15:08:54.7131413Z Updating files:   6% (1296/20578)
2026-10-09T15:08:54.7215334Z Updating files:   7% (1441/20578)
2026-10-09T15:08:54.7421541Z Updating files:   8% (1647/20578)
2026-10-09T15:08:54.7576832Z Updating files:   9% (1853/20578)
2026-10-09T15:08:54.7868254Z Updating files:  10% (2058/20578)
2026-10-09T15:08:54.7955007Z Updating files:  11% (2264/20578)
2026-10-09T15:08:55.5887704Z Updating files:  12% (2470/20578)
2026-10-09T15:08:56.7709016Z Updating files:  12% (2629/20578)
2026-10-09T15:08:56.7726735Z Updating files:  12% (2632/20578)
2026-10-09T15:08:56.7818039Z Updating files:  13% (2676/20578)
2026-10-09T15:08:56.7879371Z Updating files:  14% (2881/20578)
2026-10-09T15:08:56.7986477Z Updating files:  15% (3087/20578)
2026-10-09T15:08:56.8155103Z Updating files:  16% (3293/20578)
2026-10-09T15:08:56.8244249Z Updating files:  17% (3499/20578)
2026-10-09T15:08:56.8352870Z Updating files:  18% (3705/20578)
2026-10-09T15:08:56.8662848Z Updating files:  19% (3910/20578)
2026-10-09T15:08:56.8858893Z Updating files:  20% (4116/20578)
2026-10-09T15:08:56.8941290Z Updating files:  21% (4322/20578)
2026-10-09T15:08:57.6852901Z Updating files:  22% (4528/20578)
2026-10-09T15:08:58.8655749Z Updating files:  22% (4699/20578)
2026-10-09T15:08:58.8664205Z Updating files:  22% (4702/20578)
2026-10-09T15:08:58.8752427Z Updating files:  23% (4733/20578)
2026-10-09T15:08:58.8812488Z Updating files:  24% (4939/20578)
2026-10-09T15:08:58.8893253Z Updating files:  25% (5145/20578)
2026-10-09T15:08:58.8983191Z Updating files:  26% (5351/20578)
2026-10-09T15:08:58.9053003Z Updating files:  27% (5557/20578)
2026-10-09T15:08:58.9852441Z Updating files:  28% (5762/20578)
2026-10-09T15:08:59.0100447Z Updating files:  29% (5968/20578)
2026-10-09T15:08:59.0214889Z Updating files:  30% (6174/20578)
2026-10-09T15:08:59.0351054Z Updating files:  31% (6380/20578)
2026-10-09T15:08:59.0498909Z Updating files:  32% (6585/20578)
2026-10-09T15:08:59.0672211Z Updating files:  33% (6791/20578)
2026-10-09T15:08:59.0793065Z Updating files:  34% (6997/20578)
2026-10-09T15:08:59.0930651Z Updating files:  35% (7203/20578)
2026-10-09T15:08:59.1069411Z Updating files:  36% (7409/20578)
2026-10-09T15:08:59.1179514Z Updating files:  37% (7614/20578)
2026-10-09T15:08:59.1295856Z Updating files:  38% (7820/20578)
2026-10-09T15:08:59.1450562Z Updating files:  39% (8026/20578)
2026-10-09T15:08:59.1627379Z Updating files:  40% (8232/20578)
2026-10-09T15:08:59.1726824Z Updating files:  41% (8437/20578)
2026-10-09T15:08:59.1833311Z Updating files:  42% (8643/20578)
2026-10-09T15:08:59.1916227Z Updating files:  43% (8849/20578)
2026-10-09T15:08:59.2013654Z Updating files:  44% (9055/20578)
2026-10-09T15:08:59.3438082Z Updating files:  45% (9261/20578)
2026-10-09T15:08:59.4002055Z Updating files:  46% (9466/20578)
2026-10-09T15:08:59.4916514Z Updating files:  47% (9672/20578)
2026-10-09T15:08:59.5536512Z Updating files:  48% (9878/20578)
2026-10-09T15:08:59.6558474Z Updating files:  48% (9977/20578)
2026-10-09T15:08:59.8915452Z Updating files:  49% (10084/20578)
2026-10-09T15:09:00.2667732Z Updating files:  50% (10289/20578)
2026-10-09T15:09:00.5098622Z Updating files:  51% (10495/20578)
2026-10-09T15:09:00.5541383Z Updating files:  52% (10701/20578)
2026-10-09T15:09:00.8049582Z Updating files:  52% (10725/20578)
2026-10-09T15:09:01.0817369Z Updating files:  53% (10907/20578)
2026-10-09T15:09:01.5421534Z Updating files:  54% (11113/20578)
2026-10-09T15:09:01.5519322Z Updating files:  55% (11318/20578)
2026-10-09T15:09:01.6534834Z Updating files:  55% (11325/20578)
2026-10-09T15:09:01.7607012Z Updating files:  56% (11524/20578)
2026-10-09T15:09:01.7975969Z Updating files:  57% (11730/20578)
2026-10-09T15:09:01.8016629Z Updating files:  58% (11936/20578)
2026-10-09T15:09:01.8056934Z Updating files:  59% (12142/20578)
2026-10-09T15:09:01.8095798Z Updating files:  60% (12347/20578)
2026-10-09T15:09:01.8136303Z Updating files:  61% (12553/20578)
2026-10-09T15:09:01.8183363Z Updating files:  62% (12759/20578)
2026-10-09T15:09:01.8235977Z Updating files:  63% (12965/20578)
2026-10-09T15:09:01.8288271Z Updating files:  64% (13170/20578)
2026-10-09T15:09:01.8371396Z Updating files:  65% (13376/20578)
2026-10-09T15:09:01.8433116Z Updating files:  66% (13582/20578)
2026-10-09T15:09:01.8491529Z Updating files:  67% (13788/20578)
2026-10-09T15:09:01.8545569Z Updating files:  68% (13994/20578)
2026-10-09T15:09:01.8600149Z Updating files:  69% (14199/20578)
2026-10-09T15:09:01.8661289Z Updating files:  70% (14405/20578)
2026-10-09T15:09:01.8716791Z Updating files:  71% (14611/20578)
2026-10-09T15:09:01.8772690Z Updating files:  72% (14817/20578)
2026-10-09T15:09:01.8826881Z Updating files:  73% (15022/20578)
2026-10-09T15:09:01.8919418Z Updating files:  74% (15228/20578)
2026-10-09T15:09:01.8973524Z Updating files:  75% (15434/20578)
2026-10-09T15:09:01.9028051Z Updating files:  76% (15640/20578)
2026-10-09T15:09:01.9083861Z Updating files:  77% (15846/20578)
2026-10-09T15:09:01.9145081Z Updating files:  78% (16051/20578)
2026-10-09T15:09:01.9199524Z Updating files:  79% (16257/20578)
2026-10-09T15:09:01.9290083Z Updating files:  80% (16463/20578)
2026-10-09T15:09:01.9328353Z Updating files:  81% (16669/20578)
2026-10-09T15:09:01.9377355Z Updating files:  82% (16874/20578)
2026-10-09T15:09:01.9421937Z Updating files:  83% (17080/20578)
2026-10-09T15:09:01.9470441Z Updating files:  84% (17286/20578)
2026-10-09T15:09:01.9511812Z Updating files:  85% (17492/20578)
2026-10-09T15:09:01.9552635Z Updating files:  86% (17698/20578)
2026-10-09T15:09:01.9580510Z Updating files:  87% (17903/20578)
2026-10-09T15:09:01.9611464Z Updating files:  88% (18109/20578)
2026-10-09T15:09:01.9653003Z Updating files:  89% (18315/20578)
2026-10-09T15:09:02.0034494Z Updating files:  90% (18521/20578)
2026-10-09T15:09:02.0105223Z Updating files:  91% (18726/20578)
2026-10-09T15:09:02.0160640Z Updating files:  92% (18932/20578)
2026-10-09T15:09:02.0210832Z Updating files:  93% (19138/20578)
2026-10-09T15:09:02.1874191Z Updating files:  94% (19344/20578)
2026-10-09T15:09:02.2853242Z Updating files:  95% (19550/20578)
2026-10-09T15:09:02.3512026Z Updating files:  96% (19755/20578)
2026-10-09T15:09:02.3819948Z Updating files:  97% (19961/20578)
2026-10-09T15:09:02.4458174Z Updating files:  98% (20167/20578)
2026-10-09T15:09:02.5374347Z Updating files:  99% (20373/20578)
2026-10-09T15:09:02.5375110Z Updating files: 100% (20578/20578)
2026-10-09T15:09:02.5375466Z Updating files: 100% (20578/20578), done.
2026-10-09T15:09:02.6298488Z Note: switching to 'a02f03b97bb3385b66ad670dabf7f13d334fc79f'.
2026-10-09T15:09:02.6299004Z 
2026-10-09T15:09:02.6299703Z You are in 'detached HEAD' state. You can look around, make experimental
2026-10-09T15:09:02.6300762Z changes and commit them, and you can discard any commits you make in this
2026-10-09T15:09:02.6301504Z state without impacting any branches by switching back to a branch.
2026-10-09T15:09:02.6301937Z 
2026-10-09T15:09:02.6302184Z If you want to create a new branch to retain commits you create, you may
2026-10-09T15:09:02.6302956Z do so (now or later) by using -c with the switch command. Example:
2026-10-09T15:09:02.6303338Z 
2026-10-09T15:09:02.6303542Z   git switch -c <new-branch-name>
2026-10-09T15:09:02.6303779Z 
2026-10-09T15:09:02.6304297Z Or undo this operation with:
2026-10-09T15:09:02.6304526Z 
2026-10-09T15:09:02.6304710Z   git switch -
2026-10-09T15:09:02.6304926Z 
2026-10-09T15:09:02.6305263Z Turn off this advice by setting config variable advice.detachedHead to false
2026-10-09T15:09:02.6305792Z 
2026-10-09T15:09:02.6306180Z HEAD is now at a02f03b9 Retire TypeScript 5 from the root workspace and require the TypeScript 7 CLI [root-ts7-qualify]
2026-10-09T15:09:02.6368058Z ##[endgroup]
2026-10-09T15:09:02.6411541Z [command]/usr/bin/git log -1 --format=%H
2026-10-09T15:09:02.6436708Z a02f03b97bb3385b66ad670dabf7f13d334fc79f
2026-10-09T15:09:02.6895107Z ##[group]Run actions/setup-node@v4
2026-10-09T15:09:02.6895467Z with:
2026-10-09T15:09:02.6895804Z   node-version: 22.23.3
2026-10-09T15:09:02.6896152Z   always-auth: false
2026-10-09T15:09:02.6896465Z   check-latest: false
2026-10-09T15:09:02.6899339Z   token: ***
2026-10-09T15:09:02.6899617Z ##[endgroup]
2026-10-09T15:09:02.8277729Z Found in cache @ /opt/hostedtoolcache/node/22.23.3/x64
2026-10-09T15:09:02.8282553Z (node:2425) [DEP0040] DeprecationWarning: The `punycode` module is deprecated. Please use a userland alternative instead.
2026-10-09T15:09:02.8283332Z (Use `node --trace-deprecation ...` to show where the warning was created)
2026-10-09T15:09:02.8285297Z ##[group]Environment details
2026-10-09T15:09:03.9515589Z node: v22.23.3
2026-10-09T15:09:03.9516138Z npm: 10.9.9
2026-10-09T15:09:03.9516756Z yarn: 1.22.22
2026-10-09T15:09:03.9518461Z ##[endgroup]
2026-10-09T15:09:03.9717490Z ##[group]Run node scripts/root-typescript7-qualify.mjs
2026-10-09T15:09:03.9718108Z [36;1mnode scripts/root-typescript7-qualify.mjs[0m
2026-10-09T15:09:04.0066938Z shell: /usr/bin/bash -e {0}
2026-10-09T15:09:04.0067419Z ##[endgroup]
2026-10-09T15:09:06.5229164Z 
2026-10-09T15:09:06.5235386Z up to date in 2s
2026-10-09T15:09:06.5252371Z PS_ROOT_TS7_EVIDENCE_FILE_MANIFEST {"path":"dist/typescript7-root/package-lock.json","sha256":"69c5e49b040ff3d45909e15cf1e2123af39fa223b00a7241b533c022a49e33e1","bytes":21592,"chunkCount":22}
2026-10-09T15:09:06.5260639Z PS_ROOT_TS7_EVIDENCE_FILE_CHUNK {"path":"dist/typescript7-root/package-lock.json","sha256":"69c5e49b040ff3d45909e15cf1e2123af39fa223b00a7241b533c022a49e33e1","bytes":21592,"chunkIndex":0,"chunkCount":22,"content":"{\n  \"name\": \"lean-ts-kernel\",\n  \"version\": \"0.1.0\",\n  \"lockfileVersion\": 3,\n  \"requires\": true,\n  \"packages\": {\n    \"\": {\n      \"name\": \"lean-ts-kernel\",\n      \"version\": \"0.1.0\",\n      \"workspaces\": [\n        \"packages/*\"\n      ],\n      \"devDependencies\": {\n        \"@types/node\": \"22.15.3\",\n        \"typescript\": \"7.0.2\"\n      }\n    },\n    \"node_modules/@proofscript/backend-ts\": {\n      \"resolved\": \"packages/backend-ts\",\n      \"link\": true\n    },\n    \"node_modules/@proofscript/browser\": {\n      \"resolved\": \"packages/browser\",\n      \"link\": true\n    },\n    \"node_modules/@proofscript/checked-core\": {\n      \"resolved\": \"packages/checked-core\",\n      \"link\": true\n    },\n    \"node_modules/@proofscript/compiler\": {\n      \"resolved\": \"packages/compiler\",\n      \"link\": true\n    },\n    \"node_modules/@proofscript/compiler-ir\": {\n      \"resolved\": \"packages/compiler-ir\",\n      \"link\": true\n    },\n    \"node_modules/@proofscript/conformance\": {\n      \"resolved\": \"packages/conformance\",\n      \"link\": true\n    },\n    \"node_"}
2026-10-09T15:09:06.5270487Z PS_ROOT_TS7_EVIDENCE_FILE_CHUNK {"path":"dist/typescript7-root/package-lock.json","sha256":"69c5e49b040ff3d45909e15cf1e2123af39fa223b00a7241b533c022a49e33e1","bytes":21592,"chunkIndex":1,"chunkCount":22,"content":"modules/@proofscript/elab\": {\n      \"resolved\": \"packages/elab\",\n      \"link\": true\n    },\n    \"node_modules/@proofscript/environment\": {\n      \"resolved\": \"packages/environment\",\n      \"link\": true\n    },\n    \"node_modules/@proofscript/erasure\": {\n      \"resolved\": \"packages/erasure\",\n      \"link\": true\n    },\n    \"node_modules/@proofscript/language-service\": {\n      \"resolved\": \"packages/language-service\",\n      \"link\": true\n    },\n    \"node_modules/@proofscript/lean4export\": {\n      \"resolved\": \"packages/lean4export\",\n      \"link\": true\n    },\n    \"node_modules/@proofscript/lsp\": {\n      \"resolved\": \"packages/lsp\",\n      \"link\": true\n    },\n    \"node_modules/@proofscript/meta\": {\n      \"resolved\": \"packages/meta\",\n      \"link\": true\n    },\n    \"node_modules/@proofscript/module\": {\n      \"resolved\": \"packages/module\",\n      \"link\": true\n    },\n    \"node_modules/@proofscript/pretty\": {\n      \"resolved\": \"packages/pretty\",\n      \"link\": true\n    },\n    \"node_modules/@proofscript/project\": {\n      \"resolved\": "}
2026-10-09T15:09:06.5278869Z PS_ROOT_TS7_EVIDENCE_FILE_CHUNK {"path":"dist/typescript7-root/package-lock.json","sha256":"69c5e49b040ff3d45909e15cf1e2123af39fa223b00a7241b533c022a49e33e1","bytes":21592,"chunkIndex":2,"chunkCount":22,"content":"\"packages/project\",\n      \"link\": true\n    },\n    \"node_modules/@proofscript/runtime\": {\n      \"resolved\": \"packages/runtime\",\n      \"link\": true\n    },\n    \"node_modules/@proofscript/syntax\": {\n      \"resolved\": \"packages/syntax\",\n      \"link\": true\n    },\n    \"node_modules/@proofscript/tactic\": {\n      \"resolved\": \"packages/tactic\",\n      \"link\": true\n    },\n    \"node_modules/@types/node\": {\n      \"version\": \"22.15.3\",\n      \"resolved\": \"https://registry.npmjs.org/@types/node/-/node-22.15.3.tgz\",\n      \"integrity\": \"sha512-lX7HFZeHf4QG/J7tBZqrCAXwz9J5RD56Y6MpP0eJkka8p+K0RY/yBTW7CYFJ4VGCclxqOLKmiGP5juQc6MKgcw==\",\n      \"dev\": true,\n      \"license\": \"MIT\",\n      \"dependencies\": {\n        \"undici-types\": \"~6.21.0\"\n      }\n    },\n    \"node_modules/@typescript/typescript-aix-ppc64\": {\n      \"version\": \"7.0.2\",\n      \"resolved\": \"https://registry.npmjs.org/@typescript/typescript-aix-ppc64/-/typescript-aix-ppc64-7.0.2.tgz\",\n      \"integrity\": \"sha512-MTKKkWB7p/0E9xi1d1tHtZ5PiLkGEMIq88pK2CubZjOsLtYTLqhgIgi6zepFa+9G"}
2026-10-09T15:09:06.5286841Z PS_ROOT_TS7_EVIDENCE_FILE_CHUNK {"path":"dist/typescript7-root/package-lock.json","sha256":"69c5e49b040ff3d45909e15cf1e2123af39fa223b00a7241b533c022a49e33e1","bytes":21592,"chunkIndex":3,"chunkCount":22,"content":"HZ6h05NMCkQxGKiPXMxXtQ==\",\n      \"cpu\": [\n        \"ppc64\"\n      ],\n      \"license\": \"Apache-2.0\",\n      \"optional\": true,\n      \"os\": [\n        \"aix\"\n      ],\n      \"engines\": {\n        \"node\": \">=16.20.0\"\n      }\n    },\n    \"node_modules/@typescript/typescript-darwin-arm64\": {\n      \"version\": \"7.0.2\",\n      \"resolved\": \"https://registry.npmjs.org/@typescript/typescript-darwin-arm64/-/typescript-darwin-arm64-7.0.2.tgz\",\n      \"integrity\": \"sha512-gowzar9MwS/aRWp6f3a4KUqzRjAZjOsmGNCM6LcTgXum+dBfgsBVMN+AgvOCCbguXyick6LJhpBszxMebJ8syA==\",\n      \"cpu\": [\n        \"arm64\"\n      ],\n      \"license\": \"Apache-2.0\",\n      \"optional\": true,\n      \"os\": [\n        \"darwin\"\n      ],\n      \"engines\": {\n        \"node\": \">=16.20.0\"\n      }\n    },\n    \"node_modules/@typescript/typescript-darwin-x64\": {\n      \"version\": \"7.0.2\",\n      \"resolved\": \"https://registry.npmjs.org/@typescript/typescript-darwin-x64/-/typescript-darwin-x64-7.0.2.tgz\",\n      \"integrity\": \"sha512-SZ9xZInqApNlNGc9s0W1VSsktYSOe9cFqNOIqmN1Gs8SmkjKZYFt017G4Vw"}
2026-10-09T15:09:06.5294430Z PS_ROOT_TS7_EVIDENCE_FILE_CHUNK {"path":"dist/typescript7-root/package-lock.json","sha256":"69c5e49b040ff3d45909e15cf1e2123af39fa223b00a7241b533c022a49e33e1","bytes":21592,"chunkIndex":4,"chunkCount":22,"content":"PxASInODuAdbTW7sXiFUf893RgA==\",\n      \"cpu\": [\n        \"x64\"\n      ],\n      \"license\": \"Apache-2.0\",\n      \"optional\": true,\n      \"os\": [\n        \"darwin\"\n      ],\n      \"engines\": {\n        \"node\": \">=16.20.0\"\n      }\n    },\n    \"node_modules/@typescript/typescript-freebsd-arm64\": {\n      \"version\": \"7.0.2\",\n      \"resolved\": \"https://registry.npmjs.org/@typescript/typescript-freebsd-arm64/-/typescript-freebsd-arm64-7.0.2.tgz\",\n      \"integrity\": \"sha512-W5NH4y/J0plIIS5b2xvTEkU7JFxyqdMAOgf+Ilhl0vHQXKO5dZoxd+C/jEtq56c4F3wk71RB4BMRQ2XdI+bwYQ==\",\n      \"cpu\": [\n        \"arm64\"\n      ],\n      \"license\": \"Apache-2.0\",\n      \"optional\": true,\n      \"os\": [\n        \"freebsd\"\n      ],\n      \"engines\": {\n        \"node\": \">=16.20.0\"\n      }\n    },\n    \"node_modules/@typescript/typescript-freebsd-x64\": {\n      \"version\": \"7.0.2\",\n      \"resolved\": \"https://registry.npmjs.org/@typescript/typescript-freebsd-x64/-/typescript-freebsd-x64-7.0.2.tgz\",\n      \"integrity\": \"sha512-UMGDx5sTpzNw3WiPebH7l90IWfJggEd+egHt/q6p7/Cm3z"}
2026-10-09T15:09:06.5302105Z PS_ROOT_TS7_EVIDENCE_FILE_CHUNK {"path":"dist/typescript7-root/package-lock.json","sha256":"69c5e49b040ff3d45909e15cf1e2123af39fa223b00a7241b533c022a49e33e1","bytes":21592,"chunkIndex":5,"chunkCount":22,"content":"qoV7VxkGXt+3DxPIw8CcmvAB0j3sVVfbhX+M4Tpw==\",\n      \"cpu\": [\n        \"x64\"\n      ],\n      \"license\": \"Apache-2.0\",\n      \"optional\": true,\n      \"os\": [\n        \"freebsd\"\n      ],\n      \"engines\": {\n        \"node\": \">=16.20.0\"\n      }\n    },\n    \"node_modules/@typescript/typescript-linux-arm\": {\n      \"version\": \"7.0.2\",\n      \"resolved\": \"https://registry.npmjs.org/@typescript/typescript-linux-arm/-/typescript-linux-arm-7.0.2.tgz\",\n      \"integrity\": \"sha512-gffT3xPz9sR7j/YJExkyPntrI0P2EP9XbOyWzth2/Gs0RstK+90RBcO0ncXoXy/beYll1SXw846Nf2zdnEz0QQ==\",\n      \"cpu\": [\n        \"arm\"\n      ],\n      \"license\": \"Apache-2.0\",\n      \"optional\": true,\n      \"os\": [\n        \"linux\"\n      ],\n      \"engines\": {\n        \"node\": \">=16.20.0\"\n      }\n    },\n    \"node_modules/@typescript/typescript-linux-arm64\": {\n      \"version\": \"7.0.2\",\n      \"resolved\": \"https://registry.npmjs.org/@typescript/typescript-linux-arm64/-/typescript-linux-arm64-7.0.2.tgz\",\n      \"integrity\": \"sha512-Qh4eU4/y3yDjnfjjyPYihMj5/ODIlmt+Bzu17OI+fiSRDW57"}
2026-10-09T15:09:06.5309606Z PS_ROOT_TS7_EVIDENCE_FILE_CHUNK {"path":"dist/typescript7-root/package-lock.json","sha256":"69c5e49b040ff3d45909e15cf1e2123af39fa223b00a7241b533c022a49e33e1","bytes":21592,"chunkIndex":6,"chunkCount":22,"content":"QmU5SiN63exPRNJPKUzcc1INa1NXdrJ+MqHjUQ==\",\n      \"cpu\": [\n        \"arm64\"\n      ],\n      \"license\": \"Apache-2.0\",\n      \"optional\": true,\n      \"os\": [\n        \"linux\"\n      ],\n      \"engines\": {\n        \"node\": \">=16.20.0\"\n      }\n    },\n    \"node_modules/@typescript/typescript-linux-loong64\": {\n      \"version\": \"7.0.2\",\n      \"resolved\": \"https://registry.npmjs.org/@typescript/typescript-linux-loong64/-/typescript-linux-loong64-7.0.2.tgz\",\n      \"integrity\": \"sha512-uEHck9i8hoAzXPiYRib1O7miOnz23SxIeVl6F4LXox+qov1K35jHcEW6VHKvZI+pyvl7fZEP4MCU5LYvIq1GuQ==\",\n      \"cpu\": [\n        \"loong64\"\n      ],\n      \"license\": \"Apache-2.0\",\n      \"optional\": true,\n      \"os\": [\n        \"linux\"\n      ],\n      \"engines\": {\n        \"node\": \">=16.20.0\"\n      }\n    },\n    \"node_modules/@typescript/typescript-linux-mips64el\": {\n      \"version\": \"7.0.2\",\n      \"resolved\": \"https://registry.npmjs.org/@typescript/typescript-linux-mips64el/-/typescript-linux-mips64el-7.0.2.tgz\",\n      \"integrity\": \"sha512-R4KvAMnE43W5Qeqb0Ly56O3mW"}
2026-10-09T15:09:06.5317305Z PS_ROOT_TS7_EVIDENCE_FILE_CHUNK {"path":"dist/typescript7-root/package-lock.json","sha256":"69c5e49b040ff3d45909e15cf1e2123af39fa223b00a7241b533c022a49e33e1","bytes":21592,"chunkIndex":7,"chunkCount":22,"content":"MWIAgsMyz36DCaycd5nbg/9kzm0liw3JocfRqyJY0KPmzFjbswozXyW0DnIYA==\",\n      \"cpu\": [\n        \"mips64el\"\n      ],\n      \"license\": \"Apache-2.0\",\n      \"optional\": true,\n      \"os\": [\n        \"linux\"\n      ],\n      \"engines\": {\n        \"node\": \">=16.20.0\"\n      }\n    },\n    \"node_modules/@typescript/typescript-linux-ppc64\": {\n      \"version\": \"7.0.2\",\n      \"resolved\": \"https://registry.npmjs.org/@typescript/typescript-linux-ppc64/-/typescript-linux-ppc64-7.0.2.tgz\",\n      \"integrity\": \"sha512-DORx5b3sd/4S7eayxm4FQv+A7CrkUIGRaHiwI8oiHTAI1fAPWhF4J0vAlkC8biAlHSVVwxMQ3tjZ2/DVbnQiiA==\",\n      \"cpu\": [\n        \"ppc64\"\n      ],\n      \"license\": \"Apache-2.0\",\n      \"optional\": true,\n      \"os\": [\n        \"linux\"\n      ],\n      \"engines\": {\n        \"node\": \">=16.20.0\"\n      }\n    },\n    \"node_modules/@typescript/typescript-linux-riscv64\": {\n      \"version\": \"7.0.2\",\n      \"resolved\": \"https://registry.npmjs.org/@typescript/typescript-linux-riscv64/-/typescript-linux-riscv64-7.0.2.tgz\",\n      \"integrity\": \"sha512-wf0jqEDOjr"}
2026-10-09T15:09:06.5325093Z PS_ROOT_TS7_EVIDENCE_FILE_CHUNK {"path":"dist/typescript7-root/package-lock.json","sha256":"69c5e49b040ff3d45909e15cf1e2123af39fa223b00a7241b533c022a49e33e1","bytes":21592,"chunkIndex":8,"chunkCount":22,"content":"PRnKwYRyyJDRo11KMbvMFrU+q4zqKyChODBzvlkbhNQfKvLxQCcwTpdDaXSHZTVuh0JoCrKCUMHQ==\",\n      \"cpu\": [\n        \"riscv64\"\n      ],\n      \"license\": \"Apache-2.0\",\n      \"optional\": true,\n      \"os\": [\n        \"linux\"\n      ],\n      \"engines\": {\n        \"node\": \">=16.20.0\"\n      }\n    },\n    \"node_modules/@typescript/typescript-linux-s390x\": {\n      \"version\": \"7.0.2\",\n      \"resolved\": \"https://registry.npmjs.org/@typescript/typescript-linux-s390x/-/typescript-linux-s390x-7.0.2.tgz\",\n      \"integrity\": \"sha512-IkwJc3L7yhytWd/ewjyxNDfOmswCm9GWMJT/ue/dU4aZNbwZeYAetq42VyLmsmSjvoX7z74X6ZaYCtzAr0EuGw==\",\n      \"cpu\": [\n        \"s390x\"\n      ],\n      \"license\": \"Apache-2.0\",\n      \"optional\": true,\n      \"os\": [\n        \"linux\"\n      ],\n      \"engines\": {\n        \"node\": \">=16.20.0\"\n      }\n    },\n    \"node_modules/@typescript/typescript-linux-x64\": {\n      \"version\": \"7.0.2\",\n      \"resolved\": \"https://registry.npmjs.org/@typescript/typescript-linux-x64/-/typescript-linux-x64-7.0.2.tgz\",\n      \"integrity\": \"sha512-EYdf2cNg"}
2026-10-09T15:09:06.5332770Z PS_ROOT_TS7_EVIDENCE_FILE_CHUNK {"path":"dist/typescript7-root/package-lock.json","sha256":"69c5e49b040ff3d45909e15cf1e2123af39fa223b00a7241b533c022a49e33e1","bytes":21592,"chunkIndex":9,"chunkCount":22,"content":"7rgCWJnxCdJ+F3V39O8ihb37eHAu1LK8oAFizgTQbPOK7zHHXbPt8rX24COqODXeI3sIf0fCXG7H/A==\",\n      \"cpu\": [\n        \"x64\"\n      ],\n      \"license\": \"Apache-2.0\",\n      \"optional\": true,\n      \"os\": [\n        \"linux\"\n      ],\n      \"engines\": {\n        \"node\": \">=16.20.0\"\n      }\n    },\n    \"node_modules/@typescript/typescript-netbsd-arm64\": {\n      \"version\": \"7.0.2\",\n      \"resolved\": \"https://registry.npmjs.org/@typescript/typescript-netbsd-arm64/-/typescript-netbsd-arm64-7.0.2.tgz\",\n      \"integrity\": \"sha512-+polYF4MF04aPpO5FTkHran9yUQDSXqy5GiSDKpsll5jy3l3+g9QLhpf39T+ePtefhXLOGrLl0QIjkQP6VnelA==\",\n      \"cpu\": [\n        \"arm64\"\n      ],\n      \"license\": \"Apache-2.0\",\n      \"optional\": true,\n      \"os\": [\n        \"netbsd\"\n      ],\n      \"engines\": {\n        \"node\": \">=16.20.0\"\n      }\n    },\n    \"node_modules/@typescript/typescript-netbsd-x64\": {\n      \"version\": \"7.0.2\",\n      \"resolved\": \"https://registry.npmjs.org/@typescript/typescript-netbsd-x64/-/typescript-netbsd-x64-7.0.2.tgz\",\n      \"integrity\": \"sha512-8YI"}
2026-10-09T15:09:06.5341253Z PS_ROOT_TS7_EVIDENCE_FILE_CHUNK {"path":"dist/typescript7-root/package-lock.json","sha256":"69c5e49b040ff3d45909e15cf1e2123af39fa223b00a7241b533c022a49e33e1","bytes":21592,"chunkIndex":10,"chunkCount":22,"content":"T0EHM/3dq10ZOVF/A7pc/YSMtbcecct4rWtexrnSCHOPcpC2KTLXfTCR6vDpnSiY12heNb1GiN/wu+T/FyA==\",\n      \"cpu\": [\n        \"x64\"\n      ],\n      \"license\": \"Apache-2.0\",\n      \"optional\": true,\n      \"os\": [\n        \"netbsd\"\n      ],\n      \"engines\": {\n        \"node\": \">=16.20.0\"\n      }\n    },\n    \"node_modules/@typescript/typescript-openbsd-arm64\": {\n      \"version\": \"7.0.2\",\n      \"resolved\": \"https://registry.npmjs.org/@typescript/typescript-openbsd-arm64/-/typescript-openbsd-arm64-7.0.2.tgz\",\n      \"integrity\": \"sha512-APT8+ClYnuYm1u9+kgGXoMj2VzWzcymwh2gNSQVySHfkRDGOTVkoWLjCmOQSaO+PoqQ57B0flRp9SA+7GnnkzQ==\",\n      \"cpu\": [\n        \"arm64\"\n      ],\n      \"license\": \"Apache-2.0\",\n      \"optional\": true,\n      \"os\": [\n        \"openbsd\"\n      ],\n      \"engines\": {\n        \"node\": \">=16.20.0\"\n      }\n    },\n    \"node_modules/@typescript/typescript-openbsd-x64\": {\n      \"version\": \"7.0.2\",\n      \"resolved\": \"https://registry.npmjs.org/@typescript/typescript-openbsd-x64/-/typescript-openbsd-x64-7.0.2.tgz\",\n      \"integrity\""}
2026-10-09T15:09:06.5349068Z PS_ROOT_TS7_EVIDENCE_FILE_CHUNK {"path":"dist/typescript7-root/package-lock.json","sha256":"69c5e49b040ff3d45909e15cf1e2123af39fa223b00a7241b533c022a49e33e1","bytes":21592,"chunkIndex":11,"chunkCount":22,"content":": \"sha512-yX7s+Q0Dln0Dt9tEzZsAjXXR/+ytBM7AlglaqyeMPxQszJ1JhlJdZ6jLA+IzldHtflX81em7lDao1xXu+aRRkg==\",\n      \"cpu\": [\n        \"x64\"\n      ],\n      \"license\": \"Apache-2.0\",\n      \"optional\": true,\n      \"os\": [\n        \"openbsd\"\n      ],\n      \"engines\": {\n        \"node\": \">=16.20.0\"\n      }\n    },\n    \"node_modules/@typescript/typescript-sunos-x64\": {\n      \"version\": \"7.0.2\",\n      \"resolved\": \"https://registry.npmjs.org/@typescript/typescript-sunos-x64/-/typescript-sunos-x64-7.0.2.tgz\",\n      \"integrity\": \"sha512-dLJDGaLZ1D4HPQn62u1n8mBDkJREwMsAkCdkwd4Ieqw+x3TUyTsqY0YiBCtE6H6OzzgGk3iuZ3vFWRS+E8/d1g==\",\n      \"cpu\": [\n        \"x64\"\n      ],\n      \"license\": \"Apache-2.0\",\n      \"optional\": true,\n      \"os\": [\n        \"sunos\"\n      ],\n      \"engines\": {\n        \"node\": \">=16.20.0\"\n      }\n    },\n    \"node_modules/@typescript/typescript-win32-arm64\": {\n      \"version\": \"7.0.2\",\n      \"resolved\": \"https://registry.npmjs.org/@typescript/typescript-win32-arm64/-/typescript-win32-arm64-7.0.2.tgz\",\n      \"integrity\": "}
2026-10-09T15:09:06.5356752Z PS_ROOT_TS7_EVIDENCE_FILE_CHUNK {"path":"dist/typescript7-root/package-lock.json","sha256":"69c5e49b040ff3d45909e15cf1e2123af39fa223b00a7241b533c022a49e33e1","bytes":21592,"chunkIndex":12,"chunkCount":22,"content":"\"sha512-Gyl1Vy6OsWesLzmq+EP0Fb7b4Nid5232AvcA2SFcdYreldpNtYFFofPjnt62y9hQy7VTaZp65ICJjuAQRaVcIQ==\",\n      \"cpu\": [\n        \"arm64\"\n      ],\n      \"license\": \"Apache-2.0\",\n      \"optional\": true,\n      \"os\": [\n        \"win32\"\n      ],\n      \"engines\": {\n        \"node\": \">=16.20.0\"\n      }\n    },\n    \"node_modules/@typescript/typescript-win32-x64\": {\n      \"version\": \"7.0.2\",\n      \"resolved\": \"https://registry.npmjs.org/@typescript/typescript-win32-x64/-/typescript-win32-x64-7.0.2.tgz\",\n      \"integrity\": \"sha512-0BQ3HkAHHlKLSp1qRvf3SUhGpGsDuhB/jgFw75guyqbxJqEaS0Cw/VFO8i2nHglJUzQCRtMMR/IBAKE3ETMC4g==\",\n      \"cpu\": [\n        \"x64\"\n      ],\n      \"license\": \"Apache-2.0\",\n      \"optional\": true,\n      \"os\": [\n        \"win32\"\n      ],\n      \"engines\": {\n        \"node\": \">=16.20.0\"\n      }\n    },\n    \"node_modules/lean-ts-kernel\": {\n      \"resolved\": \"\",\n      \"link\": true\n    },\n    \"node_modules/pskernel-cli\": {\n      \"resolved\": \"packages/cli\",\n      \"link\": true\n    },\n    \"node_modules/typescript\": {\n      \"ve"}
2026-10-09T15:09:06.5364167Z PS_ROOT_TS7_EVIDENCE_FILE_CHUNK {"path":"dist/typescript7-root/package-lock.json","sha256":"69c5e49b040ff3d45909e15cf1e2123af39fa223b00a7241b533c022a49e33e1","bytes":21592,"chunkIndex":13,"chunkCount":22,"content":"rsion\": \"7.0.2\",\n      \"resolved\": \"https://registry.npmjs.org/typescript/-/typescript-7.0.2.tgz\",\n      \"integrity\": \"sha512-8FYau96o3NKOhbjKi/qNvG/W5jhzxkbdm5sj9AbZ/5T5sWqn3hJgLfGx27sRKZWTvyzCP8dLRBTf5tBTSRVUNA==\",\n      \"license\": \"Apache-2.0\",\n      \"bin\": {\n        \"tsc\": \"bin/tsc\"\n      },\n      \"engines\": {\n        \"node\": \">=16.20.0\"\n      },\n      \"optionalDependencies\": {\n        \"@typescript/typescript-aix-ppc64\": \"7.0.2\",\n        \"@typescript/typescript-darwin-arm64\": \"7.0.2\",\n        \"@typescript/typescript-darwin-x64\": \"7.0.2\",\n        \"@typescript/typescript-freebsd-arm64\": \"7.0.2\",\n        \"@typescript/typescript-freebsd-x64\": \"7.0.2\",\n        \"@typescript/typescript-linux-arm\": \"7.0.2\",\n        \"@typescript/typescript-linux-arm64\": \"7.0.2\",\n        \"@typescript/typescript-linux-loong64\": \"7.0.2\",\n        \"@typescript/typescript-linux-mips64el\": \"7.0.2\",\n        \"@typescript/typescript-linux-ppc64\": \"7.0.2\",\n        \"@typescript/typescript-linux-riscv64\": \"7.0.2\",\n        \"@typescript/typescri"}
2026-10-09T15:09:06.5371934Z PS_ROOT_TS7_EVIDENCE_FILE_CHUNK {"path":"dist/typescript7-root/package-lock.json","sha256":"69c5e49b040ff3d45909e15cf1e2123af39fa223b00a7241b533c022a49e33e1","bytes":21592,"chunkIndex":14,"chunkCount":22,"content":"pt-linux-s390x\": \"7.0.2\",\n        \"@typescript/typescript-linux-x64\": \"7.0.2\",\n        \"@typescript/typescript-netbsd-arm64\": \"7.0.2\",\n        \"@typescript/typescript-netbsd-x64\": \"7.0.2\",\n        \"@typescript/typescript-openbsd-arm64\": \"7.0.2\",\n        \"@typescript/typescript-openbsd-x64\": \"7.0.2\",\n        \"@typescript/typescript-sunos-x64\": \"7.0.2\",\n        \"@typescript/typescript-win32-arm64\": \"7.0.2\",\n        \"@typescript/typescript-win32-x64\": \"7.0.2\"\n      }\n    },\n    \"node_modules/undici-types\": {\n      \"version\": \"6.21.0\",\n      \"resolved\": \"https://registry.npmjs.org/undici-types/-/undici-types-6.21.0.tgz\",\n      \"integrity\": \"sha512-iwDZqg0QAGrg9Rav5H4n0M64c3mkR59cJ6wQp+7C4nI0gsmExaedaYLNO44eT4AtBBwjbTiGPMlt2Md0T9H9JQ==\",\n      \"dev\": true,\n      \"license\": \"MIT\"\n    },\n    \"packages/backend-ts\": {\n      \"name\": \"@proofscript/backend-ts\",\n      \"version\": \"0.0.0-dev\",\n      \"dependencies\": {\n        \"@proofscript/compiler-ir\": \"file:../compiler-ir\",\n        \"typescript\": \"7.0.2\"\n      },\n      \"dev"}
2026-10-09T15:09:06.5379399Z PS_ROOT_TS7_EVIDENCE_FILE_CHUNK {"path":"dist/typescript7-root/package-lock.json","sha256":"69c5e49b040ff3d45909e15cf1e2123af39fa223b00a7241b533c022a49e33e1","bytes":21592,"chunkIndex":15,"chunkCount":22,"content":"Dependencies\": {\n        \"@types/node\": \"22.15.3\"\n      }\n    },\n    \"packages/browser\": {\n      \"name\": \"@proofscript/browser\",\n      \"version\": \"0.0.0-dev\",\n      \"devDependencies\": {\n        \"typescript\": \"7.0.2\"\n      }\n    },\n    \"packages/checked-core\": {\n      \"name\": \"@proofscript/checked-core\",\n      \"version\": \"0.0.0-dev\",\n      \"dependencies\": {\n        \"lean-ts-kernel\": \"file:../..\"\n      },\n      \"devDependencies\": {\n        \"typescript\": \"7.0.2\"\n      }\n    },\n    \"packages/cli\": {\n      \"name\": \"pskernel-cli\",\n      \"version\": \"0.1.0\",\n      \"dependencies\": {\n        \"@proofscript/backend-ts\": \"file:../backend-ts\",\n        \"@proofscript/checked-core\": \"file:../checked-core\",\n        \"@proofscript/compiler\": \"file:../compiler\",\n        \"@proofscript/compiler-ir\": \"file:../compiler-ir\",\n        \"@proofscript/elab\": \"file:../elab\",\n        \"@proofscript/environment\": \"file:../environment\",\n        \"@proofscript/module\": \"file:../module\",\n        \"@proofscript/project\": \"file:../project\",\n        \""}
2026-10-09T15:09:06.5386537Z PS_ROOT_TS7_EVIDENCE_FILE_CHUNK {"path":"dist/typescript7-root/package-lock.json","sha256":"69c5e49b040ff3d45909e15cf1e2123af39fa223b00a7241b533c022a49e33e1","bytes":21592,"chunkIndex":16,"chunkCount":22,"content":"@proofscript/syntax\": \"file:../syntax\",\n        \"lean-ts-kernel\": \"file:../..\"\n      },\n      \"bin\": {\n        \"psc\": \"dist/bin/psc.js\",\n        \"pskernel\": \"dist/bin/pskernel.js\"\n      },\n      \"devDependencies\": {\n        \"@types/node\": \"22.15.3\",\n        \"typescript\": \"7.0.2\"\n      }\n    },\n    \"packages/compiler\": {\n      \"name\": \"@proofscript/compiler\",\n      \"version\": \"0.0.0-dev\",\n      \"dependencies\": {\n        \"@proofscript/backend-ts\": \"file:../backend-ts\",\n        \"@proofscript/checked-core\": \"file:../checked-core\",\n        \"@proofscript/compiler-ir\": \"file:../compiler-ir\",\n        \"@proofscript/erasure\": \"file:../erasure\",\n        \"lean-ts-kernel\": \"file:../..\"\n      },\n      \"devDependencies\": {\n        \"typescript\": \"7.0.2\"\n      }\n    },\n    \"packages/compiler-ir\": {\n      \"name\": \"@proofscript/compiler-ir\",\n      \"version\": \"0.0.0-dev\",\n      \"devDependencies\": {\n        \"typescript\": \"7.0.2\"\n      }\n    },\n    \"packages/conformance\": {\n      \"name\": \"@proofscript/conformance\",\n      \"version\""}
2026-10-09T15:09:06.5393853Z PS_ROOT_TS7_EVIDENCE_FILE_CHUNK {"path":"dist/typescript7-root/package-lock.json","sha256":"69c5e49b040ff3d45909e15cf1e2123af39fa223b00a7241b533c022a49e33e1","bytes":21592,"chunkIndex":17,"chunkCount":22,"content":": \"0.0.0-dev\",\n      \"dependencies\": {\n        \"lean-ts-kernel\": \"file:../..\"\n      },\n      \"bin\": {\n        \"pskernel-conformance\": \"dist/bin/pskernel-conformance.js\"\n      },\n      \"devDependencies\": {\n        \"@types/node\": \"22.15.3\",\n        \"typescript\": \"7.0.2\"\n      }\n    },\n    \"packages/elab\": {\n      \"name\": \"@proofscript/elab\",\n      \"version\": \"0.0.0-dev\",\n      \"dependencies\": {\n        \"@proofscript/checked-core\": \"file:../checked-core\",\n        \"@proofscript/meta\": \"file:../meta\",\n        \"@proofscript/syntax\": \"file:../syntax\",\n        \"@proofscript/tactic\": \"file:../tactic\",\n        \"lean-ts-kernel\": \"file:../..\"\n      },\n      \"devDependencies\": {\n        \"typescript\": \"7.0.2\"\n      }\n    },\n    \"packages/environment\": {\n      \"name\": \"@proofscript/environment\",\n      \"version\": \"0.0.0-dev\",\n      \"dependencies\": {\n        \"lean-ts-kernel\": \"file:../..\"\n      },\n      \"devDependencies\": {\n        \"@types/node\": \"22.15.3\",\n        \"typescript\": \"7.0.2\"\n      }\n    },\n    \"packages/erasure\": "}
2026-10-09T15:09:06.5401063Z PS_ROOT_TS7_EVIDENCE_FILE_CHUNK {"path":"dist/typescript7-root/package-lock.json","sha256":"69c5e49b040ff3d45909e15cf1e2123af39fa223b00a7241b533c022a49e33e1","bytes":21592,"chunkIndex":18,"chunkCount":22,"content":"{\n      \"name\": \"@proofscript/erasure\",\n      \"version\": \"0.0.0-dev\",\n      \"dependencies\": {\n        \"@proofscript/checked-core\": \"file:../checked-core\",\n        \"@proofscript/compiler-ir\": \"file:../compiler-ir\",\n        \"lean-ts-kernel\": \"file:../..\"\n      },\n      \"devDependencies\": {\n        \"typescript\": \"7.0.2\"\n      }\n    },\n    \"packages/language-service\": {\n      \"name\": \"@proofscript/language-service\",\n      \"version\": \"0.0.0-dev\",\n      \"dependencies\": {\n        \"@proofscript/checked-core\": \"file:../checked-core\",\n        \"@proofscript/elab\": \"file:../elab\",\n        \"@proofscript/project\": \"file:../project\",\n        \"@proofscript/syntax\": \"file:../syntax\",\n        \"lean-ts-kernel\": \"file:../..\"\n      },\n      \"devDependencies\": {\n        \"typescript\": \"7.0.2\"\n      }\n    },\n    \"packages/lean4export\": {\n      \"name\": \"@proofscript/lean4export\",\n      \"version\": \"0.0.0-dev\",\n      \"dependencies\": {\n        \"@proofscript/module\": \"file:../module\",\n        \"lean-ts-kernel\": \"file:../..\"\n      },\n     "}
2026-10-09T15:09:06.5408677Z PS_ROOT_TS7_EVIDENCE_FILE_CHUNK {"path":"dist/typescript7-root/package-lock.json","sha256":"69c5e49b040ff3d45909e15cf1e2123af39fa223b00a7241b533c022a49e33e1","bytes":21592,"chunkIndex":19,"chunkCount":22,"content":" \"bin\": {\n        \"proofscript-lean4export\": \"dist/bin/proofscript-lean4export.js\"\n      },\n      \"devDependencies\": {\n        \"@types/node\": \"22.15.3\",\n        \"typescript\": \"7.0.2\"\n      }\n    },\n    \"packages/lsp\": {\n      \"name\": \"@proofscript/lsp\",\n      \"version\": \"0.0.0-dev\",\n      \"dependencies\": {\n        \"@proofscript/environment\": \"file:../environment\",\n        \"@proofscript/language-service\": \"file:../language-service\",\n        \"@proofscript/project\": \"file:../project\",\n        \"lean-ts-kernel\": \"file:../..\"\n      },\n      \"bin\": {\n        \"proofscript-lsp\": \"dist/src/bin.js\"\n      },\n      \"devDependencies\": {\n        \"@types/node\": \"22.15.3\",\n        \"typescript\": \"7.0.2\"\n      }\n    },\n    \"packages/meta\": {\n      \"name\": \"@proofscript/meta\",\n      \"version\": \"0.0.0-dev\",\n      \"dependencies\": {\n        \"lean-ts-kernel\": \"file:../..\"\n      },\n      \"devDependencies\": {\n        \"typescript\": \"7.0.2\"\n      }\n    },\n    \"packages/module\": {\n      \"name\": \"@proofscript/module\",\n      \"version\": \"0."}
2026-10-09T15:09:06.5416308Z PS_ROOT_TS7_EVIDENCE_FILE_CHUNK {"path":"dist/typescript7-root/package-lock.json","sha256":"69c5e49b040ff3d45909e15cf1e2123af39fa223b00a7241b533c022a49e33e1","bytes":21592,"chunkIndex":20,"chunkCount":22,"content":"0.0-dev\",\n      \"dependencies\": {\n        \"@proofscript/checked-core\": \"file:../checked-core\",\n        \"lean-ts-kernel\": \"file:../..\"\n      },\n      \"devDependencies\": {\n        \"@types/node\": \"22.15.3\",\n        \"typescript\": \"7.0.2\"\n      }\n    },\n    \"packages/pretty\": {\n      \"name\": \"@proofscript/pretty\",\n      \"version\": \"0.0.0-dev\",\n      \"devDependencies\": {\n        \"typescript\": \"7.0.2\"\n      }\n    },\n    \"packages/project\": {\n      \"name\": \"@proofscript/project\",\n      \"version\": \"0.0.0-dev\",\n      \"devDependencies\": {\n        \"@types/node\": \"22.15.3\",\n        \"typescript\": \"7.0.2\"\n      }\n    },\n    \"packages/runtime\": {\n      \"name\": \"@proofscript/runtime\",\n      \"version\": \"0.0.0-dev\",\n      \"devDependencies\": {\n        \"typescript\": \"7.0.2\"\n      }\n    },\n    \"packages/syntax\": {\n      \"name\": \"@proofscript/syntax\",\n      \"version\": \"0.0.0-dev\",\n      \"devDependencies\": {\n        \"typescript\": \"7.0.2\"\n      }\n    },\n    \"packages/tactic\": {\n      \"name\": \"@proofscript/tactic\",\n      \"version\": \"0"}
2026-10-09T15:09:06.5420767Z PS_ROOT_TS7_EVIDENCE_FILE_CHUNK {"path":"dist/typescript7-root/package-lock.json","sha256":"69c5e49b040ff3d45909e15cf1e2123af39fa223b00a7241b533c022a49e33e1","bytes":21592,"chunkIndex":21,"chunkCount":22,"content":".0.0-dev\",\n      \"devDependencies\": {\n        \"typescript\": \"7.0.2\"\n      }\n    }\n  }\n}\n"}
2026-10-09T15:09:07.3898855Z 
2026-10-09T15:09:07.3899846Z added 25 packages in 805ms
2026-10-09T15:09:07.4321330Z PS_ROOT_TS7_EVIDENCE_FILE {"path":"dist/typescript7-root/installed-typescript-package.json","sha256":"3722b30210616a13a3213ded11575ba6b2dbab10c32a5ef67afca8513e27017e","bytes":3087,"content":"{\n    \"name\": \"typescript\",\n    \"version\": \"7.0.2\",\n    \"license\": \"Apache-2.0\",\n    \"author\": \"Microsoft Corp.\",\n    \"homepage\": \"https://www.typescriptlang.org/\",\n    \"description\": \"TypeScript is a language for application scale JavaScript development\",\n    \"keywords\": [\n        \"TypeScript\",\n        \"Microsoft\",\n        \"compiler\",\n        \"language\",\n        \"javascript\"\n    ],\n    \"bugs\": {\n        \"url\": \"https://github.com/microsoft/TypeScript/issues\"\n    },\n    \"repository\": {\n        \"type\": \"git\",\n        \"url\": \"https://github.com/microsoft/TypeScript.git\"\n    },\n    \"type\": \"module\",\n    \"preferUnplugged\": true,\n    \"engines\": {\n        \"node\": \">=16.20.0\"\n    },\n    \"files\": [\n        \"bin\",\n        \"lib\",\n        \"dist\",\n        \"vendor\",\n        \"NOTICE.txt\"\n    ],\n    \"bin\": {\n        \"tsc\": \"./bin/tsc\"\n    },\n    \"exports\": {\n        \"./package.json\": \"./package.json\",\n        \".\": \"./lib/version.cjs\",\n        \"./unstable/sync\": \"./dist/api/sync/api.js\",\n        \"./unstable/async\": \"./dist/api/async/api.js\",\n        \"./unstable/fs\": \"./dist/api/fs.js\",\n        \"./unstable/proto\": \"./dist/api/proto.js\",\n        \"./unstable/ast\": \"./dist/ast/index.js\",\n        \"./unstable/ast/is\": \"./dist/ast/is.js\",\n        \"./unstable/ast/factory\": \"./dist/ast/factory.generated.js\",\n        \"./unstable/ast/utils\": \"./dist/ast/utils.js\",\n        \"./unstable/ast/scanner\": \"./dist/ast/scanner.js\",\n        \"./unstable/ast/visitor\": \"./dist/ast/visitor.js\",\n        \"./unstable/ast/clone\": \"./dist/ast/clone.js\"\n    },\n    \"imports\": {\n        \"#getExePath\": \"./lib/getExePath.js\",\n        \"#enums/*\": {\n            \"types\": \"./dist/enums/*.enum.d.ts\",\n            \"default\": \"./dist/enums/*.js\"\n        },\n        \"#vscode-jsonrpc/node\": \"./vendor/vscode-jsonrpc/lib/node/main.js\"\n    },\n    \"gitHead\": \"2bd066d87f5bafd315be9f40889d0a60b9e58e0b\",\n    \"publishConfig\": {\n        \"access\": \"public\",\n        \"tag\": \"latest\"\n    },\n    \"optionalDependencies\": {\n        \"@typescript/typescript-win32-x64\": \"7.0.2\",\n        \"@typescript/typescript-win32-arm64\": \"7.0.2\",\n        \"@typescript/typescript-linux-x64\": \"7.0.2\",\n        \"@typescript/typescript-linux-arm\": \"7.0.2\",\n        \"@typescript/typescript-linux-arm64\": \"7.0.2\",\n        \"@typescript/typescript-darwin-x64\": \"7.0.2\",\n        \"@typescript/typescript-darwin-arm64\": \"7.0.2\",\n        \"@typescript/typescript-aix-ppc64\": \"7.0.2\",\n        \"@typescript/typescript-freebsd-arm64\": \"7.0.2\",\n        \"@typescript/typescript-freebsd-x64\": \"7.0.2\",\n        \"@typescript/typescript-linux-loong64\": \"7.0.2\",\n        \"@typescript/typescript-linux-mips64el\": \"7.0.2\",\n        \"@typescript/typescript-linux-ppc64\": \"7.0.2\",\n        \"@typescript/typescript-linux-riscv64\": \"7.0.2\",\n        \"@typescript/typescript-linux-s390x\": \"7.0.2\",\n        \"@typescript/typescript-netbsd-arm64\": \"7.0.2\",\n        \"@typescript/typescript-netbsd-x64\": \"7.0.2\",\n        \"@typescript/typescript-openbsd-arm64\": \"7.0.2\",\n        \"@typescript/typescript-openbsd-x64\": \"7.0.2\",\n        \"@typescript/typescript-sunos-x64\": \"7.0.2\"\n    }\n}"}
2026-10-09T15:09:07.4355658Z PS_ROOT_TS7_EVIDENCE_FILE {"path":"dist/typescript7-root/installed-profile.json","sha256":"78b015ca6df3fcd12d16023269c253f82632a2ffea3bd609693d5a54e5fdbdc7","bytes":4643,"content":"{\n  \"schemaVersion\": 1,\n  \"kind\": \"root-typescript7-installed-profile\",\n  \"sourceRef\": \"a02f03b97bb3385b66ad670dabf7f13d334fc79f\",\n  \"workflowRunId\": 37949490366,\n  \"workflowRunAttempt\": 1,\n  \"node\": \"v22.23.3\",\n  \"platform\": \"linux\",\n  \"architecture\": \"x64\",\n  \"typescript\": \"7.0.2\",\n  \"reportedVersion\": \"Version 7.0.2\",\n  \"launcherSha256\": \"2219f428a7e55aaf1f7ad85b9b0f0cf5078aeb76ccc9a7c6036c92d48f492ffd\",\n  \"lockGenerated\": true,\n  \"packageLockSha256\": \"69c5e49b040ff3d45909e15cf1e2123af39fa223b00a7241b533c022a49e33e1\",\n  \"manifests\": [\n    {\n      \"path\": \"package.json\",\n      \"sha256\": \"7134c3f84b92442c0ea20117d9d68e5fe327b630b2d06200fc4fe84c3485c6bb\"\n    },\n    {\n      \"path\": \"packages/backend-ts/package.json\",\n      \"sha256\": \"01ce17eac169bf3a9b52c79a2df383e696554bbb2a8d87d3578afe57f17e012d\"\n    },\n    {\n      \"path\": \"packages/browser/package.json\",\n      \"sha256\": \"0b547866087820f9a2b69c5a6b3a9ec4269d499542503057a58b13df5fe65331\"\n    },\n    {\n      \"path\": \"packages/checked-core/package.json\",\n      \"sha256\": \"509507a75506587e9d4d5674dc2b9f9abad5d215a64db027d4f10617cbceb609\"\n    },\n    {\n      \"path\": \"packages/cli/package.json\",\n      \"sha256\": \"978fba06b269d508cb1b8a46a1d467553d0db3f37108d0f9db927d0993a7bb36\"\n    },\n    {\n      \"path\": \"packages/compiler-ir/package.json\",\n      \"sha256\": \"e840be27225f47bb6ae07b28dc5da046d473583cd0f92f2e9f0af5f75e4033b8\"\n    },\n    {\n      \"path\": \"packages/compiler/package.json\",\n      \"sha256\": \"0700268a945c6d8421ce0adb310228ba7c8dccb540a510831e50449b5b4242c2\"\n    },\n    {\n      \"path\": \"packages/conformance/package.json\",\n      \"sha256\": \"22563d0c6935e2a2def621e8809e66ae4d4814d67b1cf9bbe9709a68f3662518\"\n    },\n    {\n      \"path\": \"packages/elab/package.json\",\n      \"sha256\": \"d6655712683f75a986e462f1e2a983c29ac75b3be728cb3067f6c4ac0e238bef\"\n    },\n    {\n      \"path\": \"packages/environment/package.json\",\n      \"sha256\": \"dcf7cb7b3a451768f97290c2c85d024e82a3ec152b80f39b9e6e627d5770bf99\"\n    },\n    {\n      \"path\": \"packages/erasure/package.json\",\n      \"sha256\": \"6b589740a1f5c854454078506fdda9a3542c65294867084ac9069113a21c51b0\"\n    },\n    {\n      \"path\": \"packages/language-service/package.json\",\n      \"sha256\": \"7d3353f0da775c603694a9af9c231ba4e5eac74651799f8b3cfed8fb9da6043b\"\n    },\n    {\n      \"path\": \"packages/lean4export/package.json\",\n      \"sha256\": \"75a88451ba54d25478e668d5f71842bd205c06bef2a543cfa1330f9ab1330948\"\n    },\n    {\n      \"path\": \"packages/lsp/package.json\",\n      \"sha256\": \"d3213eb0b2961b095c69e375dfbcdd36ee69e18e0711325d379d21524655f555\"\n    },\n    {\n      \"path\": \"packages/meta/package.json\",\n      \"sha256\": \"8e9ce16be33e2fef9f140bc80a66c121e1ecb6eadd418cb39ca744f6cd3af9f1\"\n    },\n    {\n      \"path\": \"packages/module/package.json\",\n      \"sha256\": \"ab02c38611e688f3143e3f71da888fc3de8e54c762b31f597b19d8a9447b7117\"\n    },\n    {\n      \"path\": \"packages/pretty/package.json\",\n      \"sha256\": \"1876a58f8349e25fcccae9ae40d8507d831ea7e435614c6c10ab32e31cdcbe9c\"\n    },\n    {\n      \"path\": \"packages/project/package.json\",\n      \"sha256\": \"81b57ea3bb383b7d3ad2a29be4ec5de11bac12034659654aa2f64005f775e591\"\n    },\n    {\n      \"path\": \"packages/runtime/package.json\",\n      \"sha256\": \"c7ecdb938467bac410a5719c270ce7a408315544d938d1e1ad159c7c05dcbfe4\"\n    },\n    {\n      \"path\": \"packages/syntax/package.json\",\n      \"sha256\": \"bf69bbeb3e87f6ab9425cee1eca99db6fab76f4f449dde03dff9d3fb4c196606\"\n    },\n    {\n      \"path\": \"packages/tactic/package.json\",\n      \"sha256\": \"e4f5f12a47dee0c279bfb0c69dda93729254f8b6fd8362607d1c0d355ffe5ed7\"\n    }\n  ],\n  \"optionalDependencies\": {\n    \"@typescript/typescript-win32-x64\": \"7.0.2\",\n    \"@typescript/typescript-win32-arm64\": \"7.0.2\",\n    \"@typescript/typescript-linux-x64\": \"7.0.2\",\n    \"@typescript/typescript-linux-arm\": \"7.0.2\",\n    \"@typescript/typescript-linux-arm64\": \"7.0.2\",\n    \"@typescript/typescript-darwin-x64\": \"7.0.2\",\n    \"@typescript/typescript-darwin-arm64\": \"7.0.2\",\n    \"@typescript/typescript-aix-ppc64\": \"7.0.2\",\n    \"@typescript/typescript-freebsd-arm64\": \"7.0.2\",\n    \"@typescript/typescript-freebsd-x64\": \"7.0.2\",\n    \"@typescript/typescript-linux-loong64\": \"7.0.2\",\n    \"@typescript/typescript-linux-mips64el\": \"7.0.2\",\n    \"@typescript/typescript-linux-ppc64\": \"7.0.2\",\n    \"@typescript/typescript-linux-riscv64\": \"7.0.2\",\n    \"@typescript/typescript-linux-s390x\": \"7.0.2\",\n    \"@typescript/typescript-netbsd-arm64\": \"7.0.2\",\n    \"@typescript/typescript-netbsd-x64\": \"7.0.2\",\n    \"@typescript/typescript-openbsd-arm64\": \"7.0.2\",\n    \"@typescript/typescript-openbsd-x64\": \"7.0.2\",\n    \"@typescript/typescript-sunos-x64\": \"7.0.2\"\n  },\n  \"retiredCompilerRuntimeUsed\": false\n}\n"}
2026-10-09T15:09:07.7765243Z 
2026-10-09T15:09:07.7766155Z > lean-ts-kernel@0.1.0 build
2026-10-09T15:09:07.7766822Z > tsc -p tsconfig.json
2026-10-09T15:09:07.7767082Z 
2026-10-09T15:09:13.4767297Z node:internal/modules/run_main:123
2026-10-09T15:09:13.4767903Z     triggerUncaughtException(
2026-10-09T15:09:13.4768132Z 
2026-10-09T15:09:13.4768345Z     ^
2026-10-09T15:09:13.4768509Z 
2026-10-09T15:09:13.4768853Z AssertionError [ERR_ASSERTION]: The expression evaluated to a falsy value:
2026-10-09T15:09:13.4769218Z 
2026-10-09T15:09:13.4769638Z   assert.ok(basic.javascript.endsWith('//# sourceMappingURL=logical%20source.js.map\n') ||
2026-10-09T15:09:13.4770004Z 
2026-10-09T15:09:13.4770814Z     at file:///home/runner/work/pskernel/pskernel/packages/backend-ts/dist/test/typescript-compiler.test.js:32:12
2026-10-09T15:09:13.4771559Z     at ModuleJob.run (node:internal/modules/esm/module_job:343:25)
2026-10-09T15:09:13.4772190Z     at async onImport.tracePromise.__proto__ (node:internal/modules/esm/loader:681:26)
2026-10-09T15:09:13.4772909Z     at async asyncRunEntryPointWithESMLoader (node:internal/modules/run_main:117:5) {
2026-10-09T15:09:13.4773431Z   generatedMessage: true,
2026-10-09T15:09:13.4773754Z   code: 'ERR_ASSERTION',
2026-10-09T15:09:13.4774799Z   actual: false,
2026-10-09T15:09:13.4775129Z   expected: true,
2026-10-09T15:09:13.4775494Z   operator: '==',
2026-10-09T15:09:13.4775818Z   diff: 'simple'
2026-10-09T15:09:13.4776100Z }
2026-10-09T15:09:13.4776251Z 
2026-10-09T15:09:13.4776415Z Node.js v22.23.3
2026-10-09T15:09:13.4776785Z > lean-ts-kernel@0.1.0 test:packages
2026-10-09T15:09:13.4783435Z > npm run test:syntax && tsc -p packages/browser/tsconfig.json && node packages/browser/dist/test/index.test.js && tsc -p packages/pretty/tsconfig.json && node packages/pretty/dist/test/index.test.js && tsc -p packages/meta/tsconfig.json && node packages/meta/dist/test/index.test.js && tsc -p packages/environment/tsconfig.json && node packages/environment/dist/test/index.test.js && tsc -p packages/checked-core/tsconfig.json && node packages/checked-core/dist/test/index.test.js && tsc -p packages/tactic/tsconfig.json && node packages/tactic/dist/test/index.test.js && tsc -p packages/elab/tsconfig.json && node packages/elab/dist/test/index.test.js && tsc -p packages/compiler-ir/tsconfig.json && node packages/compiler-ir/dist/test/index.test.js && tsc -p packages/erasure/tsconfig.json && node packages/erasure/dist/test/index.test.js && tsc -p packages/runtime/tsconfig.json && node packages/runtime/dist/test/index.test.js && tsc -p packages/backend-ts/tsconfig.json && node packages/backend-ts/dist/test/index.test.js && node packages/backend-ts/dist/test/typescript-compiler.test.js && tsc -p packages/compiler/tsconfig.json && node packages/compiler/dist/test/index.test.js && tsc -p packages/project/tsconfig.json && node packages/project/dist/test/index.test.js && tsc -p packages/language-service/tsconfig.json && node packages/language-service/dist/test/index.test.js && tsc -p packages/lsp/tsconfig.json && node packages/lsp/dist/test/index.test.js && tsc -p packages/module/tsconfig.json && tsc -p packages/cli/tsconfig.json && node packages/cli/dist/test/cli.test.js
2026-10-09T15:09:13.4789092Z 
2026-10-09T15:09:13.4789100Z 
2026-10-09T15:09:13.4789340Z > lean-ts-kernel@0.1.0 test:syntax
2026-10-09T15:09:13.4790143Z > tsc -p packages/syntax/tsconfig.json && node packages/syntax/dist/test/syntax.test.js && node packages/syntax/dist/test/v061-conformance.test.js
2026-10-09T15:09:13.4790628Z 
2026-10-09T15:09:13.4790821Z ok - @proofscript/syntax lexer MVP
2026-10-09T15:09:13.4791352Z ok - @proofscript/syntax DS2 complete emitted-subset frontend
2026-10-09T15:09:13.4791880Z ok - @proofscript/syntax explicit runtime external declaration
2026-10-09T15:09:13.4792441Z ok - @proofscript/syntax inherited instance declarations
2026-10-09T15:09:13.4793018Z ok - v0.6.1 feature-complete lowering corpus (12 registered features)
2026-10-09T15:09:13.4793472Z ok - @proofscript/browser foundation
2026-10-09T15:09:13.4793953Z ok - @proofscript/pretty foundation
2026-10-09T15:09:13.4795098Z ok - @proofscript/meta foundation
2026-10-09T15:09:13.4795786Z ok - @proofscript/meta Expr metavariable context
2026-10-09T15:09:13.4796488Z ok - @proofscript/meta Lean-style metavariable depth discipline
2026-10-09T15:09:13.4797313Z ok - @proofscript/meta structural application unification with rollback
2026-10-09T15:09:13.4798134Z ok - @proofscript/meta structural Pi unification
2026-10-09T15:09:13.4798826Z ok - @proofscript/meta mixed universe/application unification
2026-10-09T15:09:13.4799571Z ok - @proofscript/meta bounded universe metavariable solving
2026-10-09T15:09:13.4800317Z ok - @proofscript/environment certified self-host compiler base
2026-10-09T15:09:13.4801046Z ok - @proofscript/environment replay and fail-closed provider
2026-10-09T15:09:13.4801793Z ok - @proofscript/checked-core kernel admission boundary
2026-10-09T15:09:13.4802473Z ok - @proofscript/checked-core mixed inductive admission
2026-10-09T15:09:13.4803140Z ok - @proofscript/checked-core class metadata admission
2026-10-09T15:09:13.4803812Z ok - @proofscript/checked-core instance registry metadata
2026-10-09T15:09:13.4804677Z ok - @proofscript/checked-core persistent admission codec
2026-10-09T15:09:13.4805431Z ok - @proofscript/checked-core external admission codec
2026-10-09T15:09:13.4806073Z ok - @proofscript/checked-core Char runtime external
2026-10-09T15:09:13.4806770Z ok - @proofscript/checked-core rejects proof-valued external
2026-10-09T15:09:13.4807453Z ok - @proofscript/tactic ordered multi-goal state
2026-10-09T15:09:13.4808044Z ok - @proofscript/elab foundation
2026-10-09T15:09:13.4808722Z ok - @proofscript/elab Lean-style application elaboration
2026-10-09T15:09:13.4809443Z ok - @proofscript/elab kernel-facing non-recursive definitions
2026-10-09T15:09:13.4810132Z ok - @proofscript/elab implicit declaration binders
2026-10-09T15:09:13.4811138Z ok - @proofscript/elab dependent type application path
2026-10-09T15:09:13.4812080Z ok - @proofscript/elab kernel theorem proof-term admission
2026-10-09T15:09:13.4812918Z ok - @proofscript/elab expected-type lambda elaboration
2026-10-09T15:09:13.4813775Z ok - @proofscript/elab annotated lambda solves generic expected metas
2026-10-09T15:09:13.4814829Z ok - @proofscript/elab core let elaboration
2026-10-09T15:09:13.4815471Z ok - @proofscript/elab exact and assumption tactic terms
2026-10-09T15:09:13.4816209Z ok - @proofscript/elab declaration expected-type propagation
2026-10-09T15:09:13.4817004Z ok - @proofscript/elab intro tactic proof-term construction
2026-10-09T15:09:13.4817742Z ok - @proofscript/elab bounded apply tactic proof-term construction
2026-10-09T15:09:13.4818621Z ok - @proofscript/elab ordered multi-goal apply tactic
2026-10-09T15:09:13.4819386Z ok - @proofscript/elab bounded synthetic-hole refine tactic
2026-10-09T15:09:13.4820150Z ok - @proofscript/elab bounded constructor via apply
2026-10-09T15:09:13.4820921Z ok - @proofscript/elab bounded cases via recursor
2026-10-09T15:09:13.4821596Z ok - @proofscript/elab parameterized bounded cases
2026-10-09T15:09:13.4822276Z ok - @proofscript/elab bounded induction via recursor
2026-10-09T15:09:13.4822842Z ok - @proofscript/elab induction preserves field/IH source names
2026-10-09T15:09:13.4823468Z ok - @proofscript/elab rw syntax reaches tactic AST
2026-10-09T15:09:13.4824428Z ok - @proofscript/elab multi-rule simp-only syntax reaches tactic AST
2026-10-09T15:09:13.4825298Z ok - @proofscript/elab direct polymorphic Eq.symm application
2026-10-09T15:09:13.4825830Z ok - @proofscript/elab bounded exact search
2026-10-09T15:09:13.4826300Z ok - @proofscript/elab bounded Eq-only rfl tactic
2026-10-09T15:09:13.4826794Z ok - @proofscript/elab bounded Nat notation
2026-10-09T15:09:13.4827260Z ok - @proofscript/elab dependent structure field admission
2026-10-09T15:09:13.4827776Z ok - @proofscript/elab record construction and kernel projection
2026-10-09T15:09:13.4828295Z ok - @proofscript/elab unparameterized inductive admission
2026-10-09T15:09:13.4828790Z ok - @proofscript/elab verified match recursor elaboration
2026-10-09T15:09:13.4829388Z ok - @proofscript/elab parameterized inductive constructor inference
2026-10-09T15:09:13.4829949Z ok - @proofscript/elab expected-type propagation into nested calls
2026-10-09T15:09:13.4830554Z ok - @proofscript/elab parameterized verified match recursor elaboration
2026-10-09T15:09:13.4831120Z ok - @proofscript/elab match branch Nat notation meta instantiation
2026-10-09T15:09:13.4831681Z ok - @proofscript/elab verified Bool literal match recursor
2026-10-09T15:09:13.4832278Z ok - @proofscript/elab direct recursive inductive + recursor match
2026-10-09T15:09:13.4832778Z ok - @proofscript/elab structural recursion via recursor
2026-10-09T15:09:13.4833301Z ok - @proofscript/elab structural recursion with invariant parameters
2026-10-09T15:09:13.4833790Z ok - @proofscript/elab generic structure admission
2026-10-09T15:09:13.4834455Z ok - @proofscript/elab acyclic where local helpers
2026-10-09T15:09:13.4835010Z ok - @proofscript/elab class admission as kernel inductive
2026-10-09T15:09:13.4835707Z ok - @proofscript/elab local class instance synthesis
2026-10-09T15:09:13.4836202Z ok - @proofscript/elab global class instance synthesis
2026-10-09T15:09:13.4836712Z ok - @proofscript/elab imported structure/class/instance metadata seed
2026-10-09T15:09:13.4837240Z ok - @proofscript/elab proof-valued external fails closed
2026-10-09T15:09:13.4837788Z ok - @proofscript/elab explicit runtime external admission
2026-10-09T15:09:13.4838232Z ok - @proofscript/compiler-ir foundation
2026-10-09T15:09:13.4838726Z ok - @proofscript/compiler-ir verified dependent-core IR schema
2026-10-09T15:09:13.4839242Z ok - @proofscript/compiler-ir verified Nat intrinsic
2026-10-09T15:09:13.4839710Z ok - @proofscript/compiler-ir verified intrinsic contract
2026-10-09T15:09:13.4840220Z ok - @proofscript/compiler-ir external import boundary
2026-10-09T15:09:13.4840808Z ok - @proofscript/erasure generic identity
2026-10-09T15:09:13.4841374Z ok - @proofscript/erasure flattened runtime callback convention
2026-10-09T15:09:13.4841891Z ok - @proofscript/erasure Prop and proof binder erasure
2026-10-09T15:09:13.4842317Z ok - @proofscript/erasure Nat intrinsic lowering
2026-10-09T15:09:13.4842790Z ok - @proofscript/erasure checked Char.ofNat lowering
2026-10-09T15:09:13.4843295Z ok - @proofscript/erasure certified text intrinsic lowering
2026-10-09T15:09:13.4843824Z ok - @proofscript/erasure semantic primitive type identity
2026-10-09T15:09:13.4844501Z ok - @proofscript/erasure primitive Bool recursor lowering
2026-10-09T15:09:13.4844958Z ok - @proofscript/erasure verified runtime structures
2026-10-09T15:09:13.4845442Z ok - @proofscript/erasure verified ADT constructors
2026-10-09T15:09:13.4845963Z ok - @proofscript/erasure verified ADT recursor match lowering
2026-10-09T15:09:13.4846547Z ok - @proofscript/erasure generic nonrecursive ADT constructor erasure
2026-10-09T15:09:13.4847108Z ok - @proofscript/erasure generic ADT recursor parameter substitution
2026-10-09T15:09:13.4847606Z ok - @proofscript/erasure recursive ADT metadata erasure
2026-10-09T15:09:13.4848094Z ok - @proofscript/erasure generic structure metadata
2026-10-09T15:09:13.4848540Z ok - @proofscript/erasure external import lowering
2026-10-09T15:09:13.4849024Z ok - @proofscript/runtime foundation
2026-10-09T15:09:13.4849414Z ok - @proofscript/backend-ts foundation
2026-10-09T15:09:13.4849870Z ok - @proofscript/backend-ts verified generic TypeScript emission
2026-10-09T15:09:13.4850430Z ok - @proofscript/backend-ts explicit generic call type arguments
2026-10-09T15:09:13.4850937Z ok - @proofscript/backend-ts verified Nat intrinsic emission
2026-10-09T15:09:13.4851518Z ok - @proofscript/backend-ts Lean-faithful Char.ofNat emission
2026-10-09T15:09:13.4852033Z ok - @proofscript/backend-ts certified text intrinsic emission
2026-10-09T15:09:13.4852519Z ok - @proofscript/backend-ts verified String equality emission
2026-10-09T15:09:13.4853095Z ok - @proofscript/backend-ts canonical Array intrinsic emission
2026-10-09T15:09:13.4853638Z ok - @proofscript/backend-ts verified nominal structure emission
2026-10-09T15:09:13.4854588Z ok - @proofscript/backend-ts verified ADT constructor emission
2026-10-09T15:09:13.4855129Z ok - @proofscript/backend-ts verified ADT match emission
2026-10-09T15:09:13.4855675Z ok - @proofscript/backend-ts verified generic ADT TypeScript emission
2026-10-09T15:09:13.4856289Z ok - @proofscript/backend-ts generic structure TypeScript emission
2026-10-09T15:09:13.4856829Z ok - @proofscript/backend-ts external ESM import emission
2026-10-09T15:09:13.4857480Z node:internal/modules/run_main:123
2026-10-09T15:09:13.4857877Z     triggerUncaughtException(
2026-10-09T15:09:13.4858214Z     ^
2026-10-09T15:09:13.4858433Z 
2026-10-09T15:09:13.4858668Z AssertionError [ERR_ASSERTION]: package-tests failed
2026-10-09T15:09:13.4858956Z 
2026-10-09T15:09:13.4859077Z 1 !== 0
2026-10-09T15:09:13.4859276Z 
2026-10-09T15:09:13.4859716Z     at run (file:///home/runner/work/pskernel/pskernel/scripts/root-typescript7-qualify.mjs:62:10)
2026-10-09T15:09:13.4860492Z     at file:///home/runner/work/pskernel/pskernel/scripts/root-typescript7-qualify.mjs:175:3
2026-10-09T15:09:13.4861107Z     at ModuleJob.run (node:internal/modules/esm/module_job:343:25)
2026-10-09T15:09:13.4861793Z     at async onImport.tracePromise.__proto__ (node:internal/modules/esm/loader:681:26)
2026-10-09T15:09:13.4862526Z     at async asyncRunEntryPointWithESMLoader (node:internal/modules/run_main:117:5) {
2026-10-09T15:09:13.4863083Z   generatedMessage: false,
2026-10-09T15:09:13.4863420Z   code: 'ERR_ASSERTION',
2026-10-09T15:09:13.4863819Z   actual: 1,
2026-10-09T15:09:13.4864283Z   expected: 0,
2026-10-09T15:09:13.4864669Z   operator: 'strictEqual',
2026-10-09T15:09:13.4865010Z   diff: 'simple'
2026-10-09T15:09:13.4865310Z }
2026-10-09T15:09:13.4865447Z 
2026-10-09T15:09:13.4865585Z Node.js v22.23.3
2026-10-09T15:09:13.4875909Z PS_ROOT_TS7_EVIDENCE_FILE {"path":"dist/typescript7-root/qualification.json","sha256":"819a0523eacb1b02c23fbeab288a71329948f8e6810e4c06eea3f0cd33a3b1f9","bytes":2396,"content":"{\n  \"schemaVersion\": 1,\n  \"kind\": \"root-typescript7-qualification\",\n  \"sourceRef\": \"a02f03b97bb3385b66ad670dabf7f13d334fc79f\",\n  \"workflowRunId\": 37949490366,\n  \"workflowRunAttempt\": 1,\n  \"startedAt\": \"2026-10-09T15:09:04.060Z\",\n  \"completedAt\": \"2026-10-09T15:09:13.477Z\",\n  \"passed\": false,\n  \"node\": \"v22.23.3\",\n  \"typescript\": \"7.0.2\",\n  \"lockGenerated\": true,\n  \"packageLockSha256\": \"69c5e49b040ff3d45909e15cf1e2123af39fa223b00a7241b533c022a49e33e1\",\n  \"installedProfileSha256\": \"78b015ca6df3fcd12d16023269c253f82632a2ffea3bd609693d5a54e5fdbdc7\",\n  \"commands\": [\n    {\n      \"name\": \"resolve-lock\",\n      \"command\": [\n        \"npm\",\n        \"install\",\n        \"--package-lock-only\",\n        \"--ignore-scripts\",\n        \"--no-audit\",\n        \"--no-fund\"\n      ],\n      \"exitCode\": 0,\n      \"signal\": null,\n      \"elapsedMs\": 2444,\n      \"stdoutSha256\": \"ce7bf91f54adc7390cff6bf1c2572fd00ce9cfbd0611637e273059c4710a80c9\",\n      \"stderrSha256\": \"e3b0c44298fc1c149afbf4c8996fb92427ae41e4649b934ca495991b7852b855\"\n    },\n    {\n      \"name\": \"install\",\n      \"command\": [\n        \"npm\",\n        \"ci\",\n        \"--ignore-scripts\",\n        \"--no-audit\",\n        \"--no-fund\"\n      ],\n      \"exitCode\": 0,\n      \"signal\": null,\n      \"elapsedMs\": 864,\n      \"stdoutSha256\": \"7100a2f63a7cdd3632b7356dd4d7a15e4fd2474f8f1a87bb0abb6b444b2bbb0c\",\n      \"stderrSha256\": \"e3b0c44298fc1c149afbf4c8996fb92427ae41e4649b934ca495991b7852b855\"\n    },\n    {\n      \"name\": \"root-build\",\n      \"command\": [\n        \"npm\",\n        \"run\",\n        \"build\"\n      ],\n      \"exitCode\": 0,\n      \"signal\": null,\n      \"elapsedMs\": 346,\n      \"stdoutSha256\": \"0ad5fa5e957471919af121f63e7be285285f8dfd9a8e7c2a4e40fe58db00d963\",\n      \"stderrSha256\": \"e3b0c44298fc1c149afbf4c8996fb92427ae41e4649b934ca495991b7852b855\"\n    },\n    {\n      \"name\": \"package-tests\",\n      \"command\": [\n        \"npm\",\n        \"run\",\n        \"test:packages\"\n      ],\n      \"exitCode\": 1,\n      \"signal\": null,\n      \"elapsedMs\": 5700,\n      \"stdoutSha256\": \"8da7461c7eea50c64bffabb2faf296084f534a24cd3dd07395200e92949f6233\",\n      \"stderrSha256\": \"23da6b593ead00cafba8e6061cec402df2f51f74cfda9040e38721dba1117621\"\n    }\n  ],\n  \"retiredCompilerRuntimeUsed\": false,\n  \"psc0Qualification\": false,\n  \"kernelOracleOrCorpusExecuted\": false,\n  \"seedSelectionChanged\": false,\n  \"failure\": \"AssertionError [ERR_ASSERTION]: package-tests failed\\n\\n1 !== 0\\n\"\n}\n"}
2026-10-09T15:09:13.4887513Z PS_ROOT_TS7_EVIDENCE_FILE {"path":"dist/typescript7-root/evidence-index.json","sha256":"8becd1cbf52289487b3d1eb61afbbacad315493d7cc09f3cd7376c32aedde4c9","bytes":820,"content":"{\n  \"schemaVersion\": 1,\n  \"sourceRef\": \"a02f03b97bb3385b66ad670dabf7f13d334fc79f\",\n  \"files\": [\n    {\n      \"path\": \"dist/typescript7-root/package-lock.json\",\n      \"sha256\": \"69c5e49b040ff3d45909e15cf1e2123af39fa223b00a7241b533c022a49e33e1\",\n      \"bytes\": 21592\n    },\n    {\n      \"path\": \"dist/typescript7-root/installed-typescript-package.json\",\n      \"sha256\": \"3722b30210616a13a3213ded11575ba6b2dbab10c32a5ef67afca8513e27017e\",\n      \"bytes\": 3087\n    },\n    {\n      \"path\": \"dist/typescript7-root/installed-profile.json\",\n      \"sha256\": \"78b015ca6df3fcd12d16023269c253f82632a2ffea3bd609693d5a54e5fdbdc7\",\n      \"bytes\": 4643\n    },\n    {\n      \"path\": \"dist/typescript7-root/qualification.json\",\n      \"sha256\": \"819a0523eacb1b02c23fbeab288a71329948f8e6810e4c06eea3f0cd33a3b1f9\",\n      \"bytes\": 2396\n    }\n  ]\n}\n"}
2026-10-09T15:09:13.4906165Z ##[error]Process completed with exit code 1.
2026-10-09T15:09:13.5018653Z ##[group]Run actions/upload-artifact@v4
2026-10-09T15:09:13.5019166Z with:
2026-10-09T15:09:13.5019562Z   name: root-typescript7-a02f03b97bb3385b66ad670dabf7f13d334fc79f
2026-10-09T15:09:13.5020033Z   path: dist/typescript7-root
2026-10-09T15:09:13.5020373Z   if-no-files-found: error
2026-10-09T15:09:13.5020717Z   retention-days: 30
2026-10-09T15:09:13.5021077Z   compression-level: 6
2026-10-09T15:09:13.5021385Z   overwrite: false
2026-10-09T15:09:13.5021752Z   include-hidden-files: false
2026-10-09T15:09:13.5022104Z ##[endgroup]
2026-10-09T15:09:13.6744150Z (node:3059) [DEP0040] DeprecationWarning: The `punycode` module is deprecated. Please use a userland alternative instead.
2026-10-09T15:09:13.6745256Z (Use `node --trace-deprecation ...` to show where the warning was created)
2026-10-09T15:09:13.6830143Z With the provided path, there will be 13 files uploaded
2026-10-09T15:09:13.6836329Z Artifact name is valid!
2026-10-09T15:09:13.6837025Z Root directory input is valid!
2026-10-09T15:09:14.0878718Z Beginning upload of artifact content to blob storage
2026-10-09T15:09:14.1277842Z (node:3059) [DEP0169] DeprecationWarning: `url.parse()` behavior is not standardized and prone to errors that have security implications. Use the WHATWG URL API instead. CVEs are not issued for `url.parse()` vulnerabilities.
2026-10-09T15:09:14.3388986Z Uploaded bytes 11025
2026-10-09T15:09:14.3965120Z Finished uploading artifact content to blob storage!
2026-10-09T15:09:14.3966135Z SHA256 digest of uploaded artifact zip is 81ba1c5b5b49083ece3f95f0d22aabcac9b1a55537cef843d38b5a2c2d63bbd0
2026-10-09T15:09:14.3967222Z Finalizing artifact upload
2026-10-09T15:09:14.6675746Z Artifact root-typescript7-a02f03b97bb3385b66ad670dabf7f13d334fc79f.zip successfully finalized. Artifact ID 11625775703
2026-10-09T15:09:14.6677741Z Artifact root-typescript7-a02f03b97bb3385b66ad670dabf7f13d334fc79f has been successfully uploaded! Final size is 11025 bytes. Artifact ID is 11625775703
2026-10-09T15:09:14.6682854Z Artifact download URL: https://github.com/dwijayuda/pskernel/actions/runs/37949490366/artifacts/11625775703
2026-10-09T15:09:14.6874987Z Post job cleanup.
2026-10-09T15:09:14.7756350Z [command]/usr/bin/git version
2026-10-09T15:09:14.7801012Z git version 2.55.0
2026-10-09T15:09:14.7841894Z Temporarily overriding HOME='/home/runner/work/_temp/d840e0ff-f577-48c4-bd90-10f0e588a50d' before making global git config changes
2026-10-09T15:09:14.7842713Z Adding repository directory to the temporary git global config as a safe directory
2026-10-09T15:09:14.7848756Z [command]/usr/bin/git config --global --add safe.directory /home/runner/work/pskernel/pskernel
2026-10-09T15:09:14.7888364Z [command]/usr/bin/git config --local --name-only --get-regexp core\.sshCommand
2026-10-09T15:09:14.7920011Z [command]/usr/bin/git submodule foreach --recursive sh -c "git config --local --name-only --get-regexp 'core\.sshCommand' && git config --local --unset-all 'core.sshCommand' || :"
2026-10-09T15:09:14.8148491Z [command]/usr/bin/git config --local --name-only --get-regexp http\.https\:\/\/github\.com\/\.extraheader
2026-10-09T15:09:14.8175140Z http.https://github.com/.extraheader
2026-10-09T15:09:14.8184852Z [command]/usr/bin/git config --local --unset-all http.https://github.com/.extraheader
2026-10-09T15:09:14.8219604Z [command]/usr/bin/git submodule foreach --recursive sh -c "git config --local --name-only --get-regexp 'http\.https\:\/\/github\.com\/\.extraheader' && git config --local --unset-all 'http.https://github.com/.extraheader' || :"
2026-10-09T15:09:14.8490936Z [command]/usr/bin/git config --local --name-only --get-regexp ^includeIf\.gitdir:
2026-10-09T15:09:14.8523055Z [command]/usr/bin/git submodule foreach --recursive git config --local --show-origin --name-only --get-regexp remote.origin.url
2026-10-09T15:09:14.8915115Z Cleaning up orphan processes
2026-10-09T15:09:14.9166141Z ##[warning]Node.js 20 is deprecated. The following actions target Node.js 20 but are being forced to run on Node.js 24: actions/checkout@v4, actions/setup-node@v4, actions/upload-artifact@v4. For more information see: https://github.blog/changelog/2025-09-19-deprecation-of-node-20-on-github-actions-runners/
