2026-10-09T12:50:47.1555690Z Current runner version: '2.337.0'
2026-10-09T12:50:47.1583847Z ##[group]Runner Image Provisioner
2026-10-09T12:50:47.1584842Z Hosted Compute Agent
2026-10-09T12:50:47.1585463Z Version: 20261002.596
2026-10-09T12:50:47.1586635Z Commit: c3d12f3313a95f25162a1503be624f3b0617f8c0
2026-10-09T12:50:47.1587616Z Build Date: 2026-10-02T22:28:27Z
2026-10-09T12:50:47.1588517Z Worker ID: {57c0fa9b-1c83-43f8-a812-eed3327831b4}
2026-10-09T12:50:47.1589308Z Region: northcentralus
2026-10-09T12:50:47.1589919Z Cloud: Azure
2026-10-09T12:50:47.1590574Z ##[endgroup]
2026-10-09T12:50:47.1592088Z ##[group]Operating System
2026-10-09T12:50:47.1592723Z Ubuntu
2026-10-09T12:50:47.1593411Z 24.04.5
2026-10-09T12:50:47.1593950Z LTS
2026-10-09T12:50:47.1594522Z ##[endgroup]
2026-10-09T12:50:47.1595120Z ##[group]Runner Image
2026-10-09T12:50:47.1595799Z Image: ubuntu-24.04
2026-10-09T12:50:47.1596509Z Version: 20261004.327.1
2026-10-09T12:50:47.1598134Z Included Software: https://github.com/actions/runner-images/blob/ubuntu24/20261004.327/images/ubuntu/Ubuntu2404-Readme.md
2026-10-09T12:50:47.1599801Z Image Release: https://github.com/actions/runner-images/releases/tag/ubuntu24%2F20261004.327
2026-10-09T12:50:47.1600824Z ##[endgroup]
2026-10-09T12:50:47.1602158Z ##[group]GITHUB_TOKEN Permissions
2026-10-09T12:50:47.1604988Z Actions: read
2026-10-09T12:50:47.1605720Z Contents: read
2026-10-09T12:50:47.1606323Z Metadata: read
2026-10-09T12:50:47.1606976Z ##[endgroup]
2026-10-09T12:50:47.1610293Z Secret source: Actions
2026-10-09T12:50:47.1611378Z Cache mode: write
2026-10-09T12:50:47.1612356Z Prepare workflow directory
2026-10-09T12:50:47.1968623Z Prepare all required actions
2026-10-09T12:50:47.2022153Z Getting action download info
2026-10-09T12:50:47.5188881Z Download action repository 'actions/checkout@v4' (SHA:11d5960a326750d5838078e36cf38b85af677262)
2026-10-09T12:50:47.6080851Z Download action repository 'actions/setup-node@v4' (SHA:49933ea5288caeca8642d1e84afbd3f7d6820020)
2026-10-09T12:50:47.7013527Z Download action repository 'leanprover/lean-action@v1' (SHA:f061402b660e0c34644504b324e830f2991d4865)
2026-10-09T12:50:47.8625869Z Download action repository 'actions/cache@v4' (SHA:0057852bfaa89a56745cba8c7296529d2fc39830)
2026-10-09T12:50:47.9682811Z Download action repository 'actions/download-artifact@v4' (SHA:d3f86a106a0bac45b974a628896c90dbdf5c8093)
2026-10-09T12:50:48.3346818Z Download action repository 'actions/upload-artifact@v4' (SHA:ea165f8d65b6e75b540449e92b4886f43607fa02)
2026-10-09T12:50:48.5705543Z Getting action download info
2026-10-09T12:50:48.6718594Z Download action repository 'actions/cache@caa296126883cff596d87d8935842f9db880ef25' (SHA:caa296126883cff596d87d8935842f9db880ef25)
2026-10-09T12:50:48.8972005Z Complete job name: kernel-admissions
2026-10-09T12:50:48.9892382Z ##[group]Run actions/checkout@v4
2026-10-09T12:50:48.9893719Z with:
2026-10-09T12:50:48.9894577Z   repository: dwijayuda/pskernel
2026-10-09T12:50:48.9903223Z   token: ***
2026-10-09T12:50:48.9904071Z   ssh-strict: true
2026-10-09T12:50:48.9904924Z   ssh-user: git
2026-10-09T12:50:48.9905842Z   persist-credentials: true
2026-10-09T12:50:48.9906799Z   clean: true
2026-10-09T12:50:48.9907801Z   sparse-checkout-cone-mode: true
2026-10-09T12:50:48.9908848Z   fetch-depth: 1
2026-10-09T12:50:48.9909717Z   fetch-tags: false
2026-10-09T12:50:48.9910607Z   show-progress: true
2026-10-09T12:50:48.9911498Z   lfs: false
2026-10-09T12:50:48.9912307Z   submodules: false
2026-10-09T12:50:48.9913182Z   set-safe-directory: true
2026-10-09T12:50:48.9914153Z   allow-unsafe-pr-checkout: false
2026-10-09T12:50:48.9915401Z ##[endgroup]
2026-10-09T12:50:49.0960867Z Syncing repository: dwijayuda/pskernel
2026-10-09T12:50:49.0964772Z ##[group]Getting Git version info
2026-10-09T12:50:49.0966478Z Working directory is '/home/runner/work/pskernel/pskernel'
2026-10-09T12:50:49.0969117Z [command]/usr/bin/git version
2026-10-09T12:50:49.1013619Z git version 2.55.0
2026-10-09T12:50:49.1045427Z ##[endgroup]
2026-10-09T12:50:49.1071254Z Temporarily overriding HOME='/home/runner/work/_temp/3bdb6151-6fda-4217-b82a-ae1361773bac' before making global git config changes
2026-10-09T12:50:49.1075906Z Adding repository directory to the temporary git global config as a safe directory
2026-10-09T12:50:49.1085284Z [command]/usr/bin/git config --global --add safe.directory /home/runner/work/pskernel/pskernel
2026-10-09T12:50:49.1136893Z Deleting the contents of '/home/runner/work/pskernel/pskernel'
2026-10-09T12:50:49.1169945Z ##[group]Initializing the repository
2026-10-09T12:50:49.1178903Z [command]/usr/bin/git init /home/runner/work/pskernel/pskernel
2026-10-09T12:50:49.1281137Z hint: Using 'master' as the name for the initial branch. This default branch name
2026-10-09T12:50:49.1284447Z hint: will change to "main" in Git 3.0. To configure the initial branch name
2026-10-09T12:50:49.1288218Z hint: to use in all of your new repositories, which will suppress this warning,
2026-10-09T12:50:49.1290685Z hint: call:
2026-10-09T12:50:49.1291821Z hint:
2026-10-09T12:50:49.1293261Z hint: 	git config --global init.defaultBranch <name>
2026-10-09T12:50:49.1295011Z hint:
2026-10-09T12:50:49.1297031Z hint: Names commonly chosen instead of 'master' are 'main', 'trunk' and
2026-10-09T12:50:49.1300306Z hint: 'development'. The just-created branch can be renamed via this command:
2026-10-09T12:50:49.1302438Z hint:
2026-10-09T12:50:49.1303599Z hint: 	git branch -m <name>
2026-10-09T12:50:49.1304914Z hint:
2026-10-09T12:50:49.1306916Z hint: Disable this message with "git config set advice.defaultBranchName false"
2026-10-09T12:50:49.1309106Z Initialized empty Git repository in /home/runner/work/pskernel/pskernel/.git/
2026-10-09T12:50:49.1312315Z [command]/usr/bin/git remote add origin https://github.com/dwijayuda/pskernel
2026-10-09T12:50:49.1356274Z ##[endgroup]
2026-10-09T12:50:49.1358862Z ##[group]Disabling automatic garbage collection
2026-10-09T12:50:49.1361031Z [command]/usr/bin/git config --local gc.auto 0
2026-10-09T12:50:49.1398262Z ##[endgroup]
2026-10-09T12:50:49.1400827Z ##[group]Setting up auth
2026-10-09T12:50:49.1405440Z [command]/usr/bin/git config --local --name-only --get-regexp core\.sshCommand
2026-10-09T12:50:49.1444818Z [command]/usr/bin/git submodule foreach --recursive sh -c "git config --local --name-only --get-regexp 'core\.sshCommand' && git config --local --unset-all 'core.sshCommand' || :"
2026-10-09T12:50:49.1842719Z [command]/usr/bin/git config --local --name-only --get-regexp http\.https\:\/\/github\.com\/\.extraheader
2026-10-09T12:50:49.1895348Z [command]/usr/bin/git submodule foreach --recursive sh -c "git config --local --name-only --get-regexp 'http\.https\:\/\/github\.com\/\.extraheader' && git config --local --unset-all 'http.https://github.com/.extraheader' || :"
2026-10-09T12:50:49.2160547Z [command]/usr/bin/git config --local --name-only --get-regexp ^includeIf\.gitdir:
2026-10-09T12:50:49.2201463Z [command]/usr/bin/git submodule foreach --recursive git config --local --show-origin --name-only --get-regexp remote.origin.url
2026-10-09T12:50:49.2469213Z [command]/usr/bin/git config --local http.https://github.com/.extraheader AUTHORIZATION: basic ***
2026-10-09T12:50:49.2512588Z ##[endgroup]
2026-10-09T12:50:49.2522158Z ##[group]Fetching the repository
2026-10-09T12:50:49.2525177Z [command]/usr/bin/git -c protocol.version=2 fetch --no-tags --prune --no-recurse-submodules --depth=1 origin +fe2560aba0f347b1caf8d000d371464642d44f23:refs/remotes/origin/psc0/sh1-projection-grammar-v1
2026-10-09T12:51:00.2829911Z From https://github.com/dwijayuda/pskernel
2026-10-09T12:51:00.2830984Z  * [new ref]           fe2560aba0f347b1caf8d000d371464642d44f23 -> origin/psc0/sh1-projection-grammar-v1
2026-10-09T12:51:00.2834196Z ##[endgroup]
2026-10-09T12:51:00.2834978Z ##[group]Determining the checkout info
2026-10-09T12:51:00.2836909Z ##[endgroup]
2026-10-09T12:51:00.2843399Z [command]/usr/bin/git sparse-checkout disable
2026-10-09T12:51:00.2898143Z [command]/usr/bin/git config --local --unset-all extensions.worktreeConfig
2026-10-09T12:51:00.2932565Z ##[group]Checking out the ref
2026-10-09T12:51:00.2937850Z [command]/usr/bin/git checkout --progress --force -B psc0/sh1-projection-grammar-v1 refs/remotes/origin/psc0/sh1-projection-grammar-v1
2026-10-09T12:51:02.1966829Z Updating files:   6% (1253/20531)
2026-10-09T12:51:02.2085367Z Updating files:   7% (1438/20531)
2026-10-09T12:51:02.2354372Z Updating files:   8% (1643/20531)
2026-10-09T12:51:02.2574150Z Updating files:   9% (1848/20531)
2026-10-09T12:51:02.2807860Z Updating files:  10% (2054/20531)
2026-10-09T12:51:02.2932464Z Updating files:  11% (2259/20531)
2026-10-09T12:51:02.6338498Z Updating files:  12% (2464/20531)
2026-10-09T12:51:03.3186399Z Updating files:  12% (2582/20531)
2026-10-09T12:51:03.9916555Z Updating files:  12% (2584/20531)
2026-10-09T12:51:04.0037407Z Updating files:  13% (2670/20531)
2026-10-09T12:51:04.0126114Z Updating files:  14% (2875/20531)
2026-10-09T12:51:04.0247398Z Updating files:  15% (3080/20531)
2026-10-09T12:51:04.0417004Z Updating files:  16% (3285/20531)
2026-10-09T12:51:04.0540764Z Updating files:  17% (3491/20531)
2026-10-09T12:51:04.0744404Z Updating files:  18% (3696/20531)
2026-10-09T12:51:04.1005601Z Updating files:  19% (3901/20531)
2026-10-09T12:51:04.1249178Z Updating files:  20% (4107/20531)
2026-10-09T12:51:04.1373800Z Updating files:  21% (4312/20531)
2026-10-09T12:51:04.4725709Z Updating files:  22% (4517/20531)
2026-10-09T12:51:05.4968606Z Updating files:  22% (4652/20531)
2026-10-09T12:51:05.8329134Z Updating files:  22% (4655/20531)
2026-10-09T12:51:05.8463463Z Updating files:  23% (4723/20531)
2026-10-09T12:51:05.8549719Z Updating files:  24% (4928/20531)
2026-10-09T12:51:05.8664710Z Updating files:  25% (5133/20531)
2026-10-09T12:51:05.8776621Z Updating files:  26% (5339/20531)
2026-10-09T12:51:05.8897756Z Updating files:  27% (5544/20531)
2026-10-09T12:51:05.9730264Z Updating files:  28% (5749/20531)
2026-10-09T12:51:05.9928062Z Updating files:  29% (5954/20531)
2026-10-09T12:51:06.0091322Z Updating files:  30% (6160/20531)
2026-10-09T12:51:06.0253953Z Updating files:  31% (6365/20531)
2026-10-09T12:51:06.0429381Z Updating files:  32% (6570/20531)
2026-10-09T12:51:06.0591205Z Updating files:  33% (6776/20531)
2026-10-09T12:51:06.0734454Z Updating files:  34% (6981/20531)
2026-10-09T12:51:06.0898870Z Updating files:  35% (7186/20531)
2026-10-09T12:51:06.1062655Z Updating files:  36% (7392/20531)
2026-10-09T12:51:06.1194888Z Updating files:  37% (7597/20531)
2026-10-09T12:51:06.1350612Z Updating files:  38% (7802/20531)
2026-10-09T12:51:06.1562092Z Updating files:  39% (8008/20531)
2026-10-09T12:51:06.1733469Z Updating files:  40% (8213/20531)
2026-10-09T12:51:06.1865487Z Updating files:  41% (8418/20531)
2026-10-09T12:51:06.1996439Z Updating files:  42% (8624/20531)
2026-10-09T12:51:06.2102122Z Updating files:  43% (8829/20531)
2026-10-09T12:51:06.2224688Z Updating files:  44% (9034/20531)
2026-10-09T12:51:06.3218061Z Updating files:  45% (9239/20531)
2026-10-09T12:51:06.3613001Z Updating files:  45% (9330/20531)
2026-10-09T12:51:06.4105041Z Updating files:  46% (9445/20531)
2026-10-09T12:51:06.4996374Z Updating files:  47% (9650/20531)
2026-10-09T12:51:06.6550198Z Updating files:  48% (9855/20531)
2026-10-09T12:51:06.8714525Z Updating files:  49% (10061/20531)
2026-10-09T12:51:07.2321398Z Updating files:  50% (10266/20531)
2026-10-09T12:51:07.3170100Z Updating files:  51% (10471/20531)
2026-10-09T12:51:07.4600979Z Updating files:  51% (10548/20531)
2026-10-09T12:51:07.8719804Z Updating files:  52% (10677/20531)
2026-10-09T12:51:08.1267785Z Updating files:  53% (10882/20531)
2026-10-09T12:51:08.3165419Z Updating files:  54% (11087/20531)
2026-10-09T12:51:08.4139820Z Updating files:  54% (11213/20531)
2026-10-09T12:51:08.5065904Z Updating files:  55% (11293/20531)
2026-10-09T12:51:08.5955316Z Updating files:  56% (11498/20531)
2026-10-09T12:51:08.6328227Z Updating files:  57% (11703/20531)
2026-10-09T12:51:08.6399178Z Updating files:  58% (11908/20531)
2026-10-09T12:51:08.6471666Z Updating files:  59% (12114/20531)
2026-10-09T12:51:08.6547707Z Updating files:  60% (12319/20531)
2026-10-09T12:51:08.6624257Z Updating files:  61% (12524/20531)
2026-10-09T12:51:08.6712505Z Updating files:  62% (12730/20531)
2026-10-09T12:51:08.6804791Z Updating files:  63% (12935/20531)
2026-10-09T12:51:08.6898599Z Updating files:  64% (13140/20531)
2026-10-09T12:51:08.7004002Z Updating files:  65% (13346/20531)
2026-10-09T12:51:08.7101009Z Updating files:  66% (13551/20531)
2026-10-09T12:51:08.7197425Z Updating files:  67% (13756/20531)
2026-10-09T12:51:08.7287749Z Updating files:  68% (13962/20531)
2026-10-09T12:51:08.7378487Z Updating files:  69% (14167/20531)
2026-10-09T12:51:08.7473167Z Updating files:  70% (14372/20531)
2026-10-09T12:51:08.7568207Z Updating files:  71% (14578/20531)
2026-10-09T12:51:08.7660752Z Updating files:  72% (14783/20531)
2026-10-09T12:51:08.7750876Z Updating files:  73% (14988/20531)
2026-10-09T12:51:08.7867696Z Updating files:  74% (15193/20531)
2026-10-09T12:51:08.7959666Z Updating files:  75% (15399/20531)
2026-10-09T12:51:08.8048505Z Updating files:  76% (15604/20531)
2026-10-09T12:51:08.8140531Z Updating files:  77% (15809/20531)
2026-10-09T12:51:08.8238107Z Updating files:  78% (16015/20531)
2026-10-09T12:51:08.8329947Z Updating files:  79% (16220/20531)
2026-10-09T12:51:08.8456453Z Updating files:  80% (16425/20531)
2026-10-09T12:51:08.8530664Z Updating files:  81% (16631/20531)
2026-10-09T12:51:08.8612302Z Updating files:  82% (16836/20531)
2026-10-09T12:51:08.8692744Z Updating files:  83% (17041/20531)
2026-10-09T12:51:08.8776201Z Updating files:  84% (17247/20531)
2026-10-09T12:51:08.8858041Z Updating files:  85% (17452/20531)
2026-10-09T12:51:08.8938672Z Updating files:  86% (17657/20531)
2026-10-09T12:51:08.8995700Z Updating files:  87% (17862/20531)
2026-10-09T12:51:08.9057436Z Updating files:  88% (18068/20531)
2026-10-09T12:51:08.9135970Z Updating files:  89% (18273/20531)
2026-10-09T12:51:08.9508403Z Updating files:  90% (18478/20531)
2026-10-09T12:51:08.9611474Z Updating files:  91% (18684/20531)
2026-10-09T12:51:08.9705799Z Updating files:  92% (18889/20531)
2026-10-09T12:51:08.9794402Z Updating files:  93% (19094/20531)
2026-10-09T12:51:09.1278989Z Updating files:  94% (19300/20531)
2026-10-09T12:51:09.2154800Z Updating files:  95% (19505/20531)
2026-10-09T12:51:09.2758627Z Updating files:  96% (19710/20531)
2026-10-09T12:51:09.3068173Z Updating files:  97% (19916/20531)
2026-10-09T12:51:09.3167799Z Updating files:  98% (20121/20531)
2026-10-09T12:51:09.3655893Z Updating files:  98% (20141/20531)
2026-10-09T12:51:09.4101990Z Updating files:  99% (20326/20531)
2026-10-09T12:51:09.4102343Z Updating files: 100% (20531/20531)
2026-10-09T12:51:09.4102639Z Updating files: 100% (20531/20531), done.
2026-10-09T12:51:09.5064541Z Switched to a new branch 'psc0/sh1-projection-grammar-v1'
2026-10-09T12:51:09.5067905Z branch 'psc0/sh1-projection-grammar-v1' set up to track 'origin/psc0/sh1-projection-grammar-v1'.
2026-10-09T12:51:09.5183700Z ##[endgroup]
2026-10-09T12:51:09.5239007Z [command]/usr/bin/git log -1 --format=%H
2026-10-09T12:51:09.5271061Z fe2560aba0f347b1caf8d000d371464642d44f23
2026-10-09T12:51:09.5598051Z ##[group]Run actions/checkout@v4
2026-10-09T12:51:09.5598327Z with:
2026-10-09T12:51:09.5598556Z   ref: 963030dc2d154008fccc82e7c8ed29331f138799
2026-10-09T12:51:09.5598872Z   path: provider-source
2026-10-09T12:51:09.5599107Z   sparse-checkout: psc0
2026-10-09T12:51:09.5599345Z   repository: dwijayuda/pskernel
2026-10-09T12:51:09.5602126Z   token: ***
2026-10-09T12:51:09.5602345Z   ssh-strict: true
2026-10-09T12:51:09.5602562Z   ssh-user: git
2026-10-09T12:51:09.5602806Z   persist-credentials: true
2026-10-09T12:51:09.5603054Z   clean: true
2026-10-09T12:51:09.5603284Z   sparse-checkout-cone-mode: true
2026-10-09T12:51:09.5603547Z   fetch-depth: 1
2026-10-09T12:51:09.5603757Z   fetch-tags: false
2026-10-09T12:51:09.5603977Z   show-progress: true
2026-10-09T12:51:09.5604198Z   lfs: false
2026-10-09T12:51:09.5604392Z   submodules: false
2026-10-09T12:51:09.5604610Z   set-safe-directory: true
2026-10-09T12:51:09.5604860Z   allow-unsafe-pr-checkout: false
2026-10-09T12:51:09.5605169Z ##[endgroup]
2026-10-09T12:51:09.6468074Z Syncing repository: dwijayuda/pskernel
2026-10-09T12:51:09.6468785Z ##[group]Getting Git version info
2026-10-09T12:51:09.6469272Z Working directory is '/home/runner/work/pskernel/pskernel/provider-source'
2026-10-09T12:51:09.6501695Z [command]/usr/bin/git version
2026-10-09T12:51:09.6543215Z git version 2.55.0
2026-10-09T12:51:09.6565682Z ##[endgroup]
2026-10-09T12:51:09.6580211Z Temporarily overriding HOME='/home/runner/work/_temp/7c768ba4-9b38-4817-a5e5-27ea2ebe690f' before making global git config changes
2026-10-09T12:51:09.6581167Z Adding repository directory to the temporary git global config as a safe directory
2026-10-09T12:51:09.6585789Z [command]/usr/bin/git config --global --add safe.directory /home/runner/work/pskernel/pskernel/provider-source
2026-10-09T12:51:09.6623492Z ##[group]Initializing the repository
2026-10-09T12:51:09.6629002Z [command]/usr/bin/git init /home/runner/work/pskernel/pskernel/provider-source
2026-10-09T12:51:09.6672521Z hint: Using 'master' as the name for the initial branch. This default branch name
2026-10-09T12:51:09.6673641Z hint: will change to "main" in Git 3.0. To configure the initial branch name
2026-10-09T12:51:09.6675686Z hint: to use in all of your new repositories, which will suppress this warning,
2026-10-09T12:51:09.6677129Z hint: call:
2026-10-09T12:51:09.6677992Z hint:
2026-10-09T12:51:09.6679106Z hint: 	git config --global init.defaultBranch <name>
2026-10-09T12:51:09.6679552Z hint:
2026-10-09T12:51:09.6679991Z hint: Names commonly chosen instead of 'master' are 'main', 'trunk' and
2026-10-09T12:51:09.6680747Z hint: 'development'. The just-created branch can be renamed via this command:
2026-10-09T12:51:09.6681323Z hint:
2026-10-09T12:51:09.6681623Z hint: 	git branch -m <name>
2026-10-09T12:51:09.6681964Z hint:
2026-10-09T12:51:09.6682437Z hint: Disable this message with "git config set advice.defaultBranchName false"
2026-10-09T12:51:09.6683368Z Initialized empty Git repository in /home/runner/work/pskernel/pskernel/provider-source/.git/
2026-10-09T12:51:09.6685306Z [command]/usr/bin/git remote add origin https://github.com/dwijayuda/pskernel
2026-10-09T12:51:09.6724734Z ##[endgroup]
2026-10-09T12:51:09.6725298Z ##[group]Disabling automatic garbage collection
2026-10-09T12:51:09.6728473Z [command]/usr/bin/git config --local gc.auto 0
2026-10-09T12:51:09.6761808Z ##[endgroup]
2026-10-09T12:51:09.6762344Z ##[group]Setting up auth
2026-10-09T12:51:09.6769502Z [command]/usr/bin/git config --local --name-only --get-regexp core\.sshCommand
2026-10-09T12:51:09.6803595Z [command]/usr/bin/git submodule foreach --recursive sh -c "git config --local --name-only --get-regexp 'core\.sshCommand' && git config --local --unset-all 'core.sshCommand' || :"
2026-10-09T12:51:09.7063535Z [command]/usr/bin/git config --local --name-only --get-regexp http\.https\:\/\/github\.com\/\.extraheader
2026-10-09T12:51:09.7100516Z [command]/usr/bin/git submodule foreach --recursive sh -c "git config --local --name-only --get-regexp 'http\.https\:\/\/github\.com\/\.extraheader' && git config --local --unset-all 'http.https://github.com/.extraheader' || :"
2026-10-09T12:51:09.7368335Z [command]/usr/bin/git config --local --name-only --get-regexp ^includeIf\.gitdir:
2026-10-09T12:51:09.7411383Z [command]/usr/bin/git submodule foreach --recursive git config --local --show-origin --name-only --get-regexp remote.origin.url
2026-10-09T12:51:09.7670333Z [command]/usr/bin/git config --local http.https://github.com/.extraheader AUTHORIZATION: basic ***
2026-10-09T12:51:09.7713629Z ##[endgroup]
2026-10-09T12:51:09.7714229Z ##[group]Fetching the repository
2026-10-09T12:51:09.7723504Z [command]/usr/bin/git -c protocol.version=2 fetch --no-tags --prune --no-recurse-submodules --filter=blob:none --depth=1 origin 963030dc2d154008fccc82e7c8ed29331f138799
2026-10-09T12:51:10.1521352Z From https://github.com/dwijayuda/pskernel
2026-10-09T12:51:10.1522443Z  * branch            963030dc2d154008fccc82e7c8ed29331f138799 -> FETCH_HEAD
2026-10-09T12:51:10.1528262Z ##[endgroup]
2026-10-09T12:51:10.1528860Z ##[group]Determining the checkout info
2026-10-09T12:51:10.1531342Z ##[endgroup]
2026-10-09T12:51:10.1531936Z ##[group]Setting up sparse checkout
2026-10-09T12:51:10.1539603Z [command]/usr/bin/git sparse-checkout set psc0
2026-10-09T12:51:10.1586593Z ##[endgroup]
2026-10-09T12:51:10.1587192Z ##[group]Checking out the ref
2026-10-09T12:51:10.1593344Z [command]/usr/bin/git checkout --progress --force 963030dc2d154008fccc82e7c8ed29331f138799
2026-10-09T12:51:15.4114424Z Updating files:   0% (1/1082)
2026-10-09T12:51:15.4122316Z Updating files:   1% (11/1082)
2026-10-09T12:51:15.4129785Z Updating files:   2% (22/1082)
2026-10-09T12:51:15.4187074Z Updating files:   3% (33/1082)
2026-10-09T12:51:15.4193573Z Updating files:   4% (44/1082)
2026-10-09T12:51:15.4200893Z Updating files:   5% (55/1082)
2026-10-09T12:51:15.4208528Z Updating files:   6% (65/1082)
2026-10-09T12:51:15.4282624Z Updating files:   7% (76/1082)
2026-10-09T12:51:15.4308205Z Updating files:   8% (87/1082)
2026-10-09T12:51:15.4338159Z Updating files:   9% (98/1082)
2026-10-09T12:51:15.4361262Z Updating files:  10% (109/1082)
2026-10-09T12:51:15.4377730Z Updating files:  11% (120/1082)
2026-10-09T12:51:15.4387716Z Updating files:  12% (130/1082)
2026-10-09T12:51:15.4490748Z Updating files:  13% (141/1082)
2026-10-09T12:51:15.4591680Z Updating files:  14% (152/1082)
2026-10-09T12:51:15.4596043Z Updating files:  15% (163/1082)
2026-10-09T12:51:15.4601419Z Updating files:  16% (174/1082)
2026-10-09T12:51:15.4609031Z Updating files:  17% (184/1082)
2026-10-09T12:51:15.4616625Z Updating files:  18% (195/1082)
2026-10-09T12:51:15.4624032Z Updating files:  19% (206/1082)
2026-10-09T12:51:15.4630913Z Updating files:  20% (217/1082)
2026-10-09T12:51:15.4638928Z Updating files:  21% (228/1082)
2026-10-09T12:51:15.4644778Z Updating files:  22% (239/1082)
2026-10-09T12:51:15.4650367Z Updating files:  23% (249/1082)
2026-10-09T12:51:15.4655641Z Updating files:  24% (260/1082)
2026-10-09T12:51:15.4661753Z Updating files:  25% (271/1082)
2026-10-09T12:51:15.4670372Z Updating files:  26% (282/1082)
2026-10-09T12:51:15.4678500Z Updating files:  27% (293/1082)
2026-10-09T12:51:15.4685775Z Updating files:  28% (303/1082)
2026-10-09T12:51:15.4697669Z Updating files:  29% (314/1082)
2026-10-09T12:51:15.4703470Z Updating files:  30% (325/1082)
2026-10-09T12:51:15.4714873Z Updating files:  31% (336/1082)
2026-10-09T12:51:15.4724060Z Updating files:  32% (347/1082)
2026-10-09T12:51:15.4731767Z Updating files:  33% (358/1082)
2026-10-09T12:51:15.4741748Z Updating files:  34% (368/1082)
2026-10-09T12:51:15.4748574Z Updating files:  35% (379/1082)
2026-10-09T12:51:15.4758541Z Updating files:  36% (390/1082)
2026-10-09T12:51:15.4768354Z Updating files:  37% (401/1082)
2026-10-09T12:51:15.4774921Z Updating files:  38% (412/1082)
2026-10-09T12:51:15.4786433Z Updating files:  39% (422/1082)
2026-10-09T12:51:15.4796747Z Updating files:  40% (433/1082)
2026-10-09T12:51:15.4805012Z Updating files:  41% (444/1082)
2026-10-09T12:51:15.4814355Z Updating files:  42% (455/1082)
2026-10-09T12:51:15.4824029Z Updating files:  43% (466/1082)
2026-10-09T12:51:15.4833227Z Updating files:  44% (477/1082)
2026-10-09T12:51:15.4843109Z Updating files:  45% (487/1082)
2026-10-09T12:51:15.4849950Z Updating files:  46% (498/1082)
2026-10-09T12:51:15.4860749Z Updating files:  47% (509/1082)
2026-10-09T12:51:15.4867985Z Updating files:  48% (520/1082)
2026-10-09T12:51:15.4875066Z Updating files:  49% (531/1082)
2026-10-09T12:51:15.4882291Z Updating files:  50% (541/1082)
2026-10-09T12:51:15.4888858Z Updating files:  51% (552/1082)
2026-10-09T12:51:15.4894576Z Updating files:  52% (563/1082)
2026-10-09T12:51:15.4902498Z Updating files:  53% (574/1082)
2026-10-09T12:51:15.4909927Z Updating files:  54% (585/1082)
2026-10-09T12:51:15.4915673Z Updating files:  55% (596/1082)
2026-10-09T12:51:15.4924272Z Updating files:  56% (606/1082)
2026-10-09T12:51:15.4931284Z Updating files:  57% (617/1082)
2026-10-09T12:51:15.4940013Z Updating files:  58% (628/1082)
2026-10-09T12:51:15.4947616Z Updating files:  59% (639/1082)
2026-10-09T12:51:15.4957456Z Updating files:  60% (650/1082)
2026-10-09T12:51:15.5027830Z Updating files:  61% (661/1082)
2026-10-09T12:51:15.5034190Z Updating files:  62% (671/1082)
2026-10-09T12:51:15.5039845Z Updating files:  63% (682/1082)
2026-10-09T12:51:15.5047827Z Updating files:  64% (693/1082)
2026-10-09T12:51:16.1708476Z Updating files:  65% (704/1082)
2026-10-09T12:51:16.5138781Z Updating files:  66% (715/1082)
2026-10-09T12:51:17.1879064Z Updating files:  66% (716/1082)
2026-10-09T12:51:17.1882139Z Updating files:  66% (718/1082)
2026-10-09T12:51:17.1888178Z Updating files:  67% (725/1082)
2026-10-09T12:51:17.1893635Z Updating files:  68% (736/1082)
2026-10-09T12:51:17.1900711Z Updating files:  69% (747/1082)
2026-10-09T12:51:17.1910039Z Updating files:  70% (758/1082)
2026-10-09T12:51:17.1916158Z Updating files:  71% (769/1082)
2026-10-09T12:51:17.1922199Z Updating files:  72% (780/1082)
2026-10-09T12:51:17.1929020Z Updating files:  73% (790/1082)
2026-10-09T12:51:17.1934746Z Updating files:  74% (801/1082)
2026-10-09T12:51:17.1938616Z Updating files:  75% (812/1082)
2026-10-09T12:51:17.1943936Z Updating files:  76% (823/1082)
2026-10-09T12:51:17.1948770Z Updating files:  77% (834/1082)
2026-10-09T12:51:17.1956259Z Updating files:  78% (844/1082)
2026-10-09T12:51:17.1966794Z Updating files:  79% (855/1082)
2026-10-09T12:51:17.1973717Z Updating files:  80% (866/1082)
2026-10-09T12:51:17.1978882Z Updating files:  81% (877/1082)
2026-10-09T12:51:17.1983583Z Updating files:  82% (888/1082)
2026-10-09T12:51:17.1988109Z Updating files:  83% (899/1082)
2026-10-09T12:51:17.1993504Z Updating files:  84% (909/1082)
2026-10-09T12:51:17.2001881Z Updating files:  85% (920/1082)
2026-10-09T12:51:17.2005852Z Updating files:  86% (931/1082)
2026-10-09T12:51:17.2010881Z Updating files:  87% (942/1082)
2026-10-09T12:51:17.2015533Z Updating files:  88% (953/1082)
2026-10-09T12:51:17.2020455Z Updating files:  89% (963/1082)
2026-10-09T12:51:17.2025206Z Updating files:  90% (974/1082)
2026-10-09T12:51:17.2031439Z Updating files:  91% (985/1082)
2026-10-09T12:51:17.2037849Z Updating files:  92% (996/1082)
2026-10-09T12:51:17.2044075Z Updating files:  93% (1007/1082)
2026-10-09T12:51:17.2049713Z Updating files:  94% (1018/1082)
2026-10-09T12:51:17.2055030Z Updating files:  95% (1028/1082)
2026-10-09T12:51:17.2062045Z Updating files:  96% (1039/1082)
2026-10-09T12:51:17.2067852Z Updating files:  97% (1050/1082)
2026-10-09T12:51:17.2077144Z Updating files:  98% (1061/1082)
2026-10-09T12:51:17.2083414Z Updating files:  99% (1072/1082)
2026-10-09T12:51:17.2083898Z Updating files: 100% (1082/1082)
2026-10-09T12:51:17.2084380Z Updating files: 100% (1082/1082), done.
2026-10-09T12:51:17.2264594Z Note: switching to '963030dc2d154008fccc82e7c8ed29331f138799'.
2026-10-09T12:51:17.2265064Z 
2026-10-09T12:51:17.2265373Z You are in 'detached HEAD' state. You can look around, make experimental
2026-10-09T12:51:17.2266111Z changes and commit them, and you can discard any commits you make in this
2026-10-09T12:51:17.2267046Z state without impacting any branches by switching back to a branch.
2026-10-09T12:51:17.2267843Z 
2026-10-09T12:51:17.2268123Z If you want to create a new branch to retain commits you create, you may
2026-10-09T12:51:17.2268825Z do so (now or later) by using -c with the switch command. Example:
2026-10-09T12:51:17.2269220Z 
2026-10-09T12:51:17.2269388Z   git switch -c <new-branch-name>
2026-10-09T12:51:17.2269659Z 
2026-10-09T12:51:17.2269809Z Or undo this operation with:
2026-10-09T12:51:17.2270066Z 
2026-10-09T12:51:17.2270193Z   git switch -
2026-10-09T12:51:17.2270385Z 
2026-10-09T12:51:17.2270718Z Turn off this advice by setting config variable advice.detachedHead to false
2026-10-09T12:51:17.2271209Z 
2026-10-09T12:51:17.2271682Z HEAD is now at 963030d sync(psc0): replace kernel runtime implementation with latest proof-lane source
2026-10-09T12:51:17.2308004Z ##[endgroup]
2026-10-09T12:51:17.2360086Z [command]/usr/bin/git log -1 --format=%H
2026-10-09T12:51:17.2401084Z 963030dc2d154008fccc82e7c8ed29331f138799
2026-10-09T12:51:17.2584593Z ##[group]Run actions/setup-node@v4
2026-10-09T12:51:17.2584880Z with:
2026-10-09T12:51:17.2585083Z   node-version: 22.23.3
2026-10-09T12:51:17.2585312Z   always-auth: false
2026-10-09T12:51:17.2585529Z   check-latest: false
2026-10-09T12:51:17.2588429Z   token: ***
2026-10-09T12:51:17.2588638Z ##[endgroup]
2026-10-09T12:51:17.4007431Z Found in cache @ /opt/hostedtoolcache/node/22.23.3/x64
2026-10-09T12:51:17.4012515Z (node:2429) [DEP0040] DeprecationWarning: The `punycode` module is deprecated. Please use a userland alternative instead.
2026-10-09T12:51:17.4013433Z (Use `node --trace-deprecation ...` to show where the warning was created)
2026-10-09T12:51:17.4014954Z ##[group]Environment details
2026-10-09T12:51:17.7333583Z node: v22.23.3
2026-10-09T12:51:17.7333894Z npm: 10.9.9
2026-10-09T12:51:17.7334094Z yarn: 1.22.22
2026-10-09T12:51:17.7334928Z ##[endgroup]
2026-10-09T12:51:17.7653250Z ##[group]Run leanprover/lean-action@v1
2026-10-09T12:51:17.7653550Z with:
2026-10-09T12:51:17.7653804Z   lake-package-directory: provider-source/psc0
2026-10-09T12:51:17.7654125Z   auto-config: false
2026-10-09T12:51:17.7654342Z   build: false
2026-10-09T12:51:17.7654540Z   test: false
2026-10-09T12:51:17.7654747Z   use-github-cache: false
2026-10-09T12:51:17.7654984Z   use-mathlib-cache: false
2026-10-09T12:51:17.7655210Z   lint: default
2026-10-09T12:51:17.7655408Z   mk_all-check: false
2026-10-09T12:51:17.7655644Z   check-reservoir-eligibility: false
2026-10-09T12:51:17.7655915Z   leanchecker: false
2026-10-09T12:51:17.7656133Z   lean4checker: false
2026-10-09T12:51:17.7656342Z   nanoda: false
2026-10-09T12:51:17.7656546Z   nanoda-allow-sorry: true
2026-10-09T12:51:17.7656777Z   axiom-audit: false
2026-10-09T12:51:17.7657058Z   axiom-audit-allow: propext,Classical.choice,Quot.sound
2026-10-09T12:51:17.7657581Z   reinstall-transient-toolchain: false
2026-10-09T12:51:17.7657900Z ##[endgroup]
2026-10-09T12:51:17.7739466Z ##[start-action display=install elan;id=__leanprover_lean-action.__run]
2026-10-09T12:51:17.7777692Z ##[group]Run : Install Elan
2026-10-09T12:51:17.7778028Z [36;1m: Install Elan[0m
2026-10-09T12:51:17.7778350Z [36;1m${GITHUB_ACTION_PATH}/scripts/install_elan.sh[0m
2026-10-09T12:51:17.8016651Z shell: /usr/bin/bash --noprofile --norc -e -o pipefail {0}
2026-10-09T12:51:17.8017031Z ##[endgroup]
2026-10-09T12:51:17.8159820Z ##[group]Elan Installation Output
2026-10-09T12:51:17.8596149Z info: downloading installer
2026-10-09T12:51:18.6649491Z info: downloading https://releases.lean-lang.org/lean4/v4.34.0/lean-4.34.0-linux.tar.zst
2026-10-09T12:51:21.9626800Z info: installing /home/runner/.elan/toolchains/leanprover--lean4---v4.34.0
2026-10-09T12:51:29.3247376Z Lean (version 4.34.0, x86_64-unknown-linux-gnu, commit 293d5d0c0c3f3dded4688b3ccd6a33939ac5102b, Release)
2026-10-09T12:51:29.3688778Z Lake version 5.0.0-src+293d5d0 (Lean version 4.34.0)
2026-10-09T12:51:29.3690133Z ##[endgroup]
2026-10-09T12:51:29.3690272Z 
2026-10-09T12:51:29.3719460Z ##[end-action id=__leanprover_lean-action.__run;outcome=success;conclusion=success;duration_ms=11597]
2026-10-09T12:51:29.3730283Z ##[start-action display=configure `lean-action`;id=__leanprover_lean-action.config]
2026-10-09T12:51:29.3757172Z ##[group]Run : Configure Lean Action
2026-10-09T12:51:29.3757886Z [36;1m: Configure Lean Action[0m
2026-10-09T12:51:29.3758390Z [36;1m${GITHUB_ACTION_PATH}/scripts/config.sh[0m
2026-10-09T12:51:29.3845743Z shell: /usr/bin/bash --noprofile --norc -e -o pipefail {0}
2026-10-09T12:51:29.3846301Z env:
2026-10-09T12:51:29.3846621Z   AUTO_CONFIG: false
2026-10-09T12:51:29.3846956Z   BUILD: false
2026-10-09T12:51:29.3847461Z   TEST: false
2026-10-09T12:51:29.3847779Z   LINT: default
2026-10-09T12:51:29.3848099Z ##[endgroup]
2026-10-09T12:51:29.3973396Z ##[group]Configure lean-action
2026-10-09T12:51:29.4029295Z ##[end-action id=__leanprover_lean-action.config;outcome=success;conclusion=success;duration_ms=29]
2026-10-09T12:51:29.4034302Z ##[start-action display=reinstall transient toolchain;id=__leanprover_lean-action.__run_2]
2026-10-09T12:51:29.4042500Z ##[end-action id=__leanprover_lean-action.__run_2;outcome=skipped;conclusion=skipped;duration_ms=0]
2026-10-09T12:51:29.4045132Z ##[start-action display=ensure all files are imported;id=__leanprover_lean-action.mk_all]
2026-10-09T12:51:29.4049201Z ##[end-action id=__leanprover_lean-action.mk_all;outcome=skipped;conclusion=skipped;duration_ms=0]
2026-10-09T12:51:29.4051320Z ##[start-action display=Run actions/cache/restore@caa296126883cff596d87d8935842f9db880ef25;id=__leanprover_lean-action.__actions_cache]
2026-10-09T12:51:29.4054920Z ##[end-action id=__leanprover_lean-action.__actions_cache;outcome=skipped;conclusion=skipped;duration_ms=0]
2026-10-09T12:51:29.4056690Z ##[start-action display=detect mathlib;id=__leanprover_lean-action.detect-mathlib]
2026-10-09T12:51:29.4060490Z ##[end-action id=__leanprover_lean-action.detect-mathlib;outcome=skipped;conclusion=skipped;duration_ms=0]
2026-10-09T12:51:29.4062253Z ##[start-action display=get mathlib cache;id=__leanprover_lean-action.__run_3]
2026-10-09T12:51:29.4084015Z ##[end-action id=__leanprover_lean-action.__run_3;outcome=skipped;conclusion=skipped;duration_ms=0]
2026-10-09T12:51:29.4108914Z ##[start-action display=build dwijayuda/pskernel;id=__leanprover_lean-action.build]
2026-10-09T12:51:29.4113539Z ##[end-action id=__leanprover_lean-action.build;outcome=skipped;conclusion=skipped;duration_ms=0]
2026-10-09T12:51:29.4115705Z ##[start-action display=Run actions/cache/save@caa296126883cff596d87d8935842f9db880ef25;id=__leanprover_lean-action.__actions_cache_2]
2026-10-09T12:51:29.4119582Z ##[end-action id=__leanprover_lean-action.__actions_cache_2;outcome=skipped;conclusion=skipped;duration_ms=0]
2026-10-09T12:51:29.4122967Z ##[start-action display=test dwijayuda/pskernel;id=__leanprover_lean-action.test]
2026-10-09T12:51:29.4127149Z ##[end-action id=__leanprover_lean-action.test;outcome=skipped;conclusion=skipped;duration_ms=0]
2026-10-09T12:51:29.4130038Z ##[start-action display=lint dwijayuda/pskernel;id=__leanprover_lean-action.lint]
2026-10-09T12:51:29.4133982Z ##[end-action id=__leanprover_lean-action.lint;outcome=skipped;conclusion=skipped;duration_ms=0]
2026-10-09T12:51:29.4135764Z ##[start-action display=check reservoir eligibility;id=__leanprover_lean-action.__run_4]
2026-10-09T12:51:29.4139269Z ##[end-action id=__leanprover_lean-action.__run_4;outcome=skipped;conclusion=skipped;duration_ms=0]
2026-10-09T12:51:29.4141649Z ##[start-action display=check environment with leanchecker;id=__leanprover_lean-action.__run_5]
2026-10-09T12:51:29.4146097Z ##[end-action id=__leanprover_lean-action.__run_5;outcome=skipped;conclusion=skipped;duration_ms=0]
2026-10-09T12:51:29.4148388Z ##[start-action display=check environment with nanoda;id=__leanprover_lean-action.nanoda]
2026-10-09T12:51:29.4151576Z ##[end-action id=__leanprover_lean-action.nanoda;outcome=skipped;conclusion=skipped;duration_ms=0]
2026-10-09T12:51:29.4153793Z ##[start-action display=audit axioms with axiom-audit;id=__leanprover_lean-action.axiom-audit]
2026-10-09T12:51:29.4157120Z ##[end-action id=__leanprover_lean-action.axiom-audit;outcome=skipped;conclusion=skipped;duration_ms=0]
2026-10-09T12:51:29.4228150Z ##[group]Run actions/cache/restore@v4
2026-10-09T12:51:29.4228437Z with:
2026-10-09T12:51:29.4228667Z   path: provider-source/psc0/.lake/build
2026-10-09T12:51:29.4229102Z   key: psc0-sh1-provider-v1-Linux-X64-963030dc2d154008fccc82e7c8ed29331f138799
2026-10-09T12:51:29.4229556Z   enableCrossOsArchive: false
2026-10-09T12:51:29.4229830Z   fail-on-cache-miss: false
2026-10-09T12:51:29.4230074Z   lookup-only: false
2026-10-09T12:51:29.4230291Z ##[endgroup]
2026-10-09T12:51:29.5332054Z (node:2506) [DEP0040] DeprecationWarning: The `punycode` module is deprecated. Please use a userland alternative instead.
2026-10-09T12:51:29.5332883Z (Use `node --trace-deprecation ...` to show where the warning was created)
2026-10-09T12:51:29.6485990Z Cache not found for input keys: psc0-sh1-provider-v1-Linux-X64-963030dc2d154008fccc82e7c8ed29331f138799
2026-10-09T12:51:29.6590707Z ##[group]Run lake build psc_kernel_core_provider
2026-10-09T12:51:29.6591254Z [36;1mlake build psc_kernel_core_provider[0m
2026-10-09T12:51:29.6660861Z shell: /usr/bin/bash -e {0}
2026-10-09T12:51:29.6661131Z ##[endgroup]
2026-10-09T12:51:31.7889004Z ✔ [1/94] Built Ps.Foundation.List (592ms)
2026-10-09T12:51:31.8847847Z ✔ [2/94] Built Ps.KernelCore.Core.Name (710ms)
2026-10-09T12:51:31.9869078Z ✔ [3/94] Built Ps.Foundation.Name (868ms)
2026-10-09T12:51:32.3857705Z ✔ [4/94] Built Ps.Host.KernelCoreProvider.Error (549ms)
2026-10-09T12:51:32.6880000Z ✔ [6/204] Built Ps.Bridge.Json (1.6s)
2026-10-09T12:51:32.6929401Z ✔ [7/204] Built Ps.KernelCore.Checker.ResourcePolicy (675ms)
2026-10-09T12:51:32.9892158Z ✔ [8/204] Built Ps.Core.Level (580ms)
2026-10-09T12:51:32.9895607Z ✔ [9/204] Built Ps.KernelCore.Core.Level (1.1s)
2026-10-09T12:51:33.2909525Z ✔ [10/204] Built Ps.KernelCore.API.Outcome (596ms)
2026-10-09T12:51:33.2948858Z ✔ [11/204] Built Ps.Core.Builtin (529ms)
2026-10-09T12:51:33.3919687Z ✔ [12/204] Built Ps.Foundation.Name:c.o (353ms)
2026-10-09T12:51:33.4899112Z ✔ [13/204] Built Ps.Foundation.List:c.o (239ms)
2026-10-09T12:51:33.6048250Z ✔ [14/204] Built Ps.KernelCore.Checker.ResourcePolicy:c.o (275ms)
2026-10-09T12:51:33.7901345Z ✔ [15/204] Built Ps.KernelCore.Core.Name:c.o (488ms)
2026-10-09T12:51:33.7928402Z ✔ [16/204] Built Ps.Host.KernelCoreProvider.Error:c.o (285ms)
2026-10-09T12:51:33.8918848Z ✔ [17/204] Built Ps.Core.Level:c.o (157ms)
2026-10-09T12:51:34.0909042Z ✔ [18/204] Built Ps.Core.Builtin:c.o (329ms)
2026-10-09T12:51:34.1928528Z ✔ [19/204] Built Ps.KernelCore.API.Outcome:c.o (250ms)
2026-10-09T12:51:34.5959127Z ✔ [20/204] Built Ps.Bridge.Json:c.o (1.6s)
2026-10-09T12:51:34.5960330Z ✔ [21/204] Built Ps.KernelCore.Core.Level:c.o (1.0s)
2026-10-09T12:51:34.6955313Z ✔ [22/204] Built Ps.Core.Expr (507ms)
2026-10-09T12:51:34.8969011Z ✔ [23/204] Built Ps.Core.Expr:c.o (231ms)
2026-10-09T12:51:35.1985680Z ⚠ [24/204] Built Ps.Core.Subst (468ms)
2026-10-09T12:51:35.1988484Z warning: packages/core/src/Ps/Core/Subst.lean:14:11: Variable name `cutoff` is not explicitly referenced.
2026-10-09T12:51:35.2007928Z 
2026-10-09T12:51:35.2038771Z Hint: The binding can be removed (if unused) or named `_` (if used implicitly). Alternatively, prefix the name with `_` to silence this warning:
2026-10-09T12:51:35.2067641Z   [apply] _cutoff
2026-10-09T12:51:35.2107694Z 
2026-10-09T12:51:35.2123708Z Note: This linter can be disabled with `set_option linter.unusedVariables false`
2026-10-09T12:51:35.2148388Z warning: packages/core/src/Ps/Core/Subst.lean:16:11: Variable name `cutoff` is not explicitly referenced.
2026-10-09T12:51:35.2149085Z 
2026-10-09T12:51:35.2150069Z Hint: The binding can be removed (if unused) or named `_` (if used implicitly). Alternatively, prefix the name with `_` to silence this warning:
2026-10-09T12:51:35.2151058Z   [apply] _cutoff
2026-10-09T12:51:35.2151257Z 
2026-10-09T12:51:35.2151797Z Note: This linter can be disabled with `set_option linter.unusedVariables false`
2026-10-09T12:51:35.2153074Z warning: packages/core/src/Ps/Core/Subst.lean:18:11: Variable name `cutoff` is not explicitly referenced.
2026-10-09T12:51:35.2153801Z 
2026-10-09T12:51:35.2154744Z Hint: The binding can be removed (if unused) or named `_` (if used implicitly). Alternatively, prefix the name with `_` to silence this warning:
2026-10-09T12:51:35.2155813Z   [apply] _cutoff
2026-10-09T12:51:35.2156016Z 
2026-10-09T12:51:35.2156546Z Note: This linter can be disabled with `set_option linter.unusedVariables false`
2026-10-09T12:51:35.2158009Z warning: packages/core/src/Ps/Core/Subst.lean:20:11: Variable name `cutoff` is not explicitly referenced.
2026-10-09T12:51:35.2158667Z 
2026-10-09T12:51:35.2159612Z Hint: The binding can be removed (if unused) or named `_` (if used implicitly). Alternatively, prefix the name with `_` to silence this warning:
2026-10-09T12:51:35.2160582Z   [apply] _cutoff
2026-10-09T12:51:35.2160787Z 
2026-10-09T12:51:35.2161902Z Note: This linter can be disabled with `set_option linter.unusedVariables false`
2026-10-09T12:51:35.2163398Z warning: packages/core/src/Ps/Core/Subst.lean:66:11: Variable name `cutoff` is not explicitly referenced.
2026-10-09T12:51:35.2164048Z 
2026-10-09T12:51:35.2164980Z Hint: The binding can be removed (if unused) or named `_` (if used implicitly). Alternatively, prefix the name with `_` to silence this warning:
2026-10-09T12:51:35.2165958Z   [apply] _cutoff
2026-10-09T12:51:35.2166178Z 
2026-10-09T12:51:35.2166709Z Note: This linter can be disabled with `set_option linter.unusedVariables false`
2026-10-09T12:51:35.2198735Z warning: packages/core/src/Ps/Core/Subst.lean:94:11: Variable name `depth` is not explicitly referenced.
2026-10-09T12:51:35.2199410Z 
2026-10-09T12:51:35.2200394Z Hint: The binding can be removed (if unused) or named `_` (if used implicitly). Alternatively, prefix the name with `_` to silence this warning:
2026-10-09T12:51:35.2201362Z   [apply] _depth
2026-10-09T12:51:35.2201575Z 
2026-10-09T12:51:35.2202092Z Note: This linter can be disabled with `set_option linter.unusedVariables false`
2026-10-09T12:51:35.2203292Z warning: packages/core/src/Ps/Core/Subst.lean:96:11: Variable name `depth` is not explicitly referenced.
2026-10-09T12:51:35.2203907Z 
2026-10-09T12:51:35.2204858Z Hint: The binding can be removed (if unused) or named `_` (if used implicitly). Alternatively, prefix the name with `_` to silence this warning:
2026-10-09T12:51:35.2205807Z   [apply] _depth
2026-10-09T12:51:35.2206050Z 
2026-10-09T12:51:35.2206563Z Note: This linter can be disabled with `set_option linter.unusedVariables false`
2026-10-09T12:51:35.2207962Z warning: packages/core/src/Ps/Core/Subst.lean:98:11: Variable name `depth` is not explicitly referenced.
2026-10-09T12:51:35.2208587Z 
2026-10-09T12:51:35.2209513Z Hint: The binding can be removed (if unused) or named `_` (if used implicitly). Alternatively, prefix the name with `_` to silence this warning:
2026-10-09T12:51:35.2210444Z   [apply] _depth
2026-10-09T12:51:35.2210646Z 
2026-10-09T12:51:35.2211629Z Note: This linter can be disabled with `set_option linter.unusedVariables false`
2026-10-09T12:51:35.2212842Z warning: packages/core/src/Ps/Core/Subst.lean:100:11: Variable name `depth` is not explicitly referenced.
2026-10-09T12:51:35.2213476Z 
2026-10-09T12:51:35.2214418Z Hint: The binding can be removed (if unused) or named `_` (if used implicitly). Alternatively, prefix the name with `_` to silence this warning:
2026-10-09T12:51:35.2215364Z   [apply] _depth
2026-10-09T12:51:35.2215564Z 
2026-10-09T12:51:35.2216066Z Note: This linter can be disabled with `set_option linter.unusedVariables false`
2026-10-09T12:51:35.2217434Z warning: packages/core/src/Ps/Core/Subst.lean:146:11: Variable name `depth` is not explicitly referenced.
2026-10-09T12:51:35.2218079Z 
2026-10-09T12:51:35.2218986Z Hint: The binding can be removed (if unused) or named `_` (if used implicitly). Alternatively, prefix the name with `_` to silence this warning:
2026-10-09T12:51:35.2219915Z   [apply] _depth
2026-10-09T12:51:35.2220111Z 
2026-10-09T12:51:35.2220612Z Note: This linter can be disabled with `set_option linter.unusedVariables false`
2026-10-09T12:51:35.3035418Z ⚠ [25/204] Built Ps.Core.Abstract (426ms)
2026-10-09T12:51:35.3071902Z warning: packages/core/src/Ps/Core/Abstract.lean:8:11: Variable name `depth` is not explicitly referenced.
2026-10-09T12:51:35.3097768Z 
2026-10-09T12:51:35.3128913Z Hint: The binding can be removed (if unused) or named `_` (if used implicitly). Alternatively, prefix the name with `_` to silence this warning:
2026-10-09T12:51:35.3138096Z   [apply] _depth
2026-10-09T12:51:35.3153117Z 
2026-10-09T12:51:35.3178339Z Note: This linter can be disabled with `set_option linter.unusedVariables false`
2026-10-09T12:51:35.3208374Z warning: packages/core/src/Ps/Core/Abstract.lean:16:11: Variable name `depth` is not explicitly referenced.
2026-10-09T12:51:35.3237546Z 
2026-10-09T12:51:35.3255048Z Hint: The binding can be removed (if unused) or named `_` (if used implicitly). Alternatively, prefix the name with `_` to silence this warning:
2026-10-09T12:51:35.3267789Z   [apply] _depth
2026-10-09T12:51:35.3297616Z 
2026-10-09T12:51:35.3328205Z Note: This linter can be disabled with `set_option linter.unusedVariables false`
2026-10-09T12:51:35.3348718Z warning: packages/core/src/Ps/Core/Abstract.lean:18:11: Variable name `depth` is not explicitly referenced.
2026-10-09T12:51:35.3354447Z 
2026-10-09T12:51:35.3378837Z Hint: The binding can be removed (if unused) or named `_` (if used implicitly). Alternatively, prefix the name with `_` to silence this warning:
2026-10-09T12:51:35.3407939Z   [apply] _depth
2026-10-09T12:51:35.3437638Z 
2026-10-09T12:51:35.3468242Z Note: This linter can be disabled with `set_option linter.unusedVariables false`
2026-10-09T12:51:35.3469974Z warning: packages/core/src/Ps/Core/Abstract.lean:20:11: Variable name `depth` is not explicitly referenced.
2026-10-09T12:51:35.3517779Z 
2026-10-09T12:51:35.3534939Z Hint: The binding can be removed (if unused) or named `_` (if used implicitly). Alternatively, prefix the name with `_` to silence this warning:
2026-10-09T12:51:35.3558426Z   [apply] _depth
2026-10-09T12:51:35.3575494Z 
2026-10-09T12:51:35.3608418Z Note: This linter can be disabled with `set_option linter.unusedVariables false`
2026-10-09T12:51:35.3628506Z warning: packages/core/src/Ps/Core/Abstract.lean:66:11: Variable name `depth` is not explicitly referenced.
2026-10-09T12:51:35.3629398Z 
2026-10-09T12:51:35.3638512Z Hint: The binding can be removed (if unused) or named `_` (if used implicitly). Alternatively, prefix the name with `_` to silence this warning:
2026-10-09T12:51:35.3639585Z   [apply] _depth
2026-10-09T12:51:35.3644569Z 
2026-10-09T12:51:35.3645139Z Note: This linter can be disabled with `set_option linter.unusedVariables false`
2026-10-09T12:51:35.4038940Z ✔ [26/204] Built Ps.KernelCore.Core.Expr (1.3s)
2026-10-09T12:51:35.5078998Z ✔ [27/204] Built Ps.Core.Equality (777ms)
2026-10-09T12:51:35.6045948Z ✔ [28/204] Built Ps.Core.Subst:c.o (218ms)
2026-10-09T12:51:35.7061457Z ✔ [29/204] Built Ps.Core.Declaration (576ms)
2026-10-09T12:51:35.7088377Z ✔ [30/204] Built Ps.Core.Abstract:c.o (233ms)
2026-10-09T12:51:35.8079046Z ✔ [31/204] Built Ps.Core.Equality:c.o (228ms)
2026-10-09T12:51:36.1085846Z ✔ [32/204] Built Ps.KernelCore.Runtime.Acceleration.CachePolicy (454ms)
2026-10-09T12:51:36.2089657Z ✔ [33/204] Built Ps.KernelCore.Core.Expr:c.o (713ms)
2026-10-09T12:51:36.3099102Z ✔ [34/204] Built Ps.KernelCore.Core.Substitution.ListOps (494ms)
2026-10-09T12:51:36.6128987Z ✔ [35/204] Built Ps.KernelCore.Core.LocalContext (533ms)
2026-10-09T12:51:36.7129004Z ✔ [36/204] Built Ps.KernelCore.Runtime.Capability.Types (533ms)
2026-10-09T12:51:36.7157722Z ✔ [37/204] Built Ps.KernelCore.Runtime.Acceleration.Cache (996ms)
2026-10-09T12:51:36.8119293Z ✔ [38/204] Built Ps.KernelCore.Runtime.Acceleration.CachePolicy:c.o (135ms)
2026-10-09T12:51:36.9109122Z ✔ [39/204] Built Ps.Core.Declaration:c.o (219ms)
2026-10-09T12:51:36.9188745Z ✔ [40/204] Built Ps.KernelCore.Core.Substitution.ListOps:c.o (212ms)
2026-10-09T12:51:37.0149220Z ✔ [41/204] Built Ps.KernelCore.Runtime.Capability.Types:c.o (125ms)
2026-10-09T12:51:37.0189647Z ✔ [42/204] Built Ps.KernelCore.Core.LocalContext:c.o (226ms)
2026-10-09T12:51:37.2152765Z ✔ [43/204] Built Ps.KernelCore.Core.Declaration (950ms)
2026-10-09T12:51:37.6179214Z ✔ [44/204] Built Ps.KernelCore.Core.Substitution.Lift (567ms)
2026-10-09T12:51:37.6208446Z ✔ [45/204] Built Ps.KernelCore.Runtime.Acceleration.Cache:c.o (641ms)
2026-10-09T12:51:37.7198769Z ✔ [46/204] Built Ps.Environment.Basic (734ms)
2026-10-09T12:51:37.7208795Z ✔ [47/204] Built Ps.KernelCore.Runtime.Capability.Lean434NativeReduction (474ms)
2026-10-09T12:51:38.0169160Z ✔ [48/204] Built Ps.KernelCore.Checker.State (438ms)
2026-10-09T12:51:38.0228989Z ✔ [49/204] Built Ps.KernelCore.Core.Declaration:c.o (353ms)
2026-10-09T12:51:38.1179702Z ✔ [50/204] Built Ps.Environment.Basic:c.o (434ms)
2026-10-09T12:51:38.1188472Z ✔ [51/204] Built Ps.KernelCore.Core.Substitution.Lift:c.o (426ms)
2026-10-09T12:51:38.3189957Z ✔ [52/204] Built Ps.KernelCore.Runtime.Capability.Lean434NativeReduction:c.o (220ms)
2026-10-09T12:51:38.6199062Z ✔ [53/204] Built Ps.KernelCore.Environment.Semantic (595ms)
2026-10-09T12:51:38.6221871Z ✔ [54/204] Built Ps.KernelCore.Runtime.Acceleration.EnvironmentIndex (604ms)
2026-10-09T12:51:38.7269356Z ✔ [55/204] Built Ps.KernelCore.Core.Substitution.Instantiate (548ms)
2026-10-09T12:51:39.0232553Z ✔ [56/204] Built Ps.KernelCore.Checker.State:c.o (365ms)
2026-10-09T12:51:39.1260267Z ✔ [57/204] Built Ps.KernelCore.Runtime.Acceleration.EnvironmentIndex:c.o (398ms)
2026-10-09T12:51:39.2279246Z ✔ [58/204] Built Ps.KernelCore.Environment.Semantic:c.o (224ms)
2026-10-09T12:51:39.4258791Z ✔ [59/204] Built Ps.Environment.Prelude (818ms)
2026-10-09T12:51:39.5269271Z ✔ [60/204] Built Ps.KernelCore.Core.Substitution.Instantiate:c.o (525ms)
2026-10-09T12:51:39.7278944Z ✔ [61/204] Built Ps.KernelCore.Environment.Environment (451ms)
2026-10-09T12:51:39.8259023Z ✔ [62/204] Built Ps.KernelCore.Environment.Environment:c.o (141ms)
2026-10-09T12:51:39.9261959Z ✔ [63/204] Built Ps.KernelCore.Core.Substitution.Beta (502ms)
2026-10-09T12:51:40.0299173Z ✔ [64/204] Built Ps.Bridge.CheckedAdmissions (1.8s)
2026-10-09T12:51:40.2309107Z ✔ [65/204] Built Ps.KernelCore.Core.Substitution.Beta:c.o (190ms)
2026-10-09T12:51:40.3369307Z ✔ [66/204] Built Ps.KernelCore.Environment.Lookup (451ms)
2026-10-09T12:51:40.3398673Z ✔ [67/204] Built Ps.Environment.SelfHostPrelude (550ms)
2026-10-09T12:51:40.4369079Z ✔ [68/204] Built Ps.Environment.Prelude:c.o (852ms)
2026-10-09T12:51:40.5368943Z ✔ [69/204] Built Ps.KernelCore.Environment.Lookup:c.o (153ms)
2026-10-09T12:51:40.9372586Z ✔ [70/204] Built Ps.KernelCore.Core.Substitution.Abstract (586ms)
2026-10-09T12:51:41.0400238Z ✔ [71/204] Built Ps.Environment.SelfHostPrelude:c.o (550ms)
2026-10-09T12:51:41.3424589Z ✔ [72/204] Built Ps.KernelCore.Environment.Operations (423ms)
2026-10-09T12:51:41.4438874Z ✔ [73/204] Built Ps.Bridge.Codec (1.0s)
2026-10-09T12:51:41.5459099Z ✔ [74/204] Built Ps.KernelCore.Core.Substitution.Abstract:c.o (480ms)
2026-10-09T12:51:41.6445998Z ✔ [75/204] Built Ps.KernelCore.Environment.Operations:c.o (162ms)
2026-10-09T12:51:41.8448948Z ✔ [76/204] Built Ps.Environment.SelfHostProd (452ms)
2026-10-09T12:51:42.0471571Z ✔ [77/204] Built Ps.Environment.SelfHostProd:c.o (247ms)
2026-10-09T12:51:42.1473135Z ✔ [78/204] Built Ps.Bridge.CheckedAdmissions:c.o (1.9s)
2026-10-09T12:51:42.2510036Z ✔ [79/204] Built Ps.KernelCore.Checker.Context (671ms)
2026-10-09T12:51:42.2518608Z ✔ [80/204] Built Ps.Bridge.Codec:c.o (723ms)
2026-10-09T12:51:42.6516523Z ✔ [81/204] Built Ps.KernelCore.Checker.Ops (342ms)
2026-10-09T12:51:42.7518082Z ✔ [82/204] Built Ps.KernelCore.Checker.Reduction.PrimitiveData (414ms)
2026-10-09T12:51:42.7519473Z ✔ [83/204] Built Ps.KernelCore.Checker.Context:c.o (443ms)
2026-10-09T12:51:42.7520696Z ✔ [84/204] Built Ps.KernelCore.Checker.Ops:c.o (85ms)
2026-10-09T12:51:42.8520216Z ✔ [85/204] Built Ps.KernelCore.Checker.Reduction.PrimitiveData:c.o (179ms)
2026-10-09T12:51:43.0530084Z ✔ [86/204] Built Ps.KernelCore.Checker.Reduction.PrimitiveNat (387ms)
2026-10-09T12:51:43.3531679Z ✔ [87/204] Built Ps.KernelCore.Checker.Reduction.Primitives (249ms)
2026-10-09T12:51:43.3533330Z ✔ [88/204] Built Ps.KernelCore.Checker.Reduction.PrimitiveNat:c.o (290ms)
2026-10-09T12:51:43.4532954Z ✔ [89/204] Built Ps.KernelCore.Checker.Reduction.Primitives:c.o (83ms)
2026-10-09T12:51:43.6538213Z ✔ [90/204] Built Ps.KernelCore.Checker.Reduction.KernelReductions (345ms)
2026-10-09T12:51:43.9536375Z ✔ [91/204] Built Ps.KernelCore.Checker.Reduction.KernelReductions:c.o (295ms)
2026-10-09T12:51:44.0549919Z ✔ [92/204] Built Ps.KernelCore.Checker.Reduction.WhnfCore (383ms)
2026-10-09T12:51:44.3543401Z ✔ [93/204] Built Ps.KernelCore.Checker.Reduction.Whnf (314ms)
2026-10-09T12:51:44.3544843Z ✔ [94/204] Built Ps.KernelCore.Checker.Reduction.WhnfCore:c.o (311ms)
2026-10-09T12:51:44.5547417Z ✔ [95/204] Built Ps.KernelCore.Checker.Reduction.Whnf:c.o (185ms)
2026-10-09T12:51:44.7560071Z ✔ [96/204] Built Ps.KernelCore.Checker.Projection (362ms)
2026-10-09T12:51:45.0579290Z ✔ [97/204] Built Ps.KernelCore.Checker.Inference.Helpers (313ms)
2026-10-09T12:51:45.1572905Z ✔ [98/204] Built Ps.KernelCore.Checker.Projection:c.o (402ms)
2026-10-09T12:51:45.2574362Z ✔ [99/204] Built Ps.KernelCore.Checker.Inference.Helpers:c.o (181ms)
2026-10-09T12:51:45.5579445Z ✔ [100/204] Built Ps.KernelCore.Checker.Inference.Core (466ms)
2026-10-09T12:51:45.7579972Z ✔ [101/204] Built Ps.KernelCore.Checker.Inference (265ms)
2026-10-09T12:51:45.8581079Z ✔ [102/204] Built Ps.KernelCore.Checker.Inference:c.o (89ms)
2026-10-09T12:51:46.0591358Z ✔ [103/204] Built Ps.KernelCore.Checker.Inference.Core:c.o (492ms)
2026-10-09T12:51:46.2588914Z ✔ [104/204] Built Ps.KernelCore.Checker.Recursor.Analysis (481ms)
2026-10-09T12:51:46.6594028Z ✔ [105/204] Built Ps.KernelCore.Checker.Recursor.Reduction (345ms)
2026-10-09T12:51:46.7609714Z ✔ [106/204] Built Ps.KernelCore.Checker.Recursor.Analysis:c.o (444ms)
2026-10-09T12:51:46.9602631Z ✔ [107/204] Built Ps.KernelCore.Checker.Recursor.Reduction:c.o (345ms)
2026-10-09T12:51:47.0610364Z ✔ [108/204] Built Ps.KernelCore.Checker.DefEq.BinderSpines (416ms)
2026-10-09T12:51:47.3616843Z ✔ [109/204] Built Ps.KernelCore.Checker.DefEq.Quick (313ms)
2026-10-09T12:51:47.3618230Z ✔ [110/204] Built Ps.KernelCore.Checker.DefEq.BinderSpines:c.o (352ms)
2026-10-09T12:51:47.5619366Z ✔ [111/204] Built Ps.KernelCore.Checker.DefEq.Quick:c.o (174ms)
2026-10-09T12:51:47.6610711Z ✔ [112/204] Built Ps.KernelCore.Checker.DefEq.Support (266ms)
2026-10-09T12:51:47.9616612Z ✔ [113/204] Built Ps.KernelCore.Checker.DefEq.Support:c.o (83ms)
2026-10-09T12:51:47.9617400Z ✔ [114/204] Built Ps.KernelCore.Checker.DefEq.DeltaStep (369ms)
2026-10-09T12:51:48.2610967Z ✔ [115/204] Built Ps.KernelCore.Checker.DefEq.DeltaStep:c.o (301ms)
2026-10-09T12:51:48.3613246Z ✔ [116/204] Built Ps.KernelCore.Checker.DefEq.LazyDelta (350ms)
2026-10-09T12:51:48.6617495Z ✔ [117/204] Built Ps.KernelCore.Checker.DefEq.LazyDelta:c.o (285ms)
2026-10-09T12:51:48.7618974Z ✔ [118/204] Built Ps.KernelCore.Checker.DefEq.FinalRules (379ms)
2026-10-09T12:51:49.0613833Z ✔ [119/204] Built Ps.KernelCore.Checker.DefEq.Shortcuts (322ms)
2026-10-09T12:51:49.0614932Z ✔ [120/204] Built Ps.KernelCore.Checker.DefEq.FinalRules:c.o (387ms)
2026-10-09T12:51:49.2617694Z ✔ [121/204] Built Ps.KernelCore.Checker.DefEq.Shortcuts:c.o (219ms)
2026-10-09T12:51:49.3619854Z ✔ [122/204] Built Ps.KernelCore.Checker.DefEq.FullShape (321ms)
2026-10-09T12:51:49.5613489Z ✔ [123/204] Built Ps.KernelCore.Checker.DefEq.FullShape:c.o (186ms)
2026-10-09T12:51:49.7621483Z ✔ [124/204] Built Ps.KernelCore.Checker.Knot (396ms)
2026-10-09T12:51:50.0679062Z ✔ [125/204] Built Ps.KernelCore.Checker.Session (304ms)
2026-10-09T12:51:50.3645591Z ✔ [126/204] Built Ps.KernelCore.Checker.Knot:c.o (589ms)
2026-10-09T12:51:50.3646230Z ✔ [127/204] Built Ps.KernelCore.Checker.Session:c.o (258ms)
2026-10-09T12:51:50.4646482Z ✔ [128/204] Built Ps.KernelCore.Admission.Declaration.Validation (401ms)
2026-10-09T12:51:50.6649572Z ✔ [129/204] Built Ps.KernelCore.Admission.Declaration.Validation:c.o (247ms)
2026-10-09T12:51:50.8643108Z ✔ [130/204] Built Ps.KernelCore.Admission.Declaration.Admission (355ms)
2026-10-09T12:51:51.1659189Z ⚠ [131/204] Built Ps.KernelCore.Admission.Quot.Bootstrap (379ms)
2026-10-09T12:51:51.1660816Z warning: packages/pskernel-core/src/Ps/KernelCore/Admission/Quot/Bootstrap.lean:231:6: Variable name `relation` is not explicitly referenced.
2026-10-09T12:51:51.1661802Z 
2026-10-09T12:51:51.1662780Z Hint: The binding can be removed (if unused) or named `_` (if used implicitly). Alternatively, prefix the name with `_` to silence this warning:
2026-10-09T12:51:51.1663773Z   [apply] _relation
2026-10-09T12:51:51.1663976Z 
2026-10-09T12:51:51.1664499Z Note: This linter can be disabled with `set_option linter.unusedVariables false`
2026-10-09T12:51:51.1666025Z warning: packages/pskernel-core/src/Ps/KernelCore/Admission/Quot/Bootstrap.lean:280:6: Variable name `value` is not explicitly referenced.
2026-10-09T12:51:51.1666964Z 
2026-10-09T12:51:51.1668608Z Hint: The binding can be removed (if unused) or named `_` (if used implicitly). Alternatively, prefix the name with `_` to silence this warning:
2026-10-09T12:51:51.1669830Z   [apply] _value
2026-10-09T12:51:51.1670020Z 
2026-10-09T12:51:51.1670530Z Note: This linter can be disabled with `set_option linter.unusedVariables false`
2026-10-09T12:51:51.1671741Z ✔ [132/204] Built Ps.KernelCore.Admission.Declaration.Admission:c.o (326ms)
2026-10-09T12:51:51.4679211Z ✔ [133/204] Built Ps.KernelCore.Admission.Quot.Admission (277ms)
2026-10-09T12:51:51.5662276Z ✔ [134/204] Built Ps.KernelCore.Admission.Quot.Bootstrap:c.o (335ms)
2026-10-09T12:51:51.5663106Z ✔ [135/204] Built Ps.KernelCore.Admission.Quot.Admission:c.o (130ms)
2026-10-09T12:51:51.8669202Z ✔ [136/204] Built Ps.KernelCore.Admission.Inductive.Types (359ms)
2026-10-09T12:51:51.9669174Z ✔ [137/204] Built Ps.KernelCore.Admission.Inductive.Types:c.o (137ms)
2026-10-09T12:51:52.1672943Z ✔ [138/204] Built Ps.KernelCore.Admission.Inductive.Common.Occurrence (343ms)
2026-10-09T12:51:52.3674978Z ✔ [139/204] Built Ps.KernelCore.Admission.Inductive.Common.Occurrence:c.o (227ms)
2026-10-09T12:51:52.4678082Z ✔ [140/204] Built Ps.KernelCore.Admission.Inductive.Common.Parameters (316ms)
2026-10-09T12:51:52.7682127Z ✔ [141/204] Built Ps.KernelCore.Admission.Inductive.Common.Parameters:c.o (236ms)
2026-10-09T12:51:52.9684993Z ✔ [142/204] Built Ps.KernelCore.Admission.Inductive.Ordinary.Constructor (437ms)
2026-10-09T12:51:53.2701652Z ✔ [143/204] Built Ps.KernelCore.Admission.Inductive.Ordinary.Recursor (352ms)
2026-10-09T12:51:53.3703369Z ✔ [144/204] Built Ps.KernelCore.Admission.Inductive.Ordinary.Constructor:c.o (484ms)
2026-10-09T12:51:53.4704120Z ✔ [145/204] Built Ps.KernelCore.Admission.Inductive.Ordinary.Recursor:c.o (224ms)
2026-10-09T12:51:53.5705769Z ✔ [146/204] Built Ps.KernelCore.Admission.Inductive.Common.RecursorValidation (315ms)
2026-10-09T12:51:53.7709816Z ✔ [147/204] Built Ps.KernelCore.Admission.Inductive.Common.RecursorValidation:c.o (140ms)
2026-10-09T12:51:53.8717113Z ✔ [148/204] Built Ps.KernelCore.Admission.Inductive.Common.Elimination (302ms)
2026-10-09T12:51:54.0714141Z ✔ [149/204] Built Ps.KernelCore.Admission.Inductive.Common.Elimination:c.o (191ms)
2026-10-09T12:51:54.1721038Z ✔ [150/204] Built Ps.KernelCore.Admission.Inductive.Ordinary.ConstructorAdmission (297ms)
2026-10-09T12:51:54.3724142Z ✔ [151/204] Built Ps.KernelCore.Admission.Inductive.Ordinary.ConstructorAdmission:c.o (210ms)
2026-10-09T12:51:54.5726860Z ✔ [152/204] Built Ps.KernelCore.Admission.Inductive.Ordinary.Admission (347ms)
2026-10-09T12:51:54.9732992Z ✔ [153/204] Built Ps.KernelCore.Admission.Inductive.Ordinary.Admission:c.o (425ms)
2026-10-09T12:51:55.0740920Z ✔ [154/204] Built Ps.KernelCore.Admission.Inductive.Mutual.Analysis (536ms)
2026-10-09T12:51:55.4789411Z ✔ [155/204] Built Ps.KernelCore.Admission.Inductive.Mutual.Recursor (390ms)
2026-10-09T12:51:55.5757501Z ✔ [156/204] Built Ps.KernelCore.Admission.Inductive.Mutual.Analysis:c.o (486ms)
2026-10-09T12:51:55.8763154Z ✔ [157/204] Built Ps.KernelCore.Admission.Inductive.Mutual.Header (380ms)
2026-10-09T12:51:55.8764475Z ✔ [158/204] Built Ps.KernelCore.Admission.Inductive.Mutual.Recursor:c.o (370ms)
2026-10-09T12:51:56.1779413Z ✔ [159/204] Built Ps.KernelCore.Admission.Inductive.Mutual.AdmissionLoops (373ms)
2026-10-09T12:51:56.1781580Z ✔ [160/204] Built Ps.KernelCore.Admission.Inductive.Mutual.Header:c.o (292ms)
2026-10-09T12:51:56.5781548Z ✔ [161/204] Built Ps.KernelCore.Admission.Inductive.Mutual.Admission (348ms)
2026-10-09T12:51:56.6778279Z ✔ [162/204] Built Ps.KernelCore.Admission.Inductive.Mutual.AdmissionLoops:c.o (470ms)
2026-10-09T12:51:56.8781752Z ✔ [163/204] Built Ps.KernelCore.Admission.Inductive.Nested.Types (328ms)
2026-10-09T12:51:56.8783267Z ✔ [164/204] Built Ps.KernelCore.Admission.Inductive.Mutual.Admission:c.o (301ms)
2026-10-09T12:51:56.9782950Z ✔ [165/204] Built Ps.KernelCore.Admission.Inductive.Nested.Types:c.o (83ms)
2026-10-09T12:51:57.1789951Z ✔ [166/204] Built Ps.KernelCore.Admission.Inductive.Nested.ReservedNames (299ms)
2026-10-09T12:51:57.2788061Z ✔ [167/204] Built Ps.KernelCore.Admission.Inductive.Nested.ReservedNames:c.o (108ms)
2026-10-09T12:51:57.5809161Z ✔ [168/204] Built Ps.KernelCore.Admission.Inductive.Nested.Rebase (370ms)
2026-10-09T12:51:57.7805599Z ✔ [169/204] Built Ps.KernelCore.Admission.Inductive.Nested.Rebase:c.o (246ms)
2026-10-09T12:51:57.9808003Z ✔ [170/204] Built Ps.KernelCore.Admission.Inductive.Nested.Discover (430ms)
2026-10-09T12:51:58.3847580Z ✔ [171/204] Built Ps.KernelCore.Admission.Inductive.Nested.Flatten (375ms)
2026-10-09T12:51:58.4832931Z ✔ [172/204] Built Ps.KernelCore.Admission.Inductive.Nested.Discover:c.o (480ms)
2026-10-09T12:51:58.7849166Z ✔ [173/204] Built Ps.KernelCore.Admission.Inductive.Nested.RestoreExpr (425ms)
2026-10-09T12:51:58.7855190Z ✔ [174/204] Built Ps.KernelCore.Admission.Inductive.Nested.Flatten:c.o (439ms)
2026-10-09T12:51:59.1853675Z ✔ [175/204] Built Ps.KernelCore.Admission.Inductive.Nested.Restore (346ms)
2026-10-09T12:51:59.1855344Z ✔ [176/204] Built Ps.KernelCore.Admission.Inductive.Nested.RestoreExpr:c.o (433ms)
2026-10-09T12:51:59.4882193Z ✔ [177/204] Built Ps.KernelCore.Admission.Inductive.Nested.Restore:c.o (357ms)
2026-10-09T12:51:59.5889346Z ✔ [178/204] Built Ps.KernelCore.Admission.Inductive.Nested.Validation (443ms)
2026-10-09T12:51:59.8899508Z ✔ [179/204] Built Ps.KernelCore.Admission.Inductive.Nested.Commit (311ms)
2026-10-09T12:52:00.0892933Z ✔ [180/204] Built Ps.KernelCore.Admission.Inductive.Nested.Commit:c.o (149ms)
2026-10-09T12:52:00.1939703Z ✔ [181/204] Built Ps.KernelCore.Admission.Inductive.Nested.Admission (330ms)
2026-10-09T12:52:00.2928958Z ✔ [182/204] Built Ps.KernelCore.Admission.Inductive.Nested.Validation:c.o (664ms)
2026-10-09T12:52:00.3930269Z ✔ [183/204] Built Ps.KernelCore.Admission.Inductive.Nested.Admission:c.o (191ms)
2026-10-09T12:52:00.5940692Z ✔ [184/204] Built Ps.KernelCore.API.KernelContractV1 (348ms)
2026-10-09T12:52:00.6942454Z ✔ [185/204] Built Ps.KernelCore.API.KernelContractV1:c.o (105ms)
2026-10-09T12:52:00.8945023Z ✔ [186/204] Built Ps.KernelCore.API.Provider (286ms)
2026-10-09T12:52:00.9946733Z ✔ [187/204] Built Ps.KernelCore.API.Provider:c.o (83ms)
2026-10-09T12:52:01.1949730Z ✔ [188/204] Built Ps.KernelCore.API.Session (300ms)
2026-10-09T12:52:01.2942074Z ✔ [189/204] Built Ps.KernelCore.API.Session:c.o (105ms)
2026-10-09T12:52:01.4944501Z ✔ [190/204] Built Ps.KernelCore.API.Kernel (309ms)
2026-10-09T12:52:01.6947547Z ✔ [191/204] Built Ps.KernelCore.API.Kernel:c.o (205ms)
2026-10-09T12:52:01.7959210Z ✔ [192/204] Built Ps.Host.KernelCoreProvider.Convert (322ms)
2026-10-09T12:52:02.0963460Z ✔ [193/204] Built Ps.Host.KernelCoreProvider.Convert:c.o (323ms)
2026-10-09T12:52:02.2969250Z ✔ [194/204] Built Ps.Host.KernelCoreProvider.Protocol (535ms)
2026-10-09T12:52:02.2970672Z ✔ [195/204] Built Ps.Host.KernelCoreProvider.Prelude (526ms)
2026-10-09T12:52:02.7965335Z ✔ [196/204] Built Ps.Host.KernelCoreProvider.Admission (424ms)
2026-10-09T12:52:02.7967625Z ✔ [197/204] Built Ps.Host.KernelCoreProvider.Prelude:c.o (469ms)
2026-10-09T12:52:02.8970257Z ✔ [198/204] Built Ps.Host.KernelCoreProvider.Protocol:c.o (602ms)
2026-10-09T12:52:02.8971319Z ✔ [199/204] Built Ps.Host.KernelCoreProvider.Admission:c.o (174ms)
2026-10-09T12:52:03.0980701Z ✔ [200/204] Built Ps.Host.KernelCoreProvider.Response (314ms)
2026-10-09T12:52:03.1982597Z ✔ [201/204] Built Ps.Host.KernelCoreProvider.Response:c.o (109ms)
2026-10-09T12:52:03.3984798Z ✔ [202/204] Built Ps.Host.KernelCoreProvider.Main (295ms)
2026-10-09T12:52:03.4987080Z ✔ [203/204] Built Ps.Host.KernelCoreProvider.Main:c.o (134ms)
2026-10-09T12:52:03.6989973Z ✔ [204/204] Built psc_kernel_core_provider:exe (223ms)
2026-10-09T12:52:03.7217456Z Build completed successfully (204 jobs).
2026-10-09T12:52:03.7660169Z ##[group]Run actions/cache/save@v4
2026-10-09T12:52:03.7660450Z with:
2026-10-09T12:52:03.7660676Z   path: provider-source/psc0/.lake/build
2026-10-09T12:52:03.7661102Z   key: psc0-sh1-provider-v1-Linux-X64-963030dc2d154008fccc82e7c8ed29331f138799
2026-10-09T12:52:03.7661520Z   enableCrossOsArchive: false
2026-10-09T12:52:03.7661960Z ##[endgroup]
2026-10-09T12:52:03.8719696Z (node:3657) [DEP0040] DeprecationWarning: The `punycode` module is deprecated. Please use a userland alternative instead.
2026-10-09T12:52:03.8720679Z (Use `node --trace-deprecation ...` to show where the warning was created)
2026-10-09T12:52:03.8872762Z [command]/usr/bin/tar --posix -cf cache.tzst --exclude cache.tzst -P -C /home/runner/work/pskernel/pskernel --files-from manifest.txt --use-compress-program zstdmt
2026-10-09T12:52:04.1504994Z (node:3657) [DEP0169] DeprecationWarning: `url.parse()` behavior is not standardized and prone to errors that have security implications. Use the WHATWG URL API instead. CVEs are not issued for `url.parse()` vulnerabilities.
2026-10-09T12:52:04.5127151Z Sent 9136933 of 9136933 (100.0%), 23.6 MBs/sec
2026-10-09T12:52:04.6064391Z Cache saved with key: psc0-sh1-provider-v1-Linux-X64-963030dc2d154008fccc82e7c8ed29331f138799
2026-10-09T12:52:04.6181760Z ##[group]Run actions/download-artifact@v4
2026-10-09T12:52:04.6182088Z with:
2026-10-09T12:52:04.6182389Z   name: psc0-sh1-ts7.0.2-fe2560aba0f347b1caf8d000d371464642d44f23
2026-10-09T12:52:04.6182765Z   path: qualification-artifacts
2026-10-09T12:52:04.6183037Z   merge-multiple: false
2026-10-09T12:52:04.6183293Z   repository: dwijayuda/pskernel
2026-10-09T12:52:04.6183548Z   run-id: 37925722635
2026-10-09T12:52:04.6183770Z ##[endgroup]
2026-10-09T12:52:04.7707363Z Downloading single artifact
2026-10-09T12:52:04.7880632Z (node:3677) [DEP0040] DeprecationWarning: The `punycode` module is deprecated. Please use a userland alternative instead.
2026-10-09T12:52:04.7881984Z (Use `node --trace-deprecation ...` to show where the warning was created)
2026-10-09T12:52:04.9184029Z Preparing to download the following artifacts:
2026-10-09T12:52:04.9185866Z - psc0-sh1-ts7.0.2-fe2560aba0f347b1caf8d000d371464642d44f23 (ID: 11617460205, Size: 7477193, Expected Digest: sha256:28d65fad4a77f96676fad530e786761e6955444690e3707e2ae8b8181041bc0a)
2026-10-09T12:52:05.0851878Z Redirecting to blob download url: https://productionresultssa13.blob.core.windows.net/actions-results/1c9b3da3-87f9-824e-b284-92f2be3b7512/workflow-job-run-8a05d987-021d-5f9f-91e0-63b60200b02a/artifacts/fcd6df343072999996979aa30614e9d61358f0adaa771bcb7d4e34516d37f4bb.zip
2026-10-09T12:52:05.0853394Z Starting download of artifact to: /home/runner/work/pskernel/pskernel/qualification-artifacts
2026-10-09T12:52:05.2090931Z (node:3677) [DEP0005] DeprecationWarning: Buffer() is deprecated due to security and usability issues. Please use the Buffer.alloc(), Buffer.allocUnsafe(), or Buffer.from() methods instead.
2026-10-09T12:52:05.6582393Z SHA256 digest of downloaded artifact is 28d65fad4a77f96676fad530e786761e6955444690e3707e2ae8b8181041bc0a
2026-10-09T12:52:05.6583578Z Artifact download completed successfully.
2026-10-09T12:52:05.6584247Z Total of 1 artifact(s) downloaded
2026-10-09T12:52:05.6589645Z Download artifact has finished successfully
2026-10-09T12:52:05.6750548Z ##[group]Run node scripts/sh1-check-admissions.mjs --provider-root ../provider-source/psc0 --artifacts ../qualification-artifacts/dist/sh1
2026-10-09T12:52:05.6751574Z [36;1mnode scripts/sh1-check-admissions.mjs --provider-root ../provider-source/psc0 --artifacts ../qualification-artifacts/dist/sh1[0m
2026-10-09T12:52:05.6820917Z shell: /usr/bin/bash -e {0}
2026-10-09T12:52:05.6821189Z ##[endgroup]
2026-10-09T12:52:08.0071480Z PSC0_SH1_PROVIDER_ADMISSIONS: {"schemaVersion":1,"evidence":"selected-provider-acceptance-for-qualified-compiler-admissions","sourceRef":"fe2560aba0f347b1caf8d000d371464642d44f23","sourceClosureSha256":"f96c811f575cae2be58ccca3ffe587ead83bffa6f8bd862d40936bef28ef3226","compilerSha256":"70db0131fa3af62f7193576407ad529be10df2f4296c712f53f7c31f42209061","provider":{"sourceRef":"963030dc2d154008fccc82e7c8ed29331f138799","sourceTree":"38c8c55bd2b214753e56c58c15c4901c32c01b86","binarySha256":"88f2d20ea733742d48724ecbdc903271e18bcfcccc8682be596a676aef68e3ec","metadata":{"protocol":"pskernel-core/1","provider":"pskernel-core-native","leanVersion":"4.34.0","leanCommit":"293d5d0c0c3f3dded4688b3ccd6a33939ac5102b","profile":"lean4.34-core","status":"ready"},"lean":"Lean (version 4.34.0, x86_64-unknown-linux-gnu, commit 293d5d0c0c3f3dded4688b3ccd6a33939ac5102b, Release)","node":"v22.23.3","command":["psc_kernel_core_provider","--check"],"resourcePolicy":"Pinned compilerSelfHostResourcePolicy; default fuel 131072, unchanged.","timeoutMs":60000},"streams":[{"canonicalAdmissionsSha256":"200e5881d1554f72530a0395524ee28dd3a64a6bd45f55cddd4fad1336981bf0","artifacts":["C2 compiler source","C3 compiler source"],"durationMs":1577.541854,"result":{"protocol":"pskernel-core/1","provider":"pskernel-core-native","leanVersion":"4.34.0","leanCommit":"293d5d0c0c3f3dded4688b3ccd6a33939ac5102b","profile":"lean4.34-core","accepted":true}},{"canonicalAdmissionsSha256":"372371596fba560eca5ba52d29e20d91780d5c3321e4353a7a4c1a009167e10f","artifacts":["C2 raw lean capability source","C3 raw lean capability source"],"durationMs":13.135162000000037,"result":{"protocol":"pskernel-core/1","provider":"pskernel-core-native","leanVersion":"4.34.0","leanCommit":"293d5d0c0c3f3dded4688b3ccd6a33939ac5102b","profile":"lean4.34-core","accepted":true}},{"canonicalAdmissionsSha256":"bb84332515024d4145b7cedb636fb6095d3cbe20a4fc3043dc37905f7574a900","artifacts":["C2 raw ps capability source","C3 raw ps capability source"],"durationMs":14.693214999999782,"result":{"protocol":"pskernel-core/1","provider":"pskernel-core-native","leanVersion":"4.34.0","leanCommit":"293d5d0c0c3f3dded4688b3ccd6a33939ac5102b","profile":"lean4.34-core","accepted":true}},{"canonicalAdmissionsSha256":"11b515897f24e6c194b8c1daf239b4941940d8204a4846e601b462e92b703af8","artifacts":["C2 raw recursive-generic fixture source","C3 raw recursive-generic fixture source"],"durationMs":7.951737000000321,"result":{"protocol":"pskernel-core/1","provider":"pskernel-core-native","leanVersion":"4.34.0","leanCommit":"293d5d0c0c3f3dded4688b3ccd6a33939ac5102b","profile":"lean4.34-core","accepted":true}}],"accepted":true,"emissionWasGatedByThisCheck":false,"qualificationBoundary":"Compiler-only artifacts were generated first; promotion may use this additional exact-stream provider acceptance."}
2026-10-09T12:52:08.0208000Z ##[group]Run actions/upload-artifact@v4
2026-10-09T12:52:08.0208316Z with:
2026-10-09T12:52:08.0208659Z   name: psc0-sh1-kernel-ts7.0.2-fe2560aba0f347b1caf8d000d371464642d44f23
2026-10-09T12:52:08.0209140Z   path: qualification-artifacts/dist/sh1/kernel-admissions.json
2026-10-09T12:52:08.0209519Z   if-no-files-found: ignore
2026-10-09T12:52:08.0209778Z   retention-days: 30
2026-10-09T12:52:08.0210012Z   compression-level: 6
2026-10-09T12:52:08.0210260Z   overwrite: false
2026-10-09T12:52:08.0210493Z   include-hidden-files: false
2026-10-09T12:52:08.0210760Z ##[endgroup]
2026-10-09T12:52:08.1891491Z (node:3750) [DEP0040] DeprecationWarning: The `punycode` module is deprecated. Please use a userland alternative instead.
2026-10-09T12:52:08.1892910Z (Use `node --trace-deprecation ...` to show where the warning was created)
2026-10-09T12:52:08.1938111Z With the provided path, there will be 1 file uploaded
2026-10-09T12:52:08.1943848Z Artifact name is valid!
2026-10-09T12:52:08.1944705Z Root directory input is valid!
2026-10-09T12:52:08.4646138Z Beginning upload of artifact content to blob storage
2026-10-09T12:52:08.4820849Z (node:3750) [DEP0169] DeprecationWarning: `url.parse()` behavior is not standardized and prone to errors that have security implications. Use the WHATWG URL API instead. CVEs are not issued for `url.parse()` vulnerabilities.
2026-10-09T12:52:08.5829885Z Uploaded bytes 1283
2026-10-09T12:52:08.6233118Z Finished uploading artifact content to blob storage!
2026-10-09T12:52:08.6234000Z SHA256 digest of uploaded artifact zip is 26c0dfc6b2315de0785341015281b445c07e842102079ef19c5b2586f321df59
2026-10-09T12:52:08.6235181Z Finalizing artifact upload
2026-10-09T12:52:08.8780571Z Artifact psc0-sh1-kernel-ts7.0.2-fe2560aba0f347b1caf8d000d371464642d44f23.zip successfully finalized. Artifact ID 11616189342
2026-10-09T12:52:08.8782663Z Artifact psc0-sh1-kernel-ts7.0.2-fe2560aba0f347b1caf8d000d371464642d44f23 has been successfully uploaded! Final size is 1283 bytes. Artifact ID is 11616189342
2026-10-09T12:52:08.8786747Z Artifact download URL: https://github.com/dwijayuda/pskernel/actions/runs/37925722635/artifacts/11616189342
2026-10-09T12:52:08.8953596Z Post job cleanup.
2026-10-09T12:52:09.0180506Z (node:3762) [DEP0040] DeprecationWarning: The `punycode` module is deprecated. Please use a userland alternative instead.
2026-10-09T12:52:09.0181814Z (Use `node --trace-deprecation ...` to show where the warning was created)
2026-10-09T12:52:09.0351299Z Post job cleanup.
2026-10-09T12:52:09.1260505Z [command]/usr/bin/git version
2026-10-09T12:52:09.1303687Z git version 2.55.0
2026-10-09T12:52:09.1339902Z Temporarily overriding HOME='/home/runner/work/_temp/a4c1cbb0-ac0f-453a-8067-a15af97acf86' before making global git config changes
2026-10-09T12:52:09.1341492Z Adding repository directory to the temporary git global config as a safe directory
2026-10-09T12:52:09.1345441Z [command]/usr/bin/git config --global --add safe.directory /home/runner/work/pskernel/pskernel/provider-source
2026-10-09T12:52:09.1387885Z [command]/usr/bin/git config --local --name-only --get-regexp core\.sshCommand
2026-10-09T12:52:09.1424536Z [command]/usr/bin/git submodule foreach --recursive sh -c "git config --local --name-only --get-regexp 'core\.sshCommand' && git config --local --unset-all 'core.sshCommand' || :"
2026-10-09T12:52:09.1720656Z [command]/usr/bin/git config --local --name-only --get-regexp http\.https\:\/\/github\.com\/\.extraheader
2026-10-09T12:52:09.1746894Z http.https://github.com/.extraheader
2026-10-09T12:52:09.1758423Z [command]/usr/bin/git config --local --unset-all http.https://github.com/.extraheader
2026-10-09T12:52:09.1800464Z [command]/usr/bin/git submodule foreach --recursive sh -c "git config --local --name-only --get-regexp 'http\.https\:\/\/github\.com\/\.extraheader' && git config --local --unset-all 'http.https://github.com/.extraheader' || :"
2026-10-09T12:52:09.2096326Z [command]/usr/bin/git config --local --name-only --get-regexp ^includeIf\.gitdir:
2026-10-09T12:52:09.2140638Z [command]/usr/bin/git submodule foreach --recursive git config --local --show-origin --name-only --get-regexp remote.origin.url
2026-10-09T12:52:09.2621078Z Post job cleanup.
2026-10-09T12:52:09.3512248Z [command]/usr/bin/git version
2026-10-09T12:52:09.3557900Z git version 2.55.0
2026-10-09T12:52:09.3599093Z Temporarily overriding HOME='/home/runner/work/_temp/650ee81c-fcef-47bb-a0f0-33235a45305d' before making global git config changes
2026-10-09T12:52:09.3600169Z Adding repository directory to the temporary git global config as a safe directory
2026-10-09T12:52:09.3605548Z [command]/usr/bin/git config --global --add safe.directory /home/runner/work/pskernel/pskernel
2026-10-09T12:52:09.3647830Z [command]/usr/bin/git config --local --name-only --get-regexp core\.sshCommand
2026-10-09T12:52:09.3683817Z [command]/usr/bin/git submodule foreach --recursive sh -c "git config --local --name-only --get-regexp 'core\.sshCommand' && git config --local --unset-all 'core.sshCommand' || :"
2026-10-09T12:52:09.3996626Z [command]/usr/bin/git config --local --name-only --get-regexp http\.https\:\/\/github\.com\/\.extraheader
2026-10-09T12:52:09.4024390Z http.https://github.com/.extraheader
2026-10-09T12:52:09.4036147Z [command]/usr/bin/git config --local --unset-all http.https://github.com/.extraheader
2026-10-09T12:52:09.4074215Z [command]/usr/bin/git submodule foreach --recursive sh -c "git config --local --name-only --get-regexp 'http\.https\:\/\/github\.com\/\.extraheader' && git config --local --unset-all 'http.https://github.com/.extraheader' || :"
2026-10-09T12:52:09.4395894Z [command]/usr/bin/git config --local --name-only --get-regexp ^includeIf\.gitdir:
2026-10-09T12:52:09.4443394Z [command]/usr/bin/git submodule foreach --recursive git config --local --show-origin --name-only --get-regexp remote.origin.url
2026-10-09T12:52:09.4874070Z Cleaning up orphan processes
2026-10-09T12:52:09.5183772Z ##[warning]Node.js 20 is deprecated. The following actions target Node.js 20 but are being forced to run on Node.js 24: actions/cache/restore@v4, actions/cache/save@v4, actions/checkout@v4, actions/download-artifact@v4, actions/setup-node@v4, actions/upload-artifact@v4. For more information see: https://github.blog/changelog/2025-09-19-deprecation-of-node-20-on-github-actions-runners/
