2026-10-09T12:50:47.0734827Z Current runner version: '2.337.0'
2026-10-09T12:50:47.0771264Z ##[group]Runner Image Provisioner
2026-10-09T12:50:47.0772580Z Hosted Compute Agent
2026-10-09T12:50:47.0773468Z Version: 20261002.596
2026-10-09T12:50:47.0774526Z Commit: c3d12f3313a95f25162a1503be624f3b0617f8c0
2026-10-09T12:50:47.0775727Z Build Date: 2026-10-02T22:28:27Z
2026-10-09T12:50:47.0776739Z Worker ID: {52087667-53c0-4b0e-89a7-c485f2565133}
2026-10-09T12:50:47.0777899Z Region: eastus
2026-10-09T12:50:47.0778906Z Cloud: Azure
2026-10-09T12:50:47.0779746Z ##[endgroup]
2026-10-09T12:50:47.0782353Z ##[group]Operating System
2026-10-09T12:50:47.0783317Z Ubuntu
2026-10-09T12:50:47.0784230Z 24.04.5
2026-10-09T12:50:47.0785008Z LTS
2026-10-09T12:50:47.0785756Z ##[endgroup]
2026-10-09T12:50:47.0786867Z ##[group]Runner Image
2026-10-09T12:50:47.0787766Z Image: ubuntu-24.04
2026-10-09T12:50:47.0788960Z Version: 20261004.327.1
2026-10-09T12:50:47.0790900Z Included Software: https://github.com/actions/runner-images/blob/ubuntu24/20261004.327/images/ubuntu/Ubuntu2404-Readme.md
2026-10-09T12:50:47.0793520Z Image Release: https://github.com/actions/runner-images/releases/tag/ubuntu24%2F20261004.327
2026-10-09T12:50:47.0795097Z ##[endgroup]
2026-10-09T12:50:47.0796898Z ##[group]GITHUB_TOKEN Permissions
2026-10-09T12:50:47.0800209Z Actions: read
2026-10-09T12:50:47.0801179Z Contents: read
2026-10-09T12:50:47.0802012Z Metadata: read
2026-10-09T12:50:47.0802920Z ##[endgroup]
2026-10-09T12:50:47.0805908Z Secret source: Actions
2026-10-09T12:50:47.0807443Z Cache mode: write
2026-10-09T12:50:47.0808998Z Prepare workflow directory
2026-10-09T12:50:47.1644945Z Prepare all required actions
2026-10-09T12:50:47.1715399Z Getting action download info
2026-10-09T12:50:47.3852375Z Download action repository 'actions/checkout@v4' (SHA:11d5960a326750d5838078e36cf38b85af677262)
2026-10-09T12:50:47.6061120Z Download action repository 'actions/setup-node@v4' (SHA:49933ea5288caeca8642d1e84afbd3f7d6820020)
2026-10-09T12:50:47.7922361Z Download action repository 'leanprover/lean-action@v1' (SHA:f061402b660e0c34644504b324e830f2991d4865)
2026-10-09T12:50:47.8976321Z Download action repository 'actions/download-artifact@v4' (SHA:d3f86a106a0bac45b974a628896c90dbdf5c8093)
2026-10-09T12:50:48.1076897Z Download action repository 'actions/github-script@v7' (SHA:f28e40c7f34bde8b3046d885e986cb6290c5673b)
2026-10-09T12:50:48.2399833Z Download action repository 'actions/upload-artifact@v4' (SHA:ea165f8d65b6e75b540449e92b4886f43607fa02)
2026-10-09T12:50:48.5614214Z Getting action download info
2026-10-09T12:50:48.6222972Z Download action repository 'actions/cache@caa296126883cff596d87d8935842f9db880ef25' (SHA:caa296126883cff596d87d8935842f9db880ef25)
2026-10-09T12:50:48.9050356Z Complete job name: successor-recovery
2026-10-09T12:50:48.9998994Z ##[group]Run actions/checkout@v4
2026-10-09T12:50:49.0000548Z with:
2026-10-09T12:50:49.0001284Z   ref: fe2560aba0f347b1caf8d000d371464642d44f23
2026-10-09T12:50:49.0002157Z   repository: dwijayuda/pskernel
2026-10-09T12:50:49.0006382Z   token: ***
2026-10-09T12:50:49.0007114Z   ssh-strict: true
2026-10-09T12:50:49.0007797Z   ssh-user: git
2026-10-09T12:50:49.0008695Z   persist-credentials: true
2026-10-09T12:50:49.0009420Z   clean: true
2026-10-09T12:50:49.0010109Z   sparse-checkout-cone-mode: true
2026-10-09T12:50:49.0010853Z   fetch-depth: 1
2026-10-09T12:50:49.0011547Z   fetch-tags: false
2026-10-09T12:50:49.0012221Z   show-progress: true
2026-10-09T12:50:49.0012910Z   lfs: false
2026-10-09T12:50:49.0013575Z   submodules: false
2026-10-09T12:50:49.0014262Z   set-safe-directory: true
2026-10-09T12:50:49.0015015Z   allow-unsafe-pr-checkout: false
2026-10-09T12:50:49.0016086Z ##[endgroup]
2026-10-09T12:50:49.1293391Z Syncing repository: dwijayuda/pskernel
2026-10-09T12:50:49.1295846Z ##[group]Getting Git version info
2026-10-09T12:50:49.1296857Z Working directory is '/home/runner/work/pskernel/pskernel'
2026-10-09T12:50:49.1298730Z [command]/usr/bin/git version
2026-10-09T12:50:49.1374366Z git version 2.55.0
2026-10-09T12:50:49.1401166Z ##[endgroup]
2026-10-09T12:50:49.1433460Z Temporarily overriding HOME='/home/runner/work/_temp/b4a206a4-e42c-4b02-93fb-0e954ec9509c' before making global git config changes
2026-10-09T12:50:49.1436960Z Adding repository directory to the temporary git global config as a safe directory
2026-10-09T12:50:49.1441049Z [command]/usr/bin/git config --global --add safe.directory /home/runner/work/pskernel/pskernel
2026-10-09T12:50:49.1565512Z Deleting the contents of '/home/runner/work/pskernel/pskernel'
2026-10-09T12:50:49.1567917Z ##[group]Initializing the repository
2026-10-09T12:50:49.1569709Z [command]/usr/bin/git init /home/runner/work/pskernel/pskernel
2026-10-09T12:50:49.1678391Z hint: Using 'master' as the name for the initial branch. This default branch name
2026-10-09T12:50:49.1680668Z hint: will change to "main" in Git 3.0. To configure the initial branch name
2026-10-09T12:50:49.1682754Z hint: to use in all of your new repositories, which will suppress this warning,
2026-10-09T12:50:49.1684405Z hint: call:
2026-10-09T12:50:49.1685528Z hint:
2026-10-09T12:50:49.1686792Z hint: 	git config --global init.defaultBranch <name>
2026-10-09T12:50:49.1688433Z hint:
2026-10-09T12:50:49.1689827Z hint: Names commonly chosen instead of 'master' are 'main', 'trunk' and
2026-10-09T12:50:49.1691870Z hint: 'development'. The just-created branch can be renamed via this command:
2026-10-09T12:50:49.1693534Z hint:
2026-10-09T12:50:49.1694674Z hint: 	git branch -m <name>
2026-10-09T12:50:49.1695949Z hint:
2026-10-09T12:50:49.1697411Z hint: Disable this message with "git config set advice.defaultBranchName false"
2026-10-09T12:50:49.1699841Z Initialized empty Git repository in /home/runner/work/pskernel/pskernel/.git/
2026-10-09T12:50:49.1705520Z [command]/usr/bin/git remote add origin https://github.com/dwijayuda/pskernel
2026-10-09T12:50:49.1793847Z ##[endgroup]
2026-10-09T12:50:49.1795594Z ##[group]Disabling automatic garbage collection
2026-10-09T12:50:49.1797080Z [command]/usr/bin/git config --local gc.auto 0
2026-10-09T12:50:49.1840985Z ##[endgroup]
2026-10-09T12:50:49.1842753Z ##[group]Setting up auth
2026-10-09T12:50:49.1844661Z [command]/usr/bin/git config --local --name-only --get-regexp core\.sshCommand
2026-10-09T12:50:49.1892378Z [command]/usr/bin/git submodule foreach --recursive sh -c "git config --local --name-only --get-regexp 'core\.sshCommand' && git config --local --unset-all 'core.sshCommand' || :"
2026-10-09T12:50:49.2311813Z [command]/usr/bin/git config --local --name-only --get-regexp http\.https\:\/\/github\.com\/\.extraheader
2026-10-09T12:50:49.2353861Z [command]/usr/bin/git submodule foreach --recursive sh -c "git config --local --name-only --get-regexp 'http\.https\:\/\/github\.com\/\.extraheader' && git config --local --unset-all 'http.https://github.com/.extraheader' || :"
2026-10-09T12:50:49.2581751Z [command]/usr/bin/git config --local --name-only --get-regexp ^includeIf\.gitdir:
2026-10-09T12:50:49.2621459Z [command]/usr/bin/git submodule foreach --recursive git config --local --show-origin --name-only --get-regexp remote.origin.url
2026-10-09T12:50:49.2866123Z [command]/usr/bin/git config --local http.https://github.com/.extraheader AUTHORIZATION: basic ***
2026-10-09T12:50:49.2915260Z ##[endgroup]
2026-10-09T12:50:49.2925777Z ##[group]Fetching the repository
2026-10-09T12:50:49.2927477Z [command]/usr/bin/git -c protocol.version=2 fetch --no-tags --prune --no-recurse-submodules --depth=1 origin fe2560aba0f347b1caf8d000d371464642d44f23
2026-10-09T12:51:01.4775993Z From https://github.com/dwijayuda/pskernel
2026-10-09T12:51:01.4777208Z  * branch              fe2560aba0f347b1caf8d000d371464642d44f23 -> FETCH_HEAD
2026-10-09T12:51:01.4781364Z ##[endgroup]
2026-10-09T12:51:01.4782166Z ##[group]Determining the checkout info
2026-10-09T12:51:01.4786158Z ##[endgroup]
2026-10-09T12:51:01.4794107Z [command]/usr/bin/git sparse-checkout disable
2026-10-09T12:51:01.4857109Z [command]/usr/bin/git config --local --unset-all extensions.worktreeConfig
2026-10-09T12:51:01.4894547Z ##[group]Checking out the ref
2026-10-09T12:51:01.4910766Z [command]/usr/bin/git checkout --progress --force fe2560aba0f347b1caf8d000d371464642d44f23
2026-10-09T12:51:03.3040102Z Updating files:   6% (1253/20531)
2026-10-09T12:51:03.3158749Z Updating files:   7% (1438/20531)
2026-10-09T12:51:03.3407245Z Updating files:   8% (1643/20531)
2026-10-09T12:51:03.3603404Z Updating files:   9% (1848/20531)
2026-10-09T12:51:03.3829866Z Updating files:  10% (2054/20531)
2026-10-09T12:51:03.3954742Z Updating files:  11% (2259/20531)
2026-10-09T12:51:03.7236292Z Updating files:  12% (2464/20531)
2026-10-09T12:51:04.7029779Z Updating files:  12% (2582/20531)
2026-10-09T12:51:05.0292789Z Updating files:  12% (2585/20531)
2026-10-09T12:51:05.0407195Z Updating files:  13% (2670/20531)
2026-10-09T12:51:05.0489611Z Updating files:  14% (2875/20531)
2026-10-09T12:51:05.0607742Z Updating files:  15% (3080/20531)
2026-10-09T12:51:05.0774286Z Updating files:  16% (3285/20531)
2026-10-09T12:51:05.0893109Z Updating files:  17% (3491/20531)
2026-10-09T12:51:05.1083616Z Updating files:  18% (3696/20531)
2026-10-09T12:51:05.1335484Z Updating files:  19% (3901/20531)
2026-10-09T12:51:05.1572836Z Updating files:  20% (4107/20531)
2026-10-09T12:51:05.1692768Z Updating files:  21% (4312/20531)
2026-10-09T12:51:05.8222526Z Updating files:  22% (4517/20531)
2026-10-09T12:51:06.7907561Z Updating files:  22% (4653/20531)
2026-10-09T12:51:06.7950490Z Updating files:  22% (4656/20531)
2026-10-09T12:51:06.8099703Z Updating files:  23% (4723/20531)
2026-10-09T12:51:06.8231503Z Updating files:  24% (4928/20531)
2026-10-09T12:51:06.8367577Z Updating files:  25% (5133/20531)
2026-10-09T12:51:06.8475977Z Updating files:  26% (5339/20531)
2026-10-09T12:51:06.8588641Z Updating files:  27% (5544/20531)
2026-10-09T12:51:06.9385354Z Updating files:  28% (5749/20531)
2026-10-09T12:51:06.9571264Z Updating files:  29% (5954/20531)
2026-10-09T12:51:06.9719422Z Updating files:  30% (6160/20531)
2026-10-09T12:51:06.9869520Z Updating files:  31% (6365/20531)
2026-10-09T12:51:07.0028447Z Updating files:  32% (6570/20531)
2026-10-09T12:51:07.0178859Z Updating files:  33% (6776/20531)
2026-10-09T12:51:07.0314455Z Updating files:  34% (6981/20531)
2026-10-09T12:51:07.0479070Z Updating files:  35% (7186/20531)
2026-10-09T12:51:07.0635609Z Updating files:  36% (7392/20531)
2026-10-09T12:51:07.0756177Z Updating files:  37% (7597/20531)
2026-10-09T12:51:07.0900965Z Updating files:  38% (7802/20531)
2026-10-09T12:51:07.1099892Z Updating files:  39% (8008/20531)
2026-10-09T12:51:07.1256244Z Updating files:  40% (8213/20531)
2026-10-09T12:51:07.1388694Z Updating files:  41% (8418/20531)
2026-10-09T12:51:07.1520461Z Updating files:  42% (8624/20531)
2026-10-09T12:51:07.1615513Z Updating files:  43% (8829/20531)
2026-10-09T12:51:07.1721707Z Updating files:  44% (9034/20531)
2026-10-09T12:51:07.3072591Z Updating files:  45% (9239/20531)
2026-10-09T12:51:07.3558205Z Updating files:  46% (9445/20531)
2026-10-09T12:51:07.4447645Z Updating files:  47% (9650/20531)
2026-10-09T12:51:07.5138718Z Updating files:  48% (9855/20531)
2026-10-09T12:51:07.5974453Z Updating files:  48% (9957/20531)
2026-10-09T12:51:07.8039998Z Updating files:  49% (10061/20531)
2026-10-09T12:51:08.1578826Z Updating files:  50% (10266/20531)
2026-10-09T12:51:08.3754556Z Updating files:  51% (10471/20531)
2026-10-09T12:51:08.5160539Z Updating files:  52% (10677/20531)
2026-10-09T12:51:08.6219936Z Updating files:  52% (10794/20531)
2026-10-09T12:51:08.8744469Z Updating files:  53% (10882/20531)
2026-10-09T12:51:09.1509618Z Updating files:  54% (11087/20531)
2026-10-09T12:51:09.2407775Z Updating files:  55% (11293/20531)
2026-10-09T12:51:09.3256723Z Updating files:  56% (11498/20531)
2026-10-09T12:51:09.3626594Z Updating files:  57% (11703/20531)
2026-10-09T12:51:09.3697446Z Updating files:  58% (11908/20531)
2026-10-09T12:51:09.3769255Z Updating files:  59% (12114/20531)
2026-10-09T12:51:09.3843028Z Updating files:  60% (12319/20531)
2026-10-09T12:51:09.3917678Z Updating files:  61% (12524/20531)
2026-10-09T12:51:09.3999971Z Updating files:  62% (12730/20531)
2026-10-09T12:51:09.4085995Z Updating files:  63% (12935/20531)
2026-10-09T12:51:09.4175268Z Updating files:  64% (13140/20531)
2026-10-09T12:51:09.4576983Z Updating files:  65% (13346/20531)
2026-10-09T12:51:09.5606343Z Updating files:  66% (13551/20531)
2026-10-09T12:51:09.5635424Z Updating files:  66% (13690/20531)
2026-10-09T12:51:09.5730861Z Updating files:  67% (13756/20531)
2026-10-09T12:51:09.5817565Z Updating files:  68% (13962/20531)
2026-10-09T12:51:09.5909721Z Updating files:  69% (14167/20531)
2026-10-09T12:51:09.6000529Z Updating files:  70% (14372/20531)
2026-10-09T12:51:09.6092836Z Updating files:  71% (14578/20531)
2026-10-09T12:51:09.6183139Z Updating files:  72% (14783/20531)
2026-10-09T12:51:09.6277174Z Updating files:  73% (14988/20531)
2026-10-09T12:51:09.6381478Z Updating files:  74% (15193/20531)
2026-10-09T12:51:09.6470936Z Updating files:  75% (15399/20531)
2026-10-09T12:51:09.6555382Z Updating files:  76% (15604/20531)
2026-10-09T12:51:09.6644155Z Updating files:  77% (15809/20531)
2026-10-09T12:51:09.6740139Z Updating files:  78% (16015/20531)
2026-10-09T12:51:09.6829885Z Updating files:  79% (16220/20531)
2026-10-09T12:51:09.6950561Z Updating files:  80% (16425/20531)
2026-10-09T12:51:09.7024433Z Updating files:  81% (16631/20531)
2026-10-09T12:51:09.7107197Z Updating files:  82% (16836/20531)
2026-10-09T12:51:09.7186018Z Updating files:  83% (17041/20531)
2026-10-09T12:51:09.7265226Z Updating files:  84% (17247/20531)
2026-10-09T12:51:09.7343510Z Updating files:  85% (17452/20531)
2026-10-09T12:51:09.7423396Z Updating files:  86% (17657/20531)
2026-10-09T12:51:09.7480144Z Updating files:  87% (17862/20531)
2026-10-09T12:51:09.7540491Z Updating files:  88% (18068/20531)
2026-10-09T12:51:09.7618606Z Updating files:  89% (18273/20531)
2026-10-09T12:51:09.7969798Z Updating files:  90% (18478/20531)
2026-10-09T12:51:09.8068955Z Updating files:  91% (18684/20531)
2026-10-09T12:51:09.8148916Z Updating files:  92% (18889/20531)
2026-10-09T12:51:09.8235677Z Updating files:  93% (19094/20531)
2026-10-09T12:51:09.9680664Z Updating files:  94% (19300/20531)
2026-10-09T12:51:10.0526850Z Updating files:  95% (19505/20531)
2026-10-09T12:51:10.1141703Z Updating files:  96% (19710/20531)
2026-10-09T12:51:10.1458899Z Updating files:  97% (19916/20531)
2026-10-09T12:51:10.2074730Z Updating files:  98% (20121/20531)
2026-10-09T12:51:10.2513264Z Updating files:  99% (20326/20531)
2026-10-09T12:51:10.2514107Z Updating files: 100% (20531/20531)
2026-10-09T12:51:10.2514696Z Updating files: 100% (20531/20531), done.
2026-10-09T12:51:10.2928161Z Note: switching to 'fe2560aba0f347b1caf8d000d371464642d44f23'.
2026-10-09T12:51:10.2928712Z 
2026-10-09T12:51:10.2929008Z You are in 'detached HEAD' state. You can look around, make experimental
2026-10-09T12:51:10.2930043Z changes and commit them, and you can discard any commits you make in this
2026-10-09T12:51:10.2931647Z state without impacting any branches by switching back to a branch.
2026-10-09T12:51:10.2932020Z 
2026-10-09T12:51:10.2932275Z If you want to create a new branch to retain commits you create, you may
2026-10-09T12:51:10.2932968Z do so (now or later) by using -c with the switch command. Example:
2026-10-09T12:51:10.2933346Z 
2026-10-09T12:51:10.2933510Z   git switch -c <new-branch-name>
2026-10-09T12:51:10.2933760Z 
2026-10-09T12:51:10.2933925Z Or undo this operation with:
2026-10-09T12:51:10.2934139Z 
2026-10-09T12:51:10.2934282Z   git switch -
2026-10-09T12:51:10.2934476Z 
2026-10-09T12:51:10.2934787Z Turn off this advice by setting config variable advice.detachedHead to false
2026-10-09T12:51:10.2935211Z 
2026-10-09T12:51:10.2935701Z HEAD is now at fe2560ab fix(psc0): correct native grammar build blockers and collect regression outcomes [sh1-qualify]
2026-10-09T12:51:10.3046823Z ##[endgroup]
2026-10-09T12:51:10.3108659Z [command]/usr/bin/git log -1 --format=%H
2026-10-09T12:51:10.3140496Z fe2560aba0f347b1caf8d000d371464642d44f23
2026-10-09T12:51:10.3911854Z ##[group]Run actions/setup-node@v4
2026-10-09T12:51:10.3912178Z with:
2026-10-09T12:51:10.3912438Z   node-version: 22.23.3
2026-10-09T12:51:10.3912907Z   always-auth: false
2026-10-09T12:51:10.3913162Z   check-latest: false
2026-10-09T12:51:10.3915781Z   token: ***
2026-10-09T12:51:10.3916029Z ##[endgroup]
2026-10-09T12:51:10.5394810Z Found in cache @ /opt/hostedtoolcache/node/22.23.3/x64
2026-10-09T12:51:10.5399029Z (node:2109) [DEP0040] DeprecationWarning: The `punycode` module is deprecated. Please use a userland alternative instead.
2026-10-09T12:51:10.5400051Z (Use `node --trace-deprecation ...` to show where the warning was created)
2026-10-09T12:51:10.5401382Z ##[group]Environment details
2026-10-09T12:51:11.0230242Z node: v22.23.3
2026-10-09T12:51:11.0231199Z npm: 10.9.9
2026-10-09T12:51:11.0231541Z yarn: 1.22.22
2026-10-09T12:51:11.0232771Z ##[endgroup]
2026-10-09T12:51:11.0896319Z ##[group]Run leanprover/lean-action@v1
2026-10-09T12:51:11.0896608Z with:
2026-10-09T12:51:11.0896828Z   lake-package-directory: psc0
2026-10-09T12:51:11.0897084Z   auto-config: false
2026-10-09T12:51:11.0897288Z   build: false
2026-10-09T12:51:11.0897514Z   test: false
2026-10-09T12:51:11.0897726Z   use-github-cache: false
2026-10-09T12:51:11.0898203Z   use-mathlib-cache: false
2026-10-09T12:51:11.0898433Z   lint: default
2026-10-09T12:51:11.0898633Z   mk_all-check: false
2026-10-09T12:51:11.0898906Z   check-reservoir-eligibility: false
2026-10-09T12:51:11.0899164Z   leanchecker: false
2026-10-09T12:51:11.0899366Z   lean4checker: false
2026-10-09T12:51:11.0899560Z   nanoda: false
2026-10-09T12:51:11.0899757Z   nanoda-allow-sorry: true
2026-10-09T12:51:11.0899978Z   axiom-audit: false
2026-10-09T12:51:11.0900269Z   axiom-audit-allow: propext,Classical.choice,Quot.sound
2026-10-09T12:51:11.0900608Z   reinstall-transient-toolchain: false
2026-10-09T12:51:11.0900871Z ##[endgroup]
2026-10-09T12:51:11.0963476Z ##[start-action display=install elan;id=__leanprover_lean-action.__run]
2026-10-09T12:51:11.1430210Z ##[group]Run : Install Elan
2026-10-09T12:51:11.1430576Z [36;1m: Install Elan[0m
2026-10-09T12:51:11.1430915Z [36;1m${GITHUB_ACTION_PATH}/scripts/install_elan.sh[0m
2026-10-09T12:51:11.2699176Z shell: /usr/bin/bash --noprofile --norc -e -o pipefail {0}
2026-10-09T12:51:11.2699577Z ##[endgroup]
2026-10-09T12:51:11.3234794Z ##[group]Elan Installation Output
2026-10-09T12:51:11.4463012Z info: downloading installer
2026-10-09T12:51:12.1728599Z info: downloading https://releases.lean-lang.org/lean4/v4.34.0/lean-4.34.0-linux.tar.zst
2026-10-09T12:51:20.9749643Z info: installing /home/runner/.elan/toolchains/leanprover--lean4---v4.34.0
2026-10-09T12:51:30.4206766Z Lean (version 4.34.0, x86_64-unknown-linux-gnu, commit 293d5d0c0c3f3dded4688b3ccd6a33939ac5102b, Release)
2026-10-09T12:51:30.4699096Z Lake version 5.0.0-src+293d5d0 (Lean version 4.34.0)
2026-10-09T12:51:30.4753337Z ##[endgroup]
2026-10-09T12:51:30.4753514Z 
2026-10-09T12:51:30.4786340Z ##[end-action id=__leanprover_lean-action.__run;outcome=success;conclusion=success;duration_ms=19382]
2026-10-09T12:51:30.4796044Z ##[start-action display=configure `lean-action`;id=__leanprover_lean-action.config]
2026-10-09T12:51:30.4843445Z ##[group]Run : Configure Lean Action
2026-10-09T12:51:30.4843800Z [36;1m: Configure Lean Action[0m
2026-10-09T12:51:30.4844132Z [36;1m${GITHUB_ACTION_PATH}/scripts/config.sh[0m
2026-10-09T12:51:30.4920261Z shell: /usr/bin/bash --noprofile --norc -e -o pipefail {0}
2026-10-09T12:51:30.4920609Z env:
2026-10-09T12:51:30.4920811Z   AUTO_CONFIG: false
2026-10-09T12:51:30.4921034Z   BUILD: false
2026-10-09T12:51:30.4921229Z   TEST: false
2026-10-09T12:51:30.4921423Z   LINT: default
2026-10-09T12:51:30.4921639Z ##[endgroup]
2026-10-09T12:51:30.5223871Z ##[group]Configure lean-action
2026-10-09T12:51:30.5278629Z ##[end-action id=__leanprover_lean-action.config;outcome=success;conclusion=success;duration_ms=48]
2026-10-09T12:51:30.5283159Z ##[start-action display=reinstall transient toolchain;id=__leanprover_lean-action.__run_2]
2026-10-09T12:51:30.5289304Z ##[end-action id=__leanprover_lean-action.__run_2;outcome=skipped;conclusion=skipped;duration_ms=0]
2026-10-09T12:51:30.5292169Z ##[start-action display=ensure all files are imported;id=__leanprover_lean-action.mk_all]
2026-10-09T12:51:30.5295740Z ##[end-action id=__leanprover_lean-action.mk_all;outcome=skipped;conclusion=skipped;duration_ms=0]
2026-10-09T12:51:30.5297785Z ##[start-action display=Run actions/cache/restore@caa296126883cff596d87d8935842f9db880ef25;id=__leanprover_lean-action.__actions_cache]
2026-10-09T12:51:30.5301770Z ##[end-action id=__leanprover_lean-action.__actions_cache;outcome=skipped;conclusion=skipped;duration_ms=0]
2026-10-09T12:51:30.5303544Z ##[start-action display=detect mathlib;id=__leanprover_lean-action.detect-mathlib]
2026-10-09T12:51:30.5306936Z ##[end-action id=__leanprover_lean-action.detect-mathlib;outcome=skipped;conclusion=skipped;duration_ms=0]
2026-10-09T12:51:30.5308926Z ##[start-action display=get mathlib cache;id=__leanprover_lean-action.__run_3]
2026-10-09T12:51:30.5325651Z ##[end-action id=__leanprover_lean-action.__run_3;outcome=skipped;conclusion=skipped;duration_ms=0]
2026-10-09T12:51:30.5350752Z ##[start-action display=build dwijayuda/pskernel;id=__leanprover_lean-action.build]
2026-10-09T12:51:30.5355386Z ##[end-action id=__leanprover_lean-action.build;outcome=skipped;conclusion=skipped;duration_ms=0]
2026-10-09T12:51:30.5357522Z ##[start-action display=Run actions/cache/save@caa296126883cff596d87d8935842f9db880ef25;id=__leanprover_lean-action.__actions_cache_2]
2026-10-09T12:51:30.5361261Z ##[end-action id=__leanprover_lean-action.__actions_cache_2;outcome=skipped;conclusion=skipped;duration_ms=0]
2026-10-09T12:51:30.5363902Z ##[start-action display=test dwijayuda/pskernel;id=__leanprover_lean-action.test]
2026-10-09T12:51:30.5368157Z ##[end-action id=__leanprover_lean-action.test;outcome=skipped;conclusion=skipped;duration_ms=0]
2026-10-09T12:51:30.5370768Z ##[start-action display=lint dwijayuda/pskernel;id=__leanprover_lean-action.lint]
2026-10-09T12:51:30.5374653Z ##[end-action id=__leanprover_lean-action.lint;outcome=skipped;conclusion=skipped;duration_ms=0]
2026-10-09T12:51:30.5376437Z ##[start-action display=check reservoir eligibility;id=__leanprover_lean-action.__run_4]
2026-10-09T12:51:30.5379825Z ##[end-action id=__leanprover_lean-action.__run_4;outcome=skipped;conclusion=skipped;duration_ms=0]
2026-10-09T12:51:30.5382234Z ##[start-action display=check environment with leanchecker;id=__leanprover_lean-action.__run_5]
2026-10-09T12:51:30.5386672Z ##[end-action id=__leanprover_lean-action.__run_5;outcome=skipped;conclusion=skipped;duration_ms=0]
2026-10-09T12:51:30.5388841Z ##[start-action display=check environment with nanoda;id=__leanprover_lean-action.nanoda]
2026-10-09T12:51:30.5391957Z ##[end-action id=__leanprover_lean-action.nanoda;outcome=skipped;conclusion=skipped;duration_ms=0]
2026-10-09T12:51:30.5394193Z ##[start-action display=audit axioms with axiom-audit;id=__leanprover_lean-action.axiom-audit]
2026-10-09T12:51:30.5464881Z ##[end-action id=__leanprover_lean-action.axiom-audit;outcome=skipped;conclusion=skipped;duration_ms=0]
2026-10-09T12:51:30.6014317Z ##[group]Run npm install --prefix "$RUNNER_TEMP/psc0-typescript-7.0.2" --ignore-scripts --save-exact --no-audit --no-fund typescript@7.0.2
2026-10-09T12:51:30.6015333Z [36;1mnpm install --prefix "$RUNNER_TEMP/psc0-typescript-7.0.2" --ignore-scripts --save-exact --no-audit --no-fund typescript@7.0.2[0m
2026-10-09T12:51:30.6015950Z [36;1mnode --input-type=module <<'NODE'[0m
2026-10-09T12:51:30.6016277Z [36;1mimport assert from 'node:assert/strict';[0m
2026-10-09T12:51:30.6016792Z [36;1mimport { appendFileSync, copyFileSync, mkdirSync, readFileSync, realpathSync } from 'node:fs';[0m
2026-10-09T12:51:30.6017269Z [36;1mimport path from 'node:path';[0m
2026-10-09T12:51:30.6017585Z [36;1mimport { createRequire } from 'node:module';[0m
2026-10-09T12:51:30.6017935Z [36;1mimport { spawnSync } from 'node:child_process';[0m
2026-10-09T12:51:30.6018487Z [36;1mconst require = createRequire(import.meta.url);[0m
2026-10-09T12:51:30.6019012Z [36;1mconst prefix = path.join(process.env.RUNNER_TEMP, 'psc0-typescript-7.0.2');[0m
2026-10-09T12:51:30.6019789Z [36;1mconst manifestPath = require.resolve('typescript/package.json', { paths: [prefix] });[0m
2026-10-09T12:51:30.6020317Z [36;1mconst manifest = JSON.parse(readFileSync(manifestPath, 'utf8'));[0m
2026-10-09T12:51:30.6020723Z [36;1massert.equal(manifest.name, 'typescript');[0m
2026-10-09T12:51:30.6021053Z [36;1massert.equal(manifest.version, '7.0.2');[0m
2026-10-09T12:51:30.6021462Z [36;1mconst bin = typeof manifest.bin === 'string' ? manifest.bin : manifest.bin?.tsc;[0m
2026-10-09T12:51:30.6021958Z [36;1massert.equal(typeof bin, 'string', 'PSC0_TYPESCRIPT_BIN_METADATA');[0m
2026-10-09T12:51:30.6022455Z [36;1mconst launcher = realpathSync(path.resolve(path.dirname(manifestPath), bin));[0m
2026-10-09T12:51:30.6023030Z [36;1mconst result = spawnSync(process.execPath, [launcher, '--version'], { encoding: 'utf8' });[0m
2026-10-09T12:51:30.6023525Z [36;1massert.equal(result.status, 0, result.stderr);[0m
2026-10-09T12:51:30.6023903Z [36;1massert.equal(result.stdout.trim(), 'Version 7.0.2');[0m
2026-10-09T12:51:30.6024420Z [36;1mappendFileSync(process.env.GITHUB_ENV, 'PSC0_TSC=' + launcher + '\nPSC0_TYPESCRIPT_VERSION=7.0.2\n');[0m
2026-10-09T12:51:30.6025012Z [36;1mconst directory = path.resolve('dist/typescript-profile/successor-cold');[0m
2026-10-09T12:51:30.6025430Z [36;1mmkdirSync(directory, { recursive: true });[0m
2026-10-09T12:51:30.6025919Z [36;1mcopyFileSync(path.join(prefix, 'package-lock.json'), path.join(directory, 'package-lock.json'));[0m
2026-10-09T12:51:30.6026466Z [36;1mcopyFileSync(manifestPath, path.join(directory, 'package.json'));[0m
2026-10-09T12:51:30.6026819Z [36;1mNODE[0m
2026-10-09T12:51:30.6099119Z shell: /usr/bin/bash -e {0}
2026-10-09T12:51:30.6099404Z ##[endgroup]
2026-10-09T12:51:33.7305758Z 
2026-10-09T12:51:33.7306488Z added 2 packages in 3s
2026-10-09T12:51:33.9321201Z ##[group]Run actions/download-artifact@v4
2026-10-09T12:51:33.9321487Z with:
2026-10-09T12:51:33.9321762Z   name: psc0-sh1-ts7.0.2-fe2560aba0f347b1caf8d000d371464642d44f23
2026-10-09T12:51:33.9322119Z   path: recovery-input
2026-10-09T12:51:33.9322343Z   merge-multiple: false
2026-10-09T12:51:33.9322583Z   repository: dwijayuda/pskernel
2026-10-09T12:51:33.9322827Z   run-id: 37925722635
2026-10-09T12:51:33.9323037Z env:
2026-10-09T12:51:33.9323383Z   PSC0_TSC: /home/runner/work/_temp/psc0-typescript-7.0.2/node_modules/typescript/bin/tsc
2026-10-09T12:51:33.9323797Z   PSC0_TYPESCRIPT_VERSION: 7.0.2
2026-10-09T12:51:33.9324046Z ##[endgroup]
2026-10-09T12:51:34.0813255Z Downloading single artifact
2026-10-09T12:51:34.0995823Z (node:2220) [DEP0040] DeprecationWarning: The `punycode` module is deprecated. Please use a userland alternative instead.
2026-10-09T12:51:34.0997120Z (Use `node --trace-deprecation ...` to show where the warning was created)
2026-10-09T12:51:34.1882273Z Preparing to download the following artifacts:
2026-10-09T12:51:34.1884328Z - psc0-sh1-ts7.0.2-fe2560aba0f347b1caf8d000d371464642d44f23 (ID: 11617460205, Size: 7477193, Expected Digest: sha256:28d65fad4a77f96676fad530e786761e6955444690e3707e2ae8b8181041bc0a)
2026-10-09T12:51:34.3019563Z Redirecting to blob download url: https://productionresultssa13.blob.core.windows.net/actions-results/1c9b3da3-87f9-824e-b284-92f2be3b7512/workflow-job-run-8a05d987-021d-5f9f-91e0-63b60200b02a/artifacts/fcd6df343072999996979aa30614e9d61358f0adaa771bcb7d4e34516d37f4bb.zip
2026-10-09T12:51:34.3021118Z Starting download of artifact to: /home/runner/work/pskernel/pskernel/recovery-input
2026-10-09T12:51:34.3936938Z (node:2220) [DEP0005] DeprecationWarning: Buffer() is deprecated due to security and usability issues. Please use the Buffer.alloc(), Buffer.allocUnsafe(), or Buffer.from() methods instead.
2026-10-09T12:51:34.8196103Z SHA256 digest of downloaded artifact is 28d65fad4a77f96676fad530e786761e6955444690e3707e2ae8b8181041bc0a
2026-10-09T12:51:34.8196796Z Artifact download completed successfully.
2026-10-09T12:51:34.8197163Z Total of 1 artifact(s) downloaded
2026-10-09T12:51:34.8201999Z Download artifact has finished successfully
2026-10-09T12:51:34.9005505Z ##[group]Run actions/github-script@v7
2026-10-09T12:51:34.9005980Z with:
2026-10-09T12:51:34.9014972Z   script: const assert = (await import('node:assert/strict')).default;
const { readFile } = await import('node:fs/promises');
const { existsSync } = await import('node:fs');
const path = await import('node:path');
const workspace = process.env.GITHUB_WORKSPACE;
const { successorSeedSelection, verifyAuthoringSeedCache } = await import(
  workspace + '/psc0/scripts/sh1-successor-seed.mjs');
const manifestPath = path.join(workspace, 'recovery-input/dist/sh1/seed-promotion.json');
const manifest = JSON.parse(await readFile(manifestPath, 'utf8'));
const selected = successorSeedSelection(manifest);
assert.equal(selected.sourceRef, context.sha, 'PSC0_SH1_COLD_SOURCE_REF');
assert.equal(String(manifest.qualification.runId), process.env.GITHUB_RUN_ID,
  'PSC0_SH1_COLD_QUALIFICATION_RUN');
const parentPath = path.join(workspace, 'recovery-input', selected.parent.compilerPath);
assert(await verifyAuthoringSeedCache(path.dirname(parentPath), selected.parent.manifest),
  'PSC0_SH1_COLD_PARENT_CACHE_REQUIRED');
const cachePath = path.join(workspace, 'psc0', selected.cacheDirectory);
const outputPath = path.join(workspace, 'psc0/dist/sh1-successor-cold');
assert(!existsSync(cachePath), 'PSC0_SH1_COLD_CACHE_MUST_BE_ABSENT');
assert(!existsSync(outputPath), 'PSC0_SH1_COLD_OUTPUT_MUST_BE_ABSENT');
for (const [name, value] of Object.entries({
  'manifest-path': manifestPath, 'parent-compiler-path': parentPath,
  'cache-path': cachePath, 'cache-directory': selected.cacheDirectory,
  'cache-key': selected.cacheKey, 'output-path': outputPath,
})) core.setOutput(name, value);

2026-10-09T12:51:34.9028463Z   github-token: ***
2026-10-09T12:51:34.9028825Z   debug: false
2026-10-09T12:51:34.9029171Z   user-agent: actions/github-script
2026-10-09T12:51:34.9029601Z   result-encoding: json
2026-10-09T12:51:34.9029952Z   retries: 0
2026-10-09T12:51:34.9030328Z   retry-exempt-status-codes: 400,401,403,404,422
2026-10-09T12:51:34.9030808Z env:
2026-10-09T12:51:34.9031379Z   PSC0_TSC: /home/runner/work/_temp/psc0-typescript-7.0.2/node_modules/typescript/bin/tsc
2026-10-09T12:51:34.9032051Z   PSC0_TYPESCRIPT_VERSION: 7.0.2
2026-10-09T12:51:34.9032438Z ##[endgroup]
2026-10-09T12:51:35.0955798Z ##[group]Run node scripts/sh1-qualify.mjs recover-successor-seed \
2026-10-09T12:51:35.0956357Z [36;1mnode scripts/sh1-qualify.mjs recover-successor-seed \[0m
2026-10-09T12:51:35.0956780Z [36;1m  --manifest "$PSC0_SUCCESSOR_MANIFEST" \[0m
2026-10-09T12:51:35.0957156Z [36;1m  --parent "$PSC0_PARENT_COMPILER" \[0m
2026-10-09T12:51:35.0957514Z [36;1m  --cache-directory "$PSC0_SUCCESSOR_CACHE" \[0m
2026-10-09T12:51:35.0957855Z [36;1m  --out "$PSC0_RECOVERY_OUTPUT" --cold[0m
2026-10-09T12:51:35.1030009Z shell: /usr/bin/bash -e {0}
2026-10-09T12:51:35.1030301Z env:
2026-10-09T12:51:35.1030708Z   PSC0_TSC: /home/runner/work/_temp/psc0-typescript-7.0.2/node_modules/typescript/bin/tsc
2026-10-09T12:51:35.1031204Z   PSC0_TYPESCRIPT_VERSION: 7.0.2
2026-10-09T12:51:35.1031700Z   PSC0_SUCCESSOR_MANIFEST: /home/runner/work/pskernel/pskernel/recovery-input/dist/sh1/seed-promotion.json
2026-10-09T12:51:35.1032709Z   PSC0_PARENT_COMPILER: /home/runner/work/pskernel/pskernel/recovery-input/.selfhost-seeds/qualified/0dc33de63fee9800e3da68e54605a27d222306c55e4631496995efd066b2e2d9/index.js
2026-10-09T12:51:35.1033792Z   PSC0_SUCCESSOR_CACHE: /home/runner/work/pskernel/pskernel/psc0/.selfhost-seeds/successors/47d88158e075f766f0d146ba3a13b28744c6e196d9844c71f4e52dc7351e2225
2026-10-09T12:51:35.1034619Z   PSC0_RECOVERY_OUTPUT: /home/runner/work/pskernel/pskernel/psc0/dist/sh1-successor-cold
2026-10-09T12:51:35.1035068Z ##[endgroup]
2026-10-09T13:13:22.6861061Z PSC0_SH1_GENERATION: {"schemaVersion":1,"executingCompilerSha256":"9d8a91e890c779c6b377b8a482ae3e997a1630b360eb8d6e7c022b3964510096","sourceRef":"fe2560aba0f347b1caf8d000d371464642d44f23","sourceClosureSha256":"f96c811f575cae2be58ccca3ffe587ead83bffa6f8bd862d40936bef28ef3226","moduleCount":61,"sourceBytes":1113918,"sourceKind":"raw-authoritative-lean","language":{"implementation":"PSC1","candidateCapability":"PSC0-SH/1 structural state generalization and parameter projections","canonicalSourceGrammar":{"mode":"immutable-authoring-seed-output","executingSourceRef":"e91b9558d665879871b8bf0893915ae64b27c7fe"}},"recipe":{"files":[{"path":"scripts/sh1-qualify.mjs","sha256":"37b3a9bca3c5dc599f13c61a1d7cb5219004d775e34bb240b5e17f58ad66d41a"},{"path":"scripts/sh1-capabilities.mjs","sha256":"29a45533419aee1b3e1ac4c0417ce690885748fa66620a158be924caeec01684"},{"path":"scripts/sh1-grammar-conformance.mjs","sha256":"65c4f90ff8f8b4d7436f623517a06839c18d70a7b1dfd62d60162ce86f21477e"},{"path":"scripts/sh1-projection-conformance.mjs","sha256":"44a9baad9f18a231e681b71dc696373ca15a4cdd8b252c31656f5f9b8404051f"},{"path":"scripts/sh1-successor-seed.mjs","sha256":"c65be03a65e0da19c99707319d41c4836f97f1addcb082bc4959946d1fa7e9f8"},{"path":"psconfig.json","sha256":"2c89c1e637f101e2c076644418ad3727af3bdff46b40adfcdbb5d1c1ee9d3984"},{"path":"test/fixtures/selfhost-sh1-accumulators.lean","sha256":"45d7948c21431670d89762f97a6679a371b37defbfcc9d15138639c5f926d9e6"},{"path":"test/fixtures/selfhost-sh1-accumulators.ps","sha256":"e0619554ac2384922ebe1739fa208114b08229118c6a995b7ee7ab2da9a28e65"},{"path":"scripts/proofscript-source.mjs","sha256":"98474e8d1d1629b93aec608ef7263e5c959f02703ca23a55a46327d1f43d9608"},{"path":"scripts/checked-source-snapshot.mjs","sha256":"1082b5e817a973a1eae0731543f7f6b419dfa13c574d051b845c11659be7134c"},{"path":"scripts/selfhost-source-workspace.mjs","sha256":"ec6707a4b12fa605cdcf7cdf1db829f281990fbb8c9b2dc5b9638d37e6fbb1f8"},{"path":"scripts/LeanCheckedSeed.lean","sha256":"f5af4cb73002682ab0e43f78a22d79c6d1006f5f4a0fd8b980c0a7bb3ac91ad1"},{"path":"scripts/typescript-cli.mjs","sha256":"6e25698d6bd0d1793f1eb77d5f66a127d46039a8ec773a67960d116e26e7a64a"},{"path":"scripts/check-typescript-profile.mjs","sha256":"a96dfd40691da9e9f3343f2a90af31406796449ff68a61f4dd5956a4edc44c17"},{"path":"scripts/workspace-layout.mjs","sha256":"f6d2b4d5f82e3d3c125c2d6131d625ca64b698ac10c03648c8914fbcbbdf75b1"},{"path":"scripts/generated-preparation-session.mjs","sha256":"96838acd33a35a84705c6116bbebc881e91e96188c75ce3170ca836a04ca71ad"},{"path":"scripts/original-ir-inventory.mjs","sha256":"bb11bea9a2c9a242fbbd0234078773b7a91a1c99697292e581cc56870000f47f"},{"path":"scripts/original-ir-carrier.mjs","sha256":"745f5920e4d6459e00af883bafeaf2ab169a1d3a3a5ebe60fe97d46b80ef9ed2"},{"path":"scripts/sh1-ir-checker-conformance.mjs","sha256":"fc6f436f430ada8d0caec75efe217c19db77289ab9d7a528142296ed2772936b"},{"path":"test/IrCheckerTests.lean","sha256":"36790248f17f147fe5958256c7cb9ed26f767c410c1319aeadf590d480e69f9d"},{"path":"scripts/sh1-source-snapshot.mjs","sha256":"b70d16e97265283fe7e0f7f581925797a7918d08fb3dffe4de27122d8510aae8"},{"path":"scripts/sh1-seed-manifest.mjs","sha256":"53d7dc1a894a02643f55bf611c955b55497f45f1bcf0d7af9e052e394469794f"},{"path":"scripts/sh1-iterate.mjs","sha256":"9ce539924c9c486a776ae078d491ddfe7e76ad6db7076559211137bec5c0a5b8"},{"path":"scripts/sh1-iteration-conformance.mjs","sha256":"bca0d33389be0bc716eb3c56d2696c547a9f02e0974e40c2205919bffb02dce4"},{"path":"scripts/sh1-foundation-conformance.mjs","sha256":"4bcb6ef9606e8527c47c2f736b56ae115df472e0ced8a5c9cfc1da88f633e383"},{"path":"test/fixtures/selfhost-sh1-foundation-reference.lean","sha256":"e5293a49180f7f1354284b26a9bf10df27749a8e22e6646bdee62ad29a5a19a9"},{"path":"test/fixtures/selfhost-sh1-foundation-probe.lean","sha256":"633a4b0a85cc42533067e0f9b51e5b60d320c44709e5b3f65247b622d0faa819"},{"path":"scripts/sh1-helper-conformance.mjs","sha256":"b239a2da5479711a47c7721ab9e98a7e6ec88437f43f9e262dece8664779a83d"},{"path":"test/fixtures/selfhost-sh1-helpers-reference.lean","sha256":"1db8d3fa490d53d7cfc1d1dc03b052f291b7e5a44ecbed8bddcc8ae6101a5909"},{"path":"test/fixtures/selfhost-sh1-helpers-probe.lean","sha256":"072e8ed62cf7ac65f60c9c7667eca536359fc478b8caf983187ae3ac4a826cf9"},{"path":"scripts/sh1-generic-erasure-conformance.mjs","sha256":"7e86809c9bd8d7bae33c30f0870abd19b3f98e26bcebc6d5f0561ce23c5341ca"},{"path":"test/fixtures/selfhost-sh1-generic-erasure.lean","sha256":"574fc4874e0cd5561fcdd873c7942aa90cd77abaa66441c76b5e4f7c3755e4de"}],"sha256":"5e29ee890f5c08d3d3bfdfda4d060b20c03be14693feb0dcefbb457d6849eddb"},"toolchain":{"node":"v22.23.3","platform":"linux","architecture":"x64","lean":"Lean (version 4.34.0, x86_64-unknown-linux-gnu, commit 293d5d0c0c3f3dded4688b3ccd6a33939ac5102b, Release)","leanGitHash":"293d5d0c0c3f3dded4688b3ccd6a33939ac5102b","typescript":"Version 7.0.2"},"typescriptProfile":{"version":"7.0.2","purpose":"current-emission","arguments":["--ignoreConfig"]},"artifacts":{"canonicalSurfaceSourceSha256":"a6f286aa69415eb86a36d80b6a100f74b9b5e2e6854a5a65b25ec624ed3f88d2","normalizedCanonicalAdmissionsSha256":"200e5881d1554f72530a0395524ee28dd3a64a6bd45f55cddd4fad1336981bf0","typescriptSha256":"6bc6dbbce90a9ae1b2e76ce33bcefb430a4ee8405841e1c1ce15af6db8492954","javascriptSha256":"70db0131fa3af62f7193576407ad529be10df2f4296c712f53f7c31f42209061"},"preparation":{"schemaVersion":1,"kind":"psc0-preparation-session","evidence":"admission-ready","compilerSha256":"9d8a91e890c779c6b377b8a482ae3e997a1630b360eb8d6e7c022b3964510096","sourceKind":"lean","closureSha256":"07ceecb011cfffad090e30f560a2e81f264bea3a28e743949532b36fb3117538","moduleCount":61,"cache":{"prefixModules":0,"parseHits":0,"parseMisses":61,"parseEvictions":0,"parseUncachedModules":0,"preparedModules":61,"finishHit":false,"retainedParsedEntries":61,"retainedParsedSourceBytes":1110100,"retainedPrefixModules":61,"retainedPrefixSourceBytes":1110100,"maxParsedEntries":128,"maxParsedSourceBytes":8388608},"timingsMs":{"input":2.620256000000154,"parse":49301.0955020001,"prepare":643426.4874810004,"finish":128103.25962999999,"freeze":396.34628099994734,"total":821234.7896339999},"warmNoChange":{"schemaVersion":1,"kind":"psc0-preparation-session","evidence":"admission-ready","compilerSha256":"9d8a91e890c779c6b377b8a482ae3e997a1630b360eb8d6e7c022b3964510096","sourceKind":"lean","closureSha256":"07ceecb011cfffad090e30f560a2e81f264bea3a28e743949532b36fb3117538","moduleCount":61,"cache":{"prefixModules":61,"parseHits":0,"parseMisses":0,"parseEvictions":0,"parseUncachedModules":0,"preparedModules":0,"finishHit":true,"retainedParsedEntries":61,"retainedParsedSourceBytes":1110100,"retainedPrefixModules":61,"retainedPrefixSourceBytes":1110100,"maxParsedEntries":128,"maxParsedSourceBytes":8388608},"timingsMs":{"input":1.9964860000181943,"parse":0,"prepare":0,"finish":0,"freeze":0,"total":2.0287140000145882}}},"originalIrInventory":{"report":"original-ir-inventory.json","traversalComplete":true,"findingCounts":{"call-arity-needs-expression-typing":262,"call-type-arity":19},"findingCount":null,"findingCountsCoverage":"legacy-inventory","portableChecker":{"status":"unavailable-at-explicit-seed-boundary","boundary":{"kind":"selected-authoring-seed","executingSourceRef":"e91b9558d665879871b8bf0893915ae64b27c7fe","executingCompilerSha256":"9d8a91e890c779c6b377b8a482ae3e997a1630b360eb8d6e7c022b3964510096","reason":"The exact embedded v1 parent produces the first successor generation from raw source."}},"runtimeIrTypingAccepted":false,"sameOriginalIrCheckedBeforeEmission":false,"strictSh1Qualified":false},"timingsMs":{"loadAndPrepare":821405.986658,"admissions":132428.21317699994,"canonicalSurface":52758.07496,"emit":295998.37733300007,"tscAndWrite":3459.033386999974,"total":1306049.6883},"normalizationEvidence":"Elaborated worker representation is compared in canonical admissions; source comparison uses canonical surface syntax.","evidence":"candidate-build","provider":{"status":"not-attempted","kernelChecked":false}}
2026-10-09T13:37:05.0896696Z PSC0_SH1_GENERATION: {"schemaVersion":1,"executingCompilerSha256":"70db0131fa3af62f7193576407ad529be10df2f4296c712f53f7c31f42209061","sourceRef":"fe2560aba0f347b1caf8d000d371464642d44f23","sourceClosureSha256":"f96c811f575cae2be58ccca3ffe587ead83bffa6f8bd862d40936bef28ef3226","moduleCount":61,"sourceBytes":1113918,"sourceKind":"raw-authoritative-lean","language":{"implementation":"PSC1","candidateCapability":"PSC0-SH/1 structural state generalization and parameter projections","canonicalSourceGrammar":{"edition":"ps-0.9-r3","mode":"new-only","support":"bounded-selfhost-subset","referenceSha256":"4c02626fd0b991e8526c64b65f4ffb66b9ce7b688298e82fb0309802a263db71","fullStandardConformance":false,"fullPscvConformance":false}},"recipe":{"files":[{"path":"scripts/sh1-qualify.mjs","sha256":"37b3a9bca3c5dc599f13c61a1d7cb5219004d775e34bb240b5e17f58ad66d41a"},{"path":"scripts/sh1-capabilities.mjs","sha256":"29a45533419aee1b3e1ac4c0417ce690885748fa66620a158be924caeec01684"},{"path":"scripts/sh1-grammar-conformance.mjs","sha256":"65c4f90ff8f8b4d7436f623517a06839c18d70a7b1dfd62d60162ce86f21477e"},{"path":"scripts/sh1-projection-conformance.mjs","sha256":"44a9baad9f18a231e681b71dc696373ca15a4cdd8b252c31656f5f9b8404051f"},{"path":"scripts/sh1-successor-seed.mjs","sha256":"c65be03a65e0da19c99707319d41c4836f97f1addcb082bc4959946d1fa7e9f8"},{"path":"psconfig.json","sha256":"2c89c1e637f101e2c076644418ad3727af3bdff46b40adfcdbb5d1c1ee9d3984"},{"path":"test/fixtures/selfhost-sh1-accumulators.lean","sha256":"45d7948c21431670d89762f97a6679a371b37defbfcc9d15138639c5f926d9e6"},{"path":"test/fixtures/selfhost-sh1-accumulators.ps","sha256":"e0619554ac2384922ebe1739fa208114b08229118c6a995b7ee7ab2da9a28e65"},{"path":"scripts/proofscript-source.mjs","sha256":"98474e8d1d1629b93aec608ef7263e5c959f02703ca23a55a46327d1f43d9608"},{"path":"scripts/checked-source-snapshot.mjs","sha256":"1082b5e817a973a1eae0731543f7f6b419dfa13c574d051b845c11659be7134c"},{"path":"scripts/selfhost-source-workspace.mjs","sha256":"ec6707a4b12fa605cdcf7cdf1db829f281990fbb8c9b2dc5b9638d37e6fbb1f8"},{"path":"scripts/LeanCheckedSeed.lean","sha256":"f5af4cb73002682ab0e43f78a22d79c6d1006f5f4a0fd8b980c0a7bb3ac91ad1"},{"path":"scripts/typescript-cli.mjs","sha256":"6e25698d6bd0d1793f1eb77d5f66a127d46039a8ec773a67960d116e26e7a64a"},{"path":"scripts/check-typescript-profile.mjs","sha256":"a96dfd40691da9e9f3343f2a90af31406796449ff68a61f4dd5956a4edc44c17"},{"path":"scripts/workspace-layout.mjs","sha256":"f6d2b4d5f82e3d3c125c2d6131d625ca64b698ac10c03648c8914fbcbbdf75b1"},{"path":"scripts/generated-preparation-session.mjs","sha256":"96838acd33a35a84705c6116bbebc881e91e96188c75ce3170ca836a04ca71ad"},{"path":"scripts/original-ir-inventory.mjs","sha256":"bb11bea9a2c9a242fbbd0234078773b7a91a1c99697292e581cc56870000f47f"},{"path":"scripts/original-ir-carrier.mjs","sha256":"745f5920e4d6459e00af883bafeaf2ab169a1d3a3a5ebe60fe97d46b80ef9ed2"},{"path":"scripts/sh1-ir-checker-conformance.mjs","sha256":"fc6f436f430ada8d0caec75efe217c19db77289ab9d7a528142296ed2772936b"},{"path":"test/IrCheckerTests.lean","sha256":"36790248f17f147fe5958256c7cb9ed26f767c410c1319aeadf590d480e69f9d"},{"path":"scripts/sh1-source-snapshot.mjs","sha256":"b70d16e97265283fe7e0f7f581925797a7918d08fb3dffe4de27122d8510aae8"},{"path":"scripts/sh1-seed-manifest.mjs","sha256":"53d7dc1a894a02643f55bf611c955b55497f45f1bcf0d7af9e052e394469794f"},{"path":"scripts/sh1-iterate.mjs","sha256":"9ce539924c9c486a776ae078d491ddfe7e76ad6db7076559211137bec5c0a5b8"},{"path":"scripts/sh1-iteration-conformance.mjs","sha256":"bca0d33389be0bc716eb3c56d2696c547a9f02e0974e40c2205919bffb02dce4"},{"path":"scripts/sh1-foundation-conformance.mjs","sha256":"4bcb6ef9606e8527c47c2f736b56ae115df472e0ced8a5c9cfc1da88f633e383"},{"path":"test/fixtures/selfhost-sh1-foundation-reference.lean","sha256":"e5293a49180f7f1354284b26a9bf10df27749a8e22e6646bdee62ad29a5a19a9"},{"path":"test/fixtures/selfhost-sh1-foundation-probe.lean","sha256":"633a4b0a85cc42533067e0f9b51e5b60d320c44709e5b3f65247b622d0faa819"},{"path":"scripts/sh1-helper-conformance.mjs","sha256":"b239a2da5479711a47c7721ab9e98a7e6ec88437f43f9e262dece8664779a83d"},{"path":"test/fixtures/selfhost-sh1-helpers-reference.lean","sha256":"1db8d3fa490d53d7cfc1d1dc03b052f291b7e5a44ecbed8bddcc8ae6101a5909"},{"path":"test/fixtures/selfhost-sh1-helpers-probe.lean","sha256":"072e8ed62cf7ac65f60c9c7667eca536359fc478b8caf983187ae3ac4a826cf9"},{"path":"scripts/sh1-generic-erasure-conformance.mjs","sha256":"7e86809c9bd8d7bae33c30f0870abd19b3f98e26bcebc6d5f0561ce23c5341ca"},{"path":"test/fixtures/selfhost-sh1-generic-erasure.lean","sha256":"574fc4874e0cd5561fcdd873c7942aa90cd77abaa66441c76b5e4f7c3755e4de"}],"sha256":"5e29ee890f5c08d3d3bfdfda4d060b20c03be14693feb0dcefbb457d6849eddb"},"toolchain":{"node":"v22.23.3","platform":"linux","architecture":"x64","lean":"Lean (version 4.34.0, x86_64-unknown-linux-gnu, commit 293d5d0c0c3f3dded4688b3ccd6a33939ac5102b, Release)","leanGitHash":"293d5d0c0c3f3dded4688b3ccd6a33939ac5102b","typescript":"Version 7.0.2"},"typescriptProfile":{"version":"7.0.2","purpose":"current-emission","arguments":["--ignoreConfig"]},"artifacts":{"canonicalSurfaceSourceSha256":"985cf39d4a68df68a03123883105b6bdd9b81783c4bab98c8ec86ec683ac3b07","normalizedCanonicalAdmissionsSha256":"200e5881d1554f72530a0395524ee28dd3a64a6bd45f55cddd4fad1336981bf0","typescriptSha256":"38fea23209f561efcab0c0111a2a15fa1e5761d33f31100fac8d6bfb1e032935","javascriptSha256":"70db0131fa3af62f7193576407ad529be10df2f4296c712f53f7c31f42209061"},"preparation":{"schemaVersion":1,"kind":"psc0-preparation-session","evidence":"admission-ready","compilerSha256":"70db0131fa3af62f7193576407ad529be10df2f4296c712f53f7c31f42209061","sourceKind":"lean","closureSha256":"07ceecb011cfffad090e30f560a2e81f264bea3a28e743949532b36fb3117538","moduleCount":61,"cache":{"prefixModules":0,"parseHits":0,"parseMisses":61,"parseEvictions":0,"parseUncachedModules":0,"preparedModules":61,"finishHit":false,"retainedParsedEntries":61,"retainedParsedSourceBytes":1110100,"retainedPrefixModules":61,"retainedPrefixSourceBytes":1110100,"maxParsedEntries":128,"maxParsedSourceBytes":8388608},"timingsMs":{"input":1.9542209999635816,"parse":47531.74139100034,"prepare":618992.2570630005,"finish":139317.3703670001,"freeze":453.44641699967906,"total":806299.6862859998},"warmNoChange":{"schemaVersion":1,"kind":"psc0-preparation-session","evidence":"admission-ready","compilerSha256":"70db0131fa3af62f7193576407ad529be10df2f4296c712f53f7c31f42209061","sourceKind":"lean","closureSha256":"07ceecb011cfffad090e30f560a2e81f264bea3a28e743949532b36fb3117538","moduleCount":61,"cache":{"prefixModules":61,"parseHits":0,"parseMisses":0,"parseEvictions":0,"parseUncachedModules":0,"preparedModules":0,"finishHit":true,"retainedParsedEntries":61,"retainedParsedSourceBytes":1110100,"retainedPrefixModules":61,"retainedPrefixSourceBytes":1110100,"maxParsedEntries":128,"maxParsedSourceBytes":8388608},"timingsMs":{"input":2.106701999902725,"parse":0,"prepare":0,"finish":0,"freeze":0,"total":2.1341530000790954}}},"originalIrInventory":{"report":"original-ir-inventory.json","traversalComplete":true,"findingCounts":{},"findingCount":0,"findingCountsCoverage":"all-findings","portableChecker":{"status":"accepted","implementation":"Ps.CompilerIr.Check.psCheckVerifiedIrModule","options":{"maxSteps":5000000,"maxTypeSteps":65536,"maxFindings":1000}},"runtimeIrTypingAccepted":true,"sameOriginalIrCheckedBeforeEmission":true,"strictSh1Qualified":false},"timingsMs":{"loadAndPrepare":806468.0448079999,"admissions":135968.5611089999,"canonicalSurface":56062.23030500021,"emit":420119.90059199976,"tscAndWrite":3782.7875330001116,"total":1422401.525769},"normalizationEvidence":"Elaborated worker representation is compared in canonical admissions; source comparison uses canonical surface syntax.","evidence":"candidate-build","provider":{"status":"not-attempted","kernelChecked":false}}
2026-10-09T13:37:05.1560751Z PSC0_SH1_SUCCESSOR_RECOVERY: {"schemaVersion":1,"evidence":"qualified-successor-cold-recovery","sourceRef":"fe2560aba0f347b1caf8d000d371464642d44f23","sourceClosureSha256":"f96c811f575cae2be58ccca3ffe587ead83bffa6f8bd862d40936bef28ef3226","parentIdentitySha256":"0dc33de63fee9800e3da68e54605a27d222306c55e4631496995efd066b2e2d9","parentCompilerSha256":"9d8a91e890c779c6b377b8a482ae3e997a1630b360eb8d6e7c022b3964510096","compilerSha256":"70db0131fa3af62f7193576407ad529be10df2f4296c712f53f7c31f42209061","successorIdentitySha256":"47d88158e075f766f0d146ba3a13b28744c6e196d9844c71f4e52dc7351e2225","runnerSourceRef":"fe2560aba0f347b1caf8d000d371464642d44f23","runnerRecipeSha256":"5e29ee890f5c08d3d3bfdfda4d060b20c03be14693feb0dcefbb457d6849eddb","toolchain":{"node":"v22.23.3","platform":"linux","architecture":"x64","lean":"Lean (version 4.34.0, x86_64-unknown-linux-gnu, commit 293d5d0c0c3f3dded4688b3ccd6a33939ac5102b, Release)","leanGitHash":"293d5d0c0c3f3dded4688b3ccd6a33939ac5102b","typescript":"Version 7.0.2"},"expectedFirstGenerationArtifacts":{"canonicalSurfaceSourceSha256":"a6f286aa69415eb86a36d80b6a100f74b9b5e2e6854a5a65b25ec624ed3f88d2","normalizedCanonicalAdmissionsSha256":"200e5881d1554f72530a0395524ee28dd3a64a6bd45f55cddd4fad1336981bf0","typescriptSha256":"6bc6dbbce90a9ae1b2e76ce33bcefb430a4ee8405841e1c1ce15af6db8492954","javascriptSha256":"70db0131fa3af62f7193576407ad529be10df2f4296c712f53f7c31f42209061"},"expectedArtifacts":{"canonicalSurfaceSourceSha256":"985cf39d4a68df68a03123883105b6bdd9b81783c4bab98c8ec86ec683ac3b07","normalizedCanonicalAdmissionsSha256":"200e5881d1554f72530a0395524ee28dd3a64a6bd45f55cddd4fad1336981bf0","typescriptSha256":"38fea23209f561efcab0c0111a2a15fa1e5761d33f31100fac8d6bfb1e032935","javascriptSha256":"70db0131fa3af62f7193576407ad529be10df2f4296c712f53f7c31f42209061"},"coldSuccessorRecovery":true,"passed":true,"selectedSeedChanged":false,"strictSh1Qualified":false,"fullPscvConformance":false,"method":"pinned-parent-two-new-raw-source-generations","actualFirstGenerationArtifacts":{"canonicalSurfaceSourceSha256":"a6f286aa69415eb86a36d80b6a100f74b9b5e2e6854a5a65b25ec624ed3f88d2","normalizedCanonicalAdmissionsSha256":"200e5881d1554f72530a0395524ee28dd3a64a6bd45f55cddd4fad1336981bf0","typescriptSha256":"6bc6dbbce90a9ae1b2e76ce33bcefb430a4ee8405841e1c1ce15af6db8492954","javascriptSha256":"70db0131fa3af62f7193576407ad529be10df2f4296c712f53f7c31f42209061"},"actualArtifacts":{"canonicalSurfaceSourceSha256":"985cf39d4a68df68a03123883105b6bdd9b81783c4bab98c8ec86ec683ac3b07","normalizedCanonicalAdmissionsSha256":"200e5881d1554f72530a0395524ee28dd3a64a6bd45f55cddd4fad1336981bf0","typescriptSha256":"38fea23209f561efcab0c0111a2a15fa1e5761d33f31100fac8d6bfb1e032935","javascriptSha256":"70db0131fa3af62f7193576407ad529be10df2f4296c712f53f7c31f42209061"},"originalIrCheckedBeforeEmission":true,"parentCacheVerified":true,"elapsedMs":2728786.866427,"receiptSha256":"2aa93517b848da1493386ab9be50527275fe1a7a1c7e12f422d8d8431d8d9f1d"}
2026-10-09T13:37:05.6244372Z ##[group]Run actions/github-script@v7
2026-10-09T13:37:05.6244688Z with:
2026-10-09T13:37:05.6249917Z   script: const assert = (await import('node:assert/strict')).default;
const { readFile, copyFile } = await import('node:fs/promises');
const { createHash } = await import('node:crypto');
const path = await import('node:path');
const { successorSeedSelection, verifyAuthoringSeedCache } = await import(
  process.env.GITHUB_WORKSPACE + '/psc0/scripts/sh1-successor-seed.mjs');
const manifest = JSON.parse(await readFile(process.env.PSC0_SUCCESSOR_MANIFEST, 'utf8'));
const selected = successorSeedSelection(manifest);
const bytes = await readFile(path.join(process.env.PSC0_RECOVERY_OUTPUT, 'receipt.json'));
const receipt = JSON.parse(bytes.toString('utf8'));
assert.equal(receipt.evidence, 'qualified-successor-cold-recovery');
assert.equal(receipt.passed, true);
assert.equal(receipt.coldSuccessorRecovery, true);
assert.equal(receipt.selectedSeedChanged, false);
assert.equal(receipt.sourceRef, selected.sourceRef);
assert.equal(receipt.successorIdentitySha256, selected.identitySha256);
assert.deepEqual(receipt.actualFirstGenerationArtifacts, manifest.expectedFirstGenerationArtifacts);
assert.deepEqual(receipt.actualArtifacts, manifest.expectedArtifacts);
assert(await verifyAuthoringSeedCache(process.env.PSC0_SUCCESSOR_CACHE, manifest),
  'PSC0_SH1_COLD_RECOVERED_CACHE_REQUIRED');
await copyFile(process.env.PSC0_SUCCESSOR_MANIFEST,
  path.join(process.env.PSC0_RECOVERY_OUTPUT, 'seed-promotion.json'));
core.setOutput('receipt-sha256', createHash('sha256').update(bytes).digest('hex'));
core.setOutput('recovered', true);

2026-10-09T13:37:05.6257302Z   github-token: ***
2026-10-09T13:37:05.6257757Z   debug: false
2026-10-09T13:37:05.6258187Z   user-agent: actions/github-script
2026-10-09T13:37:05.6258489Z   result-encoding: json
2026-10-09T13:37:05.6258738Z   retries: 0
2026-10-09T13:37:05.6259021Z   retry-exempt-status-codes: 400,401,403,404,422
2026-10-09T13:37:05.6259336Z env:
2026-10-09T13:37:05.6259718Z   PSC0_TSC: /home/runner/work/_temp/psc0-typescript-7.0.2/node_modules/typescript/bin/tsc
2026-10-09T13:37:05.6260175Z   PSC0_TYPESCRIPT_VERSION: 7.0.2
2026-10-09T13:37:05.6260697Z   PSC0_SUCCESSOR_MANIFEST: /home/runner/work/pskernel/pskernel/recovery-input/dist/sh1/seed-promotion.json
2026-10-09T13:37:05.6261573Z   PSC0_SUCCESSOR_CACHE: /home/runner/work/pskernel/pskernel/psc0/.selfhost-seeds/successors/47d88158e075f766f0d146ba3a13b28744c6e196d9844c71f4e52dc7351e2225
2026-10-09T13:37:05.6262382Z   PSC0_RECOVERY_OUTPUT: /home/runner/work/pskernel/pskernel/psc0/dist/sh1-successor-cold
2026-10-09T13:37:05.6262813Z ##[endgroup]
2026-10-09T13:37:05.7394265Z ##[group]Run actions/upload-artifact@v4
2026-10-09T13:37:05.7394616Z with:
2026-10-09T13:37:05.7395010Z   name: psc0-sh1-successor-recovery-ts7.0.2-fe2560aba0f347b1caf8d000d371464642d44f23
2026-10-09T13:37:05.7395709Z   path: psc0/dist/sh1-successor-cold
psc0/.selfhost-seeds/successors
psc0/dist/typescript-profile/successor-cold

2026-10-09T13:37:05.7396228Z   include-hidden-files: true
2026-10-09T13:37:05.7396529Z   if-no-files-found: ignore
2026-10-09T13:37:05.7396790Z   retention-days: 30
2026-10-09T13:37:05.7397044Z   compression-level: 6
2026-10-09T13:37:05.7397284Z   overwrite: false
2026-10-09T13:37:05.7397504Z env:
2026-10-09T13:37:05.7397871Z   PSC0_TSC: /home/runner/work/_temp/psc0-typescript-7.0.2/node_modules/typescript/bin/tsc
2026-10-09T13:37:05.7398531Z   PSC0_TYPESCRIPT_VERSION: 7.0.2
2026-10-09T13:37:05.7398816Z ##[endgroup]
2026-10-09T13:37:05.9105883Z (node:2840) [DEP0040] DeprecationWarning: The `punycode` module is deprecated. Please use a userland alternative instead.
2026-10-09T13:37:05.9106642Z (Use `node --trace-deprecation ...` to show where the warning was created)
2026-10-09T13:37:05.9222340Z Multiple search paths detected. Calculating the least common ancestor of all paths
2026-10-09T13:37:05.9224785Z The least common ancestor is /home/runner/work/pskernel/pskernel/psc0. This will be the root directory of the artifact
2026-10-09T13:37:05.9225852Z With the provided path, there will be 25 files uploaded
2026-10-09T13:37:05.9229922Z Artifact name is valid!
2026-10-09T13:37:05.9230416Z Root directory input is valid!
2026-10-09T13:37:06.1315812Z Beginning upload of artifact content to blob storage
2026-10-09T13:37:06.7344121Z (node:2840) [DEP0169] DeprecationWarning: `url.parse()` behavior is not standardized and prone to errors that have security implications. Use the WHATWG URL API instead. CVEs are not issued for `url.parse()` vulnerabilities.
2026-10-09T13:37:06.8333220Z Uploaded bytes 2670771
2026-10-09T13:37:06.8499783Z Finished uploading artifact content to blob storage!
2026-10-09T13:37:06.8501198Z SHA256 digest of uploaded artifact zip is 00bb3be4fc777340cb05a8cd7c145ada2a7fd6e3b827ab5bfe8ef46246dacd04
2026-10-09T13:37:06.8502895Z Finalizing artifact upload
2026-10-09T13:37:07.0385895Z Artifact psc0-sh1-successor-recovery-ts7.0.2-fe2560aba0f347b1caf8d000d371464642d44f23.zip successfully finalized. Artifact ID 11618882773
2026-10-09T13:37:07.0387173Z Artifact psc0-sh1-successor-recovery-ts7.0.2-fe2560aba0f347b1caf8d000d371464642d44f23 has been successfully uploaded! Final size is 2670771 bytes. Artifact ID is 11618882773
2026-10-09T13:37:07.0393595Z Artifact download URL: https://github.com/dwijayuda/pskernel/actions/runs/37925722635/artifacts/11618882773
2026-10-09T13:37:07.0595309Z Post job cleanup.
2026-10-09T13:37:07.1798839Z (node:2852) [DEP0040] DeprecationWarning: The `punycode` module is deprecated. Please use a userland alternative instead.
2026-10-09T13:37:07.1799690Z (Use `node --trace-deprecation ...` to show where the warning was created)
2026-10-09T13:37:07.1980518Z Post job cleanup.
2026-10-09T13:37:07.2985012Z [command]/usr/bin/git version
2026-10-09T13:37:07.3029705Z git version 2.55.0
2026-10-09T13:37:07.3069577Z Temporarily overriding HOME='/home/runner/work/_temp/cebdd437-966d-44a0-acd6-3dbaa7342ea1' before making global git config changes
2026-10-09T13:37:07.3070902Z Adding repository directory to the temporary git global config as a safe directory
2026-10-09T13:37:07.3073640Z [command]/usr/bin/git config --global --add safe.directory /home/runner/work/pskernel/pskernel
2026-10-09T13:37:07.3114890Z [command]/usr/bin/git config --local --name-only --get-regexp core\.sshCommand
2026-10-09T13:37:07.3152227Z [command]/usr/bin/git submodule foreach --recursive sh -c "git config --local --name-only --get-regexp 'core\.sshCommand' && git config --local --unset-all 'core.sshCommand' || :"
2026-10-09T13:37:07.3440223Z [command]/usr/bin/git config --local --name-only --get-regexp http\.https\:\/\/github\.com\/\.extraheader
2026-10-09T13:37:07.3466907Z http.https://github.com/.extraheader
2026-10-09T13:37:07.3478823Z [command]/usr/bin/git config --local --unset-all http.https://github.com/.extraheader
2026-10-09T13:37:07.3516794Z [command]/usr/bin/git submodule foreach --recursive sh -c "git config --local --name-only --get-regexp 'http\.https\:\/\/github\.com\/\.extraheader' && git config --local --unset-all 'http.https://github.com/.extraheader' || :"
2026-10-09T13:37:07.3804226Z [command]/usr/bin/git config --local --name-only --get-regexp ^includeIf\.gitdir:
2026-10-09T13:37:07.3848865Z [command]/usr/bin/git submodule foreach --recursive git config --local --show-origin --name-only --get-regexp remote.origin.url
2026-10-09T13:37:07.4331543Z Evaluate and set job outputs
2026-10-09T13:37:07.4337538Z Set output 'recovered'
2026-10-09T13:37:07.4339633Z Set output 'receipt-sha256'
2026-10-09T13:37:07.4340796Z Cleaning up orphan processes
2026-10-09T13:37:07.4649759Z ##[warning]Node.js 20 is deprecated. The following actions target Node.js 20 but are being forced to run on Node.js 24: actions/checkout@v4, actions/download-artifact@v4, actions/github-script@v7, actions/setup-node@v4, actions/upload-artifact@v4. For more information see: https://github.blog/changelog/2025-09-19-deprecation-of-node-20-on-github-actions-runners/
