2026-10-09T15:27:35.6356464Z Current runner version: '2.337.0'
2026-10-09T15:27:35.6379087Z ##[group]Runner Image Provisioner
2026-10-09T15:27:35.6379909Z Hosted Compute Agent
2026-10-09T15:27:35.6380420Z Version: 20261002.596
2026-10-09T15:27:35.6380981Z Commit: c3d12f3313a95f25162a1503be624f3b0617f8c0
2026-10-09T15:27:35.6381656Z Build Date: 2026-10-02T22:28:27Z
2026-10-09T15:27:35.6382245Z Worker ID: {6ec148ad-a3cf-4a5d-99d3-ed78e3427001}
2026-10-09T15:27:35.6382865Z Region: westus3
2026-10-09T15:27:35.6383363Z Cloud: Azure
2026-10-09T15:27:35.6383859Z ##[endgroup]
2026-10-09T15:27:35.6385186Z ##[group]Operating System
2026-10-09T15:27:35.6385732Z Ubuntu
2026-10-09T15:27:35.6386232Z 24.04.5
2026-10-09T15:27:35.6386736Z LTS
2026-10-09T15:27:35.6387193Z ##[endgroup]
2026-10-09T15:27:35.6387713Z ##[group]Runner Image
2026-10-09T15:27:35.6388223Z Image: ubuntu-24.04
2026-10-09T15:27:35.6388699Z Version: 20261004.327.1
2026-10-09T15:27:35.6390116Z Included Software: https://github.com/actions/runner-images/blob/ubuntu24/20261004.327/images/ubuntu/Ubuntu2404-Readme.md
2026-10-09T15:27:35.6391454Z Image Release: https://github.com/actions/runner-images/releases/tag/ubuntu24%2F20261004.327
2026-10-09T15:27:35.6392273Z ##[endgroup]
2026-10-09T15:27:35.6393594Z ##[group]GITHUB_TOKEN Permissions
2026-10-09T15:27:35.6395369Z Contents: read
2026-10-09T15:27:35.6395864Z Metadata: read
2026-10-09T15:27:35.6396471Z ##[endgroup]
2026-10-09T15:27:35.6398245Z Secret source: Actions
2026-10-09T15:27:35.6399371Z Cache mode: write
2026-10-09T15:27:35.6399988Z Prepare workflow directory
2026-10-09T15:27:35.6667182Z Prepare all required actions
2026-10-09T15:27:35.6708195Z Getting action download info
2026-10-09T15:27:35.9709160Z Download action repository 'actions/checkout@v4' (SHA:11d5960a326750d5838078e36cf38b85af677262)
2026-10-09T15:27:36.3792416Z Download action repository 'actions/setup-node@v4' (SHA:49933ea5288caeca8642d1e84afbd3f7d6820020)
2026-10-09T15:27:36.4897408Z Download action repository 'actions/upload-artifact@v4' (SHA:ea165f8d65b6e75b540449e92b4886f43607fa02)
2026-10-09T15:27:36.7893393Z Complete job name: qualify
2026-10-09T15:27:36.8513071Z ##[group]Run actions/checkout@v4
2026-10-09T15:27:36.8513766Z with:
2026-10-09T15:27:36.8514181Z   ref: 9d150afbec1feda8c97058aa56aa5ab92347d96d
2026-10-09T15:27:36.8514697Z   repository: dwijayuda/pskernel
2026-10-09T15:27:36.8517878Z   token: ***
2026-10-09T15:27:36.8518262Z   ssh-strict: true
2026-10-09T15:27:36.8518645Z   ssh-user: git
2026-10-09T15:27:36.8519174Z   persist-credentials: true
2026-10-09T15:27:36.8519637Z   clean: true
2026-10-09T15:27:36.8520034Z   sparse-checkout-cone-mode: true
2026-10-09T15:27:36.8520485Z   fetch-depth: 1
2026-10-09T15:27:36.8520857Z   fetch-tags: false
2026-10-09T15:27:36.8521236Z   show-progress: true
2026-10-09T15:27:36.8521618Z   lfs: false
2026-10-09T15:27:36.8521979Z   submodules: false
2026-10-09T15:27:36.8522365Z   set-safe-directory: true
2026-10-09T15:27:36.8522788Z   allow-unsafe-pr-checkout: false
2026-10-09T15:27:36.8523404Z ##[endgroup]
2026-10-09T15:27:36.9327592Z Syncing repository: dwijayuda/pskernel
2026-10-09T15:27:36.9330064Z ##[group]Getting Git version info
2026-10-09T15:27:36.9330955Z Working directory is '/home/runner/work/pskernel/pskernel'
2026-10-09T15:27:36.9332281Z [command]/usr/bin/git version
2026-10-09T15:27:36.9427044Z git version 2.55.0
2026-10-09T15:27:36.9447653Z ##[endgroup]
2026-10-09T15:27:36.9461602Z Temporarily overriding HOME='/home/runner/work/_temp/cd22c597-0a41-444b-abf1-07a567b4eba6' before making global git config changes
2026-10-09T15:27:36.9462920Z Adding repository directory to the temporary git global config as a safe directory
2026-10-09T15:27:36.9465786Z [command]/usr/bin/git config --global --add safe.directory /home/runner/work/pskernel/pskernel
2026-10-09T15:27:36.9539955Z Deleting the contents of '/home/runner/work/pskernel/pskernel'
2026-10-09T15:27:36.9541956Z ##[group]Initializing the repository
2026-10-09T15:27:36.9543083Z [command]/usr/bin/git init /home/runner/work/pskernel/pskernel
2026-10-09T15:27:36.9626687Z hint: Using 'master' as the name for the initial branch. This default branch name
2026-10-09T15:27:36.9628429Z hint: will change to "main" in Git 3.0. To configure the initial branch name
2026-10-09T15:27:36.9630007Z hint: to use in all of your new repositories, which will suppress this warning,
2026-10-09T15:27:36.9631100Z hint: call:
2026-10-09T15:27:36.9631636Z hint:
2026-10-09T15:27:36.9632234Z hint: 	git config --global init.defaultBranch <name>
2026-10-09T15:27:36.9632878Z hint:
2026-10-09T15:27:36.9633481Z hint: Names commonly chosen instead of 'master' are 'main', 'trunk' and
2026-10-09T15:27:36.9634344Z hint: 'development'. The just-created branch can be renamed via this command:
2026-10-09T15:27:36.9635053Z hint:
2026-10-09T15:27:36.9635511Z hint: 	git branch -m <name>
2026-10-09T15:27:36.9636580Z hint:
2026-10-09T15:27:36.9637394Z hint: Disable this message with "git config set advice.defaultBranchName false"
2026-10-09T15:27:36.9638454Z Initialized empty Git repository in /home/runner/work/pskernel/pskernel/.git/
2026-10-09T15:27:36.9640266Z [command]/usr/bin/git remote add origin https://github.com/dwijayuda/pskernel
2026-10-09T15:27:36.9684807Z ##[endgroup]
2026-10-09T15:27:36.9685565Z ##[group]Disabling automatic garbage collection
2026-10-09T15:27:36.9686162Z [command]/usr/bin/git config --local gc.auto 0
2026-10-09T15:27:36.9712896Z ##[endgroup]
2026-10-09T15:27:36.9713714Z ##[group]Setting up auth
2026-10-09T15:27:36.9719092Z [command]/usr/bin/git config --local --name-only --get-regexp core\.sshCommand
2026-10-09T15:27:36.9749533Z [command]/usr/bin/git submodule foreach --recursive sh -c "git config --local --name-only --get-regexp 'core\.sshCommand' && git config --local --unset-all 'core.sshCommand' || :"
2026-10-09T15:27:37.0245661Z [command]/usr/bin/git config --local --name-only --get-regexp http\.https\:\/\/github\.com\/\.extraheader
2026-10-09T15:27:37.0276815Z [command]/usr/bin/git submodule foreach --recursive sh -c "git config --local --name-only --get-regexp 'http\.https\:\/\/github\.com\/\.extraheader' && git config --local --unset-all 'http.https://github.com/.extraheader' || :"
2026-10-09T15:27:37.0471517Z [command]/usr/bin/git config --local --name-only --get-regexp ^includeIf\.gitdir:
2026-10-09T15:27:37.0503618Z [command]/usr/bin/git submodule foreach --recursive git config --local --show-origin --name-only --get-regexp remote.origin.url
2026-10-09T15:27:37.0696976Z [command]/usr/bin/git config --local http.https://github.com/.extraheader AUTHORIZATION: basic ***
2026-10-09T15:27:37.0734917Z ##[endgroup]
2026-10-09T15:27:37.0735661Z ##[group]Fetching the repository
2026-10-09T15:27:37.0743136Z [command]/usr/bin/git -c protocol.version=2 fetch --no-tags --prune --no-recurse-submodules --depth=1 origin 9d150afbec1feda8c97058aa56aa5ab92347d96d
2026-10-09T15:27:48.5298409Z From https://github.com/dwijayuda/pskernel
2026-10-09T15:27:48.5300562Z  * branch              9d150afbec1feda8c97058aa56aa5ab92347d96d -> FETCH_HEAD
2026-10-09T15:27:48.5302594Z ##[endgroup]
2026-10-09T15:27:48.5303293Z ##[group]Determining the checkout info
2026-10-09T15:27:48.5304319Z ##[endgroup]
2026-10-09T15:27:48.5310315Z [command]/usr/bin/git sparse-checkout disable
2026-10-09T15:27:48.5469573Z [command]/usr/bin/git config --local --unset-all extensions.worktreeConfig
2026-10-09T15:27:48.5500113Z ##[group]Checking out the ref
2026-10-09T15:27:48.5504567Z [command]/usr/bin/git checkout --progress --force 9d150afbec1feda8c97058aa56aa5ab92347d96d
2026-10-09T15:27:50.0477508Z Updating files:   6% (1295/20578)
2026-10-09T15:27:50.0563812Z Updating files:   7% (1441/20578)
2026-10-09T15:27:50.0731382Z Updating files:   8% (1647/20578)
2026-10-09T15:27:50.0882224Z Updating files:   9% (1853/20578)
2026-10-09T15:27:50.1131281Z Updating files:  10% (2058/20578)
2026-10-09T15:27:50.1224271Z Updating files:  11% (2264/20578)
2026-10-09T15:27:50.6569687Z Updating files:  12% (2470/20578)
2026-10-09T15:27:51.4557882Z Updating files:  12% (2629/20578)
2026-10-09T15:27:51.4652616Z Updating files:  13% (2676/20578)
2026-10-09T15:27:51.4723453Z Updating files:  14% (2881/20578)
2026-10-09T15:27:51.4817175Z Updating files:  15% (3087/20578)
2026-10-09T15:27:51.4949415Z Updating files:  16% (3293/20578)
2026-10-09T15:27:51.5052102Z Updating files:  17% (3499/20578)
2026-10-09T15:27:51.5157484Z Updating files:  18% (3705/20578)
2026-10-09T15:27:51.5410077Z Updating files:  19% (3910/20578)
2026-10-09T15:27:51.5607597Z Updating files:  20% (4116/20578)
2026-10-09T15:27:51.5692588Z Updating files:  21% (4322/20578)
2026-10-09T15:27:51.5704133Z Updating files:  21% (4501/20578)
2026-10-09T15:27:52.6416335Z Updating files:  22% (4528/20578)
2026-10-09T15:27:52.8994836Z Updating files:  22% (4701/20578)
2026-10-09T15:27:52.9086713Z Updating files:  23% (4733/20578)
2026-10-09T15:27:52.9155062Z Updating files:  24% (4939/20578)
2026-10-09T15:27:52.9242810Z Updating files:  25% (5145/20578)
2026-10-09T15:27:52.9336924Z Updating files:  26% (5351/20578)
2026-10-09T15:27:52.9422719Z Updating files:  27% (5557/20578)
2026-10-09T15:27:53.0028294Z Updating files:  28% (5762/20578)
2026-10-09T15:27:53.0248251Z Updating files:  29% (5968/20578)
2026-10-09T15:27:53.0357690Z Updating files:  30% (6174/20578)
2026-10-09T15:27:53.0490187Z Updating files:  31% (6380/20578)
2026-10-09T15:27:53.0628710Z Updating files:  32% (6585/20578)
2026-10-09T15:27:53.0759395Z Updating files:  33% (6791/20578)
2026-10-09T15:27:53.0874867Z Updating files:  34% (6997/20578)
2026-10-09T15:27:53.1003659Z Updating files:  35% (7203/20578)
2026-10-09T15:27:53.1131187Z Updating files:  36% (7409/20578)
2026-10-09T15:27:53.1234769Z Updating files:  37% (7614/20578)
2026-10-09T15:27:53.1347039Z Updating files:  38% (7820/20578)
2026-10-09T15:27:53.1490998Z Updating files:  39% (8026/20578)
2026-10-09T15:27:53.1652500Z Updating files:  40% (8232/20578)
2026-10-09T15:27:53.1755919Z Updating files:  41% (8437/20578)
2026-10-09T15:27:53.1864094Z Updating files:  42% (8643/20578)
2026-10-09T15:27:53.1946378Z Updating files:  43% (8849/20578)
2026-10-09T15:27:53.2046895Z Updating files:  44% (9055/20578)
2026-10-09T15:27:53.3136920Z Updating files:  45% (9261/20578)
2026-10-09T15:27:53.3539516Z Updating files:  46% (9466/20578)
2026-10-09T15:27:53.4203617Z Updating files:  47% (9672/20578)
2026-10-09T15:27:53.5417003Z Updating files:  48% (9878/20578)
2026-10-09T15:27:53.5703308Z Updating files:  49% (10084/20578)
2026-10-09T15:27:53.7826072Z Updating files:  49% (10130/20578)
2026-10-09T15:27:54.0592369Z Updating files:  50% (10289/20578)
2026-10-09T15:27:54.2377740Z Updating files:  51% (10495/20578)
2026-10-09T15:27:54.4489628Z Updating files:  52% (10701/20578)
2026-10-09T15:27:54.5729806Z Updating files:  53% (10907/20578)
2026-10-09T15:27:54.6446228Z Updating files:  53% (11039/20578)
2026-10-09T15:27:54.8701729Z Updating files:  54% (11113/20578)
2026-10-09T15:27:54.9517568Z Updating files:  55% (11318/20578)
2026-10-09T15:27:55.0322664Z Updating files:  56% (11524/20578)
2026-10-09T15:27:55.0619695Z Updating files:  57% (11730/20578)
2026-10-09T15:27:55.0676662Z Updating files:  58% (11936/20578)
2026-10-09T15:27:55.0733563Z Updating files:  59% (12142/20578)
2026-10-09T15:27:55.0793446Z Updating files:  60% (12347/20578)
2026-10-09T15:27:55.0853379Z Updating files:  61% (12553/20578)
2026-10-09T15:27:55.0922062Z Updating files:  62% (12759/20578)
2026-10-09T15:27:55.0992819Z Updating files:  63% (12965/20578)
2026-10-09T15:27:55.1065278Z Updating files:  64% (13170/20578)
2026-10-09T15:27:55.1146795Z Updating files:  65% (13376/20578)
2026-10-09T15:27:55.1223136Z Updating files:  66% (13582/20578)
2026-10-09T15:27:55.1297302Z Updating files:  67% (13788/20578)
2026-10-09T15:27:55.1367676Z Updating files:  68% (13994/20578)
2026-10-09T15:27:55.1439383Z Updating files:  69% (14199/20578)
2026-10-09T15:27:55.1514754Z Updating files:  70% (14405/20578)
2026-10-09T15:27:55.1589096Z Updating files:  71% (14611/20578)
2026-10-09T15:27:55.1658984Z Updating files:  72% (14817/20578)
2026-10-09T15:27:55.1728567Z Updating files:  73% (15022/20578)
2026-10-09T15:27:55.1822692Z Updating files:  74% (15228/20578)
2026-10-09T15:27:55.1894032Z Updating files:  75% (15434/20578)
2026-10-09T15:27:55.1963023Z Updating files:  76% (15640/20578)
2026-10-09T15:27:55.2032721Z Updating files:  77% (15846/20578)
2026-10-09T15:27:55.2108522Z Updating files:  78% (16051/20578)
2026-10-09T15:27:55.2181496Z Updating files:  79% (16257/20578)
2026-10-09T15:27:55.2280258Z Updating files:  80% (16463/20578)
2026-10-09T15:27:55.2337606Z Updating files:  81% (16669/20578)
2026-10-09T15:27:55.2400353Z Updating files:  82% (16874/20578)
2026-10-09T15:27:55.2463315Z Updating files:  83% (17080/20578)
2026-10-09T15:27:55.2527026Z Updating files:  84% (17286/20578)
2026-10-09T15:27:55.2589607Z Updating files:  85% (17492/20578)
2026-10-09T15:27:55.2650275Z Updating files:  86% (17698/20578)
2026-10-09T15:27:55.2694874Z Updating files:  87% (17903/20578)
2026-10-09T15:27:55.2741517Z Updating files:  88% (18109/20578)
2026-10-09T15:27:55.2799241Z Updating files:  89% (18315/20578)
2026-10-09T15:27:55.3072711Z Updating files:  90% (18521/20578)
2026-10-09T15:27:55.3154990Z Updating files:  91% (18726/20578)
2026-10-09T15:27:55.3222567Z Updating files:  92% (18932/20578)
2026-10-09T15:27:55.3288941Z Updating files:  93% (19138/20578)
2026-10-09T15:27:55.4458502Z Updating files:  94% (19344/20578)
2026-10-09T15:27:55.5152975Z Updating files:  95% (19550/20578)
2026-10-09T15:27:55.5623614Z Updating files:  96% (19755/20578)
2026-10-09T15:27:55.5693895Z Updating files:  97% (19961/20578)
2026-10-09T15:27:55.5865594Z Updating files:  97% (20073/20578)
2026-10-09T15:27:55.8651526Z Updating files:  98% (20167/20578)
2026-10-09T15:27:55.9877077Z Updating files:  99% (20373/20578)
2026-10-09T15:27:55.9877709Z Updating files: 100% (20578/20578)
2026-10-09T15:27:55.9878033Z Updating files: 100% (20578/20578), done.
2026-10-09T15:27:56.1064592Z Note: switching to '9d150afbec1feda8c97058aa56aa5ab92347d96d'.
2026-10-09T15:27:56.1065027Z 
2026-10-09T15:27:56.1065213Z You are in 'detached HEAD' state. You can look around, make experimental
2026-10-09T15:27:56.1066160Z changes and commit them, and you can discard any commits you make in this
2026-10-09T15:27:56.1066691Z state without impacting any branches by switching back to a branch.
2026-10-09T15:27:56.1067022Z 
2026-10-09T15:27:56.1067242Z If you want to create a new branch to retain commits you create, you may
2026-10-09T15:27:56.1067793Z do so (now or later) by using -c with the switch command. Example:
2026-10-09T15:27:56.1068096Z 
2026-10-09T15:27:56.1068235Z   git switch -c <new-branch-name>
2026-10-09T15:27:56.1068439Z 
2026-10-09T15:27:56.1068562Z Or undo this operation with:
2026-10-09T15:27:56.1068731Z 
2026-10-09T15:27:56.1069009Z   git switch -
2026-10-09T15:27:56.1069141Z 
2026-10-09T15:27:56.1069383Z Turn off this advice by setting config variable advice.detachedHead to false
2026-10-09T15:27:56.1069760Z 
2026-10-09T15:27:56.1070197Z HEAD is now at 9d150afb Reconcile compiler source inventory and enforce exact package language metadata [root-ts7-qualify]
2026-10-09T15:27:56.1163712Z ##[endgroup]
2026-10-09T15:27:56.1258075Z [command]/usr/bin/git log -1 --format=%H
2026-10-09T15:27:56.1285419Z 9d150afbec1feda8c97058aa56aa5ab92347d96d
2026-10-09T15:27:56.1639728Z ##[group]Run actions/setup-node@v4
2026-10-09T15:27:56.1639982Z with:
2026-10-09T15:27:56.1640165Z   node-version: 22.23.3
2026-10-09T15:27:56.1640357Z   always-auth: false
2026-10-09T15:27:56.1640550Z   check-latest: false
2026-10-09T15:27:56.1642483Z   token: ***
2026-10-09T15:27:56.1642664Z ##[endgroup]
2026-10-09T15:27:56.2761006Z Found in cache @ /opt/hostedtoolcache/node/22.23.3/x64
2026-10-09T15:27:56.2764547Z (node:2081) [DEP0040] DeprecationWarning: The `punycode` module is deprecated. Please use a userland alternative instead.
2026-10-09T15:27:56.2765116Z (Use `node --trace-deprecation ...` to show where the warning was created)
2026-10-09T15:27:56.2766903Z ##[group]Environment details
2026-10-09T15:27:57.1299950Z node: v22.23.3
2026-10-09T15:27:57.1300224Z npm: 10.9.9
2026-10-09T15:27:57.1300396Z yarn: 1.22.22
2026-10-09T15:27:57.1301379Z ##[endgroup]
2026-10-09T15:27:57.1693566Z ##[group]Run node scripts/root-typescript7-qualify.mjs
2026-10-09T15:27:57.1694014Z [36;1mnode scripts/root-typescript7-qualify.mjs[0m
2026-10-09T15:27:57.3526891Z shell: /usr/bin/bash -e {0}
2026-10-09T15:27:57.3527164Z ##[endgroup]
2026-10-09T15:27:57.4680257Z PS_ROOT_TS7_EVIDENCE_FILE_MANIFEST {"path":"dist/typescript7-root/package-lock.json","sha256":"69c5e49b040ff3d45909e15cf1e2123af39fa223b00a7241b533c022a49e33e1","bytes":21592,"chunkCount":22}
2026-10-09T15:27:57.4687969Z PS_ROOT_TS7_EVIDENCE_FILE_CHUNK {"path":"dist/typescript7-root/package-lock.json","sha256":"69c5e49b040ff3d45909e15cf1e2123af39fa223b00a7241b533c022a49e33e1","bytes":21592,"chunkIndex":0,"chunkCount":22,"content":"{\n  \"name\": \"lean-ts-kernel\",\n  \"version\": \"0.1.0\",\n  \"lockfileVersion\": 3,\n  \"requires\": true,\n  \"packages\": {\n    \"\": {\n      \"name\": \"lean-ts-kernel\",\n      \"version\": \"0.1.0\",\n      \"workspaces\": [\n        \"packages/*\"\n      ],\n      \"devDependencies\": {\n        \"@types/node\": \"22.15.3\",\n        \"typescript\": \"7.0.2\"\n      }\n    },\n    \"node_modules/@proofscript/backend-ts\": {\n      \"resolved\": \"packages/backend-ts\",\n      \"link\": true\n    },\n    \"node_modules/@proofscript/browser\": {\n      \"resolved\": \"packages/browser\",\n      \"link\": true\n    },\n    \"node_modules/@proofscript/checked-core\": {\n      \"resolved\": \"packages/checked-core\",\n      \"link\": true\n    },\n    \"node_modules/@proofscript/compiler\": {\n      \"resolved\": \"packages/compiler\",\n      \"link\": true\n    },\n    \"node_modules/@proofscript/compiler-ir\": {\n      \"resolved\": \"packages/compiler-ir\",\n      \"link\": true\n    },\n    \"node_modules/@proofscript/conformance\": {\n      \"resolved\": \"packages/conformance\",\n      \"link\": true\n    },\n    \"node_"}
2026-10-09T15:27:57.4699155Z PS_ROOT_TS7_EVIDENCE_FILE_CHUNK {"path":"dist/typescript7-root/package-lock.json","sha256":"69c5e49b040ff3d45909e15cf1e2123af39fa223b00a7241b533c022a49e33e1","bytes":21592,"chunkIndex":1,"chunkCount":22,"content":"modules/@proofscript/elab\": {\n      \"resolved\": \"packages/elab\",\n      \"link\": true\n    },\n    \"node_modules/@proofscript/environment\": {\n      \"resolved\": \"packages/environment\",\n      \"link\": true\n    },\n    \"node_modules/@proofscript/erasure\": {\n      \"resolved\": \"packages/erasure\",\n      \"link\": true\n    },\n    \"node_modules/@proofscript/language-service\": {\n      \"resolved\": \"packages/language-service\",\n      \"link\": true\n    },\n    \"node_modules/@proofscript/lean4export\": {\n      \"resolved\": \"packages/lean4export\",\n      \"link\": true\n    },\n    \"node_modules/@proofscript/lsp\": {\n      \"resolved\": \"packages/lsp\",\n      \"link\": true\n    },\n    \"node_modules/@proofscript/meta\": {\n      \"resolved\": \"packages/meta\",\n      \"link\": true\n    },\n    \"node_modules/@proofscript/module\": {\n      \"resolved\": \"packages/module\",\n      \"link\": true\n    },\n    \"node_modules/@proofscript/pretty\": {\n      \"resolved\": \"packages/pretty\",\n      \"link\": true\n    },\n    \"node_modules/@proofscript/project\": {\n      \"resolved\": "}
2026-10-09T15:27:57.4706651Z PS_ROOT_TS7_EVIDENCE_FILE_CHUNK {"path":"dist/typescript7-root/package-lock.json","sha256":"69c5e49b040ff3d45909e15cf1e2123af39fa223b00a7241b533c022a49e33e1","bytes":21592,"chunkIndex":2,"chunkCount":22,"content":"\"packages/project\",\n      \"link\": true\n    },\n    \"node_modules/@proofscript/runtime\": {\n      \"resolved\": \"packages/runtime\",\n      \"link\": true\n    },\n    \"node_modules/@proofscript/syntax\": {\n      \"resolved\": \"packages/syntax\",\n      \"link\": true\n    },\n    \"node_modules/@proofscript/tactic\": {\n      \"resolved\": \"packages/tactic\",\n      \"link\": true\n    },\n    \"node_modules/@types/node\": {\n      \"version\": \"22.15.3\",\n      \"resolved\": \"https://registry.npmjs.org/@types/node/-/node-22.15.3.tgz\",\n      \"integrity\": \"sha512-lX7HFZeHf4QG/J7tBZqrCAXwz9J5RD56Y6MpP0eJkka8p+K0RY/yBTW7CYFJ4VGCclxqOLKmiGP5juQc6MKgcw==\",\n      \"dev\": true,\n      \"license\": \"MIT\",\n      \"dependencies\": {\n        \"undici-types\": \"~6.21.0\"\n      }\n    },\n    \"node_modules/@typescript/typescript-aix-ppc64\": {\n      \"version\": \"7.0.2\",\n      \"resolved\": \"https://registry.npmjs.org/@typescript/typescript-aix-ppc64/-/typescript-aix-ppc64-7.0.2.tgz\",\n      \"integrity\": \"sha512-MTKKkWB7p/0E9xi1d1tHtZ5PiLkGEMIq88pK2CubZjOsLtYTLqhgIgi6zepFa+9G"}
2026-10-09T15:27:57.4714134Z PS_ROOT_TS7_EVIDENCE_FILE_CHUNK {"path":"dist/typescript7-root/package-lock.json","sha256":"69c5e49b040ff3d45909e15cf1e2123af39fa223b00a7241b533c022a49e33e1","bytes":21592,"chunkIndex":3,"chunkCount":22,"content":"HZ6h05NMCkQxGKiPXMxXtQ==\",\n      \"cpu\": [\n        \"ppc64\"\n      ],\n      \"license\": \"Apache-2.0\",\n      \"optional\": true,\n      \"os\": [\n        \"aix\"\n      ],\n      \"engines\": {\n        \"node\": \">=16.20.0\"\n      }\n    },\n    \"node_modules/@typescript/typescript-darwin-arm64\": {\n      \"version\": \"7.0.2\",\n      \"resolved\": \"https://registry.npmjs.org/@typescript/typescript-darwin-arm64/-/typescript-darwin-arm64-7.0.2.tgz\",\n      \"integrity\": \"sha512-gowzar9MwS/aRWp6f3a4KUqzRjAZjOsmGNCM6LcTgXum+dBfgsBVMN+AgvOCCbguXyick6LJhpBszxMebJ8syA==\",\n      \"cpu\": [\n        \"arm64\"\n      ],\n      \"license\": \"Apache-2.0\",\n      \"optional\": true,\n      \"os\": [\n        \"darwin\"\n      ],\n      \"engines\": {\n        \"node\": \">=16.20.0\"\n      }\n    },\n    \"node_modules/@typescript/typescript-darwin-x64\": {\n      \"version\": \"7.0.2\",\n      \"resolved\": \"https://registry.npmjs.org/@typescript/typescript-darwin-x64/-/typescript-darwin-x64-7.0.2.tgz\",\n      \"integrity\": \"sha512-SZ9xZInqApNlNGc9s0W1VSsktYSOe9cFqNOIqmN1Gs8SmkjKZYFt017G4Vw"}
2026-10-09T15:27:57.4721333Z PS_ROOT_TS7_EVIDENCE_FILE_CHUNK {"path":"dist/typescript7-root/package-lock.json","sha256":"69c5e49b040ff3d45909e15cf1e2123af39fa223b00a7241b533c022a49e33e1","bytes":21592,"chunkIndex":4,"chunkCount":22,"content":"PxASInODuAdbTW7sXiFUf893RgA==\",\n      \"cpu\": [\n        \"x64\"\n      ],\n      \"license\": \"Apache-2.0\",\n      \"optional\": true,\n      \"os\": [\n        \"darwin\"\n      ],\n      \"engines\": {\n        \"node\": \">=16.20.0\"\n      }\n    },\n    \"node_modules/@typescript/typescript-freebsd-arm64\": {\n      \"version\": \"7.0.2\",\n      \"resolved\": \"https://registry.npmjs.org/@typescript/typescript-freebsd-arm64/-/typescript-freebsd-arm64-7.0.2.tgz\",\n      \"integrity\": \"sha512-W5NH4y/J0plIIS5b2xvTEkU7JFxyqdMAOgf+Ilhl0vHQXKO5dZoxd+C/jEtq56c4F3wk71RB4BMRQ2XdI+bwYQ==\",\n      \"cpu\": [\n        \"arm64\"\n      ],\n      \"license\": \"Apache-2.0\",\n      \"optional\": true,\n      \"os\": [\n        \"freebsd\"\n      ],\n      \"engines\": {\n        \"node\": \">=16.20.0\"\n      }\n    },\n    \"node_modules/@typescript/typescript-freebsd-x64\": {\n      \"version\": \"7.0.2\",\n      \"resolved\": \"https://registry.npmjs.org/@typescript/typescript-freebsd-x64/-/typescript-freebsd-x64-7.0.2.tgz\",\n      \"integrity\": \"sha512-UMGDx5sTpzNw3WiPebH7l90IWfJggEd+egHt/q6p7/Cm3z"}
2026-10-09T15:27:57.4728386Z PS_ROOT_TS7_EVIDENCE_FILE_CHUNK {"path":"dist/typescript7-root/package-lock.json","sha256":"69c5e49b040ff3d45909e15cf1e2123af39fa223b00a7241b533c022a49e33e1","bytes":21592,"chunkIndex":5,"chunkCount":22,"content":"qoV7VxkGXt+3DxPIw8CcmvAB0j3sVVfbhX+M4Tpw==\",\n      \"cpu\": [\n        \"x64\"\n      ],\n      \"license\": \"Apache-2.0\",\n      \"optional\": true,\n      \"os\": [\n        \"freebsd\"\n      ],\n      \"engines\": {\n        \"node\": \">=16.20.0\"\n      }\n    },\n    \"node_modules/@typescript/typescript-linux-arm\": {\n      \"version\": \"7.0.2\",\n      \"resolved\": \"https://registry.npmjs.org/@typescript/typescript-linux-arm/-/typescript-linux-arm-7.0.2.tgz\",\n      \"integrity\": \"sha512-gffT3xPz9sR7j/YJExkyPntrI0P2EP9XbOyWzth2/Gs0RstK+90RBcO0ncXoXy/beYll1SXw846Nf2zdnEz0QQ==\",\n      \"cpu\": [\n        \"arm\"\n      ],\n      \"license\": \"Apache-2.0\",\n      \"optional\": true,\n      \"os\": [\n        \"linux\"\n      ],\n      \"engines\": {\n        \"node\": \">=16.20.0\"\n      }\n    },\n    \"node_modules/@typescript/typescript-linux-arm64\": {\n      \"version\": \"7.0.2\",\n      \"resolved\": \"https://registry.npmjs.org/@typescript/typescript-linux-arm64/-/typescript-linux-arm64-7.0.2.tgz\",\n      \"integrity\": \"sha512-Qh4eU4/y3yDjnfjjyPYihMj5/ODIlmt+Bzu17OI+fiSRDW57"}
2026-10-09T15:27:57.4735570Z PS_ROOT_TS7_EVIDENCE_FILE_CHUNK {"path":"dist/typescript7-root/package-lock.json","sha256":"69c5e49b040ff3d45909e15cf1e2123af39fa223b00a7241b533c022a49e33e1","bytes":21592,"chunkIndex":6,"chunkCount":22,"content":"QmU5SiN63exPRNJPKUzcc1INa1NXdrJ+MqHjUQ==\",\n      \"cpu\": [\n        \"arm64\"\n      ],\n      \"license\": \"Apache-2.0\",\n      \"optional\": true,\n      \"os\": [\n        \"linux\"\n      ],\n      \"engines\": {\n        \"node\": \">=16.20.0\"\n      }\n    },\n    \"node_modules/@typescript/typescript-linux-loong64\": {\n      \"version\": \"7.0.2\",\n      \"resolved\": \"https://registry.npmjs.org/@typescript/typescript-linux-loong64/-/typescript-linux-loong64-7.0.2.tgz\",\n      \"integrity\": \"sha512-uEHck9i8hoAzXPiYRib1O7miOnz23SxIeVl6F4LXox+qov1K35jHcEW6VHKvZI+pyvl7fZEP4MCU5LYvIq1GuQ==\",\n      \"cpu\": [\n        \"loong64\"\n      ],\n      \"license\": \"Apache-2.0\",\n      \"optional\": true,\n      \"os\": [\n        \"linux\"\n      ],\n      \"engines\": {\n        \"node\": \">=16.20.0\"\n      }\n    },\n    \"node_modules/@typescript/typescript-linux-mips64el\": {\n      \"version\": \"7.0.2\",\n      \"resolved\": \"https://registry.npmjs.org/@typescript/typescript-linux-mips64el/-/typescript-linux-mips64el-7.0.2.tgz\",\n      \"integrity\": \"sha512-R4KvAMnE43W5Qeqb0Ly56O3mW"}
2026-10-09T15:27:57.4742698Z PS_ROOT_TS7_EVIDENCE_FILE_CHUNK {"path":"dist/typescript7-root/package-lock.json","sha256":"69c5e49b040ff3d45909e15cf1e2123af39fa223b00a7241b533c022a49e33e1","bytes":21592,"chunkIndex":7,"chunkCount":22,"content":"MWIAgsMyz36DCaycd5nbg/9kzm0liw3JocfRqyJY0KPmzFjbswozXyW0DnIYA==\",\n      \"cpu\": [\n        \"mips64el\"\n      ],\n      \"license\": \"Apache-2.0\",\n      \"optional\": true,\n      \"os\": [\n        \"linux\"\n      ],\n      \"engines\": {\n        \"node\": \">=16.20.0\"\n      }\n    },\n    \"node_modules/@typescript/typescript-linux-ppc64\": {\n      \"version\": \"7.0.2\",\n      \"resolved\": \"https://registry.npmjs.org/@typescript/typescript-linux-ppc64/-/typescript-linux-ppc64-7.0.2.tgz\",\n      \"integrity\": \"sha512-DORx5b3sd/4S7eayxm4FQv+A7CrkUIGRaHiwI8oiHTAI1fAPWhF4J0vAlkC8biAlHSVVwxMQ3tjZ2/DVbnQiiA==\",\n      \"cpu\": [\n        \"ppc64\"\n      ],\n      \"license\": \"Apache-2.0\",\n      \"optional\": true,\n      \"os\": [\n        \"linux\"\n      ],\n      \"engines\": {\n        \"node\": \">=16.20.0\"\n      }\n    },\n    \"node_modules/@typescript/typescript-linux-riscv64\": {\n      \"version\": \"7.0.2\",\n      \"resolved\": \"https://registry.npmjs.org/@typescript/typescript-linux-riscv64/-/typescript-linux-riscv64-7.0.2.tgz\",\n      \"integrity\": \"sha512-wf0jqEDOjr"}
2026-10-09T15:27:57.4750040Z PS_ROOT_TS7_EVIDENCE_FILE_CHUNK {"path":"dist/typescript7-root/package-lock.json","sha256":"69c5e49b040ff3d45909e15cf1e2123af39fa223b00a7241b533c022a49e33e1","bytes":21592,"chunkIndex":8,"chunkCount":22,"content":"PRnKwYRyyJDRo11KMbvMFrU+q4zqKyChODBzvlkbhNQfKvLxQCcwTpdDaXSHZTVuh0JoCrKCUMHQ==\",\n      \"cpu\": [\n        \"riscv64\"\n      ],\n      \"license\": \"Apache-2.0\",\n      \"optional\": true,\n      \"os\": [\n        \"linux\"\n      ],\n      \"engines\": {\n        \"node\": \">=16.20.0\"\n      }\n    },\n    \"node_modules/@typescript/typescript-linux-s390x\": {\n      \"version\": \"7.0.2\",\n      \"resolved\": \"https://registry.npmjs.org/@typescript/typescript-linux-s390x/-/typescript-linux-s390x-7.0.2.tgz\",\n      \"integrity\": \"sha512-IkwJc3L7yhytWd/ewjyxNDfOmswCm9GWMJT/ue/dU4aZNbwZeYAetq42VyLmsmSjvoX7z74X6ZaYCtzAr0EuGw==\",\n      \"cpu\": [\n        \"s390x\"\n      ],\n      \"license\": \"Apache-2.0\",\n      \"optional\": true,\n      \"os\": [\n        \"linux\"\n      ],\n      \"engines\": {\n        \"node\": \">=16.20.0\"\n      }\n    },\n    \"node_modules/@typescript/typescript-linux-x64\": {\n      \"version\": \"7.0.2\",\n      \"resolved\": \"https://registry.npmjs.org/@typescript/typescript-linux-x64/-/typescript-linux-x64-7.0.2.tgz\",\n      \"integrity\": \"sha512-EYdf2cNg"}
2026-10-09T15:27:57.4757771Z PS_ROOT_TS7_EVIDENCE_FILE_CHUNK {"path":"dist/typescript7-root/package-lock.json","sha256":"69c5e49b040ff3d45909e15cf1e2123af39fa223b00a7241b533c022a49e33e1","bytes":21592,"chunkIndex":9,"chunkCount":22,"content":"7rgCWJnxCdJ+F3V39O8ihb37eHAu1LK8oAFizgTQbPOK7zHHXbPt8rX24COqODXeI3sIf0fCXG7H/A==\",\n      \"cpu\": [\n        \"x64\"\n      ],\n      \"license\": \"Apache-2.0\",\n      \"optional\": true,\n      \"os\": [\n        \"linux\"\n      ],\n      \"engines\": {\n        \"node\": \">=16.20.0\"\n      }\n    },\n    \"node_modules/@typescript/typescript-netbsd-arm64\": {\n      \"version\": \"7.0.2\",\n      \"resolved\": \"https://registry.npmjs.org/@typescript/typescript-netbsd-arm64/-/typescript-netbsd-arm64-7.0.2.tgz\",\n      \"integrity\": \"sha512-+polYF4MF04aPpO5FTkHran9yUQDSXqy5GiSDKpsll5jy3l3+g9QLhpf39T+ePtefhXLOGrLl0QIjkQP6VnelA==\",\n      \"cpu\": [\n        \"arm64\"\n      ],\n      \"license\": \"Apache-2.0\",\n      \"optional\": true,\n      \"os\": [\n        \"netbsd\"\n      ],\n      \"engines\": {\n        \"node\": \">=16.20.0\"\n      }\n    },\n    \"node_modules/@typescript/typescript-netbsd-x64\": {\n      \"version\": \"7.0.2\",\n      \"resolved\": \"https://registry.npmjs.org/@typescript/typescript-netbsd-x64/-/typescript-netbsd-x64-7.0.2.tgz\",\n      \"integrity\": \"sha512-8YI"}
2026-10-09T15:27:57.4765154Z PS_ROOT_TS7_EVIDENCE_FILE_CHUNK {"path":"dist/typescript7-root/package-lock.json","sha256":"69c5e49b040ff3d45909e15cf1e2123af39fa223b00a7241b533c022a49e33e1","bytes":21592,"chunkIndex":10,"chunkCount":22,"content":"T0EHM/3dq10ZOVF/A7pc/YSMtbcecct4rWtexrnSCHOPcpC2KTLXfTCR6vDpnSiY12heNb1GiN/wu+T/FyA==\",\n      \"cpu\": [\n        \"x64\"\n      ],\n      \"license\": \"Apache-2.0\",\n      \"optional\": true,\n      \"os\": [\n        \"netbsd\"\n      ],\n      \"engines\": {\n        \"node\": \">=16.20.0\"\n      }\n    },\n    \"node_modules/@typescript/typescript-openbsd-arm64\": {\n      \"version\": \"7.0.2\",\n      \"resolved\": \"https://registry.npmjs.org/@typescript/typescript-openbsd-arm64/-/typescript-openbsd-arm64-7.0.2.tgz\",\n      \"integrity\": \"sha512-APT8+ClYnuYm1u9+kgGXoMj2VzWzcymwh2gNSQVySHfkRDGOTVkoWLjCmOQSaO+PoqQ57B0flRp9SA+7GnnkzQ==\",\n      \"cpu\": [\n        \"arm64\"\n      ],\n      \"license\": \"Apache-2.0\",\n      \"optional\": true,\n      \"os\": [\n        \"openbsd\"\n      ],\n      \"engines\": {\n        \"node\": \">=16.20.0\"\n      }\n    },\n    \"node_modules/@typescript/typescript-openbsd-x64\": {\n      \"version\": \"7.0.2\",\n      \"resolved\": \"https://registry.npmjs.org/@typescript/typescript-openbsd-x64/-/typescript-openbsd-x64-7.0.2.tgz\",\n      \"integrity\""}
2026-10-09T15:27:57.4772518Z PS_ROOT_TS7_EVIDENCE_FILE_CHUNK {"path":"dist/typescript7-root/package-lock.json","sha256":"69c5e49b040ff3d45909e15cf1e2123af39fa223b00a7241b533c022a49e33e1","bytes":21592,"chunkIndex":11,"chunkCount":22,"content":": \"sha512-yX7s+Q0Dln0Dt9tEzZsAjXXR/+ytBM7AlglaqyeMPxQszJ1JhlJdZ6jLA+IzldHtflX81em7lDao1xXu+aRRkg==\",\n      \"cpu\": [\n        \"x64\"\n      ],\n      \"license\": \"Apache-2.0\",\n      \"optional\": true,\n      \"os\": [\n        \"openbsd\"\n      ],\n      \"engines\": {\n        \"node\": \">=16.20.0\"\n      }\n    },\n    \"node_modules/@typescript/typescript-sunos-x64\": {\n      \"version\": \"7.0.2\",\n      \"resolved\": \"https://registry.npmjs.org/@typescript/typescript-sunos-x64/-/typescript-sunos-x64-7.0.2.tgz\",\n      \"integrity\": \"sha512-dLJDGaLZ1D4HPQn62u1n8mBDkJREwMsAkCdkwd4Ieqw+x3TUyTsqY0YiBCtE6H6OzzgGk3iuZ3vFWRS+E8/d1g==\",\n      \"cpu\": [\n        \"x64\"\n      ],\n      \"license\": \"Apache-2.0\",\n      \"optional\": true,\n      \"os\": [\n        \"sunos\"\n      ],\n      \"engines\": {\n        \"node\": \">=16.20.0\"\n      }\n    },\n    \"node_modules/@typescript/typescript-win32-arm64\": {\n      \"version\": \"7.0.2\",\n      \"resolved\": \"https://registry.npmjs.org/@typescript/typescript-win32-arm64/-/typescript-win32-arm64-7.0.2.tgz\",\n      \"integrity\": "}
2026-10-09T15:27:57.4779642Z PS_ROOT_TS7_EVIDENCE_FILE_CHUNK {"path":"dist/typescript7-root/package-lock.json","sha256":"69c5e49b040ff3d45909e15cf1e2123af39fa223b00a7241b533c022a49e33e1","bytes":21592,"chunkIndex":12,"chunkCount":22,"content":"\"sha512-Gyl1Vy6OsWesLzmq+EP0Fb7b4Nid5232AvcA2SFcdYreldpNtYFFofPjnt62y9hQy7VTaZp65ICJjuAQRaVcIQ==\",\n      \"cpu\": [\n        \"arm64\"\n      ],\n      \"license\": \"Apache-2.0\",\n      \"optional\": true,\n      \"os\": [\n        \"win32\"\n      ],\n      \"engines\": {\n        \"node\": \">=16.20.0\"\n      }\n    },\n    \"node_modules/@typescript/typescript-win32-x64\": {\n      \"version\": \"7.0.2\",\n      \"resolved\": \"https://registry.npmjs.org/@typescript/typescript-win32-x64/-/typescript-win32-x64-7.0.2.tgz\",\n      \"integrity\": \"sha512-0BQ3HkAHHlKLSp1qRvf3SUhGpGsDuhB/jgFw75guyqbxJqEaS0Cw/VFO8i2nHglJUzQCRtMMR/IBAKE3ETMC4g==\",\n      \"cpu\": [\n        \"x64\"\n      ],\n      \"license\": \"Apache-2.0\",\n      \"optional\": true,\n      \"os\": [\n        \"win32\"\n      ],\n      \"engines\": {\n        \"node\": \">=16.20.0\"\n      }\n    },\n    \"node_modules/lean-ts-kernel\": {\n      \"resolved\": \"\",\n      \"link\": true\n    },\n    \"node_modules/pskernel-cli\": {\n      \"resolved\": \"packages/cli\",\n      \"link\": true\n    },\n    \"node_modules/typescript\": {\n      \"ve"}
2026-10-09T15:27:57.4786603Z PS_ROOT_TS7_EVIDENCE_FILE_CHUNK {"path":"dist/typescript7-root/package-lock.json","sha256":"69c5e49b040ff3d45909e15cf1e2123af39fa223b00a7241b533c022a49e33e1","bytes":21592,"chunkIndex":13,"chunkCount":22,"content":"rsion\": \"7.0.2\",\n      \"resolved\": \"https://registry.npmjs.org/typescript/-/typescript-7.0.2.tgz\",\n      \"integrity\": \"sha512-8FYau96o3NKOhbjKi/qNvG/W5jhzxkbdm5sj9AbZ/5T5sWqn3hJgLfGx27sRKZWTvyzCP8dLRBTf5tBTSRVUNA==\",\n      \"license\": \"Apache-2.0\",\n      \"bin\": {\n        \"tsc\": \"bin/tsc\"\n      },\n      \"engines\": {\n        \"node\": \">=16.20.0\"\n      },\n      \"optionalDependencies\": {\n        \"@typescript/typescript-aix-ppc64\": \"7.0.2\",\n        \"@typescript/typescript-darwin-arm64\": \"7.0.2\",\n        \"@typescript/typescript-darwin-x64\": \"7.0.2\",\n        \"@typescript/typescript-freebsd-arm64\": \"7.0.2\",\n        \"@typescript/typescript-freebsd-x64\": \"7.0.2\",\n        \"@typescript/typescript-linux-arm\": \"7.0.2\",\n        \"@typescript/typescript-linux-arm64\": \"7.0.2\",\n        \"@typescript/typescript-linux-loong64\": \"7.0.2\",\n        \"@typescript/typescript-linux-mips64el\": \"7.0.2\",\n        \"@typescript/typescript-linux-ppc64\": \"7.0.2\",\n        \"@typescript/typescript-linux-riscv64\": \"7.0.2\",\n        \"@typescript/typescri"}
2026-10-09T15:27:57.4793901Z PS_ROOT_TS7_EVIDENCE_FILE_CHUNK {"path":"dist/typescript7-root/package-lock.json","sha256":"69c5e49b040ff3d45909e15cf1e2123af39fa223b00a7241b533c022a49e33e1","bytes":21592,"chunkIndex":14,"chunkCount":22,"content":"pt-linux-s390x\": \"7.0.2\",\n        \"@typescript/typescript-linux-x64\": \"7.0.2\",\n        \"@typescript/typescript-netbsd-arm64\": \"7.0.2\",\n        \"@typescript/typescript-netbsd-x64\": \"7.0.2\",\n        \"@typescript/typescript-openbsd-arm64\": \"7.0.2\",\n        \"@typescript/typescript-openbsd-x64\": \"7.0.2\",\n        \"@typescript/typescript-sunos-x64\": \"7.0.2\",\n        \"@typescript/typescript-win32-arm64\": \"7.0.2\",\n        \"@typescript/typescript-win32-x64\": \"7.0.2\"\n      }\n    },\n    \"node_modules/undici-types\": {\n      \"version\": \"6.21.0\",\n      \"resolved\": \"https://registry.npmjs.org/undici-types/-/undici-types-6.21.0.tgz\",\n      \"integrity\": \"sha512-iwDZqg0QAGrg9Rav5H4n0M64c3mkR59cJ6wQp+7C4nI0gsmExaedaYLNO44eT4AtBBwjbTiGPMlt2Md0T9H9JQ==\",\n      \"dev\": true,\n      \"license\": \"MIT\"\n    },\n    \"packages/backend-ts\": {\n      \"name\": \"@proofscript/backend-ts\",\n      \"version\": \"0.0.0-dev\",\n      \"dependencies\": {\n        \"@proofscript/compiler-ir\": \"file:../compiler-ir\",\n        \"typescript\": \"7.0.2\"\n      },\n      \"dev"}
2026-10-09T15:27:57.4801033Z PS_ROOT_TS7_EVIDENCE_FILE_CHUNK {"path":"dist/typescript7-root/package-lock.json","sha256":"69c5e49b040ff3d45909e15cf1e2123af39fa223b00a7241b533c022a49e33e1","bytes":21592,"chunkIndex":15,"chunkCount":22,"content":"Dependencies\": {\n        \"@types/node\": \"22.15.3\"\n      }\n    },\n    \"packages/browser\": {\n      \"name\": \"@proofscript/browser\",\n      \"version\": \"0.0.0-dev\",\n      \"devDependencies\": {\n        \"typescript\": \"7.0.2\"\n      }\n    },\n    \"packages/checked-core\": {\n      \"name\": \"@proofscript/checked-core\",\n      \"version\": \"0.0.0-dev\",\n      \"dependencies\": {\n        \"lean-ts-kernel\": \"file:../..\"\n      },\n      \"devDependencies\": {\n        \"typescript\": \"7.0.2\"\n      }\n    },\n    \"packages/cli\": {\n      \"name\": \"pskernel-cli\",\n      \"version\": \"0.1.0\",\n      \"dependencies\": {\n        \"@proofscript/backend-ts\": \"file:../backend-ts\",\n        \"@proofscript/checked-core\": \"file:../checked-core\",\n        \"@proofscript/compiler\": \"file:../compiler\",\n        \"@proofscript/compiler-ir\": \"file:../compiler-ir\",\n        \"@proofscript/elab\": \"file:../elab\",\n        \"@proofscript/environment\": \"file:../environment\",\n        \"@proofscript/module\": \"file:../module\",\n        \"@proofscript/project\": \"file:../project\",\n        \""}
2026-10-09T15:27:57.4807706Z PS_ROOT_TS7_EVIDENCE_FILE_CHUNK {"path":"dist/typescript7-root/package-lock.json","sha256":"69c5e49b040ff3d45909e15cf1e2123af39fa223b00a7241b533c022a49e33e1","bytes":21592,"chunkIndex":16,"chunkCount":22,"content":"@proofscript/syntax\": \"file:../syntax\",\n        \"lean-ts-kernel\": \"file:../..\"\n      },\n      \"bin\": {\n        \"psc\": \"dist/bin/psc.js\",\n        \"pskernel\": \"dist/bin/pskernel.js\"\n      },\n      \"devDependencies\": {\n        \"@types/node\": \"22.15.3\",\n        \"typescript\": \"7.0.2\"\n      }\n    },\n    \"packages/compiler\": {\n      \"name\": \"@proofscript/compiler\",\n      \"version\": \"0.0.0-dev\",\n      \"dependencies\": {\n        \"@proofscript/backend-ts\": \"file:../backend-ts\",\n        \"@proofscript/checked-core\": \"file:../checked-core\",\n        \"@proofscript/compiler-ir\": \"file:../compiler-ir\",\n        \"@proofscript/erasure\": \"file:../erasure\",\n        \"lean-ts-kernel\": \"file:../..\"\n      },\n      \"devDependencies\": {\n        \"typescript\": \"7.0.2\"\n      }\n    },\n    \"packages/compiler-ir\": {\n      \"name\": \"@proofscript/compiler-ir\",\n      \"version\": \"0.0.0-dev\",\n      \"devDependencies\": {\n        \"typescript\": \"7.0.2\"\n      }\n    },\n    \"packages/conformance\": {\n      \"name\": \"@proofscript/conformance\",\n      \"version\""}
2026-10-09T15:27:57.4814537Z PS_ROOT_TS7_EVIDENCE_FILE_CHUNK {"path":"dist/typescript7-root/package-lock.json","sha256":"69c5e49b040ff3d45909e15cf1e2123af39fa223b00a7241b533c022a49e33e1","bytes":21592,"chunkIndex":17,"chunkCount":22,"content":": \"0.0.0-dev\",\n      \"dependencies\": {\n        \"lean-ts-kernel\": \"file:../..\"\n      },\n      \"bin\": {\n        \"pskernel-conformance\": \"dist/bin/pskernel-conformance.js\"\n      },\n      \"devDependencies\": {\n        \"@types/node\": \"22.15.3\",\n        \"typescript\": \"7.0.2\"\n      }\n    },\n    \"packages/elab\": {\n      \"name\": \"@proofscript/elab\",\n      \"version\": \"0.0.0-dev\",\n      \"dependencies\": {\n        \"@proofscript/checked-core\": \"file:../checked-core\",\n        \"@proofscript/meta\": \"file:../meta\",\n        \"@proofscript/syntax\": \"file:../syntax\",\n        \"@proofscript/tactic\": \"file:../tactic\",\n        \"lean-ts-kernel\": \"file:../..\"\n      },\n      \"devDependencies\": {\n        \"typescript\": \"7.0.2\"\n      }\n    },\n    \"packages/environment\": {\n      \"name\": \"@proofscript/environment\",\n      \"version\": \"0.0.0-dev\",\n      \"dependencies\": {\n        \"lean-ts-kernel\": \"file:../..\"\n      },\n      \"devDependencies\": {\n        \"@types/node\": \"22.15.3\",\n        \"typescript\": \"7.0.2\"\n      }\n    },\n    \"packages/erasure\": "}
2026-10-09T15:27:57.4821341Z PS_ROOT_TS7_EVIDENCE_FILE_CHUNK {"path":"dist/typescript7-root/package-lock.json","sha256":"69c5e49b040ff3d45909e15cf1e2123af39fa223b00a7241b533c022a49e33e1","bytes":21592,"chunkIndex":18,"chunkCount":22,"content":"{\n      \"name\": \"@proofscript/erasure\",\n      \"version\": \"0.0.0-dev\",\n      \"dependencies\": {\n        \"@proofscript/checked-core\": \"file:../checked-core\",\n        \"@proofscript/compiler-ir\": \"file:../compiler-ir\",\n        \"lean-ts-kernel\": \"file:../..\"\n      },\n      \"devDependencies\": {\n        \"typescript\": \"7.0.2\"\n      }\n    },\n    \"packages/language-service\": {\n      \"name\": \"@proofscript/language-service\",\n      \"version\": \"0.0.0-dev\",\n      \"dependencies\": {\n        \"@proofscript/checked-core\": \"file:../checked-core\",\n        \"@proofscript/elab\": \"file:../elab\",\n        \"@proofscript/project\": \"file:../project\",\n        \"@proofscript/syntax\": \"file:../syntax\",\n        \"lean-ts-kernel\": \"file:../..\"\n      },\n      \"devDependencies\": {\n        \"typescript\": \"7.0.2\"\n      }\n    },\n    \"packages/lean4export\": {\n      \"name\": \"@proofscript/lean4export\",\n      \"version\": \"0.0.0-dev\",\n      \"dependencies\": {\n        \"@proofscript/module\": \"file:../module\",\n        \"lean-ts-kernel\": \"file:../..\"\n      },\n     "}
2026-10-09T15:27:57.4828017Z PS_ROOT_TS7_EVIDENCE_FILE_CHUNK {"path":"dist/typescript7-root/package-lock.json","sha256":"69c5e49b040ff3d45909e15cf1e2123af39fa223b00a7241b533c022a49e33e1","bytes":21592,"chunkIndex":19,"chunkCount":22,"content":" \"bin\": {\n        \"proofscript-lean4export\": \"dist/bin/proofscript-lean4export.js\"\n      },\n      \"devDependencies\": {\n        \"@types/node\": \"22.15.3\",\n        \"typescript\": \"7.0.2\"\n      }\n    },\n    \"packages/lsp\": {\n      \"name\": \"@proofscript/lsp\",\n      \"version\": \"0.0.0-dev\",\n      \"dependencies\": {\n        \"@proofscript/environment\": \"file:../environment\",\n        \"@proofscript/language-service\": \"file:../language-service\",\n        \"@proofscript/project\": \"file:../project\",\n        \"lean-ts-kernel\": \"file:../..\"\n      },\n      \"bin\": {\n        \"proofscript-lsp\": \"dist/src/bin.js\"\n      },\n      \"devDependencies\": {\n        \"@types/node\": \"22.15.3\",\n        \"typescript\": \"7.0.2\"\n      }\n    },\n    \"packages/meta\": {\n      \"name\": \"@proofscript/meta\",\n      \"version\": \"0.0.0-dev\",\n      \"dependencies\": {\n        \"lean-ts-kernel\": \"file:../..\"\n      },\n      \"devDependencies\": {\n        \"typescript\": \"7.0.2\"\n      }\n    },\n    \"packages/module\": {\n      \"name\": \"@proofscript/module\",\n      \"version\": \"0."}
2026-10-09T15:27:57.4834779Z PS_ROOT_TS7_EVIDENCE_FILE_CHUNK {"path":"dist/typescript7-root/package-lock.json","sha256":"69c5e49b040ff3d45909e15cf1e2123af39fa223b00a7241b533c022a49e33e1","bytes":21592,"chunkIndex":20,"chunkCount":22,"content":"0.0-dev\",\n      \"dependencies\": {\n        \"@proofscript/checked-core\": \"file:../checked-core\",\n        \"lean-ts-kernel\": \"file:../..\"\n      },\n      \"devDependencies\": {\n        \"@types/node\": \"22.15.3\",\n        \"typescript\": \"7.0.2\"\n      }\n    },\n    \"packages/pretty\": {\n      \"name\": \"@proofscript/pretty\",\n      \"version\": \"0.0.0-dev\",\n      \"devDependencies\": {\n        \"typescript\": \"7.0.2\"\n      }\n    },\n    \"packages/project\": {\n      \"name\": \"@proofscript/project\",\n      \"version\": \"0.0.0-dev\",\n      \"devDependencies\": {\n        \"@types/node\": \"22.15.3\",\n        \"typescript\": \"7.0.2\"\n      }\n    },\n    \"packages/runtime\": {\n      \"name\": \"@proofscript/runtime\",\n      \"version\": \"0.0.0-dev\",\n      \"devDependencies\": {\n        \"typescript\": \"7.0.2\"\n      }\n    },\n    \"packages/syntax\": {\n      \"name\": \"@proofscript/syntax\",\n      \"version\": \"0.0.0-dev\",\n      \"devDependencies\": {\n        \"typescript\": \"7.0.2\"\n      }\n    },\n    \"packages/tactic\": {\n      \"name\": \"@proofscript/tactic\",\n      \"version\": \"0"}
2026-10-09T15:27:57.4838583Z PS_ROOT_TS7_EVIDENCE_FILE_CHUNK {"path":"dist/typescript7-root/package-lock.json","sha256":"69c5e49b040ff3d45909e15cf1e2123af39fa223b00a7241b533c022a49e33e1","bytes":21592,"chunkIndex":21,"chunkCount":22,"content":".0.0-dev\",\n      \"devDependencies\": {\n        \"typescript\": \"7.0.2\"\n      }\n    }\n  }\n}\n"}
2026-10-09T15:27:59.1038632Z 
2026-10-09T15:27:59.1039507Z added 25 packages in 2s
2026-10-09T15:27:59.1720008Z PS_ROOT_TS7_EVIDENCE_FILE {"path":"dist/typescript7-root/installed-typescript-package.json","sha256":"3722b30210616a13a3213ded11575ba6b2dbab10c32a5ef67afca8513e27017e","bytes":3087,"content":"{\n    \"name\": \"typescript\",\n    \"version\": \"7.0.2\",\n    \"license\": \"Apache-2.0\",\n    \"author\": \"Microsoft Corp.\",\n    \"homepage\": \"https://www.typescriptlang.org/\",\n    \"description\": \"TypeScript is a language for application scale JavaScript development\",\n    \"keywords\": [\n        \"TypeScript\",\n        \"Microsoft\",\n        \"compiler\",\n        \"language\",\n        \"javascript\"\n    ],\n    \"bugs\": {\n        \"url\": \"https://github.com/microsoft/TypeScript/issues\"\n    },\n    \"repository\": {\n        \"type\": \"git\",\n        \"url\": \"https://github.com/microsoft/TypeScript.git\"\n    },\n    \"type\": \"module\",\n    \"preferUnplugged\": true,\n    \"engines\": {\n        \"node\": \">=16.20.0\"\n    },\n    \"files\": [\n        \"bin\",\n        \"lib\",\n        \"dist\",\n        \"vendor\",\n        \"NOTICE.txt\"\n    ],\n    \"bin\": {\n        \"tsc\": \"./bin/tsc\"\n    },\n    \"exports\": {\n        \"./package.json\": \"./package.json\",\n        \".\": \"./lib/version.cjs\",\n        \"./unstable/sync\": \"./dist/api/sync/api.js\",\n        \"./unstable/async\": \"./dist/api/async/api.js\",\n        \"./unstable/fs\": \"./dist/api/fs.js\",\n        \"./unstable/proto\": \"./dist/api/proto.js\",\n        \"./unstable/ast\": \"./dist/ast/index.js\",\n        \"./unstable/ast/is\": \"./dist/ast/is.js\",\n        \"./unstable/ast/factory\": \"./dist/ast/factory.generated.js\",\n        \"./unstable/ast/utils\": \"./dist/ast/utils.js\",\n        \"./unstable/ast/scanner\": \"./dist/ast/scanner.js\",\n        \"./unstable/ast/visitor\": \"./dist/ast/visitor.js\",\n        \"./unstable/ast/clone\": \"./dist/ast/clone.js\"\n    },\n    \"imports\": {\n        \"#getExePath\": \"./lib/getExePath.js\",\n        \"#enums/*\": {\n            \"types\": \"./dist/enums/*.enum.d.ts\",\n            \"default\": \"./dist/enums/*.js\"\n        },\n        \"#vscode-jsonrpc/node\": \"./vendor/vscode-jsonrpc/lib/node/main.js\"\n    },\n    \"gitHead\": \"2bd066d87f5bafd315be9f40889d0a60b9e58e0b\",\n    \"publishConfig\": {\n        \"access\": \"public\",\n        \"tag\": \"latest\"\n    },\n    \"optionalDependencies\": {\n        \"@typescript/typescript-win32-x64\": \"7.0.2\",\n        \"@typescript/typescript-win32-arm64\": \"7.0.2\",\n        \"@typescript/typescript-linux-x64\": \"7.0.2\",\n        \"@typescript/typescript-linux-arm\": \"7.0.2\",\n        \"@typescript/typescript-linux-arm64\": \"7.0.2\",\n        \"@typescript/typescript-darwin-x64\": \"7.0.2\",\n        \"@typescript/typescript-darwin-arm64\": \"7.0.2\",\n        \"@typescript/typescript-aix-ppc64\": \"7.0.2\",\n        \"@typescript/typescript-freebsd-arm64\": \"7.0.2\",\n        \"@typescript/typescript-freebsd-x64\": \"7.0.2\",\n        \"@typescript/typescript-linux-loong64\": \"7.0.2\",\n        \"@typescript/typescript-linux-mips64el\": \"7.0.2\",\n        \"@typescript/typescript-linux-ppc64\": \"7.0.2\",\n        \"@typescript/typescript-linux-riscv64\": \"7.0.2\",\n        \"@typescript/typescript-linux-s390x\": \"7.0.2\",\n        \"@typescript/typescript-netbsd-arm64\": \"7.0.2\",\n        \"@typescript/typescript-netbsd-x64\": \"7.0.2\",\n        \"@typescript/typescript-openbsd-arm64\": \"7.0.2\",\n        \"@typescript/typescript-openbsd-x64\": \"7.0.2\",\n        \"@typescript/typescript-sunos-x64\": \"7.0.2\"\n    }\n}"}
2026-10-09T15:27:59.1743740Z PS_ROOT_TS7_EVIDENCE_FILE {"path":"dist/typescript7-root/installed-profile.json","sha256":"630d6c0e07ca2eba789b21fbe978303b174979c25be192b8e0167fb7969d3dbe","bytes":4644,"content":"{\n  \"schemaVersion\": 1,\n  \"kind\": \"root-typescript7-installed-profile\",\n  \"sourceRef\": \"9d150afbec1feda8c97058aa56aa5ab92347d96d\",\n  \"workflowRunId\": 37951869293,\n  \"workflowRunAttempt\": 1,\n  \"node\": \"v22.23.3\",\n  \"platform\": \"linux\",\n  \"architecture\": \"x64\",\n  \"typescript\": \"7.0.2\",\n  \"reportedVersion\": \"Version 7.0.2\",\n  \"launcherSha256\": \"2219f428a7e55aaf1f7ad85b9b0f0cf5078aeb76ccc9a7c6036c92d48f492ffd\",\n  \"lockGenerated\": false,\n  \"packageLockSha256\": \"69c5e49b040ff3d45909e15cf1e2123af39fa223b00a7241b533c022a49e33e1\",\n  \"manifests\": [\n    {\n      \"path\": \"package.json\",\n      \"sha256\": \"7134c3f84b92442c0ea20117d9d68e5fe327b630b2d06200fc4fe84c3485c6bb\"\n    },\n    {\n      \"path\": \"packages/backend-ts/package.json\",\n      \"sha256\": \"01ce17eac169bf3a9b52c79a2df383e696554bbb2a8d87d3578afe57f17e012d\"\n    },\n    {\n      \"path\": \"packages/browser/package.json\",\n      \"sha256\": \"0b547866087820f9a2b69c5a6b3a9ec4269d499542503057a58b13df5fe65331\"\n    },\n    {\n      \"path\": \"packages/checked-core/package.json\",\n      \"sha256\": \"509507a75506587e9d4d5674dc2b9f9abad5d215a64db027d4f10617cbceb609\"\n    },\n    {\n      \"path\": \"packages/cli/package.json\",\n      \"sha256\": \"978fba06b269d508cb1b8a46a1d467553d0db3f37108d0f9db927d0993a7bb36\"\n    },\n    {\n      \"path\": \"packages/compiler-ir/package.json\",\n      \"sha256\": \"e840be27225f47bb6ae07b28dc5da046d473583cd0f92f2e9f0af5f75e4033b8\"\n    },\n    {\n      \"path\": \"packages/compiler/package.json\",\n      \"sha256\": \"0700268a945c6d8421ce0adb310228ba7c8dccb540a510831e50449b5b4242c2\"\n    },\n    {\n      \"path\": \"packages/conformance/package.json\",\n      \"sha256\": \"22563d0c6935e2a2def621e8809e66ae4d4814d67b1cf9bbe9709a68f3662518\"\n    },\n    {\n      \"path\": \"packages/elab/package.json\",\n      \"sha256\": \"d6655712683f75a986e462f1e2a983c29ac75b3be728cb3067f6c4ac0e238bef\"\n    },\n    {\n      \"path\": \"packages/environment/package.json\",\n      \"sha256\": \"dcf7cb7b3a451768f97290c2c85d024e82a3ec152b80f39b9e6e627d5770bf99\"\n    },\n    {\n      \"path\": \"packages/erasure/package.json\",\n      \"sha256\": \"6b589740a1f5c854454078506fdda9a3542c65294867084ac9069113a21c51b0\"\n    },\n    {\n      \"path\": \"packages/language-service/package.json\",\n      \"sha256\": \"7d3353f0da775c603694a9af9c231ba4e5eac74651799f8b3cfed8fb9da6043b\"\n    },\n    {\n      \"path\": \"packages/lean4export/package.json\",\n      \"sha256\": \"75a88451ba54d25478e668d5f71842bd205c06bef2a543cfa1330f9ab1330948\"\n    },\n    {\n      \"path\": \"packages/lsp/package.json\",\n      \"sha256\": \"d3213eb0b2961b095c69e375dfbcdd36ee69e18e0711325d379d21524655f555\"\n    },\n    {\n      \"path\": \"packages/meta/package.json\",\n      \"sha256\": \"8e9ce16be33e2fef9f140bc80a66c121e1ecb6eadd418cb39ca744f6cd3af9f1\"\n    },\n    {\n      \"path\": \"packages/module/package.json\",\n      \"sha256\": \"ab02c38611e688f3143e3f71da888fc3de8e54c762b31f597b19d8a9447b7117\"\n    },\n    {\n      \"path\": \"packages/pretty/package.json\",\n      \"sha256\": \"1876a58f8349e25fcccae9ae40d8507d831ea7e435614c6c10ab32e31cdcbe9c\"\n    },\n    {\n      \"path\": \"packages/project/package.json\",\n      \"sha256\": \"81b57ea3bb383b7d3ad2a29be4ec5de11bac12034659654aa2f64005f775e591\"\n    },\n    {\n      \"path\": \"packages/runtime/package.json\",\n      \"sha256\": \"c7ecdb938467bac410a5719c270ce7a408315544d938d1e1ad159c7c05dcbfe4\"\n    },\n    {\n      \"path\": \"packages/syntax/package.json\",\n      \"sha256\": \"bf69bbeb3e87f6ab9425cee1eca99db6fab76f4f449dde03dff9d3fb4c196606\"\n    },\n    {\n      \"path\": \"packages/tactic/package.json\",\n      \"sha256\": \"e4f5f12a47dee0c279bfb0c69dda93729254f8b6fd8362607d1c0d355ffe5ed7\"\n    }\n  ],\n  \"optionalDependencies\": {\n    \"@typescript/typescript-win32-x64\": \"7.0.2\",\n    \"@typescript/typescript-win32-arm64\": \"7.0.2\",\n    \"@typescript/typescript-linux-x64\": \"7.0.2\",\n    \"@typescript/typescript-linux-arm\": \"7.0.2\",\n    \"@typescript/typescript-linux-arm64\": \"7.0.2\",\n    \"@typescript/typescript-darwin-x64\": \"7.0.2\",\n    \"@typescript/typescript-darwin-arm64\": \"7.0.2\",\n    \"@typescript/typescript-aix-ppc64\": \"7.0.2\",\n    \"@typescript/typescript-freebsd-arm64\": \"7.0.2\",\n    \"@typescript/typescript-freebsd-x64\": \"7.0.2\",\n    \"@typescript/typescript-linux-loong64\": \"7.0.2\",\n    \"@typescript/typescript-linux-mips64el\": \"7.0.2\",\n    \"@typescript/typescript-linux-ppc64\": \"7.0.2\",\n    \"@typescript/typescript-linux-riscv64\": \"7.0.2\",\n    \"@typescript/typescript-linux-s390x\": \"7.0.2\",\n    \"@typescript/typescript-netbsd-arm64\": \"7.0.2\",\n    \"@typescript/typescript-netbsd-x64\": \"7.0.2\",\n    \"@typescript/typescript-openbsd-arm64\": \"7.0.2\",\n    \"@typescript/typescript-openbsd-x64\": \"7.0.2\",\n    \"@typescript/typescript-sunos-x64\": \"7.0.2\"\n  },\n  \"retiredCompilerRuntimeUsed\": false\n}\n"}
2026-10-09T15:27:59.5067780Z 
2026-10-09T15:27:59.5069062Z > lean-ts-kernel@0.1.0 build
2026-10-09T15:27:59.5069477Z > tsc -p tsconfig.json
2026-10-09T15:27:59.5069654Z 
2026-10-09T15:28:12.9801260Z 
2026-10-09T15:28:12.9801945Z > lean-ts-kernel@0.1.0 test:packages
2026-10-09T15:28:12.9810866Z > npm run test:syntax && tsc -p packages/browser/tsconfig.json && node packages/browser/dist/test/index.test.js && tsc -p packages/pretty/tsconfig.json && node packages/pretty/dist/test/index.test.js && tsc -p packages/meta/tsconfig.json && node packages/meta/dist/test/index.test.js && tsc -p packages/environment/tsconfig.json && node packages/environment/dist/test/index.test.js && tsc -p packages/checked-core/tsconfig.json && node packages/checked-core/dist/test/index.test.js && tsc -p packages/tactic/tsconfig.json && node packages/tactic/dist/test/index.test.js && tsc -p packages/elab/tsconfig.json && node packages/elab/dist/test/index.test.js && tsc -p packages/compiler-ir/tsconfig.json && node packages/compiler-ir/dist/test/index.test.js && tsc -p packages/erasure/tsconfig.json && node packages/erasure/dist/test/index.test.js && tsc -p packages/runtime/tsconfig.json && node packages/runtime/dist/test/index.test.js && tsc -p packages/backend-ts/tsconfig.json && node packages/backend-ts/dist/test/index.test.js && node packages/backend-ts/dist/test/typescript-compiler.test.js && tsc -p packages/compiler/tsconfig.json && node packages/compiler/dist/test/index.test.js && tsc -p packages/project/tsconfig.json && node packages/project/dist/test/index.test.js && tsc -p packages/language-service/tsconfig.json && node packages/language-service/dist/test/index.test.js && tsc -p packages/lsp/tsconfig.json && node packages/lsp/dist/test/index.test.js && tsc -p packages/module/tsconfig.json && tsc -p packages/cli/tsconfig.json && node packages/cli/dist/test/cli.test.js
2026-10-09T15:28:12.9815979Z 
2026-10-09T15:28:12.9816046Z 
2026-10-09T15:28:12.9816228Z > lean-ts-kernel@0.1.0 test:syntax
2026-10-09T15:28:12.9817109Z > tsc -p packages/syntax/tsconfig.json && node packages/syntax/dist/test/syntax.test.js && node packages/syntax/dist/test/v061-conformance.test.js
2026-10-09T15:28:12.9817646Z 
2026-10-09T15:28:12.9817932Z ok - @proofscript/syntax lexer MVP
2026-10-09T15:28:12.9818419Z ok - @proofscript/syntax DS2 complete emitted-subset frontend
2026-10-09T15:28:12.9819390Z ok - @proofscript/syntax explicit runtime external declaration
2026-10-09T15:28:12.9819930Z ok - @proofscript/syntax inherited instance declarations
2026-10-09T15:28:12.9820546Z ok - v0.6.1 feature-complete lowering corpus (12 registered features)
2026-10-09T15:28:12.9821042Z ok - @proofscript/browser foundation
2026-10-09T15:28:12.9821446Z ok - @proofscript/pretty foundation
2026-10-09T15:28:12.9821819Z ok - @proofscript/meta foundation
2026-10-09T15:28:12.9822254Z ok - @proofscript/meta Expr metavariable context
2026-10-09T15:28:12.9822800Z ok - @proofscript/meta Lean-style metavariable depth discipline
2026-10-09T15:28:12.9823486Z ok - @proofscript/meta structural application unification with rollback
2026-10-09T15:28:12.9824086Z ok - @proofscript/meta structural Pi unification
2026-10-09T15:28:12.9824631Z ok - @proofscript/meta mixed universe/application unification
2026-10-09T15:28:12.9825225Z ok - @proofscript/meta bounded universe metavariable solving
2026-10-09T15:28:12.9825799Z ok - @proofscript/environment certified self-host compiler base
2026-10-09T15:28:12.9826405Z ok - @proofscript/environment replay and fail-closed provider
2026-10-09T15:28:12.9826953Z ok - @proofscript/checked-core kernel admission boundary
2026-10-09T15:28:12.9827498Z ok - @proofscript/checked-core mixed inductive admission
2026-10-09T15:28:12.9828051Z ok - @proofscript/checked-core class metadata admission
2026-10-09T15:28:12.9828604Z ok - @proofscript/checked-core instance registry metadata
2026-10-09T15:28:12.9829645Z ok - @proofscript/checked-core persistent admission codec
2026-10-09T15:28:12.9830186Z ok - @proofscript/checked-core external admission codec
2026-10-09T15:28:12.9830705Z ok - @proofscript/checked-core Char runtime external
2026-10-09T15:28:12.9831281Z ok - @proofscript/checked-core rejects proof-valued external
2026-10-09T15:28:12.9831817Z ok - @proofscript/tactic ordered multi-goal state
2026-10-09T15:28:12.9832290Z ok - @proofscript/elab foundation
2026-10-09T15:28:12.9832776Z ok - @proofscript/elab Lean-style application elaboration
2026-10-09T15:28:12.9833382Z ok - @proofscript/elab kernel-facing non-recursive definitions
2026-10-09T15:28:12.9833944Z ok - @proofscript/elab implicit declaration binders
2026-10-09T15:28:12.9834482Z ok - @proofscript/elab dependent type application path
2026-10-09T15:28:12.9835048Z ok - @proofscript/elab kernel theorem proof-term admission
2026-10-09T15:28:12.9835595Z ok - @proofscript/elab expected-type lambda elaboration
2026-10-09T15:28:12.9836234Z ok - @proofscript/elab annotated lambda solves generic expected metas
2026-10-09T15:28:12.9836787Z ok - @proofscript/elab core let elaboration
2026-10-09T15:28:12.9837313Z ok - @proofscript/elab exact and assumption tactic terms
2026-10-09T15:28:12.9837927Z ok - @proofscript/elab declaration expected-type propagation
2026-10-09T15:28:12.9838519Z ok - @proofscript/elab intro tactic proof-term construction
2026-10-09T15:28:12.9839288Z ok - @proofscript/elab bounded apply tactic proof-term construction
2026-10-09T15:28:12.9839877Z ok - @proofscript/elab ordered multi-goal apply tactic
2026-10-09T15:28:12.9840414Z ok - @proofscript/elab bounded synthetic-hole refine tactic
2026-10-09T15:28:12.9840960Z ok - @proofscript/elab bounded constructor via apply
2026-10-09T15:28:12.9841465Z ok - @proofscript/elab bounded cases via recursor
2026-10-09T15:28:12.9841990Z ok - @proofscript/elab parameterized bounded cases
2026-10-09T15:28:12.9842521Z ok - @proofscript/elab bounded induction via recursor
2026-10-09T15:28:12.9843121Z ok - @proofscript/elab induction preserves field/IH source names
2026-10-09T15:28:12.9843679Z ok - @proofscript/elab rw syntax reaches tactic AST
2026-10-09T15:28:12.9844295Z ok - @proofscript/elab multi-rule simp-only syntax reaches tactic AST
2026-10-09T15:28:12.9845380Z ok - @proofscript/elab direct polymorphic Eq.symm application
2026-10-09T15:28:12.9845915Z ok - @proofscript/elab bounded exact search
2026-10-09T15:28:12.9846437Z ok - @proofscript/elab bounded Eq-only rfl tactic
2026-10-09T15:28:12.9846909Z ok - @proofscript/elab bounded Nat notation
2026-10-09T15:28:12.9847434Z ok - @proofscript/elab dependent structure field admission
2026-10-09T15:28:12.9848052Z ok - @proofscript/elab record construction and kernel projection
2026-10-09T15:28:12.9848664Z ok - @proofscript/elab unparameterized inductive admission
2026-10-09T15:28:12.9849532Z ok - @proofscript/elab verified match recursor elaboration
2026-10-09T15:28:12.9850185Z ok - @proofscript/elab parameterized inductive constructor inference
2026-10-09T15:28:12.9850864Z ok - @proofscript/elab expected-type propagation into nested calls
2026-10-09T15:28:12.9851573Z ok - @proofscript/elab parameterized verified match recursor elaboration
2026-10-09T15:28:12.9852280Z ok - @proofscript/elab match branch Nat notation meta instantiation
2026-10-09T15:28:12.9852903Z ok - @proofscript/elab verified Bool literal match recursor
2026-10-09T15:28:12.9853539Z ok - @proofscript/elab direct recursive inductive + recursor match
2026-10-09T15:28:12.9854146Z ok - @proofscript/elab structural recursion via recursor
2026-10-09T15:28:12.9854837Z ok - @proofscript/elab structural recursion with invariant parameters
2026-10-09T15:28:12.9855434Z ok - @proofscript/elab generic structure admission
2026-10-09T15:28:12.9855950Z ok - @proofscript/elab acyclic where local helpers
2026-10-09T15:28:12.9856378Z ok - @proofscript/elab class admission as kernel inductive
2026-10-09T15:28:12.9856717Z ok - @proofscript/elab local class instance synthesis
2026-10-09T15:28:12.9857227Z ok - @proofscript/elab global class instance synthesis
2026-10-09T15:28:12.9857866Z ok - @proofscript/elab imported structure/class/instance metadata seed
2026-10-09T15:28:12.9858488Z ok - @proofscript/elab proof-valued external fails closed
2026-10-09T15:28:12.9859258Z ok - @proofscript/elab explicit runtime external admission
2026-10-09T15:28:12.9859781Z ok - @proofscript/compiler-ir foundation
2026-10-09T15:28:12.9860351Z ok - @proofscript/compiler-ir verified dependent-core IR schema
2026-10-09T15:28:12.9860932Z ok - @proofscript/compiler-ir verified Nat intrinsic
2026-10-09T15:28:12.9861474Z ok - @proofscript/compiler-ir verified intrinsic contract
2026-10-09T15:28:12.9862038Z ok - @proofscript/compiler-ir external import boundary
2026-10-09T15:28:12.9862544Z ok - @proofscript/erasure generic identity
2026-10-09T15:28:12.9863093Z ok - @proofscript/erasure flattened runtime callback convention
2026-10-09T15:28:12.9863676Z ok - @proofscript/erasure Prop and proof binder erasure
2026-10-09T15:28:12.9864197Z ok - @proofscript/erasure Nat intrinsic lowering
2026-10-09T15:28:12.9864711Z ok - @proofscript/erasure checked Char.ofNat lowering
2026-10-09T15:28:12.9865289Z ok - @proofscript/erasure certified text intrinsic lowering
2026-10-09T15:28:12.9865893Z ok - @proofscript/erasure semantic primitive type identity
2026-10-09T15:28:12.9866470Z ok - @proofscript/erasure primitive Bool recursor lowering
2026-10-09T15:28:12.9867024Z ok - @proofscript/erasure verified runtime structures
2026-10-09T15:28:12.9867543Z ok - @proofscript/erasure verified ADT constructors
2026-10-09T15:28:12.9868121Z ok - @proofscript/erasure verified ADT recursor match lowering
2026-10-09T15:28:12.9868963Z ok - @proofscript/erasure generic nonrecursive ADT constructor erasure
2026-10-09T15:28:12.9869676Z ok - @proofscript/erasure generic ADT recursor parameter substitution
2026-10-09T15:28:12.9870289Z ok - @proofscript/erasure recursive ADT metadata erasure
2026-10-09T15:28:12.9870822Z ok - @proofscript/erasure generic structure metadata
2026-10-09T15:28:12.9871348Z ok - @proofscript/erasure external import lowering
2026-10-09T15:28:12.9871838Z ok - @proofscript/runtime foundation
2026-10-09T15:28:12.9872294Z ok - @proofscript/backend-ts foundation
2026-10-09T15:28:12.9873081Z ok - @proofscript/backend-ts verified generic TypeScript emission
2026-10-09T15:28:12.9873956Z ok - @proofscript/backend-ts explicit generic call type arguments
2026-10-09T15:28:12.9874609Z ok - @proofscript/backend-ts verified Nat intrinsic emission
2026-10-09T15:28:12.9875200Z ok - @proofscript/backend-ts Lean-faithful Char.ofNat emission
2026-10-09T15:28:12.9875590Z ok - @proofscript/backend-ts certified text intrinsic emission
2026-10-09T15:28:12.9875975Z ok - @proofscript/backend-ts verified String equality emission
2026-10-09T15:28:12.9876349Z ok - @proofscript/backend-ts canonical Array intrinsic emission
2026-10-09T15:28:12.9876728Z ok - @proofscript/backend-ts verified nominal structure emission
2026-10-09T15:28:12.9877096Z ok - @proofscript/backend-ts verified ADT constructor emission
2026-10-09T15:28:12.9877460Z ok - @proofscript/backend-ts verified ADT match emission
2026-10-09T15:28:12.9877867Z ok - @proofscript/backend-ts verified generic ADT TypeScript emission
2026-10-09T15:28:12.9878293Z ok - @proofscript/backend-ts generic structure TypeScript emission
2026-10-09T15:28:12.9878684Z ok - @proofscript/backend-ts external ESM import emission
2026-10-09T15:28:12.9881646Z PS_ROOT_TYPESCRIPT7_CONTRACT {"schema":"psc-root-typescript7-contract-v1","typescript":"7.0.2","passed":true,"cases":["virtual-source-and-existing-products","logical-map-name","config-independent-positional","relative-typescript-import","package-export-import","root-output-selection","logical-diagnostic-position","self-reference-refusal","declaration-input-refusal","missing-directory-refusal","stage-cleanup"]}
2026-10-09T15:28:12.9884033Z ok - @proofscript/compiler checked-core orchestration
2026-10-09T15:28:12.9884808Z ok - @proofscript/compiler IR keeps language primitive identity upstream of TS mapping
2026-10-09T15:28:12.9885520Z ok - @proofscript/project mixed-source graph foundation
2026-10-09T15:28:12.9886100Z ok - @proofscript/project shared Node source-root resolver
2026-10-09T15:28:12.9886724Z ok - @proofscript/project exact runtime dependency policy parser
2026-10-09T15:28:12.9887375Z ok - @proofscript/language-service proof-aware document analysis
2026-10-09T15:28:12.9887995Z ok - @proofscript/language-service Lean-subset source routing
2026-10-09T15:28:12.9888579Z ok - @proofscript/language-service navigation and completion
2026-10-09T15:28:12.9889445Z ok - @proofscript/language-service sequential document environment
2026-10-09T15:28:12.9890218Z ok - @proofscript/language-service mixed-source import environment
2026-10-09T15:28:12.9890900Z ok - @proofscript/language-service project failure is fail-closed
2026-10-09T15:28:12.9891521Z ok - @proofscript/language-service cross-source navigation
2026-10-09T15:28:12.9892079Z ok - @proofscript/language-service document translation
2026-10-09T15:28:12.9892661Z ok - @proofscript/language-service importer buffer invalidation
2026-10-09T15:28:12.9893177Z ok - @proofscript/lsp foundation
2026-10-09T15:28:12.9893695Z ok - @proofscript/lsp proof-aware protocol surface
2026-10-09T15:28:12.9894282Z ok - @proofscript/lsp dual-source document routing
2026-10-09T15:28:12.9894806Z ok - @proofscript/lsp shared project source-root resolver
2026-10-09T15:28:12.9895339Z ok - @proofscript/lsp translation service surface
2026-10-09T15:28:12.9895876Z ok - @proofscript/lsp importer diagnostic refresh targets
2026-10-09T15:28:12.9896388Z ok - psc CLI argument/UX contract
2026-10-09T15:28:12.9896835Z ok - psc verified checked-core compiler pipeline
2026-10-09T15:28:12.9897308Z ok - psc verified runtime external assurance
2026-10-09T15:28:12.9897845Z ok - psc verified project assurance reports source externals
2026-10-09T15:28:12.9898440Z ok - psc verified check rejects undeclared runtime dependency
2026-10-09T15:28:12.9899201Z ok - psc verified source FFI resolves exact package and runs
2026-10-09T15:28:12.9899800Z ok - psc runtime lock rejects missing required transitive entry
2026-10-09T15:28:12.9900319Z ok - psc verified Nat source pipeline
2026-10-09T15:28:12.9900705Z ok - psc checked Char.ofNat source pipeline
2026-10-09T15:28:12.9901294Z ok - psc checked character literal source pipeline
2026-10-09T15:28:12.9901622Z ok - psc checked Char/String equality source pipeline
2026-10-09T15:28:12.9901899Z ok - psc verified runtime ABI
2026-10-09T15:28:12.9902176Z ok - psc Lean-faithful Char.ofNat runtime pipeline
2026-10-09T15:28:12.9902494Z ok - psc verified run filesystem pipeline
2026-10-09T15:28:12.9902810Z ok - psc verified Lean-subset run filesystem pipeline
2026-10-09T15:28:12.9903134Z ok - psc SH1 dual-source Unicode String.length runtime
2026-10-09T15:28:12.9903489Z ok - psc SH1 dual-source UTF-8 next/get/extract runtime
2026-10-09T15:28:12.9903805Z ok - psc SH1 dual-source UTF-8 atEnd runtime
2026-10-09T15:28:12.9904105Z ok - psc SH2 dual-source canonical Prod runtime
2026-10-09T15:28:12.9904401Z ok - psc SH2 dual-source canonical Array runtime
2026-10-09T15:28:12.9904707Z ok - psc SH2 deterministic ordered Map/Set runtime
2026-10-09T15:28:12.9905005Z ok - psc verified structure JSON ABI round-trip
2026-10-09T15:28:12.9905320Z ok - psc verified generic ADT JSON ABI round-trip
2026-10-09T15:28:12.9905681Z ok - psc verified structural recursion run filesystem pipeline
2026-10-09T15:28:12.9906029Z ok - psc verified proposition-based if pipeline
2026-10-09T15:28:12.9906333Z ok - psc verified nominal structure pipeline
2026-10-09T15:28:12.9906618Z ok - psc verified ADT constructor pipeline
2026-10-09T15:28:12.9906890Z ok - psc verified ADT match pipeline
2026-10-09T15:28:12.9907180Z ok - psc verified generic ADT constructor pipeline
2026-10-09T15:28:12.9907495Z ok - psc verified generic ADT match pipeline
2026-10-09T15:28:12.9907787Z ok - psc verified recursive ADT match pipeline
2026-10-09T15:28:12.9908107Z ok - psc verified structural recursive function pipeline
2026-10-09T15:28:12.9908450Z ok - psc verified invariant structural recursion pipeline
2026-10-09T15:28:12.9908938Z ok - psc verified invariant structural recursion run
2026-10-09T15:28:12.9909301Z ok - psc verified generic map structural recursion pipeline
2026-10-09T15:28:12.9909647Z ok - psc verified generic map run filesystem pipeline
2026-10-09T15:28:12.9909963Z ok - psc verified generic structure source pipeline
2026-10-09T15:28:12.9910269Z ok - psc verified acyclic where source pipeline
2026-10-09T15:28:12.9910559Z ok - psc verified local class instance pipeline
2026-10-09T15:28:12.9910874Z ok - psc verified global class instance pipeline
2026-10-09T15:28:12.9911169Z ok - psc emit-lean uses source/target dispatch
2026-10-09T15:28:12.9911462Z ok - psc translate ps/lean canonical round-trip
2026-10-09T15:28:12.9911767Z ok - psc canonical source hash is source-kind neutral
2026-10-09T15:28:12.9912070Z ok - psc mixed ProofScript -> Lean import run
2026-10-09T15:28:12.9912358Z ok - psc mixed Lean -> ProofScript import run
2026-10-09T15:28:12.9912692Z ok - psc mixed imports preserve structure/class/instance metadata
2026-10-09T15:28:12.9913071Z ok - psc checked-module cache uses dependency integrity keys
2026-10-09T15:28:12.9913464Z ok - psc emits replay-gated checked-admission .psmodule v2 artifacts
2026-10-09T15:28:12.9913853Z ok - psc configured source roots resolve mixed-source imports
2026-10-09T15:28:12.9914253Z ok - psc configured source roots reject duplicate logical modules
2026-10-09T15:28:12.9914593Z ok - psc mixed-source module ambiguity fails closed
2026-10-09T15:28:12.9914890Z ok - psc has one checked-core semantic lane
2026-10-09T15:28:13.1817403Z 
2026-10-09T15:28:13.1818057Z > @proofscript/conformance@0.0.0-dev build
2026-10-09T15:28:13.1818516Z > tsc -p tsconfig.json
2026-10-09T15:28:13.1818702Z 
2026-10-09T15:28:13.3898314Z 
2026-10-09T15:28:13.3899235Z > @proofscript/lean4export@0.0.0-dev build
2026-10-09T15:28:13.3899682Z > tsc -p tsconfig.json
2026-10-09T15:28:13.3899822Z 
2026-10-09T15:28:21.8964945Z 
2026-10-09T15:28:21.8965629Z > lean-ts-kernel@0.1.0 test:package-integration
2026-10-09T15:28:21.8966229Z > node scripts/package-integration-smoke.mjs
2026-10-09T15:28:21.8966526Z 
2026-10-09T15:28:21.8966730Z package integration smoke: PASS
2026-10-09T15:28:22.3803394Z 
2026-10-09T15:28:22.3804323Z > lean-ts-kernel@0.1.0 check:packages
2026-10-09T15:28:22.3805005Z > node scripts/package-map-check.mjs && npm run check:source-shape && npm run check:vscode && npm run check:architecture
2026-10-09T15:28:22.3805387Z 
2026-10-09T15:28:22.3805594Z package-map: PASS (21 packages; dependency graph acyclic)
2026-10-09T15:28:22.3805804Z 
2026-10-09T15:28:22.3805955Z > lean-ts-kernel@0.1.0 check:source-shape
2026-10-09T15:28:22.3806250Z > node scripts/source-shape-check.mjs
2026-10-09T15:28:22.3806414Z 
2026-10-09T15:28:22.3806871Z source-shape: PASS (syntax, meta, environment, checked-core, elab, language-service, erasure, compiler-ir, backend-ts, compiler, lsp, cli)
2026-10-09T15:28:22.3807270Z 
2026-10-09T15:28:22.3807394Z > lean-ts-kernel@0.1.0 check:vscode
2026-10-09T15:28:22.3807781Z > node scripts/vscode-shape-check.mjs && node editors/vscode/test/smoke.mjs
2026-10-09T15:28:22.3808029Z 
2026-10-09T15:28:22.3808188Z vscode-shape: PASS (5 modules; <=300 lines each)
2026-10-09T15:28:22.3808475Z vscode-shape: PASS
2026-10-09T15:28:22.3808588Z 
2026-10-09T15:28:22.3808726Z > lean-ts-kernel@0.1.0 check:architecture
2026-10-09T15:28:22.3809377Z > node scripts/proofscript-architecture-check.mjs
2026-10-09T15:28:22.3809573Z 
2026-10-09T15:28:22.3809883Z proofscript-architecture: PASS (source -> elab -> checked-core -> erasure -> IR -> TS -> JS)
2026-10-09T15:28:22.4059671Z PS_ROOT_TS7_EVIDENCE_FILE {"path":"dist/typescript7-root/qualification.json","sha256":"a6f2b2e31ca61a8249954d43849bb622d01b876db7f8046a67353ce82e9de39a","bytes":3485,"content":"{\n  \"schemaVersion\": 1,\n  \"kind\": \"root-typescript7-qualification\",\n  \"sourceRef\": \"9d150afbec1feda8c97058aa56aa5ab92347d96d\",\n  \"workflowRunId\": 37951869293,\n  \"workflowRunAttempt\": 1,\n  \"startedAt\": \"2026-10-09T15:27:57.441Z\",\n  \"completedAt\": \"2026-10-09T15:28:22.403Z\",\n  \"passed\": true,\n  \"node\": \"v22.23.3\",\n  \"typescript\": \"7.0.2\",\n  \"lockGenerated\": false,\n  \"packageLockSha256\": \"69c5e49b040ff3d45909e15cf1e2123af39fa223b00a7241b533c022a49e33e1\",\n  \"installedProfileSha256\": \"630d6c0e07ca2eba789b21fbe978303b174979c25be192b8e0167fb7969d3dbe\",\n  \"commands\": [\n    {\n      \"name\": \"install\",\n      \"command\": [\n        \"npm\",\n        \"ci\",\n        \"--ignore-scripts\",\n        \"--no-audit\",\n        \"--no-fund\"\n      ],\n      \"exitCode\": 0,\n      \"signal\": null,\n      \"elapsedMs\": 1635,\n      \"stdoutSha256\": \"42655418c228288a9dba4735657fb971df86f631b04c4ca47178142ac98df7fb\",\n      \"stderrSha256\": \"e3b0c44298fc1c149afbf4c8996fb92427ae41e4649b934ca495991b7852b855\"\n    },\n    {\n      \"name\": \"root-build\",\n      \"command\": [\n        \"npm\",\n        \"run\",\n        \"build\"\n      ],\n      \"exitCode\": 0,\n      \"signal\": null,\n      \"elapsedMs\": 336,\n      \"stdoutSha256\": \"0ad5fa5e957471919af121f63e7be285285f8dfd9a8e7c2a4e40fe58db00d963\",\n      \"stderrSha256\": \"e3b0c44298fc1c149afbf4c8996fb92427ae41e4649b934ca495991b7852b855\"\n    },\n    {\n      \"name\": \"package-tests\",\n      \"command\": [\n        \"npm\",\n        \"run\",\n        \"test:packages\"\n      ],\n      \"exitCode\": 0,\n      \"signal\": null,\n      \"elapsedMs\": 13474,\n      \"stdoutSha256\": \"48b83f50ec3c2b48a18478ddd66d1d25a0f9016fd072838425a2cd5ed1c0587c\",\n      \"stderrSha256\": \"e3b0c44298fc1c149afbf4c8996fb92427ae41e4649b934ca495991b7852b855\"\n    },\n    {\n      \"name\": \"conformance-build\",\n      \"command\": [\n        \"npm\",\n        \"run\",\n        \"build\",\n        \"--workspace\",\n        \"@proofscript/conformance\"\n      ],\n      \"exitCode\": 0,\n      \"signal\": null,\n      \"elapsedMs\": 201,\n      \"stdoutSha256\": \"fa8d35b1f896977818e177e65159971f324da48eeb6e54ae39eef9ce0a9dabae\",\n      \"stderrSha256\": \"e3b0c44298fc1c149afbf4c8996fb92427ae41e4649b934ca495991b7852b855\"\n    },\n    {\n      \"name\": \"lean4export-build\",\n      \"command\": [\n        \"npm\",\n        \"run\",\n        \"build\",\n        \"--workspace\",\n        \"@proofscript/lean4export\"\n      ],\n      \"exitCode\": 0,\n      \"signal\": null,\n      \"elapsedMs\": 208,\n      \"stdoutSha256\": \"0db7c2249c7666c8aec0a7cdbaea383495b76e865cd17e7298f350548d24896a\",\n      \"stderrSha256\": \"e3b0c44298fc1c149afbf4c8996fb92427ae41e4649b934ca495991b7852b855\"\n    },\n    {\n      \"name\": \"package-integration\",\n      \"command\": [\n        \"npm\",\n        \"run\",\n        \"test:package-integration\"\n      ],\n      \"exitCode\": 0,\n      \"signal\": null,\n      \"elapsedMs\": 8507,\n      \"stdoutSha256\": \"32ddb05951dc8a589ce06873fe26a4010c437067416483f9123180116a4d6dd1\",\n      \"stderrSha256\": \"e3b0c44298fc1c149afbf4c8996fb92427ae41e4649b934ca495991b7852b855\"\n    },\n    {\n      \"name\": \"package-boundaries\",\n      \"command\": [\n        \"npm\",\n        \"run\",\n        \"check:packages\"\n      ],\n      \"exitCode\": 0,\n      \"signal\": null,\n      \"elapsedMs\": 484,\n      \"stdoutSha256\": \"0bef7975893b8fcd3e18fbad0112f26b60239637dfe77d6874ff09814d73aceb\",\n      \"stderrSha256\": \"e3b0c44298fc1c149afbf4c8996fb92427ae41e4649b934ca495991b7852b855\"\n    }\n  ],\n  \"retiredCompilerRuntimeUsed\": false,\n  \"psc0Qualification\": false,\n  \"kernelOracleOrCorpusExecuted\": false,\n  \"seedSelectionChanged\": false\n}\n"}
2026-10-09T15:28:22.4074955Z PS_ROOT_TS7_EVIDENCE_FILE {"path":"dist/typescript7-root/evidence-index.json","sha256":"209cd0b9a0bce52405579a1f7c2dc9878b8beb4f890a2bda15e6dd4dcf6a82b4","bytes":820,"content":"{\n  \"schemaVersion\": 1,\n  \"sourceRef\": \"9d150afbec1feda8c97058aa56aa5ab92347d96d\",\n  \"files\": [\n    {\n      \"path\": \"dist/typescript7-root/package-lock.json\",\n      \"sha256\": \"69c5e49b040ff3d45909e15cf1e2123af39fa223b00a7241b533c022a49e33e1\",\n      \"bytes\": 21592\n    },\n    {\n      \"path\": \"dist/typescript7-root/installed-typescript-package.json\",\n      \"sha256\": \"3722b30210616a13a3213ded11575ba6b2dbab10c32a5ef67afca8513e27017e\",\n      \"bytes\": 3087\n    },\n    {\n      \"path\": \"dist/typescript7-root/installed-profile.json\",\n      \"sha256\": \"630d6c0e07ca2eba789b21fbe978303b174979c25be192b8e0167fb7969d3dbe\",\n      \"bytes\": 4644\n    },\n    {\n      \"path\": \"dist/typescript7-root/qualification.json\",\n      \"sha256\": \"a6f2b2e31ca61a8249954d43849bb622d01b876db7f8046a67353ce82e9de39a\",\n      \"bytes\": 3485\n    }\n  ]\n}\n"}
2026-10-09T15:28:22.4172144Z ##[group]Run actions/upload-artifact@v4
2026-10-09T15:28:22.4172391Z with:
2026-10-09T15:28:22.4172656Z   name: root-typescript7-9d150afbec1feda8c97058aa56aa5ab92347d96d
2026-10-09T15:28:22.4172968Z   path: dist/typescript7-root
2026-10-09T15:28:22.4173184Z   if-no-files-found: error
2026-10-09T15:28:22.4173383Z   retention-days: 30
2026-10-09T15:28:22.4173572Z   compression-level: 6
2026-10-09T15:28:22.4173763Z   overwrite: false
2026-10-09T15:28:22.4173953Z   include-hidden-files: false
2026-10-09T15:28:22.4174157Z ##[endgroup]
2026-10-09T15:28:22.5503288Z (node:4544) [DEP0040] DeprecationWarning: The `punycode` module is deprecated. Please use a userland alternative instead.
2026-10-09T15:28:22.5503945Z (Use `node --trace-deprecation ...` to show where the warning was created)
2026-10-09T15:28:22.5622446Z With the provided path, there will be 19 files uploaded
2026-10-09T15:28:22.5623474Z Artifact name is valid!
2026-10-09T15:28:22.5624158Z Root directory input is valid!
2026-10-09T15:28:22.8925229Z Beginning upload of artifact content to blob storage
2026-10-09T15:28:22.9242956Z (node:4544) [DEP0169] DeprecationWarning: `url.parse()` behavior is not standardized and prone to errors that have security implications. Use the WHATWG URL API instead. CVEs are not issued for `url.parse()` vulnerabilities.
2026-10-09T15:28:23.1441779Z Uploaded bytes 13228
2026-10-09T15:28:23.2069092Z Finished uploading artifact content to blob storage!
2026-10-09T15:28:23.2070052Z SHA256 digest of uploaded artifact zip is a424a5c9bacbc31caf51160c471266401d0d4c520b87bce7cb3100c60d552cf6
2026-10-09T15:28:23.2071209Z Finalizing artifact upload
2026-10-09T15:28:23.4713064Z Artifact root-typescript7-9d150afbec1feda8c97058aa56aa5ab92347d96d.zip successfully finalized. Artifact ID 11626670229
2026-10-09T15:28:23.4714537Z Artifact root-typescript7-9d150afbec1feda8c97058aa56aa5ab92347d96d has been successfully uploaded! Final size is 13228 bytes. Artifact ID is 11626670229
2026-10-09T15:28:23.4719676Z Artifact download URL: https://github.com/dwijayuda/pskernel/actions/runs/37951869293/artifacts/11626670229
2026-10-09T15:28:23.4885451Z Post job cleanup.
2026-10-09T15:28:23.5893267Z (node:4557) [DEP0040] DeprecationWarning: The `punycode` module is deprecated. Please use a userland alternative instead.
2026-10-09T15:28:23.5893955Z (Use `node --trace-deprecation ...` to show where the warning was created)
2026-10-09T15:28:23.6045106Z Post job cleanup.
2026-10-09T15:28:23.6735028Z [command]/usr/bin/git version
2026-10-09T15:28:23.6768308Z git version 2.55.0
2026-10-09T15:28:23.6796315Z Temporarily overriding HOME='/home/runner/work/_temp/be4a6f41-dfce-4e00-83fa-7ded7be76d22' before making global git config changes
2026-10-09T15:28:23.6797537Z Adding repository directory to the temporary git global config as a safe directory
2026-10-09T15:28:23.6799982Z [command]/usr/bin/git config --global --add safe.directory /home/runner/work/pskernel/pskernel
2026-10-09T15:28:23.6846282Z [command]/usr/bin/git config --local --name-only --get-regexp core\.sshCommand
2026-10-09T15:28:23.6870251Z [command]/usr/bin/git submodule foreach --recursive sh -c "git config --local --name-only --get-regexp 'core\.sshCommand' && git config --local --unset-all 'core.sshCommand' || :"
2026-10-09T15:28:23.7130065Z [command]/usr/bin/git config --local --name-only --get-regexp http\.https\:\/\/github\.com\/\.extraheader
2026-10-09T15:28:23.7140385Z http.https://github.com/.extraheader
2026-10-09T15:28:23.7143043Z [command]/usr/bin/git config --local --unset-all http.https://github.com/.extraheader
2026-10-09T15:28:23.7174254Z [command]/usr/bin/git submodule foreach --recursive sh -c "git config --local --name-only --get-regexp 'http\.https\:\/\/github\.com\/\.extraheader' && git config --local --unset-all 'http.https://github.com/.extraheader' || :"
2026-10-09T15:28:23.7398625Z [command]/usr/bin/git config --local --name-only --get-regexp ^includeIf\.gitdir:
2026-10-09T15:28:23.7437060Z [command]/usr/bin/git submodule foreach --recursive git config --local --show-origin --name-only --get-regexp remote.origin.url
2026-10-09T15:28:23.7940519Z Cleaning up orphan processes
2026-10-09T15:28:23.8208089Z ##[warning]Node.js 20 is deprecated. The following actions target Node.js 20 but are being forced to run on Node.js 24: actions/checkout@v4, actions/setup-node@v4, actions/upload-artifact@v4. For more information see: https://github.blog/changelog/2025-09-19-deprecation-of-node-20-on-github-actions-runners/
