2026-10-09T15:13:18.8943549Z Current runner version: '2.337.0'
2026-10-09T15:13:18.8968392Z ##[group]Runner Image Provisioner
2026-10-09T15:13:18.8969363Z Hosted Compute Agent
2026-10-09T15:13:18.8969992Z Version: 20261002.596
2026-10-09T15:13:18.8970632Z Commit: c3d12f3313a95f25162a1503be624f3b0617f8c0
2026-10-09T15:13:18.8971424Z Build Date: 2026-10-02T22:28:27Z
2026-10-09T15:13:18.8972200Z Worker ID: {16ae4fdf-4066-4e17-a7fe-98d887f3dd74}
2026-10-09T15:13:18.8973005Z Region: westus3
2026-10-09T15:13:18.8973644Z Cloud: Azure
2026-10-09T15:13:18.8974244Z ##[endgroup]
2026-10-09T15:13:18.8976227Z ##[group]Operating System
2026-10-09T15:13:18.8976910Z Ubuntu
2026-10-09T15:13:18.8977427Z 24.04.5
2026-10-09T15:13:18.8978034Z LTS
2026-10-09T15:13:18.8978562Z ##[endgroup]
2026-10-09T15:13:18.8979169Z ##[group]Runner Image
2026-10-09T15:13:18.8979869Z Image: ubuntu-24.04
2026-10-09T15:13:18.8980465Z Version: 20261004.327.1
2026-10-09T15:13:18.8981817Z Included Software: https://github.com/actions/runner-images/blob/ubuntu24/20261004.327/images/ubuntu/Ubuntu2404-Readme.md
2026-10-09T15:13:18.8983409Z Image Release: https://github.com/actions/runner-images/releases/tag/ubuntu24%2F20261004.327
2026-10-09T15:13:18.8984475Z ##[endgroup]
2026-10-09T15:13:18.8986117Z ##[group]GITHUB_TOKEN Permissions
2026-10-09T15:13:18.8988304Z Contents: read
2026-10-09T15:13:18.8988904Z Metadata: read
2026-10-09T15:13:18.8989614Z ##[endgroup]
2026-10-09T15:13:18.8991720Z Secret source: Actions
2026-10-09T15:13:18.8992781Z Cache mode: write
2026-10-09T15:13:18.8993480Z Prepare workflow directory
2026-10-09T15:13:18.9393383Z Prepare all required actions
2026-10-09T15:13:18.9441216Z Getting action download info
2026-10-09T15:13:19.2898180Z Download action repository 'actions/checkout@v4' (SHA:11d5960a326750d5838078e36cf38b85af677262)
2026-10-09T15:13:19.6142538Z Download action repository 'actions/setup-node@v4' (SHA:49933ea5288caeca8642d1e84afbd3f7d6820020)
2026-10-09T15:13:19.7311981Z Download action repository 'actions/upload-artifact@v4' (SHA:ea165f8d65b6e75b540449e92b4886f43607fa02)
2026-10-09T15:13:20.0056764Z Complete job name: qualify
2026-10-09T15:13:20.0944736Z ##[group]Run actions/checkout@v4
2026-10-09T15:13:20.0946362Z with:
2026-10-09T15:13:20.0946965Z   ref: 3fce771a3607341ce0c9dfc1f1fa3974e2f0dbab
2026-10-09T15:13:20.0947857Z   repository: dwijayuda/pskernel
2026-10-09T15:13:20.0956805Z   token: ***
2026-10-09T15:13:20.0957313Z   ssh-strict: true
2026-10-09T15:13:20.0957837Z   ssh-user: git
2026-10-09T15:13:20.0958371Z   persist-credentials: true
2026-10-09T15:13:20.0959001Z   clean: true
2026-10-09T15:13:20.0959544Z   sparse-checkout-cone-mode: true
2026-10-09T15:13:20.0960288Z   fetch-depth: 1
2026-10-09T15:13:20.0960817Z   fetch-tags: false
2026-10-09T15:13:20.0961374Z   show-progress: true
2026-10-09T15:13:20.0961914Z   lfs: false
2026-10-09T15:13:20.0962409Z   submodules: false
2026-10-09T15:13:20.0962962Z   set-safe-directory: true
2026-10-09T15:13:20.0963640Z   allow-unsafe-pr-checkout: false
2026-10-09T15:13:20.0964800Z ##[endgroup]
2026-10-09T15:13:20.1994523Z Syncing repository: dwijayuda/pskernel
2026-10-09T15:13:20.1998351Z ##[group]Getting Git version info
2026-10-09T15:13:20.2000161Z Working directory is '/home/runner/work/pskernel/pskernel'
2026-10-09T15:13:20.2002710Z [command]/usr/bin/git version
2026-10-09T15:13:20.2977708Z git version 2.55.0
2026-10-09T15:13:20.3001123Z ##[endgroup]
2026-10-09T15:13:20.3018835Z Temporarily overriding HOME='/home/runner/work/_temp/0b621886-c03f-4935-8c16-31f5dc5dcf1b' before making global git config changes
2026-10-09T15:13:20.3023279Z Adding repository directory to the temporary git global config as a safe directory
2026-10-09T15:13:20.3027092Z [command]/usr/bin/git config --global --add safe.directory /home/runner/work/pskernel/pskernel
2026-10-09T15:13:20.3257622Z Deleting the contents of '/home/runner/work/pskernel/pskernel'
2026-10-09T15:13:20.3262384Z ##[group]Initializing the repository
2026-10-09T15:13:20.3267830Z [command]/usr/bin/git init /home/runner/work/pskernel/pskernel
2026-10-09T15:13:20.3674862Z hint: Using 'master' as the name for the initial branch. This default branch name
2026-10-09T15:13:20.3679191Z hint: will change to "main" in Git 3.0. To configure the initial branch name
2026-10-09T15:13:20.3682183Z hint: to use in all of your new repositories, which will suppress this warning,
2026-10-09T15:13:20.3684416Z hint: call:
2026-10-09T15:13:20.3685263Z hint:
2026-10-09T15:13:20.3686733Z hint: 	git config --global init.defaultBranch <name>
2026-10-09T15:13:20.3688425Z hint:
2026-10-09T15:13:20.3689972Z hint: Names commonly chosen instead of 'master' are 'main', 'trunk' and
2026-10-09T15:13:20.3692777Z hint: 'development'. The just-created branch can be renamed via this command:
2026-10-09T15:13:20.3694815Z hint:
2026-10-09T15:13:20.3695630Z hint: 	git branch -m <name>
2026-10-09T15:13:20.3696906Z hint:
2026-10-09T15:13:20.3698454Z hint: Disable this message with "git config set advice.defaultBranchName false"
2026-10-09T15:13:20.3701009Z Initialized empty Git repository in /home/runner/work/pskernel/pskernel/.git/
2026-10-09T15:13:20.3703651Z [command]/usr/bin/git remote add origin https://github.com/dwijayuda/pskernel
2026-10-09T15:13:20.3925497Z ##[endgroup]
2026-10-09T15:13:20.3928194Z ##[group]Disabling automatic garbage collection
2026-10-09T15:13:20.3930802Z [command]/usr/bin/git config --local gc.auto 0
2026-10-09T15:13:20.3963457Z ##[endgroup]
2026-10-09T15:13:20.3964401Z ##[group]Setting up auth
2026-10-09T15:13:20.3969928Z [command]/usr/bin/git config --local --name-only --get-regexp core\.sshCommand
2026-10-09T15:13:20.4005379Z [command]/usr/bin/git submodule foreach --recursive sh -c "git config --local --name-only --get-regexp 'core\.sshCommand' && git config --local --unset-all 'core.sshCommand' || :"
2026-10-09T15:13:20.5660832Z [command]/usr/bin/git config --local --name-only --get-regexp http\.https\:\/\/github\.com\/\.extraheader
2026-10-09T15:13:20.5697664Z [command]/usr/bin/git submodule foreach --recursive sh -c "git config --local --name-only --get-regexp 'http\.https\:\/\/github\.com\/\.extraheader' && git config --local --unset-all 'http.https://github.com/.extraheader' || :"
2026-10-09T15:13:20.5922231Z [command]/usr/bin/git config --local --name-only --get-regexp ^includeIf\.gitdir:
2026-10-09T15:13:20.5957544Z [command]/usr/bin/git submodule foreach --recursive git config --local --show-origin --name-only --get-regexp remote.origin.url
2026-10-09T15:13:20.6180321Z [command]/usr/bin/git config --local http.https://github.com/.extraheader AUTHORIZATION: basic ***
2026-10-09T15:13:20.6221090Z ##[endgroup]
2026-10-09T15:13:20.6221792Z ##[group]Fetching the repository
2026-10-09T15:13:20.6230876Z [command]/usr/bin/git -c protocol.version=2 fetch --no-tags --prune --no-recurse-submodules --depth=1 origin 3fce771a3607341ce0c9dfc1f1fa3974e2f0dbab
2026-10-09T15:13:32.1852333Z From https://github.com/dwijayuda/pskernel
2026-10-09T15:13:32.1853534Z  * branch              3fce771a3607341ce0c9dfc1f1fa3974e2f0dbab -> FETCH_HEAD
2026-10-09T15:13:32.1859697Z ##[endgroup]
2026-10-09T15:13:32.1860558Z ##[group]Determining the checkout info
2026-10-09T15:13:32.1862549Z ##[endgroup]
2026-10-09T15:13:32.1870421Z [command]/usr/bin/git sparse-checkout disable
2026-10-09T15:13:32.2040254Z [command]/usr/bin/git config --local --unset-all extensions.worktreeConfig
2026-10-09T15:13:32.2080568Z ##[group]Checking out the ref
2026-10-09T15:13:32.2087661Z [command]/usr/bin/git checkout --progress --force 3fce771a3607341ce0c9dfc1f1fa3974e2f0dbab
2026-10-09T15:13:33.9550560Z Updating files:   6% (1294/20578)
2026-10-09T15:13:33.9657008Z Updating files:   7% (1441/20578)
2026-10-09T15:13:33.9863141Z Updating files:   8% (1647/20578)
2026-10-09T15:13:34.0053419Z Updating files:   9% (1853/20578)
2026-10-09T15:13:34.0357696Z Updating files:  10% (2058/20578)
2026-10-09T15:13:34.0474970Z Updating files:  11% (2264/20578)
2026-10-09T15:13:34.3544256Z Updating files:  12% (2470/20578)
2026-10-09T15:13:35.2824021Z Updating files:  12% (2628/20578)
2026-10-09T15:13:35.5805570Z Updating files:  12% (2631/20578)
2026-10-09T15:13:35.5924659Z Updating files:  13% (2676/20578)
2026-10-09T15:13:35.6012028Z Updating files:  14% (2881/20578)
2026-10-09T15:13:35.6130085Z Updating files:  15% (3087/20578)
2026-10-09T15:13:35.6292629Z Updating files:  16% (3293/20578)
2026-10-09T15:13:35.6418462Z Updating files:  17% (3499/20578)
2026-10-09T15:13:35.6550377Z Updating files:  18% (3705/20578)
2026-10-09T15:13:35.6852838Z Updating files:  19% (3910/20578)
2026-10-09T15:13:35.7099279Z Updating files:  20% (4116/20578)
2026-10-09T15:13:35.7216692Z Updating files:  21% (4322/20578)
2026-10-09T15:13:36.3380055Z Updating files:  22% (4528/20578)
2026-10-09T15:13:37.2539432Z Updating files:  22% (4699/20578)
2026-10-09T15:13:37.2554634Z Updating files:  22% (4702/20578)
2026-10-09T15:13:37.2675589Z Updating files:  23% (4733/20578)
2026-10-09T15:13:37.2762674Z Updating files:  24% (4939/20578)
2026-10-09T15:13:37.2870652Z Updating files:  25% (5145/20578)
2026-10-09T15:13:37.2985422Z Updating files:  26% (5351/20578)
2026-10-09T15:13:37.3093087Z Updating files:  27% (5557/20578)
2026-10-09T15:13:37.3810540Z Updating files:  28% (5762/20578)
2026-10-09T15:13:37.4083462Z Updating files:  29% (5968/20578)
2026-10-09T15:13:37.4223191Z Updating files:  30% (6174/20578)
2026-10-09T15:13:37.4387999Z Updating files:  31% (6380/20578)
2026-10-09T15:13:37.4575504Z Updating files:  32% (6585/20578)
2026-10-09T15:13:37.4734898Z Updating files:  33% (6791/20578)
2026-10-09T15:13:37.4880081Z Updating files:  34% (6997/20578)
2026-10-09T15:13:37.5040999Z Updating files:  35% (7203/20578)
2026-10-09T15:13:37.5202418Z Updating files:  36% (7409/20578)
2026-10-09T15:13:37.5332872Z Updating files:  37% (7614/20578)
2026-10-09T15:13:37.5473226Z Updating files:  38% (7820/20578)
2026-10-09T15:13:37.5650680Z Updating files:  39% (8026/20578)
2026-10-09T15:13:37.5847870Z Updating files:  40% (8232/20578)
2026-10-09T15:13:37.5980677Z Updating files:  41% (8437/20578)
2026-10-09T15:13:37.6115208Z Updating files:  42% (8643/20578)
2026-10-09T15:13:37.6219081Z Updating files:  43% (8849/20578)
2026-10-09T15:13:37.6344213Z Updating files:  44% (9055/20578)
2026-10-09T15:13:37.7581705Z Updating files:  45% (9261/20578)
2026-10-09T15:13:37.8059115Z Updating files:  46% (9466/20578)
2026-10-09T15:13:37.8831213Z Updating files:  47% (9672/20578)
2026-10-09T15:13:38.0325192Z Updating files:  48% (9878/20578)
2026-10-09T15:13:38.2290979Z Updating files:  49% (10084/20578)
2026-10-09T15:13:38.2317667Z Updating files:  50% (10289/20578)
2026-10-09T15:13:38.5475279Z Updating files:  50% (10291/20578)
2026-10-09T15:13:38.7651928Z Updating files:  51% (10495/20578)
2026-10-09T15:13:39.0099306Z Updating files:  52% (10701/20578)
2026-10-09T15:13:39.2363005Z Updating files:  53% (10907/20578)
2026-10-09T15:13:39.2414684Z Updating files:  53% (11109/20578)
2026-10-09T15:13:39.5082313Z Updating files:  54% (11113/20578)
2026-10-09T15:13:39.6050539Z Updating files:  55% (11318/20578)
2026-10-09T15:13:39.6975148Z Updating files:  56% (11524/20578)
2026-10-09T15:13:39.7331518Z Updating files:  57% (11730/20578)
2026-10-09T15:13:39.7405625Z Updating files:  58% (11936/20578)
2026-10-09T15:13:39.7478384Z Updating files:  59% (12142/20578)
2026-10-09T15:13:39.7554895Z Updating files:  60% (12347/20578)
2026-10-09T15:13:39.7632424Z Updating files:  61% (12553/20578)
2026-10-09T15:13:39.7721775Z Updating files:  62% (12759/20578)
2026-10-09T15:13:39.7813048Z Updating files:  63% (12965/20578)
2026-10-09T15:13:39.7906063Z Updating files:  64% (13170/20578)
2026-10-09T15:13:39.8009760Z Updating files:  65% (13376/20578)
2026-10-09T15:13:39.8108057Z Updating files:  66% (13582/20578)
2026-10-09T15:13:39.8202171Z Updating files:  67% (13788/20578)
2026-10-09T15:13:39.8293231Z Updating files:  68% (13994/20578)
2026-10-09T15:13:39.8386092Z Updating files:  69% (14199/20578)
2026-10-09T15:13:39.8479196Z Updating files:  70% (14405/20578)
2026-10-09T15:13:39.8575189Z Updating files:  71% (14611/20578)
2026-10-09T15:13:39.8666122Z Updating files:  72% (14817/20578)
2026-10-09T15:13:39.8756080Z Updating files:  73% (15022/20578)
2026-10-09T15:13:39.8871938Z Updating files:  74% (15228/20578)
2026-10-09T15:13:39.8963551Z Updating files:  75% (15434/20578)
2026-10-09T15:13:39.9051895Z Updating files:  76% (15640/20578)
2026-10-09T15:13:39.9141271Z Updating files:  77% (15846/20578)
2026-10-09T15:13:39.9238054Z Updating files:  78% (16051/20578)
2026-10-09T15:13:39.9330528Z Updating files:  79% (16257/20578)
2026-10-09T15:13:39.9455450Z Updating files:  80% (16463/20578)
2026-10-09T15:13:39.9528836Z Updating files:  81% (16669/20578)
2026-10-09T15:13:39.9610179Z Updating files:  82% (16874/20578)
2026-10-09T15:13:39.9691702Z Updating files:  83% (17080/20578)
2026-10-09T15:13:39.9780177Z Updating files:  84% (17286/20578)
2026-10-09T15:13:39.9864255Z Updating files:  85% (17492/20578)
2026-10-09T15:13:39.9943037Z Updating files:  86% (17698/20578)
2026-10-09T15:13:40.0000332Z Updating files:  87% (17903/20578)
2026-10-09T15:13:40.0060558Z Updating files:  88% (18109/20578)
2026-10-09T15:13:40.0133716Z Updating files:  89% (18315/20578)
2026-10-09T15:13:40.0470509Z Updating files:  90% (18521/20578)
2026-10-09T15:13:40.0574994Z Updating files:  91% (18726/20578)
2026-10-09T15:13:40.0662937Z Updating files:  92% (18932/20578)
2026-10-09T15:13:40.0748456Z Updating files:  93% (19138/20578)
2026-10-09T15:13:40.2154066Z Updating files:  94% (19344/20578)
2026-10-09T15:13:40.2317334Z Updating files:  95% (19550/20578)
2026-10-09T15:13:40.3012666Z Updating files:  95% (19596/20578)
2026-10-09T15:13:40.3571250Z Updating files:  96% (19755/20578)
2026-10-09T15:13:40.3867000Z Updating files:  97% (19961/20578)
2026-10-09T15:13:40.4462102Z Updating files:  98% (20167/20578)
2026-10-09T15:13:40.4891082Z Updating files:  99% (20373/20578)
2026-10-09T15:13:40.4891941Z Updating files: 100% (20578/20578)
2026-10-09T15:13:40.4892389Z Updating files: 100% (20578/20578), done.
2026-10-09T15:13:40.5089489Z Note: switching to '3fce771a3607341ce0c9dfc1f1fa3974e2f0dbab'.
2026-10-09T15:13:40.5090001Z 
2026-10-09T15:13:40.5090319Z You are in 'detached HEAD' state. You can look around, make experimental
2026-10-09T15:13:40.5091440Z changes and commit them, and you can discard any commits you make in this
2026-10-09T15:13:40.5092220Z state without impacting any branches by switching back to a branch.
2026-10-09T15:13:40.5092698Z 
2026-10-09T15:13:40.5093011Z If you want to create a new branch to retain commits you create, you may
2026-10-09T15:13:40.5093762Z do so (now or later) by using -c with the switch command. Example:
2026-10-09T15:13:40.5094190Z 
2026-10-09T15:13:40.5094363Z   git switch -c <new-branch-name>
2026-10-09T15:13:40.5094644Z 
2026-10-09T15:13:40.5094807Z Or undo this operation with:
2026-10-09T15:13:40.5095071Z 
2026-10-09T15:13:40.5095205Z   git switch -
2026-10-09T15:13:40.5095406Z 
2026-10-09T15:13:40.5096027Z Turn off this advice by setting config variable advice.detachedHead to false
2026-10-09T15:13:40.5096559Z 
2026-10-09T15:13:40.5097145Z HEAD is now at 3fce771a Accept valid TypeScript 7 map footer endings and retain the actual npm lock [root-ts7-qualify]
2026-10-09T15:13:40.5206961Z ##[endgroup]
2026-10-09T15:13:40.5258021Z [command]/usr/bin/git log -1 --format=%H
2026-10-09T15:13:40.5285219Z 3fce771a3607341ce0c9dfc1f1fa3974e2f0dbab
2026-10-09T15:13:40.6054939Z ##[group]Run actions/setup-node@v4
2026-10-09T15:13:40.6055224Z with:
2026-10-09T15:13:40.6055480Z   node-version: 22.23.3
2026-10-09T15:13:40.6055696Z   always-auth: false
2026-10-09T15:13:40.6056128Z   check-latest: false
2026-10-09T15:13:40.6058623Z   token: ***
2026-10-09T15:13:40.6058825Z ##[endgroup]
2026-10-09T15:13:40.8420214Z Found in cache @ /opt/hostedtoolcache/node/22.23.3/x64
2026-10-09T15:13:40.8426970Z (node:2419) [DEP0040] DeprecationWarning: The `punycode` module is deprecated. Please use a userland alternative instead.
2026-10-09T15:13:40.8428006Z (Use `node --trace-deprecation ...` to show where the warning was created)
2026-10-09T15:13:40.8431141Z ##[group]Environment details
2026-10-09T15:13:43.3421474Z node: v22.23.3
2026-10-09T15:13:43.3421885Z npm: 10.9.9
2026-10-09T15:13:43.3422544Z yarn: 1.22.22
2026-10-09T15:13:43.3424024Z ##[endgroup]
2026-10-09T15:13:43.3559557Z ##[group]Run node scripts/root-typescript7-qualify.mjs
2026-10-09T15:13:43.3560043Z [36;1mnode scripts/root-typescript7-qualify.mjs[0m
2026-10-09T15:13:43.4616447Z shell: /usr/bin/bash -e {0}
2026-10-09T15:13:43.4616772Z ##[endgroup]
2026-10-09T15:13:43.6312450Z PS_ROOT_TS7_EVIDENCE_FILE_MANIFEST {"path":"dist/typescript7-root/package-lock.json","sha256":"69c5e49b040ff3d45909e15cf1e2123af39fa223b00a7241b533c022a49e33e1","bytes":21592,"chunkCount":22}
2026-10-09T15:13:43.6320657Z PS_ROOT_TS7_EVIDENCE_FILE_CHUNK {"path":"dist/typescript7-root/package-lock.json","sha256":"69c5e49b040ff3d45909e15cf1e2123af39fa223b00a7241b533c022a49e33e1","bytes":21592,"chunkIndex":0,"chunkCount":22,"content":"{\n  \"name\": \"lean-ts-kernel\",\n  \"version\": \"0.1.0\",\n  \"lockfileVersion\": 3,\n  \"requires\": true,\n  \"packages\": {\n    \"\": {\n      \"name\": \"lean-ts-kernel\",\n      \"version\": \"0.1.0\",\n      \"workspaces\": [\n        \"packages/*\"\n      ],\n      \"devDependencies\": {\n        \"@types/node\": \"22.15.3\",\n        \"typescript\": \"7.0.2\"\n      }\n    },\n    \"node_modules/@proofscript/backend-ts\": {\n      \"resolved\": \"packages/backend-ts\",\n      \"link\": true\n    },\n    \"node_modules/@proofscript/browser\": {\n      \"resolved\": \"packages/browser\",\n      \"link\": true\n    },\n    \"node_modules/@proofscript/checked-core\": {\n      \"resolved\": \"packages/checked-core\",\n      \"link\": true\n    },\n    \"node_modules/@proofscript/compiler\": {\n      \"resolved\": \"packages/compiler\",\n      \"link\": true\n    },\n    \"node_modules/@proofscript/compiler-ir\": {\n      \"resolved\": \"packages/compiler-ir\",\n      \"link\": true\n    },\n    \"node_modules/@proofscript/conformance\": {\n      \"resolved\": \"packages/conformance\",\n      \"link\": true\n    },\n    \"node_"}
2026-10-09T15:13:43.6332450Z PS_ROOT_TS7_EVIDENCE_FILE_CHUNK {"path":"dist/typescript7-root/package-lock.json","sha256":"69c5e49b040ff3d45909e15cf1e2123af39fa223b00a7241b533c022a49e33e1","bytes":21592,"chunkIndex":1,"chunkCount":22,"content":"modules/@proofscript/elab\": {\n      \"resolved\": \"packages/elab\",\n      \"link\": true\n    },\n    \"node_modules/@proofscript/environment\": {\n      \"resolved\": \"packages/environment\",\n      \"link\": true\n    },\n    \"node_modules/@proofscript/erasure\": {\n      \"resolved\": \"packages/erasure\",\n      \"link\": true\n    },\n    \"node_modules/@proofscript/language-service\": {\n      \"resolved\": \"packages/language-service\",\n      \"link\": true\n    },\n    \"node_modules/@proofscript/lean4export\": {\n      \"resolved\": \"packages/lean4export\",\n      \"link\": true\n    },\n    \"node_modules/@proofscript/lsp\": {\n      \"resolved\": \"packages/lsp\",\n      \"link\": true\n    },\n    \"node_modules/@proofscript/meta\": {\n      \"resolved\": \"packages/meta\",\n      \"link\": true\n    },\n    \"node_modules/@proofscript/module\": {\n      \"resolved\": \"packages/module\",\n      \"link\": true\n    },\n    \"node_modules/@proofscript/pretty\": {\n      \"resolved\": \"packages/pretty\",\n      \"link\": true\n    },\n    \"node_modules/@proofscript/project\": {\n      \"resolved\": "}
2026-10-09T15:13:43.6342442Z PS_ROOT_TS7_EVIDENCE_FILE_CHUNK {"path":"dist/typescript7-root/package-lock.json","sha256":"69c5e49b040ff3d45909e15cf1e2123af39fa223b00a7241b533c022a49e33e1","bytes":21592,"chunkIndex":2,"chunkCount":22,"content":"\"packages/project\",\n      \"link\": true\n    },\n    \"node_modules/@proofscript/runtime\": {\n      \"resolved\": \"packages/runtime\",\n      \"link\": true\n    },\n    \"node_modules/@proofscript/syntax\": {\n      \"resolved\": \"packages/syntax\",\n      \"link\": true\n    },\n    \"node_modules/@proofscript/tactic\": {\n      \"resolved\": \"packages/tactic\",\n      \"link\": true\n    },\n    \"node_modules/@types/node\": {\n      \"version\": \"22.15.3\",\n      \"resolved\": \"https://registry.npmjs.org/@types/node/-/node-22.15.3.tgz\",\n      \"integrity\": \"sha512-lX7HFZeHf4QG/J7tBZqrCAXwz9J5RD56Y6MpP0eJkka8p+K0RY/yBTW7CYFJ4VGCclxqOLKmiGP5juQc6MKgcw==\",\n      \"dev\": true,\n      \"license\": \"MIT\",\n      \"dependencies\": {\n        \"undici-types\": \"~6.21.0\"\n      }\n    },\n    \"node_modules/@typescript/typescript-aix-ppc64\": {\n      \"version\": \"7.0.2\",\n      \"resolved\": \"https://registry.npmjs.org/@typescript/typescript-aix-ppc64/-/typescript-aix-ppc64-7.0.2.tgz\",\n      \"integrity\": \"sha512-MTKKkWB7p/0E9xi1d1tHtZ5PiLkGEMIq88pK2CubZjOsLtYTLqhgIgi6zepFa+9G"}
2026-10-09T15:13:43.6352207Z PS_ROOT_TS7_EVIDENCE_FILE_CHUNK {"path":"dist/typescript7-root/package-lock.json","sha256":"69c5e49b040ff3d45909e15cf1e2123af39fa223b00a7241b533c022a49e33e1","bytes":21592,"chunkIndex":3,"chunkCount":22,"content":"HZ6h05NMCkQxGKiPXMxXtQ==\",\n      \"cpu\": [\n        \"ppc64\"\n      ],\n      \"license\": \"Apache-2.0\",\n      \"optional\": true,\n      \"os\": [\n        \"aix\"\n      ],\n      \"engines\": {\n        \"node\": \">=16.20.0\"\n      }\n    },\n    \"node_modules/@typescript/typescript-darwin-arm64\": {\n      \"version\": \"7.0.2\",\n      \"resolved\": \"https://registry.npmjs.org/@typescript/typescript-darwin-arm64/-/typescript-darwin-arm64-7.0.2.tgz\",\n      \"integrity\": \"sha512-gowzar9MwS/aRWp6f3a4KUqzRjAZjOsmGNCM6LcTgXum+dBfgsBVMN+AgvOCCbguXyick6LJhpBszxMebJ8syA==\",\n      \"cpu\": [\n        \"arm64\"\n      ],\n      \"license\": \"Apache-2.0\",\n      \"optional\": true,\n      \"os\": [\n        \"darwin\"\n      ],\n      \"engines\": {\n        \"node\": \">=16.20.0\"\n      }\n    },\n    \"node_modules/@typescript/typescript-darwin-x64\": {\n      \"version\": \"7.0.2\",\n      \"resolved\": \"https://registry.npmjs.org/@typescript/typescript-darwin-x64/-/typescript-darwin-x64-7.0.2.tgz\",\n      \"integrity\": \"sha512-SZ9xZInqApNlNGc9s0W1VSsktYSOe9cFqNOIqmN1Gs8SmkjKZYFt017G4Vw"}
2026-10-09T15:13:43.6361681Z PS_ROOT_TS7_EVIDENCE_FILE_CHUNK {"path":"dist/typescript7-root/package-lock.json","sha256":"69c5e49b040ff3d45909e15cf1e2123af39fa223b00a7241b533c022a49e33e1","bytes":21592,"chunkIndex":4,"chunkCount":22,"content":"PxASInODuAdbTW7sXiFUf893RgA==\",\n      \"cpu\": [\n        \"x64\"\n      ],\n      \"license\": \"Apache-2.0\",\n      \"optional\": true,\n      \"os\": [\n        \"darwin\"\n      ],\n      \"engines\": {\n        \"node\": \">=16.20.0\"\n      }\n    },\n    \"node_modules/@typescript/typescript-freebsd-arm64\": {\n      \"version\": \"7.0.2\",\n      \"resolved\": \"https://registry.npmjs.org/@typescript/typescript-freebsd-arm64/-/typescript-freebsd-arm64-7.0.2.tgz\",\n      \"integrity\": \"sha512-W5NH4y/J0plIIS5b2xvTEkU7JFxyqdMAOgf+Ilhl0vHQXKO5dZoxd+C/jEtq56c4F3wk71RB4BMRQ2XdI+bwYQ==\",\n      \"cpu\": [\n        \"arm64\"\n      ],\n      \"license\": \"Apache-2.0\",\n      \"optional\": true,\n      \"os\": [\n        \"freebsd\"\n      ],\n      \"engines\": {\n        \"node\": \">=16.20.0\"\n      }\n    },\n    \"node_modules/@typescript/typescript-freebsd-x64\": {\n      \"version\": \"7.0.2\",\n      \"resolved\": \"https://registry.npmjs.org/@typescript/typescript-freebsd-x64/-/typescript-freebsd-x64-7.0.2.tgz\",\n      \"integrity\": \"sha512-UMGDx5sTpzNw3WiPebH7l90IWfJggEd+egHt/q6p7/Cm3z"}
2026-10-09T15:13:43.6371218Z PS_ROOT_TS7_EVIDENCE_FILE_CHUNK {"path":"dist/typescript7-root/package-lock.json","sha256":"69c5e49b040ff3d45909e15cf1e2123af39fa223b00a7241b533c022a49e33e1","bytes":21592,"chunkIndex":5,"chunkCount":22,"content":"qoV7VxkGXt+3DxPIw8CcmvAB0j3sVVfbhX+M4Tpw==\",\n      \"cpu\": [\n        \"x64\"\n      ],\n      \"license\": \"Apache-2.0\",\n      \"optional\": true,\n      \"os\": [\n        \"freebsd\"\n      ],\n      \"engines\": {\n        \"node\": \">=16.20.0\"\n      }\n    },\n    \"node_modules/@typescript/typescript-linux-arm\": {\n      \"version\": \"7.0.2\",\n      \"resolved\": \"https://registry.npmjs.org/@typescript/typescript-linux-arm/-/typescript-linux-arm-7.0.2.tgz\",\n      \"integrity\": \"sha512-gffT3xPz9sR7j/YJExkyPntrI0P2EP9XbOyWzth2/Gs0RstK+90RBcO0ncXoXy/beYll1SXw846Nf2zdnEz0QQ==\",\n      \"cpu\": [\n        \"arm\"\n      ],\n      \"license\": \"Apache-2.0\",\n      \"optional\": true,\n      \"os\": [\n        \"linux\"\n      ],\n      \"engines\": {\n        \"node\": \">=16.20.0\"\n      }\n    },\n    \"node_modules/@typescript/typescript-linux-arm64\": {\n      \"version\": \"7.0.2\",\n      \"resolved\": \"https://registry.npmjs.org/@typescript/typescript-linux-arm64/-/typescript-linux-arm64-7.0.2.tgz\",\n      \"integrity\": \"sha512-Qh4eU4/y3yDjnfjjyPYihMj5/ODIlmt+Bzu17OI+fiSRDW57"}
2026-10-09T15:13:43.6380957Z PS_ROOT_TS7_EVIDENCE_FILE_CHUNK {"path":"dist/typescript7-root/package-lock.json","sha256":"69c5e49b040ff3d45909e15cf1e2123af39fa223b00a7241b533c022a49e33e1","bytes":21592,"chunkIndex":6,"chunkCount":22,"content":"QmU5SiN63exPRNJPKUzcc1INa1NXdrJ+MqHjUQ==\",\n      \"cpu\": [\n        \"arm64\"\n      ],\n      \"license\": \"Apache-2.0\",\n      \"optional\": true,\n      \"os\": [\n        \"linux\"\n      ],\n      \"engines\": {\n        \"node\": \">=16.20.0\"\n      }\n    },\n    \"node_modules/@typescript/typescript-linux-loong64\": {\n      \"version\": \"7.0.2\",\n      \"resolved\": \"https://registry.npmjs.org/@typescript/typescript-linux-loong64/-/typescript-linux-loong64-7.0.2.tgz\",\n      \"integrity\": \"sha512-uEHck9i8hoAzXPiYRib1O7miOnz23SxIeVl6F4LXox+qov1K35jHcEW6VHKvZI+pyvl7fZEP4MCU5LYvIq1GuQ==\",\n      \"cpu\": [\n        \"loong64\"\n      ],\n      \"license\": \"Apache-2.0\",\n      \"optional\": true,\n      \"os\": [\n        \"linux\"\n      ],\n      \"engines\": {\n        \"node\": \">=16.20.0\"\n      }\n    },\n    \"node_modules/@typescript/typescript-linux-mips64el\": {\n      \"version\": \"7.0.2\",\n      \"resolved\": \"https://registry.npmjs.org/@typescript/typescript-linux-mips64el/-/typescript-linux-mips64el-7.0.2.tgz\",\n      \"integrity\": \"sha512-R4KvAMnE43W5Qeqb0Ly56O3mW"}
2026-10-09T15:13:43.6390627Z PS_ROOT_TS7_EVIDENCE_FILE_CHUNK {"path":"dist/typescript7-root/package-lock.json","sha256":"69c5e49b040ff3d45909e15cf1e2123af39fa223b00a7241b533c022a49e33e1","bytes":21592,"chunkIndex":7,"chunkCount":22,"content":"MWIAgsMyz36DCaycd5nbg/9kzm0liw3JocfRqyJY0KPmzFjbswozXyW0DnIYA==\",\n      \"cpu\": [\n        \"mips64el\"\n      ],\n      \"license\": \"Apache-2.0\",\n      \"optional\": true,\n      \"os\": [\n        \"linux\"\n      ],\n      \"engines\": {\n        \"node\": \">=16.20.0\"\n      }\n    },\n    \"node_modules/@typescript/typescript-linux-ppc64\": {\n      \"version\": \"7.0.2\",\n      \"resolved\": \"https://registry.npmjs.org/@typescript/typescript-linux-ppc64/-/typescript-linux-ppc64-7.0.2.tgz\",\n      \"integrity\": \"sha512-DORx5b3sd/4S7eayxm4FQv+A7CrkUIGRaHiwI8oiHTAI1fAPWhF4J0vAlkC8biAlHSVVwxMQ3tjZ2/DVbnQiiA==\",\n      \"cpu\": [\n        \"ppc64\"\n      ],\n      \"license\": \"Apache-2.0\",\n      \"optional\": true,\n      \"os\": [\n        \"linux\"\n      ],\n      \"engines\": {\n        \"node\": \">=16.20.0\"\n      }\n    },\n    \"node_modules/@typescript/typescript-linux-riscv64\": {\n      \"version\": \"7.0.2\",\n      \"resolved\": \"https://registry.npmjs.org/@typescript/typescript-linux-riscv64/-/typescript-linux-riscv64-7.0.2.tgz\",\n      \"integrity\": \"sha512-wf0jqEDOjr"}
2026-10-09T15:13:43.6400947Z PS_ROOT_TS7_EVIDENCE_FILE_CHUNK {"path":"dist/typescript7-root/package-lock.json","sha256":"69c5e49b040ff3d45909e15cf1e2123af39fa223b00a7241b533c022a49e33e1","bytes":21592,"chunkIndex":8,"chunkCount":22,"content":"PRnKwYRyyJDRo11KMbvMFrU+q4zqKyChODBzvlkbhNQfKvLxQCcwTpdDaXSHZTVuh0JoCrKCUMHQ==\",\n      \"cpu\": [\n        \"riscv64\"\n      ],\n      \"license\": \"Apache-2.0\",\n      \"optional\": true,\n      \"os\": [\n        \"linux\"\n      ],\n      \"engines\": {\n        \"node\": \">=16.20.0\"\n      }\n    },\n    \"node_modules/@typescript/typescript-linux-s390x\": {\n      \"version\": \"7.0.2\",\n      \"resolved\": \"https://registry.npmjs.org/@typescript/typescript-linux-s390x/-/typescript-linux-s390x-7.0.2.tgz\",\n      \"integrity\": \"sha512-IkwJc3L7yhytWd/ewjyxNDfOmswCm9GWMJT/ue/dU4aZNbwZeYAetq42VyLmsmSjvoX7z74X6ZaYCtzAr0EuGw==\",\n      \"cpu\": [\n        \"s390x\"\n      ],\n      \"license\": \"Apache-2.0\",\n      \"optional\": true,\n      \"os\": [\n        \"linux\"\n      ],\n      \"engines\": {\n        \"node\": \">=16.20.0\"\n      }\n    },\n    \"node_modules/@typescript/typescript-linux-x64\": {\n      \"version\": \"7.0.2\",\n      \"resolved\": \"https://registry.npmjs.org/@typescript/typescript-linux-x64/-/typescript-linux-x64-7.0.2.tgz\",\n      \"integrity\": \"sha512-EYdf2cNg"}
2026-10-09T15:13:43.6412185Z PS_ROOT_TS7_EVIDENCE_FILE_CHUNK {"path":"dist/typescript7-root/package-lock.json","sha256":"69c5e49b040ff3d45909e15cf1e2123af39fa223b00a7241b533c022a49e33e1","bytes":21592,"chunkIndex":9,"chunkCount":22,"content":"7rgCWJnxCdJ+F3V39O8ihb37eHAu1LK8oAFizgTQbPOK7zHHXbPt8rX24COqODXeI3sIf0fCXG7H/A==\",\n      \"cpu\": [\n        \"x64\"\n      ],\n      \"license\": \"Apache-2.0\",\n      \"optional\": true,\n      \"os\": [\n        \"linux\"\n      ],\n      \"engines\": {\n        \"node\": \">=16.20.0\"\n      }\n    },\n    \"node_modules/@typescript/typescript-netbsd-arm64\": {\n      \"version\": \"7.0.2\",\n      \"resolved\": \"https://registry.npmjs.org/@typescript/typescript-netbsd-arm64/-/typescript-netbsd-arm64-7.0.2.tgz\",\n      \"integrity\": \"sha512-+polYF4MF04aPpO5FTkHran9yUQDSXqy5GiSDKpsll5jy3l3+g9QLhpf39T+ePtefhXLOGrLl0QIjkQP6VnelA==\",\n      \"cpu\": [\n        \"arm64\"\n      ],\n      \"license\": \"Apache-2.0\",\n      \"optional\": true,\n      \"os\": [\n        \"netbsd\"\n      ],\n      \"engines\": {\n        \"node\": \">=16.20.0\"\n      }\n    },\n    \"node_modules/@typescript/typescript-netbsd-x64\": {\n      \"version\": \"7.0.2\",\n      \"resolved\": \"https://registry.npmjs.org/@typescript/typescript-netbsd-x64/-/typescript-netbsd-x64-7.0.2.tgz\",\n      \"integrity\": \"sha512-8YI"}
2026-10-09T15:13:43.6423323Z PS_ROOT_TS7_EVIDENCE_FILE_CHUNK {"path":"dist/typescript7-root/package-lock.json","sha256":"69c5e49b040ff3d45909e15cf1e2123af39fa223b00a7241b533c022a49e33e1","bytes":21592,"chunkIndex":10,"chunkCount":22,"content":"T0EHM/3dq10ZOVF/A7pc/YSMtbcecct4rWtexrnSCHOPcpC2KTLXfTCR6vDpnSiY12heNb1GiN/wu+T/FyA==\",\n      \"cpu\": [\n        \"x64\"\n      ],\n      \"license\": \"Apache-2.0\",\n      \"optional\": true,\n      \"os\": [\n        \"netbsd\"\n      ],\n      \"engines\": {\n        \"node\": \">=16.20.0\"\n      }\n    },\n    \"node_modules/@typescript/typescript-openbsd-arm64\": {\n      \"version\": \"7.0.2\",\n      \"resolved\": \"https://registry.npmjs.org/@typescript/typescript-openbsd-arm64/-/typescript-openbsd-arm64-7.0.2.tgz\",\n      \"integrity\": \"sha512-APT8+ClYnuYm1u9+kgGXoMj2VzWzcymwh2gNSQVySHfkRDGOTVkoWLjCmOQSaO+PoqQ57B0flRp9SA+7GnnkzQ==\",\n      \"cpu\": [\n        \"arm64\"\n      ],\n      \"license\": \"Apache-2.0\",\n      \"optional\": true,\n      \"os\": [\n        \"openbsd\"\n      ],\n      \"engines\": {\n        \"node\": \">=16.20.0\"\n      }\n    },\n    \"node_modules/@typescript/typescript-openbsd-x64\": {\n      \"version\": \"7.0.2\",\n      \"resolved\": \"https://registry.npmjs.org/@typescript/typescript-openbsd-x64/-/typescript-openbsd-x64-7.0.2.tgz\",\n      \"integrity\""}
2026-10-09T15:13:43.6434402Z PS_ROOT_TS7_EVIDENCE_FILE_CHUNK {"path":"dist/typescript7-root/package-lock.json","sha256":"69c5e49b040ff3d45909e15cf1e2123af39fa223b00a7241b533c022a49e33e1","bytes":21592,"chunkIndex":11,"chunkCount":22,"content":": \"sha512-yX7s+Q0Dln0Dt9tEzZsAjXXR/+ytBM7AlglaqyeMPxQszJ1JhlJdZ6jLA+IzldHtflX81em7lDao1xXu+aRRkg==\",\n      \"cpu\": [\n        \"x64\"\n      ],\n      \"license\": \"Apache-2.0\",\n      \"optional\": true,\n      \"os\": [\n        \"openbsd\"\n      ],\n      \"engines\": {\n        \"node\": \">=16.20.0\"\n      }\n    },\n    \"node_modules/@typescript/typescript-sunos-x64\": {\n      \"version\": \"7.0.2\",\n      \"resolved\": \"https://registry.npmjs.org/@typescript/typescript-sunos-x64/-/typescript-sunos-x64-7.0.2.tgz\",\n      \"integrity\": \"sha512-dLJDGaLZ1D4HPQn62u1n8mBDkJREwMsAkCdkwd4Ieqw+x3TUyTsqY0YiBCtE6H6OzzgGk3iuZ3vFWRS+E8/d1g==\",\n      \"cpu\": [\n        \"x64\"\n      ],\n      \"license\": \"Apache-2.0\",\n      \"optional\": true,\n      \"os\": [\n        \"sunos\"\n      ],\n      \"engines\": {\n        \"node\": \">=16.20.0\"\n      }\n    },\n    \"node_modules/@typescript/typescript-win32-arm64\": {\n      \"version\": \"7.0.2\",\n      \"resolved\": \"https://registry.npmjs.org/@typescript/typescript-win32-arm64/-/typescript-win32-arm64-7.0.2.tgz\",\n      \"integrity\": "}
2026-10-09T15:13:43.6445271Z PS_ROOT_TS7_EVIDENCE_FILE_CHUNK {"path":"dist/typescript7-root/package-lock.json","sha256":"69c5e49b040ff3d45909e15cf1e2123af39fa223b00a7241b533c022a49e33e1","bytes":21592,"chunkIndex":12,"chunkCount":22,"content":"\"sha512-Gyl1Vy6OsWesLzmq+EP0Fb7b4Nid5232AvcA2SFcdYreldpNtYFFofPjnt62y9hQy7VTaZp65ICJjuAQRaVcIQ==\",\n      \"cpu\": [\n        \"arm64\"\n      ],\n      \"license\": \"Apache-2.0\",\n      \"optional\": true,\n      \"os\": [\n        \"win32\"\n      ],\n      \"engines\": {\n        \"node\": \">=16.20.0\"\n      }\n    },\n    \"node_modules/@typescript/typescript-win32-x64\": {\n      \"version\": \"7.0.2\",\n      \"resolved\": \"https://registry.npmjs.org/@typescript/typescript-win32-x64/-/typescript-win32-x64-7.0.2.tgz\",\n      \"integrity\": \"sha512-0BQ3HkAHHlKLSp1qRvf3SUhGpGsDuhB/jgFw75guyqbxJqEaS0Cw/VFO8i2nHglJUzQCRtMMR/IBAKE3ETMC4g==\",\n      \"cpu\": [\n        \"x64\"\n      ],\n      \"license\": \"Apache-2.0\",\n      \"optional\": true,\n      \"os\": [\n        \"win32\"\n      ],\n      \"engines\": {\n        \"node\": \">=16.20.0\"\n      }\n    },\n    \"node_modules/lean-ts-kernel\": {\n      \"resolved\": \"\",\n      \"link\": true\n    },\n    \"node_modules/pskernel-cli\": {\n      \"resolved\": \"packages/cli\",\n      \"link\": true\n    },\n    \"node_modules/typescript\": {\n      \"ve"}
2026-10-09T15:13:43.6456322Z PS_ROOT_TS7_EVIDENCE_FILE_CHUNK {"path":"dist/typescript7-root/package-lock.json","sha256":"69c5e49b040ff3d45909e15cf1e2123af39fa223b00a7241b533c022a49e33e1","bytes":21592,"chunkIndex":13,"chunkCount":22,"content":"rsion\": \"7.0.2\",\n      \"resolved\": \"https://registry.npmjs.org/typescript/-/typescript-7.0.2.tgz\",\n      \"integrity\": \"sha512-8FYau96o3NKOhbjKi/qNvG/W5jhzxkbdm5sj9AbZ/5T5sWqn3hJgLfGx27sRKZWTvyzCP8dLRBTf5tBTSRVUNA==\",\n      \"license\": \"Apache-2.0\",\n      \"bin\": {\n        \"tsc\": \"bin/tsc\"\n      },\n      \"engines\": {\n        \"node\": \">=16.20.0\"\n      },\n      \"optionalDependencies\": {\n        \"@typescript/typescript-aix-ppc64\": \"7.0.2\",\n        \"@typescript/typescript-darwin-arm64\": \"7.0.2\",\n        \"@typescript/typescript-darwin-x64\": \"7.0.2\",\n        \"@typescript/typescript-freebsd-arm64\": \"7.0.2\",\n        \"@typescript/typescript-freebsd-x64\": \"7.0.2\",\n        \"@typescript/typescript-linux-arm\": \"7.0.2\",\n        \"@typescript/typescript-linux-arm64\": \"7.0.2\",\n        \"@typescript/typescript-linux-loong64\": \"7.0.2\",\n        \"@typescript/typescript-linux-mips64el\": \"7.0.2\",\n        \"@typescript/typescript-linux-ppc64\": \"7.0.2\",\n        \"@typescript/typescript-linux-riscv64\": \"7.0.2\",\n        \"@typescript/typescri"}
2026-10-09T15:13:43.6466932Z PS_ROOT_TS7_EVIDENCE_FILE_CHUNK {"path":"dist/typescript7-root/package-lock.json","sha256":"69c5e49b040ff3d45909e15cf1e2123af39fa223b00a7241b533c022a49e33e1","bytes":21592,"chunkIndex":14,"chunkCount":22,"content":"pt-linux-s390x\": \"7.0.2\",\n        \"@typescript/typescript-linux-x64\": \"7.0.2\",\n        \"@typescript/typescript-netbsd-arm64\": \"7.0.2\",\n        \"@typescript/typescript-netbsd-x64\": \"7.0.2\",\n        \"@typescript/typescript-openbsd-arm64\": \"7.0.2\",\n        \"@typescript/typescript-openbsd-x64\": \"7.0.2\",\n        \"@typescript/typescript-sunos-x64\": \"7.0.2\",\n        \"@typescript/typescript-win32-arm64\": \"7.0.2\",\n        \"@typescript/typescript-win32-x64\": \"7.0.2\"\n      }\n    },\n    \"node_modules/undici-types\": {\n      \"version\": \"6.21.0\",\n      \"resolved\": \"https://registry.npmjs.org/undici-types/-/undici-types-6.21.0.tgz\",\n      \"integrity\": \"sha512-iwDZqg0QAGrg9Rav5H4n0M64c3mkR59cJ6wQp+7C4nI0gsmExaedaYLNO44eT4AtBBwjbTiGPMlt2Md0T9H9JQ==\",\n      \"dev\": true,\n      \"license\": \"MIT\"\n    },\n    \"packages/backend-ts\": {\n      \"name\": \"@proofscript/backend-ts\",\n      \"version\": \"0.0.0-dev\",\n      \"dependencies\": {\n        \"@proofscript/compiler-ir\": \"file:../compiler-ir\",\n        \"typescript\": \"7.0.2\"\n      },\n      \"dev"}
2026-10-09T15:13:43.6476775Z PS_ROOT_TS7_EVIDENCE_FILE_CHUNK {"path":"dist/typescript7-root/package-lock.json","sha256":"69c5e49b040ff3d45909e15cf1e2123af39fa223b00a7241b533c022a49e33e1","bytes":21592,"chunkIndex":15,"chunkCount":22,"content":"Dependencies\": {\n        \"@types/node\": \"22.15.3\"\n      }\n    },\n    \"packages/browser\": {\n      \"name\": \"@proofscript/browser\",\n      \"version\": \"0.0.0-dev\",\n      \"devDependencies\": {\n        \"typescript\": \"7.0.2\"\n      }\n    },\n    \"packages/checked-core\": {\n      \"name\": \"@proofscript/checked-core\",\n      \"version\": \"0.0.0-dev\",\n      \"dependencies\": {\n        \"lean-ts-kernel\": \"file:../..\"\n      },\n      \"devDependencies\": {\n        \"typescript\": \"7.0.2\"\n      }\n    },\n    \"packages/cli\": {\n      \"name\": \"pskernel-cli\",\n      \"version\": \"0.1.0\",\n      \"dependencies\": {\n        \"@proofscript/backend-ts\": \"file:../backend-ts\",\n        \"@proofscript/checked-core\": \"file:../checked-core\",\n        \"@proofscript/compiler\": \"file:../compiler\",\n        \"@proofscript/compiler-ir\": \"file:../compiler-ir\",\n        \"@proofscript/elab\": \"file:../elab\",\n        \"@proofscript/environment\": \"file:../environment\",\n        \"@proofscript/module\": \"file:../module\",\n        \"@proofscript/project\": \"file:../project\",\n        \""}
2026-10-09T15:13:43.6485885Z PS_ROOT_TS7_EVIDENCE_FILE_CHUNK {"path":"dist/typescript7-root/package-lock.json","sha256":"69c5e49b040ff3d45909e15cf1e2123af39fa223b00a7241b533c022a49e33e1","bytes":21592,"chunkIndex":16,"chunkCount":22,"content":"@proofscript/syntax\": \"file:../syntax\",\n        \"lean-ts-kernel\": \"file:../..\"\n      },\n      \"bin\": {\n        \"psc\": \"dist/bin/psc.js\",\n        \"pskernel\": \"dist/bin/pskernel.js\"\n      },\n      \"devDependencies\": {\n        \"@types/node\": \"22.15.3\",\n        \"typescript\": \"7.0.2\"\n      }\n    },\n    \"packages/compiler\": {\n      \"name\": \"@proofscript/compiler\",\n      \"version\": \"0.0.0-dev\",\n      \"dependencies\": {\n        \"@proofscript/backend-ts\": \"file:../backend-ts\",\n        \"@proofscript/checked-core\": \"file:../checked-core\",\n        \"@proofscript/compiler-ir\": \"file:../compiler-ir\",\n        \"@proofscript/erasure\": \"file:../erasure\",\n        \"lean-ts-kernel\": \"file:../..\"\n      },\n      \"devDependencies\": {\n        \"typescript\": \"7.0.2\"\n      }\n    },\n    \"packages/compiler-ir\": {\n      \"name\": \"@proofscript/compiler-ir\",\n      \"version\": \"0.0.0-dev\",\n      \"devDependencies\": {\n        \"typescript\": \"7.0.2\"\n      }\n    },\n    \"packages/conformance\": {\n      \"name\": \"@proofscript/conformance\",\n      \"version\""}
2026-10-09T15:13:43.6495216Z PS_ROOT_TS7_EVIDENCE_FILE_CHUNK {"path":"dist/typescript7-root/package-lock.json","sha256":"69c5e49b040ff3d45909e15cf1e2123af39fa223b00a7241b533c022a49e33e1","bytes":21592,"chunkIndex":17,"chunkCount":22,"content":": \"0.0.0-dev\",\n      \"dependencies\": {\n        \"lean-ts-kernel\": \"file:../..\"\n      },\n      \"bin\": {\n        \"pskernel-conformance\": \"dist/bin/pskernel-conformance.js\"\n      },\n      \"devDependencies\": {\n        \"@types/node\": \"22.15.3\",\n        \"typescript\": \"7.0.2\"\n      }\n    },\n    \"packages/elab\": {\n      \"name\": \"@proofscript/elab\",\n      \"version\": \"0.0.0-dev\",\n      \"dependencies\": {\n        \"@proofscript/checked-core\": \"file:../checked-core\",\n        \"@proofscript/meta\": \"file:../meta\",\n        \"@proofscript/syntax\": \"file:../syntax\",\n        \"@proofscript/tactic\": \"file:../tactic\",\n        \"lean-ts-kernel\": \"file:../..\"\n      },\n      \"devDependencies\": {\n        \"typescript\": \"7.0.2\"\n      }\n    },\n    \"packages/environment\": {\n      \"name\": \"@proofscript/environment\",\n      \"version\": \"0.0.0-dev\",\n      \"dependencies\": {\n        \"lean-ts-kernel\": \"file:../..\"\n      },\n      \"devDependencies\": {\n        \"@types/node\": \"22.15.3\",\n        \"typescript\": \"7.0.2\"\n      }\n    },\n    \"packages/erasure\": "}
2026-10-09T15:13:43.6504535Z PS_ROOT_TS7_EVIDENCE_FILE_CHUNK {"path":"dist/typescript7-root/package-lock.json","sha256":"69c5e49b040ff3d45909e15cf1e2123af39fa223b00a7241b533c022a49e33e1","bytes":21592,"chunkIndex":18,"chunkCount":22,"content":"{\n      \"name\": \"@proofscript/erasure\",\n      \"version\": \"0.0.0-dev\",\n      \"dependencies\": {\n        \"@proofscript/checked-core\": \"file:../checked-core\",\n        \"@proofscript/compiler-ir\": \"file:../compiler-ir\",\n        \"lean-ts-kernel\": \"file:../..\"\n      },\n      \"devDependencies\": {\n        \"typescript\": \"7.0.2\"\n      }\n    },\n    \"packages/language-service\": {\n      \"name\": \"@proofscript/language-service\",\n      \"version\": \"0.0.0-dev\",\n      \"dependencies\": {\n        \"@proofscript/checked-core\": \"file:../checked-core\",\n        \"@proofscript/elab\": \"file:../elab\",\n        \"@proofscript/project\": \"file:../project\",\n        \"@proofscript/syntax\": \"file:../syntax\",\n        \"lean-ts-kernel\": \"file:../..\"\n      },\n      \"devDependencies\": {\n        \"typescript\": \"7.0.2\"\n      }\n    },\n    \"packages/lean4export\": {\n      \"name\": \"@proofscript/lean4export\",\n      \"version\": \"0.0.0-dev\",\n      \"dependencies\": {\n        \"@proofscript/module\": \"file:../module\",\n        \"lean-ts-kernel\": \"file:../..\"\n      },\n     "}
2026-10-09T15:13:43.6513509Z PS_ROOT_TS7_EVIDENCE_FILE_CHUNK {"path":"dist/typescript7-root/package-lock.json","sha256":"69c5e49b040ff3d45909e15cf1e2123af39fa223b00a7241b533c022a49e33e1","bytes":21592,"chunkIndex":19,"chunkCount":22,"content":" \"bin\": {\n        \"proofscript-lean4export\": \"dist/bin/proofscript-lean4export.js\"\n      },\n      \"devDependencies\": {\n        \"@types/node\": \"22.15.3\",\n        \"typescript\": \"7.0.2\"\n      }\n    },\n    \"packages/lsp\": {\n      \"name\": \"@proofscript/lsp\",\n      \"version\": \"0.0.0-dev\",\n      \"dependencies\": {\n        \"@proofscript/environment\": \"file:../environment\",\n        \"@proofscript/language-service\": \"file:../language-service\",\n        \"@proofscript/project\": \"file:../project\",\n        \"lean-ts-kernel\": \"file:../..\"\n      },\n      \"bin\": {\n        \"proofscript-lsp\": \"dist/src/bin.js\"\n      },\n      \"devDependencies\": {\n        \"@types/node\": \"22.15.3\",\n        \"typescript\": \"7.0.2\"\n      }\n    },\n    \"packages/meta\": {\n      \"name\": \"@proofscript/meta\",\n      \"version\": \"0.0.0-dev\",\n      \"dependencies\": {\n        \"lean-ts-kernel\": \"file:../..\"\n      },\n      \"devDependencies\": {\n        \"typescript\": \"7.0.2\"\n      }\n    },\n    \"packages/module\": {\n      \"name\": \"@proofscript/module\",\n      \"version\": \"0."}
2026-10-09T15:13:43.6523026Z PS_ROOT_TS7_EVIDENCE_FILE_CHUNK {"path":"dist/typescript7-root/package-lock.json","sha256":"69c5e49b040ff3d45909e15cf1e2123af39fa223b00a7241b533c022a49e33e1","bytes":21592,"chunkIndex":20,"chunkCount":22,"content":"0.0-dev\",\n      \"dependencies\": {\n        \"@proofscript/checked-core\": \"file:../checked-core\",\n        \"lean-ts-kernel\": \"file:../..\"\n      },\n      \"devDependencies\": {\n        \"@types/node\": \"22.15.3\",\n        \"typescript\": \"7.0.2\"\n      }\n    },\n    \"packages/pretty\": {\n      \"name\": \"@proofscript/pretty\",\n      \"version\": \"0.0.0-dev\",\n      \"devDependencies\": {\n        \"typescript\": \"7.0.2\"\n      }\n    },\n    \"packages/project\": {\n      \"name\": \"@proofscript/project\",\n      \"version\": \"0.0.0-dev\",\n      \"devDependencies\": {\n        \"@types/node\": \"22.15.3\",\n        \"typescript\": \"7.0.2\"\n      }\n    },\n    \"packages/runtime\": {\n      \"name\": \"@proofscript/runtime\",\n      \"version\": \"0.0.0-dev\",\n      \"devDependencies\": {\n        \"typescript\": \"7.0.2\"\n      }\n    },\n    \"packages/syntax\": {\n      \"name\": \"@proofscript/syntax\",\n      \"version\": \"0.0.0-dev\",\n      \"devDependencies\": {\n        \"typescript\": \"7.0.2\"\n      }\n    },\n    \"packages/tactic\": {\n      \"name\": \"@proofscript/tactic\",\n      \"version\": \"0"}
2026-10-09T15:13:43.6528301Z PS_ROOT_TS7_EVIDENCE_FILE_CHUNK {"path":"dist/typescript7-root/package-lock.json","sha256":"69c5e49b040ff3d45909e15cf1e2123af39fa223b00a7241b533c022a49e33e1","bytes":21592,"chunkIndex":21,"chunkCount":22,"content":".0.0-dev\",\n      \"devDependencies\": {\n        \"typescript\": \"7.0.2\"\n      }\n    }\n  }\n}\n"}
2026-10-09T15:13:45.9121937Z 
2026-10-09T15:13:45.9122611Z added 25 packages in 2s
2026-10-09T15:13:45.9920206Z PS_ROOT_TS7_EVIDENCE_FILE {"path":"dist/typescript7-root/installed-typescript-package.json","sha256":"3722b30210616a13a3213ded11575ba6b2dbab10c32a5ef67afca8513e27017e","bytes":3087,"content":"{\n    \"name\": \"typescript\",\n    \"version\": \"7.0.2\",\n    \"license\": \"Apache-2.0\",\n    \"author\": \"Microsoft Corp.\",\n    \"homepage\": \"https://www.typescriptlang.org/\",\n    \"description\": \"TypeScript is a language for application scale JavaScript development\",\n    \"keywords\": [\n        \"TypeScript\",\n        \"Microsoft\",\n        \"compiler\",\n        \"language\",\n        \"javascript\"\n    ],\n    \"bugs\": {\n        \"url\": \"https://github.com/microsoft/TypeScript/issues\"\n    },\n    \"repository\": {\n        \"type\": \"git\",\n        \"url\": \"https://github.com/microsoft/TypeScript.git\"\n    },\n    \"type\": \"module\",\n    \"preferUnplugged\": true,\n    \"engines\": {\n        \"node\": \">=16.20.0\"\n    },\n    \"files\": [\n        \"bin\",\n        \"lib\",\n        \"dist\",\n        \"vendor\",\n        \"NOTICE.txt\"\n    ],\n    \"bin\": {\n        \"tsc\": \"./bin/tsc\"\n    },\n    \"exports\": {\n        \"./package.json\": \"./package.json\",\n        \".\": \"./lib/version.cjs\",\n        \"./unstable/sync\": \"./dist/api/sync/api.js\",\n        \"./unstable/async\": \"./dist/api/async/api.js\",\n        \"./unstable/fs\": \"./dist/api/fs.js\",\n        \"./unstable/proto\": \"./dist/api/proto.js\",\n        \"./unstable/ast\": \"./dist/ast/index.js\",\n        \"./unstable/ast/is\": \"./dist/ast/is.js\",\n        \"./unstable/ast/factory\": \"./dist/ast/factory.generated.js\",\n        \"./unstable/ast/utils\": \"./dist/ast/utils.js\",\n        \"./unstable/ast/scanner\": \"./dist/ast/scanner.js\",\n        \"./unstable/ast/visitor\": \"./dist/ast/visitor.js\",\n        \"./unstable/ast/clone\": \"./dist/ast/clone.js\"\n    },\n    \"imports\": {\n        \"#getExePath\": \"./lib/getExePath.js\",\n        \"#enums/*\": {\n            \"types\": \"./dist/enums/*.enum.d.ts\",\n            \"default\": \"./dist/enums/*.js\"\n        },\n        \"#vscode-jsonrpc/node\": \"./vendor/vscode-jsonrpc/lib/node/main.js\"\n    },\n    \"gitHead\": \"2bd066d87f5bafd315be9f40889d0a60b9e58e0b\",\n    \"publishConfig\": {\n        \"access\": \"public\",\n        \"tag\": \"latest\"\n    },\n    \"optionalDependencies\": {\n        \"@typescript/typescript-win32-x64\": \"7.0.2\",\n        \"@typescript/typescript-win32-arm64\": \"7.0.2\",\n        \"@typescript/typescript-linux-x64\": \"7.0.2\",\n        \"@typescript/typescript-linux-arm\": \"7.0.2\",\n        \"@typescript/typescript-linux-arm64\": \"7.0.2\",\n        \"@typescript/typescript-darwin-x64\": \"7.0.2\",\n        \"@typescript/typescript-darwin-arm64\": \"7.0.2\",\n        \"@typescript/typescript-aix-ppc64\": \"7.0.2\",\n        \"@typescript/typescript-freebsd-arm64\": \"7.0.2\",\n        \"@typescript/typescript-freebsd-x64\": \"7.0.2\",\n        \"@typescript/typescript-linux-loong64\": \"7.0.2\",\n        \"@typescript/typescript-linux-mips64el\": \"7.0.2\",\n        \"@typescript/typescript-linux-ppc64\": \"7.0.2\",\n        \"@typescript/typescript-linux-riscv64\": \"7.0.2\",\n        \"@typescript/typescript-linux-s390x\": \"7.0.2\",\n        \"@typescript/typescript-netbsd-arm64\": \"7.0.2\",\n        \"@typescript/typescript-netbsd-x64\": \"7.0.2\",\n        \"@typescript/typescript-openbsd-arm64\": \"7.0.2\",\n        \"@typescript/typescript-openbsd-x64\": \"7.0.2\",\n        \"@typescript/typescript-sunos-x64\": \"7.0.2\"\n    }\n}"}
2026-10-09T15:13:45.9951717Z PS_ROOT_TS7_EVIDENCE_FILE {"path":"dist/typescript7-root/installed-profile.json","sha256":"5cff347f0380141ce6947775dffbc0776036e69c9a46050df06c02be883700c4","bytes":4644,"content":"{\n  \"schemaVersion\": 1,\n  \"kind\": \"root-typescript7-installed-profile\",\n  \"sourceRef\": \"3fce771a3607341ce0c9dfc1f1fa3974e2f0dbab\",\n  \"workflowRunId\": 37950075083,\n  \"workflowRunAttempt\": 1,\n  \"node\": \"v22.23.3\",\n  \"platform\": \"linux\",\n  \"architecture\": \"x64\",\n  \"typescript\": \"7.0.2\",\n  \"reportedVersion\": \"Version 7.0.2\",\n  \"launcherSha256\": \"2219f428a7e55aaf1f7ad85b9b0f0cf5078aeb76ccc9a7c6036c92d48f492ffd\",\n  \"lockGenerated\": false,\n  \"packageLockSha256\": \"69c5e49b040ff3d45909e15cf1e2123af39fa223b00a7241b533c022a49e33e1\",\n  \"manifests\": [\n    {\n      \"path\": \"package.json\",\n      \"sha256\": \"7134c3f84b92442c0ea20117d9d68e5fe327b630b2d06200fc4fe84c3485c6bb\"\n    },\n    {\n      \"path\": \"packages/backend-ts/package.json\",\n      \"sha256\": \"01ce17eac169bf3a9b52c79a2df383e696554bbb2a8d87d3578afe57f17e012d\"\n    },\n    {\n      \"path\": \"packages/browser/package.json\",\n      \"sha256\": \"0b547866087820f9a2b69c5a6b3a9ec4269d499542503057a58b13df5fe65331\"\n    },\n    {\n      \"path\": \"packages/checked-core/package.json\",\n      \"sha256\": \"509507a75506587e9d4d5674dc2b9f9abad5d215a64db027d4f10617cbceb609\"\n    },\n    {\n      \"path\": \"packages/cli/package.json\",\n      \"sha256\": \"978fba06b269d508cb1b8a46a1d467553d0db3f37108d0f9db927d0993a7bb36\"\n    },\n    {\n      \"path\": \"packages/compiler-ir/package.json\",\n      \"sha256\": \"e840be27225f47bb6ae07b28dc5da046d473583cd0f92f2e9f0af5f75e4033b8\"\n    },\n    {\n      \"path\": \"packages/compiler/package.json\",\n      \"sha256\": \"0700268a945c6d8421ce0adb310228ba7c8dccb540a510831e50449b5b4242c2\"\n    },\n    {\n      \"path\": \"packages/conformance/package.json\",\n      \"sha256\": \"22563d0c6935e2a2def621e8809e66ae4d4814d67b1cf9bbe9709a68f3662518\"\n    },\n    {\n      \"path\": \"packages/elab/package.json\",\n      \"sha256\": \"d6655712683f75a986e462f1e2a983c29ac75b3be728cb3067f6c4ac0e238bef\"\n    },\n    {\n      \"path\": \"packages/environment/package.json\",\n      \"sha256\": \"dcf7cb7b3a451768f97290c2c85d024e82a3ec152b80f39b9e6e627d5770bf99\"\n    },\n    {\n      \"path\": \"packages/erasure/package.json\",\n      \"sha256\": \"6b589740a1f5c854454078506fdda9a3542c65294867084ac9069113a21c51b0\"\n    },\n    {\n      \"path\": \"packages/language-service/package.json\",\n      \"sha256\": \"7d3353f0da775c603694a9af9c231ba4e5eac74651799f8b3cfed8fb9da6043b\"\n    },\n    {\n      \"path\": \"packages/lean4export/package.json\",\n      \"sha256\": \"75a88451ba54d25478e668d5f71842bd205c06bef2a543cfa1330f9ab1330948\"\n    },\n    {\n      \"path\": \"packages/lsp/package.json\",\n      \"sha256\": \"d3213eb0b2961b095c69e375dfbcdd36ee69e18e0711325d379d21524655f555\"\n    },\n    {\n      \"path\": \"packages/meta/package.json\",\n      \"sha256\": \"8e9ce16be33e2fef9f140bc80a66c121e1ecb6eadd418cb39ca744f6cd3af9f1\"\n    },\n    {\n      \"path\": \"packages/module/package.json\",\n      \"sha256\": \"ab02c38611e688f3143e3f71da888fc3de8e54c762b31f597b19d8a9447b7117\"\n    },\n    {\n      \"path\": \"packages/pretty/package.json\",\n      \"sha256\": \"1876a58f8349e25fcccae9ae40d8507d831ea7e435614c6c10ab32e31cdcbe9c\"\n    },\n    {\n      \"path\": \"packages/project/package.json\",\n      \"sha256\": \"81b57ea3bb383b7d3ad2a29be4ec5de11bac12034659654aa2f64005f775e591\"\n    },\n    {\n      \"path\": \"packages/runtime/package.json\",\n      \"sha256\": \"c7ecdb938467bac410a5719c270ce7a408315544d938d1e1ad159c7c05dcbfe4\"\n    },\n    {\n      \"path\": \"packages/syntax/package.json\",\n      \"sha256\": \"bf69bbeb3e87f6ab9425cee1eca99db6fab76f4f449dde03dff9d3fb4c196606\"\n    },\n    {\n      \"path\": \"packages/tactic/package.json\",\n      \"sha256\": \"e4f5f12a47dee0c279bfb0c69dda93729254f8b6fd8362607d1c0d355ffe5ed7\"\n    }\n  ],\n  \"optionalDependencies\": {\n    \"@typescript/typescript-win32-x64\": \"7.0.2\",\n    \"@typescript/typescript-win32-arm64\": \"7.0.2\",\n    \"@typescript/typescript-linux-x64\": \"7.0.2\",\n    \"@typescript/typescript-linux-arm\": \"7.0.2\",\n    \"@typescript/typescript-linux-arm64\": \"7.0.2\",\n    \"@typescript/typescript-darwin-x64\": \"7.0.2\",\n    \"@typescript/typescript-darwin-arm64\": \"7.0.2\",\n    \"@typescript/typescript-aix-ppc64\": \"7.0.2\",\n    \"@typescript/typescript-freebsd-arm64\": \"7.0.2\",\n    \"@typescript/typescript-freebsd-x64\": \"7.0.2\",\n    \"@typescript/typescript-linux-loong64\": \"7.0.2\",\n    \"@typescript/typescript-linux-mips64el\": \"7.0.2\",\n    \"@typescript/typescript-linux-ppc64\": \"7.0.2\",\n    \"@typescript/typescript-linux-riscv64\": \"7.0.2\",\n    \"@typescript/typescript-linux-s390x\": \"7.0.2\",\n    \"@typescript/typescript-netbsd-arm64\": \"7.0.2\",\n    \"@typescript/typescript-netbsd-x64\": \"7.0.2\",\n    \"@typescript/typescript-openbsd-arm64\": \"7.0.2\",\n    \"@typescript/typescript-openbsd-x64\": \"7.0.2\",\n    \"@typescript/typescript-sunos-x64\": \"7.0.2\"\n  },\n  \"retiredCompilerRuntimeUsed\": false\n}\n"}
2026-10-09T15:13:46.7280586Z 
2026-10-09T15:13:46.7281496Z > lean-ts-kernel@0.1.0 build
2026-10-09T15:13:46.7282063Z > tsc -p tsconfig.json
2026-10-09T15:13:46.7282319Z 
2026-10-09T15:14:02.9111695Z 
2026-10-09T15:14:02.9112329Z > lean-ts-kernel@0.1.0 test:packages
2026-10-09T15:14:02.9123820Z > npm run test:syntax && tsc -p packages/browser/tsconfig.json && node packages/browser/dist/test/index.test.js && tsc -p packages/pretty/tsconfig.json && node packages/pretty/dist/test/index.test.js && tsc -p packages/meta/tsconfig.json && node packages/meta/dist/test/index.test.js && tsc -p packages/environment/tsconfig.json && node packages/environment/dist/test/index.test.js && tsc -p packages/checked-core/tsconfig.json && node packages/checked-core/dist/test/index.test.js && tsc -p packages/tactic/tsconfig.json && node packages/tactic/dist/test/index.test.js && tsc -p packages/elab/tsconfig.json && node packages/elab/dist/test/index.test.js && tsc -p packages/compiler-ir/tsconfig.json && node packages/compiler-ir/dist/test/index.test.js && tsc -p packages/erasure/tsconfig.json && node packages/erasure/dist/test/index.test.js && tsc -p packages/runtime/tsconfig.json && node packages/runtime/dist/test/index.test.js && tsc -p packages/backend-ts/tsconfig.json && node packages/backend-ts/dist/test/index.test.js && node packages/backend-ts/dist/test/typescript-compiler.test.js && tsc -p packages/compiler/tsconfig.json && node packages/compiler/dist/test/index.test.js && tsc -p packages/project/tsconfig.json && node packages/project/dist/test/index.test.js && tsc -p packages/language-service/tsconfig.json && node packages/language-service/dist/test/index.test.js && tsc -p packages/lsp/tsconfig.json && node packages/lsp/dist/test/index.test.js && tsc -p packages/module/tsconfig.json && tsc -p packages/cli/tsconfig.json && node packages/cli/dist/test/cli.test.js
2026-10-09T15:14:02.9134046Z 
2026-10-09T15:14:02.9134057Z 
2026-10-09T15:14:02.9134496Z > lean-ts-kernel@0.1.0 test:syntax
2026-10-09T15:14:02.9136394Z > tsc -p packages/syntax/tsconfig.json && node packages/syntax/dist/test/syntax.test.js && node packages/syntax/dist/test/v061-conformance.test.js
2026-10-09T15:14:02.9137242Z 
2026-10-09T15:14:02.9137467Z ok - @proofscript/syntax lexer MVP
2026-10-09T15:14:02.9137916Z ok - @proofscript/syntax DS2 complete emitted-subset frontend
2026-10-09T15:14:02.9138420Z ok - @proofscript/syntax explicit runtime external declaration
2026-10-09T15:14:02.9138877Z ok - @proofscript/syntax inherited instance declarations
2026-10-09T15:14:02.9139363Z ok - v0.6.1 feature-complete lowering corpus (12 registered features)
2026-10-09T15:14:02.9139779Z ok - @proofscript/browser foundation
2026-10-09T15:14:02.9140105Z ok - @proofscript/pretty foundation
2026-10-09T15:14:02.9140414Z ok - @proofscript/meta foundation
2026-10-09T15:14:02.9140773Z ok - @proofscript/meta Expr metavariable context
2026-10-09T15:14:02.9141214Z ok - @proofscript/meta Lean-style metavariable depth discipline
2026-10-09T15:14:02.9141733Z ok - @proofscript/meta structural application unification with rollback
2026-10-09T15:14:02.9142201Z ok - @proofscript/meta structural Pi unification
2026-10-09T15:14:02.9142622Z ok - @proofscript/meta mixed universe/application unification
2026-10-09T15:14:02.9143082Z ok - @proofscript/meta bounded universe metavariable solving
2026-10-09T15:14:02.9143547Z ok - @proofscript/environment certified self-host compiler base
2026-10-09T15:14:02.9144010Z ok - @proofscript/environment replay and fail-closed provider
2026-10-09T15:14:02.9144446Z ok - @proofscript/checked-core kernel admission boundary
2026-10-09T15:14:02.9144860Z ok - @proofscript/checked-core mixed inductive admission
2026-10-09T15:14:02.9145270Z ok - @proofscript/checked-core class metadata admission
2026-10-09T15:14:02.9145689Z ok - @proofscript/checked-core instance registry metadata
2026-10-09T15:14:02.9146558Z ok - @proofscript/checked-core persistent admission codec
2026-10-09T15:14:02.9146995Z ok - @proofscript/checked-core external admission codec
2026-10-09T15:14:02.9147408Z ok - @proofscript/checked-core Char runtime external
2026-10-09T15:14:02.9147847Z ok - @proofscript/checked-core rejects proof-valued external
2026-10-09T15:14:02.9148312Z ok - @proofscript/tactic ordered multi-goal state
2026-10-09T15:14:02.9148697Z ok - @proofscript/elab foundation
2026-10-09T15:14:02.9149059Z ok - @proofscript/elab Lean-style application elaboration
2026-10-09T15:14:02.9149504Z ok - @proofscript/elab kernel-facing non-recursive definitions
2026-10-09T15:14:02.9149937Z ok - @proofscript/elab implicit declaration binders
2026-10-09T15:14:02.9150361Z ok - @proofscript/elab dependent type application path
2026-10-09T15:14:02.9150875Z ok - @proofscript/elab kernel theorem proof-term admission
2026-10-09T15:14:02.9151296Z ok - @proofscript/elab expected-type lambda elaboration
2026-10-09T15:14:02.9151763Z ok - @proofscript/elab annotated lambda solves generic expected metas
2026-10-09T15:14:02.9152195Z ok - @proofscript/elab core let elaboration
2026-10-09T15:14:02.9152582Z ok - @proofscript/elab exact and assumption tactic terms
2026-10-09T15:14:02.9153066Z ok - @proofscript/elab declaration expected-type propagation
2026-10-09T15:14:02.9153521Z ok - @proofscript/elab intro tactic proof-term construction
2026-10-09T15:14:02.9153992Z ok - @proofscript/elab bounded apply tactic proof-term construction
2026-10-09T15:14:02.9154451Z ok - @proofscript/elab ordered multi-goal apply tactic
2026-10-09T15:14:02.9154873Z ok - @proofscript/elab bounded synthetic-hole refine tactic
2026-10-09T15:14:02.9155283Z ok - @proofscript/elab bounded constructor via apply
2026-10-09T15:14:02.9155664Z ok - @proofscript/elab bounded cases via recursor
2026-10-09T15:14:02.9156591Z ok - @proofscript/elab parameterized bounded cases
2026-10-09T15:14:02.9157015Z ok - @proofscript/elab bounded induction via recursor
2026-10-09T15:14:02.9157480Z ok - @proofscript/elab induction preserves field/IH source names
2026-10-09T15:14:02.9157920Z ok - @proofscript/elab rw syntax reaches tactic AST
2026-10-09T15:14:02.9158386Z ok - @proofscript/elab multi-rule simp-only syntax reaches tactic AST
2026-10-09T15:14:02.9159174Z ok - @proofscript/elab direct polymorphic Eq.symm application
2026-10-09T15:14:02.9159584Z ok - @proofscript/elab bounded exact search
2026-10-09T15:14:02.9159977Z ok - @proofscript/elab bounded Eq-only rfl tactic
2026-10-09T15:14:02.9160339Z ok - @proofscript/elab bounded Nat notation
2026-10-09T15:14:02.9160735Z ok - @proofscript/elab dependent structure field admission
2026-10-09T15:14:02.9161189Z ok - @proofscript/elab record construction and kernel projection
2026-10-09T15:14:02.9161645Z ok - @proofscript/elab unparameterized inductive admission
2026-10-09T15:14:02.9162082Z ok - @proofscript/elab verified match recursor elaboration
2026-10-09T15:14:02.9162594Z ok - @proofscript/elab parameterized inductive constructor inference
2026-10-09T15:14:02.9163118Z ok - @proofscript/elab expected-type propagation into nested calls
2026-10-09T15:14:02.9163660Z ok - @proofscript/elab parameterized verified match recursor elaboration
2026-10-09T15:14:02.9164199Z ok - @proofscript/elab match branch Nat notation meta instantiation
2026-10-09T15:14:02.9164670Z ok - @proofscript/elab verified Bool literal match recursor
2026-10-09T15:14:02.9165147Z ok - @proofscript/elab direct recursive inductive + recursor match
2026-10-09T15:14:02.9165604Z ok - @proofscript/elab structural recursion via recursor
2026-10-09T15:14:02.9166348Z ok - @proofscript/elab structural recursion with invariant parameters
2026-10-09T15:14:02.9166954Z ok - @proofscript/elab generic structure admission
2026-10-09T15:14:02.9167353Z ok - @proofscript/elab acyclic where local helpers
2026-10-09T15:14:02.9167764Z ok - @proofscript/elab class admission as kernel inductive
2026-10-09T15:14:02.9168183Z ok - @proofscript/elab local class instance synthesis
2026-10-09T15:14:02.9168593Z ok - @proofscript/elab global class instance synthesis
2026-10-09T15:14:02.9169079Z ok - @proofscript/elab imported structure/class/instance metadata seed
2026-10-09T15:14:02.9169563Z ok - @proofscript/elab proof-valued external fails closed
2026-10-09T15:14:02.9170015Z ok - @proofscript/elab explicit runtime external admission
2026-10-09T15:14:02.9170399Z ok - @proofscript/compiler-ir foundation
2026-10-09T15:14:02.9170823Z ok - @proofscript/compiler-ir verified dependent-core IR schema
2026-10-09T15:14:02.9171261Z ok - @proofscript/compiler-ir verified Nat intrinsic
2026-10-09T15:14:02.9171671Z ok - @proofscript/compiler-ir verified intrinsic contract
2026-10-09T15:14:02.9172087Z ok - @proofscript/compiler-ir external import boundary
2026-10-09T15:14:02.9172457Z ok - @proofscript/erasure generic identity
2026-10-09T15:14:02.9172882Z ok - @proofscript/erasure flattened runtime callback convention
2026-10-09T15:14:02.9173327Z ok - @proofscript/erasure Prop and proof binder erasure
2026-10-09T15:14:02.9173715Z ok - @proofscript/erasure Nat intrinsic lowering
2026-10-09T15:14:02.9174105Z ok - @proofscript/erasure checked Char.ofNat lowering
2026-10-09T15:14:02.9174527Z ok - @proofscript/erasure certified text intrinsic lowering
2026-10-09T15:14:02.9174978Z ok - @proofscript/erasure semantic primitive type identity
2026-10-09T15:14:02.9175415Z ok - @proofscript/erasure primitive Bool recursor lowering
2026-10-09T15:14:02.9176144Z ok - @proofscript/erasure verified runtime structures
2026-10-09T15:14:02.9176568Z ok - @proofscript/erasure verified ADT constructors
2026-10-09T15:14:02.9177009Z ok - @proofscript/erasure verified ADT recursor match lowering
2026-10-09T15:14:02.9177508Z ok - @proofscript/erasure generic nonrecursive ADT constructor erasure
2026-10-09T15:14:02.9178035Z ok - @proofscript/erasure generic ADT recursor parameter substitution
2026-10-09T15:14:02.9178511Z ok - @proofscript/erasure recursive ADT metadata erasure
2026-10-09T15:14:02.9178918Z ok - @proofscript/erasure generic structure metadata
2026-10-09T15:14:02.9179340Z ok - @proofscript/erasure external import lowering
2026-10-09T15:14:02.9179693Z ok - @proofscript/runtime foundation
2026-10-09T15:14:02.9180036Z ok - @proofscript/backend-ts foundation
2026-10-09T15:14:02.9180989Z ok - @proofscript/backend-ts verified generic TypeScript emission
2026-10-09T15:14:02.9181520Z ok - @proofscript/backend-ts explicit generic call type arguments
2026-10-09T15:14:02.9181998Z ok - @proofscript/backend-ts verified Nat intrinsic emission
2026-10-09T15:14:02.9182460Z ok - @proofscript/backend-ts Lean-faithful Char.ofNat emission
2026-10-09T15:14:02.9182926Z ok - @proofscript/backend-ts certified text intrinsic emission
2026-10-09T15:14:02.9183388Z ok - @proofscript/backend-ts verified String equality emission
2026-10-09T15:14:02.9183853Z ok - @proofscript/backend-ts canonical Array intrinsic emission
2026-10-09T15:14:02.9184331Z ok - @proofscript/backend-ts verified nominal structure emission
2026-10-09T15:14:02.9184797Z ok - @proofscript/backend-ts verified ADT constructor emission
2026-10-09T15:14:02.9185230Z ok - @proofscript/backend-ts verified ADT match emission
2026-10-09T15:14:02.9185974Z ok - @proofscript/backend-ts verified generic ADT TypeScript emission
2026-10-09T15:14:02.9186626Z ok - @proofscript/backend-ts generic structure TypeScript emission
2026-10-09T15:14:02.9187106Z ok - @proofscript/backend-ts external ESM import emission
2026-10-09T15:14:02.9189433Z PS_ROOT_TYPESCRIPT7_CONTRACT {"schema":"psc-root-typescript7-contract-v1","typescript":"7.0.2","passed":true,"cases":["virtual-source-and-existing-products","logical-map-name","config-independent-positional","relative-typescript-import","package-export-import","root-output-selection","logical-diagnostic-position","self-reference-refusal","declaration-input-refusal","missing-directory-refusal","stage-cleanup"]}
2026-10-09T15:14:02.9191426Z ok - @proofscript/compiler checked-core orchestration
2026-10-09T15:14:02.9192057Z ok - @proofscript/compiler IR keeps language primitive identity upstream of TS mapping
2026-10-09T15:14:02.9192767Z ok - @proofscript/project mixed-source graph foundation
2026-10-09T15:14:02.9193222Z ok - @proofscript/project shared Node source-root resolver
2026-10-09T15:14:02.9193753Z ok - @proofscript/project exact runtime dependency policy parser
2026-10-09T15:14:02.9194369Z ok - @proofscript/language-service proof-aware document analysis
2026-10-09T15:14:02.9194843Z ok - @proofscript/language-service Lean-subset source routing
2026-10-09T15:14:02.9195444Z ok - @proofscript/language-service navigation and completion
2026-10-09T15:14:02.9196205Z ok - @proofscript/language-service sequential document environment
2026-10-09T15:14:02.9196802Z ok - @proofscript/language-service mixed-source import environment
2026-10-09T15:14:02.9197317Z ok - @proofscript/language-service project failure is fail-closed
2026-10-09T15:14:02.9197802Z ok - @proofscript/language-service cross-source navigation
2026-10-09T15:14:02.9198240Z ok - @proofscript/language-service document translation
2026-10-09T15:14:02.9198692Z ok - @proofscript/language-service importer buffer invalidation
2026-10-09T15:14:02.9199081Z ok - @proofscript/lsp foundation
2026-10-09T15:14:02.9199428Z ok - @proofscript/lsp proof-aware protocol surface
2026-10-09T15:14:02.9199827Z ok - @proofscript/lsp dual-source document routing
2026-10-09T15:14:02.9200244Z ok - @proofscript/lsp shared project source-root resolver
2026-10-09T15:14:02.9200644Z ok - @proofscript/lsp translation service surface
2026-10-09T15:14:02.9201046Z ok - @proofscript/lsp importer diagnostic refresh targets
2026-10-09T15:14:02.9201405Z ok - psc CLI argument/UX contract
2026-10-09T15:14:02.9201744Z ok - psc verified checked-core compiler pipeline
2026-10-09T15:14:02.9202116Z ok - psc verified runtime external assurance
2026-10-09T15:14:02.9202520Z ok - psc verified project assurance reports source externals
2026-10-09T15:14:02.9202975Z ok - psc verified check rejects undeclared runtime dependency
2026-10-09T15:14:02.9203434Z ok - psc verified source FFI resolves exact package and runs
2026-10-09T15:14:02.9203890Z ok - psc runtime lock rejects missing required transitive entry
2026-10-09T15:14:02.9204275Z ok - psc verified Nat source pipeline
2026-10-09T15:14:02.9204790Z ok - psc checked Char.ofNat source pipeline
2026-10-09T15:14:02.9205260Z ok - psc checked character literal source pipeline
2026-10-09T15:14:02.9205661Z ok - psc checked Char/String equality source pipeline
2026-10-09T15:14:02.9206321Z ok - psc verified runtime ABI
2026-10-09T15:14:02.9206659Z ok - psc Lean-faithful Char.ofNat runtime pipeline
2026-10-09T15:14:02.9207022Z ok - psc verified run filesystem pipeline
2026-10-09T15:14:02.9207399Z ok - psc verified Lean-subset run filesystem pipeline
2026-10-09T15:14:02.9207802Z ok - psc SH1 dual-source Unicode String.length runtime
2026-10-09T15:14:02.9208210Z ok - psc SH1 dual-source UTF-8 next/get/extract runtime
2026-10-09T15:14:02.9208578Z ok - psc SH1 dual-source UTF-8 atEnd runtime
2026-10-09T15:14:02.9208937Z ok - psc SH2 dual-source canonical Prod runtime
2026-10-09T15:14:02.9209305Z ok - psc SH2 dual-source canonical Array runtime
2026-10-09T15:14:02.9209686Z ok - psc SH2 deterministic ordered Map/Set runtime
2026-10-09T15:14:02.9210065Z ok - psc verified structure JSON ABI round-trip
2026-10-09T15:14:02.9210442Z ok - psc verified generic ADT JSON ABI round-trip
2026-10-09T15:14:02.9210871Z ok - psc verified structural recursion run filesystem pipeline
2026-10-09T15:14:02.9211285Z ok - psc verified proposition-based if pipeline
2026-10-09T15:14:02.9211643Z ok - psc verified nominal structure pipeline
2026-10-09T15:14:02.9211990Z ok - psc verified ADT constructor pipeline
2026-10-09T15:14:02.9212317Z ok - psc verified ADT match pipeline
2026-10-09T15:14:02.9212663Z ok - psc verified generic ADT constructor pipeline
2026-10-09T15:14:02.9213024Z ok - psc verified generic ADT match pipeline
2026-10-09T15:14:02.9213375Z ok - psc verified recursive ADT match pipeline
2026-10-09T15:14:02.9213770Z ok - psc verified structural recursive function pipeline
2026-10-09T15:14:02.9214193Z ok - psc verified invariant structural recursion pipeline
2026-10-09T15:14:02.9214601Z ok - psc verified invariant structural recursion run
2026-10-09T15:14:02.9215021Z ok - psc verified generic map structural recursion pipeline
2026-10-09T15:14:02.9215445Z ok - psc verified generic map run filesystem pipeline
2026-10-09T15:14:02.9216048Z ok - psc verified generic structure source pipeline
2026-10-09T15:14:02.9216596Z ok - psc verified acyclic where source pipeline
2026-10-09T15:14:02.9216964Z ok - psc verified local class instance pipeline
2026-10-09T15:14:02.9217327Z ok - psc verified global class instance pipeline
2026-10-09T15:14:02.9217700Z ok - psc emit-lean uses source/target dispatch
2026-10-09T15:14:02.9218063Z ok - psc translate ps/lean canonical round-trip
2026-10-09T15:14:02.9218449Z ok - psc canonical source hash is source-kind neutral
2026-10-09T15:14:02.9218837Z ok - psc mixed ProofScript -> Lean import run
2026-10-09T15:14:02.9219196Z ok - psc mixed Lean -> ProofScript import run
2026-10-09T15:14:02.9219622Z ok - psc mixed imports preserve structure/class/instance metadata
2026-10-09T15:14:02.9220095Z ok - psc checked-module cache uses dependency integrity keys
2026-10-09T15:14:02.9220593Z ok - psc emits replay-gated checked-admission .psmodule v2 artifacts
2026-10-09T15:14:02.9221080Z ok - psc configured source roots resolve mixed-source imports
2026-10-09T15:14:02.9221555Z ok - psc configured source roots reject duplicate logical modules
2026-10-09T15:14:02.9221987Z ok - psc mixed-source module ambiguity fails closed
2026-10-09T15:14:02.9222353Z ok - psc has one checked-core semantic lane
2026-10-09T15:14:03.1631144Z 
2026-10-09T15:14:03.1632011Z > @proofscript/conformance@0.0.0-dev build
2026-10-09T15:14:03.1632411Z > tsc -p tsconfig.json
2026-10-09T15:14:03.1632582Z 
2026-10-09T15:14:03.4257359Z npm error Lifecycle script `build` failed with error:
2026-10-09T15:14:03.4257949Z npm error code 2
2026-10-09T15:14:03.4258651Z npm error path /home/runner/work/pskernel/pskernel/packages/lean4export
2026-10-09T15:14:03.4259505Z npm error workspace @proofscript/lean4export@0.0.0-dev
2026-10-09T15:14:03.4260406Z npm error location /home/runner/work/pskernel/pskernel/packages/lean4export
2026-10-09T15:14:03.4261584Z npm error command failed
2026-10-09T15:14:03.4262356Z npm error command sh -c tsc -p tsconfig.json
2026-10-09T15:14:03.4262749Z 
2026-10-09T15:14:03.4263033Z > @proofscript/lean4export@0.0.0-dev build
2026-10-09T15:14:03.4263562Z > tsc -p tsconfig.json
2026-10-09T15:14:03.4263825Z 
2026-10-09T15:14:03.4292218Z ##[error]src/index.ts(22,585): error TS2375: Type 'ChildProcessByStdio<null, Readable, Readable>' is not assignable to type 'ChildProcessWithoutNullStreams' with 'exactOptionalPropertyTypes: true'. Consider adding 'undefined' to the types of the target's properties.
2026-10-09T15:14:03.4300229Z   Types of property 'stdin' are incompatible.
2026-10-09T15:14:03.4300681Z     Type 'null' is not assignable to type 'Writable'.
2026-10-09T15:14:03.4301110Z node:internal/modules/run_main:123
2026-10-09T15:14:03.4301408Z     triggerUncaughtException(
2026-10-09T15:14:03.4301662Z     ^
2026-10-09T15:14:03.4301772Z 
2026-10-09T15:14:03.4302009Z AssertionError [ERR_ASSERTION]: lean4export-build failed
2026-10-09T15:14:03.4302266Z 
2026-10-09T15:14:03.4302361Z 2 !== 0
2026-10-09T15:14:03.4302467Z 
2026-10-09T15:14:03.4302825Z     at run (file:///home/runner/work/pskernel/pskernel/scripts/root-typescript7-qualify.mjs:62:10)
2026-10-09T15:14:03.4303533Z     at file:///home/runner/work/pskernel/pskernel/scripts/root-typescript7-qualify.mjs:177:3
2026-10-09T15:14:03.4304132Z     at ModuleJob.run (node:internal/modules/esm/module_job:343:25)
2026-10-09T15:14:03.4304669Z     at async onImport.tracePromise.__proto__ (node:internal/modules/esm/loader:681:26)
2026-10-09T15:14:03.4305277Z     at async asyncRunEntryPointWithESMLoader (node:internal/modules/run_main:117:5) {
2026-10-09T15:14:03.4305974Z   generatedMessage: false,
2026-10-09T15:14:03.4306259Z   code: 'ERR_ASSERTION',
2026-10-09T15:14:03.4306499Z   actual: 2,
2026-10-09T15:14:03.4306713Z   expected: 0,
2026-10-09T15:14:03.4306974Z   operator: 'strictEqual',
2026-10-09T15:14:03.4307202Z   diff: 'simple'
2026-10-09T15:14:03.4307403Z }
2026-10-09T15:14:03.4307514Z 
2026-10-09T15:14:03.4307605Z Node.js v22.23.3
2026-10-09T15:14:03.4322016Z PS_ROOT_TS7_EVIDENCE_FILE {"path":"dist/typescript7-root/qualification.json","sha256":"dfaae28f2b7fc8dd296a6d0becc64ede620bb8c298ae59afe0279d5ccbb661d3","bytes":2804,"content":"{\n  \"schemaVersion\": 1,\n  \"kind\": \"root-typescript7-qualification\",\n  \"sourceRef\": \"3fce771a3607341ce0c9dfc1f1fa3974e2f0dbab\",\n  \"workflowRunId\": 37950075083,\n  \"workflowRunAttempt\": 1,\n  \"startedAt\": \"2026-10-09T15:13:43.512Z\",\n  \"completedAt\": \"2026-10-09T15:14:03.426Z\",\n  \"passed\": false,\n  \"node\": \"v22.23.3\",\n  \"typescript\": \"7.0.2\",\n  \"lockGenerated\": false,\n  \"packageLockSha256\": \"69c5e49b040ff3d45909e15cf1e2123af39fa223b00a7241b533c022a49e33e1\",\n  \"installedProfileSha256\": \"5cff347f0380141ce6947775dffbc0776036e69c9a46050df06c02be883700c4\",\n  \"commands\": [\n    {\n      \"name\": \"install\",\n      \"command\": [\n        \"npm\",\n        \"ci\",\n        \"--ignore-scripts\",\n        \"--no-audit\",\n        \"--no-fund\"\n      ],\n      \"exitCode\": 0,\n      \"signal\": null,\n      \"elapsedMs\": 2280,\n      \"stdoutSha256\": \"42655418c228288a9dba4735657fb971df86f631b04c4ca47178142ac98df7fb\",\n      \"stderrSha256\": \"e3b0c44298fc1c149afbf4c8996fb92427ae41e4649b934ca495991b7852b855\"\n    },\n    {\n      \"name\": \"root-build\",\n      \"command\": [\n        \"npm\",\n        \"run\",\n        \"build\"\n      ],\n      \"exitCode\": 0,\n      \"signal\": null,\n      \"elapsedMs\": 739,\n      \"stdoutSha256\": \"0ad5fa5e957471919af121f63e7be285285f8dfd9a8e7c2a4e40fe58db00d963\",\n      \"stderrSha256\": \"e3b0c44298fc1c149afbf4c8996fb92427ae41e4649b934ca495991b7852b855\"\n    },\n    {\n      \"name\": \"package-tests\",\n      \"command\": [\n        \"npm\",\n        \"run\",\n        \"test:packages\"\n      ],\n      \"exitCode\": 0,\n      \"signal\": null,\n      \"elapsedMs\": 16183,\n      \"stdoutSha256\": \"48b83f50ec3c2b48a18478ddd66d1d25a0f9016fd072838425a2cd5ed1c0587c\",\n      \"stderrSha256\": \"e3b0c44298fc1c149afbf4c8996fb92427ae41e4649b934ca495991b7852b855\"\n    },\n    {\n      \"name\": \"conformance-build\",\n      \"command\": [\n        \"npm\",\n        \"run\",\n        \"build\",\n        \"--workspace\",\n        \"@proofscript/conformance\"\n      ],\n      \"exitCode\": 0,\n      \"signal\": null,\n      \"elapsedMs\": 252,\n      \"stdoutSha256\": \"fa8d35b1f896977818e177e65159971f324da48eeb6e54ae39eef9ce0a9dabae\",\n      \"stderrSha256\": \"e3b0c44298fc1c149afbf4c8996fb92427ae41e4649b934ca495991b7852b855\"\n    },\n    {\n      \"name\": \"lean4export-build\",\n      \"command\": [\n        \"npm\",\n        \"run\",\n        \"build\",\n        \"--workspace\",\n        \"@proofscript/lean4export\"\n      ],\n      \"exitCode\": 2,\n      \"signal\": null,\n      \"elapsedMs\": 262,\n      \"stdoutSha256\": \"8d5fe8cf89b2813a6c07cc31f146b272334870889cd2001736aeeb1cfa309b1c\",\n      \"stderrSha256\": \"a1eac35140740673ecb41a635cf118cec4523bb03ad4cf66c3fbde8d90949f39\"\n    }\n  ],\n  \"retiredCompilerRuntimeUsed\": false,\n  \"psc0Qualification\": false,\n  \"kernelOracleOrCorpusExecuted\": false,\n  \"seedSelectionChanged\": false,\n  \"failure\": \"AssertionError [ERR_ASSERTION]: lean4export-build failed\\n\\n2 !== 0\\n\"\n}\n"}
2026-10-09T15:14:03.4336404Z PS_ROOT_TS7_EVIDENCE_FILE {"path":"dist/typescript7-root/evidence-index.json","sha256":"1d6cdd5aebaef8b18a312f3df69771e652a09d2c46f630e21c66ebd6b34b397b","bytes":820,"content":"{\n  \"schemaVersion\": 1,\n  \"sourceRef\": \"3fce771a3607341ce0c9dfc1f1fa3974e2f0dbab\",\n  \"files\": [\n    {\n      \"path\": \"dist/typescript7-root/package-lock.json\",\n      \"sha256\": \"69c5e49b040ff3d45909e15cf1e2123af39fa223b00a7241b533c022a49e33e1\",\n      \"bytes\": 21592\n    },\n    {\n      \"path\": \"dist/typescript7-root/installed-typescript-package.json\",\n      \"sha256\": \"3722b30210616a13a3213ded11575ba6b2dbab10c32a5ef67afca8513e27017e\",\n      \"bytes\": 3087\n    },\n    {\n      \"path\": \"dist/typescript7-root/installed-profile.json\",\n      \"sha256\": \"5cff347f0380141ce6947775dffbc0776036e69c9a46050df06c02be883700c4\",\n      \"bytes\": 4644\n    },\n    {\n      \"path\": \"dist/typescript7-root/qualification.json\",\n      \"sha256\": \"dfaae28f2b7fc8dd296a6d0becc64ede620bb8c298ae59afe0279d5ccbb661d3\",\n      \"bytes\": 2804\n    }\n  ]\n}\n"}
2026-10-09T15:14:03.4344039Z ##[error]Process completed with exit code 1.
2026-10-09T15:14:03.4432097Z ##[group]Run actions/upload-artifact@v4
2026-10-09T15:14:03.4432397Z with:
2026-10-09T15:14:03.4432696Z   name: root-typescript7-3fce771a3607341ce0c9dfc1f1fa3974e2f0dbab
2026-10-09T15:14:03.4433073Z   path: dist/typescript7-root
2026-10-09T15:14:03.4433328Z   if-no-files-found: error
2026-10-09T15:14:03.4433547Z   retention-days: 30
2026-10-09T15:14:03.4433754Z   compression-level: 6
2026-10-09T15:14:03.4433961Z   overwrite: false
2026-10-09T15:14:03.4434171Z   include-hidden-files: false
2026-10-09T15:14:03.4434407Z ##[endgroup]
2026-10-09T15:14:03.6126413Z (node:4011) [DEP0040] DeprecationWarning: The `punycode` module is deprecated. Please use a userland alternative instead.
2026-10-09T15:14:03.6127909Z (Use `node --trace-deprecation ...` to show where the warning was created)
2026-10-09T15:14:03.6248511Z With the provided path, there will be 15 files uploaded
2026-10-09T15:14:03.6249399Z Artifact name is valid!
2026-10-09T15:14:03.6249867Z Root directory input is valid!
2026-10-09T15:14:03.9791292Z Beginning upload of artifact content to blob storage
2026-10-09T15:14:04.0197699Z (node:4011) [DEP0169] DeprecationWarning: `url.parse()` behavior is not standardized and prone to errors that have security implications. Use the WHATWG URL API instead. CVEs are not issued for `url.parse()` vulnerabilities.
2026-10-09T15:14:04.2223349Z Uploaded bytes 12538
2026-10-09T15:14:04.2810282Z Finished uploading artifact content to blob storage!
2026-10-09T15:14:04.2811693Z SHA256 digest of uploaded artifact zip is 7dca0d0dc49fd38b5c2d0c2cd39b62612f852048e024b6be454d2b0ae166930a
2026-10-09T15:14:04.2813308Z Finalizing artifact upload
2026-10-09T15:14:04.5746426Z Artifact root-typescript7-3fce771a3607341ce0c9dfc1f1fa3974e2f0dbab.zip successfully finalized. Artifact ID 11625656719
2026-10-09T15:14:04.5748607Z Artifact root-typescript7-3fce771a3607341ce0c9dfc1f1fa3974e2f0dbab has been successfully uploaded! Final size is 12538 bytes. Artifact ID is 11625656719
2026-10-09T15:14:04.5754420Z Artifact download URL: https://github.com/dwijayuda/pskernel/actions/runs/37950075083/artifacts/11625656719
2026-10-09T15:14:04.5942260Z Post job cleanup.
2026-10-09T15:14:04.6781040Z [command]/usr/bin/git version
2026-10-09T15:14:04.6823179Z git version 2.55.0
2026-10-09T15:14:04.6861718Z Temporarily overriding HOME='/home/runner/work/_temp/d2227ce7-1c37-44cb-bd88-8e13cf7bc1d8' before making global git config changes
2026-10-09T15:14:04.6863204Z Adding repository directory to the temporary git global config as a safe directory
2026-10-09T15:14:04.6875644Z [command]/usr/bin/git config --global --add safe.directory /home/runner/work/pskernel/pskernel
2026-10-09T15:14:04.6908423Z [command]/usr/bin/git config --local --name-only --get-regexp core\.sshCommand
2026-10-09T15:14:04.6946428Z [command]/usr/bin/git submodule foreach --recursive sh -c "git config --local --name-only --get-regexp 'core\.sshCommand' && git config --local --unset-all 'core.sshCommand' || :"
2026-10-09T15:14:04.7222482Z [command]/usr/bin/git config --local --name-only --get-regexp http\.https\:\/\/github\.com\/\.extraheader
2026-10-09T15:14:04.7252664Z http.https://github.com/.extraheader
2026-10-09T15:14:04.7264725Z [command]/usr/bin/git config --local --unset-all http.https://github.com/.extraheader
2026-10-09T15:14:04.7303340Z [command]/usr/bin/git submodule foreach --recursive sh -c "git config --local --name-only --get-regexp 'http\.https\:\/\/github\.com\/\.extraheader' && git config --local --unset-all 'http.https://github.com/.extraheader' || :"
2026-10-09T15:14:04.7572949Z [command]/usr/bin/git config --local --name-only --get-regexp ^includeIf\.gitdir:
2026-10-09T15:14:04.7644500Z [command]/usr/bin/git submodule foreach --recursive git config --local --show-origin --name-only --get-regexp remote.origin.url
2026-10-09T15:14:04.8150380Z Cleaning up orphan processes
2026-10-09T15:14:04.8437016Z ##[warning]Node.js 20 is deprecated. The following actions target Node.js 20 but are being forced to run on Node.js 24: actions/checkout@v4, actions/setup-node@v4, actions/upload-artifact@v4. For more information see: https://github.blog/changelog/2025-09-19-deprecation-of-node-20-on-github-actions-runners/
