2026-10-09T15:16:49.2680760Z Current runner version: '2.337.0'
2026-10-09T15:16:49.2717202Z ##[group]Runner Image Provisioner
2026-10-09T15:16:49.2718470Z Hosted Compute Agent
2026-10-09T15:16:49.2719821Z Version: 20261002.596
2026-10-09T15:16:49.2720959Z Commit: c3d12f3313a95f25162a1503be624f3b0617f8c0
2026-10-09T15:16:49.2722307Z Build Date: 2026-10-02T22:28:27Z
2026-10-09T15:16:49.2723545Z Worker ID: {7f644db1-9d22-4b56-9e8d-24c06867e3a3}
2026-10-09T15:16:49.2724768Z Region: eastus
2026-10-09T15:16:49.2725770Z Cloud: Azure
2026-10-09T15:16:49.2726743Z ##[endgroup]
2026-10-09T15:16:49.2729134Z ##[group]Operating System
2026-10-09T15:16:49.2730422Z Ubuntu
2026-10-09T15:16:49.2731287Z 24.04.5
2026-10-09T15:16:49.2732251Z LTS
2026-10-09T15:16:49.2733106Z ##[endgroup]
2026-10-09T15:16:49.2734058Z ##[group]Runner Image
2026-10-09T15:16:49.2735151Z Image: ubuntu-24.04
2026-10-09T15:16:49.2736030Z Version: 20261004.327.1
2026-10-09T15:16:49.2738211Z Included Software: https://github.com/actions/runner-images/blob/ubuntu24/20261004.327/images/ubuntu/Ubuntu2404-Readme.md
2026-10-09T15:16:49.2741900Z Image Release: https://github.com/actions/runner-images/releases/tag/ubuntu24%2F20261004.327
2026-10-09T15:16:49.2743603Z ##[endgroup]
2026-10-09T15:16:49.2745470Z ##[group]GITHUB_TOKEN Permissions
2026-10-09T15:16:49.2748409Z Contents: read
2026-10-09T15:16:49.2749440Z Metadata: read
2026-10-09T15:16:49.2750644Z ##[endgroup]
2026-10-09T15:16:49.2753521Z Secret source: Actions
2026-10-09T15:16:49.2755195Z Cache mode: write
2026-10-09T15:16:49.2756688Z Prepare workflow directory
2026-10-09T15:16:49.3229477Z Prepare all required actions
2026-10-09T15:16:49.3301275Z Getting action download info
2026-10-09T15:16:49.5341761Z Download action repository 'actions/checkout@v4' (SHA:11d5960a326750d5838078e36cf38b85af677262)
2026-10-09T15:16:49.6456309Z Download action repository 'actions/setup-node@v4' (SHA:49933ea5288caeca8642d1e84afbd3f7d6820020)
2026-10-09T15:16:49.7369313Z Download action repository 'actions/upload-artifact@v4' (SHA:ea165f8d65b6e75b540449e92b4886f43607fa02)
2026-10-09T15:16:49.9611307Z Complete job name: qualify
2026-10-09T15:16:50.0382978Z ##[group]Run actions/checkout@v4
2026-10-09T15:16:50.0383872Z with:
2026-10-09T15:16:50.0384362Z   ref: 5d3cbc82cb8759b909d1a957d6a22d542509d8c5
2026-10-09T15:16:50.0384985Z   repository: dwijayuda/pskernel
2026-10-09T15:16:50.0389055Z   token: ***
2026-10-09T15:16:50.0389489Z   ssh-strict: true
2026-10-09T15:16:50.0390146Z   ssh-user: git
2026-10-09T15:16:50.0390604Z   persist-credentials: true
2026-10-09T15:16:50.0391103Z   clean: true
2026-10-09T15:16:50.0391559Z   sparse-checkout-cone-mode: true
2026-10-09T15:16:50.0392099Z   fetch-depth: 1
2026-10-09T15:16:50.0392542Z   fetch-tags: false
2026-10-09T15:16:50.0392996Z   show-progress: true
2026-10-09T15:16:50.0393453Z   lfs: false
2026-10-09T15:16:50.0393875Z   submodules: false
2026-10-09T15:16:50.0394337Z   set-safe-directory: true
2026-10-09T15:16:50.0394854Z   allow-unsafe-pr-checkout: false
2026-10-09T15:16:50.0395742Z ##[endgroup]
2026-10-09T15:16:50.1477198Z Syncing repository: dwijayuda/pskernel
2026-10-09T15:16:50.1480249Z ##[group]Getting Git version info
2026-10-09T15:16:50.1481405Z Working directory is '/home/runner/work/pskernel/pskernel'
2026-10-09T15:16:50.1483060Z [command]/usr/bin/git version
2026-10-09T15:16:50.1567824Z git version 2.55.0
2026-10-09T15:16:50.1595604Z ##[endgroup]
2026-10-09T15:16:50.1612328Z Temporarily overriding HOME='/home/runner/work/_temp/0899e98c-b2fe-4393-ba58-65525c3c8acb' before making global git config changes
2026-10-09T15:16:50.1615660Z Adding repository directory to the temporary git global config as a safe directory
2026-10-09T15:16:50.1618387Z [command]/usr/bin/git config --global --add safe.directory /home/runner/work/pskernel/pskernel
2026-10-09T15:16:50.1676630Z Deleting the contents of '/home/runner/work/pskernel/pskernel'
2026-10-09T15:16:50.1682194Z ##[group]Initializing the repository
2026-10-09T15:16:50.1687845Z [command]/usr/bin/git init /home/runner/work/pskernel/pskernel
2026-10-09T15:16:50.1829023Z hint: Using 'master' as the name for the initial branch. This default branch name
2026-10-09T15:16:50.1831422Z hint: will change to "main" in Git 3.0. To configure the initial branch name
2026-10-09T15:16:50.1833167Z hint: to use in all of your new repositories, which will suppress this warning,
2026-10-09T15:16:50.1834813Z hint: call:
2026-10-09T15:16:50.1835519Z hint:
2026-10-09T15:16:50.1836388Z hint: 	git config --global init.defaultBranch <name>
2026-10-09T15:16:50.1837495Z hint:
2026-10-09T15:16:50.1838573Z hint: Names commonly chosen instead of 'master' are 'main', 'trunk' and
2026-10-09T15:16:50.1840668Z hint: 'development'. The just-created branch can be renamed via this command:
2026-10-09T15:16:50.1842822Z hint:
2026-10-09T15:16:50.1843562Z hint: 	git branch -m <name>
2026-10-09T15:16:50.1844358Z hint:
2026-10-09T15:16:50.1845419Z hint: Disable this message with "git config set advice.defaultBranchName false"
2026-10-09T15:16:50.1852368Z Initialized empty Git repository in /home/runner/work/pskernel/pskernel/.git/
2026-10-09T15:16:50.1864516Z [command]/usr/bin/git remote add origin https://github.com/dwijayuda/pskernel
2026-10-09T15:16:50.1918785Z ##[endgroup]
2026-10-09T15:16:50.1920307Z ##[group]Disabling automatic garbage collection
2026-10-09T15:16:50.1923854Z [command]/usr/bin/git config --local gc.auto 0
2026-10-09T15:16:50.1957433Z ##[endgroup]
2026-10-09T15:16:50.1958603Z ##[group]Setting up auth
2026-10-09T15:16:50.1965282Z [command]/usr/bin/git config --local --name-only --get-regexp core\.sshCommand
2026-10-09T15:16:50.2002606Z [command]/usr/bin/git submodule foreach --recursive sh -c "git config --local --name-only --get-regexp 'core\.sshCommand' && git config --local --unset-all 'core.sshCommand' || :"
2026-10-09T15:16:50.2455818Z [command]/usr/bin/git config --local --name-only --get-regexp http\.https\:\/\/github\.com\/\.extraheader
2026-10-09T15:16:50.2493369Z [command]/usr/bin/git submodule foreach --recursive sh -c "git config --local --name-only --get-regexp 'http\.https\:\/\/github\.com\/\.extraheader' && git config --local --unset-all 'http.https://github.com/.extraheader' || :"
2026-10-09T15:16:50.2735288Z [command]/usr/bin/git config --local --name-only --get-regexp ^includeIf\.gitdir:
2026-10-09T15:16:50.2776431Z [command]/usr/bin/git submodule foreach --recursive git config --local --show-origin --name-only --get-regexp remote.origin.url
2026-10-09T15:16:50.3027864Z [command]/usr/bin/git config --local http.https://github.com/.extraheader AUTHORIZATION: basic ***
2026-10-09T15:16:50.3075026Z ##[endgroup]
2026-10-09T15:16:50.3086044Z ##[group]Fetching the repository
2026-10-09T15:16:50.3087453Z [command]/usr/bin/git -c protocol.version=2 fetch --no-tags --prune --no-recurse-submodules --depth=1 origin 5d3cbc82cb8759b909d1a957d6a22d542509d8c5
2026-10-09T15:17:00.8120011Z From https://github.com/dwijayuda/pskernel
2026-10-09T15:17:00.8122266Z  * branch              5d3cbc82cb8759b909d1a957d6a22d542509d8c5 -> FETCH_HEAD
2026-10-09T15:17:00.8128284Z ##[endgroup]
2026-10-09T15:17:00.8131270Z ##[group]Determining the checkout info
2026-10-09T15:17:00.8134022Z ##[endgroup]
2026-10-09T15:17:00.8135586Z [command]/usr/bin/git sparse-checkout disable
2026-10-09T15:17:00.8200463Z [command]/usr/bin/git config --local --unset-all extensions.worktreeConfig
2026-10-09T15:17:00.8234493Z ##[group]Checking out the ref
2026-10-09T15:17:00.8276630Z [command]/usr/bin/git checkout --progress --force 5d3cbc82cb8759b909d1a957d6a22d542509d8c5
2026-10-09T15:17:02.6102950Z Updating files:   6% (1294/20578)
2026-10-09T15:17:02.6208770Z Updating files:   7% (1441/20578)
2026-10-09T15:17:02.6421201Z Updating files:   8% (1647/20578)
2026-10-09T15:17:02.6664251Z Updating files:   9% (1853/20578)
2026-10-09T15:17:02.7029338Z Updating files:  10% (2058/20578)
2026-10-09T15:17:02.7150597Z Updating files:  11% (2264/20578)
2026-10-09T15:17:03.0299468Z Updating files:  12% (2470/20578)
2026-10-09T15:17:03.9815314Z Updating files:  12% (2628/20578)
2026-10-09T15:17:04.2858266Z Updating files:  12% (2631/20578)
2026-10-09T15:17:04.3000363Z Updating files:  13% (2676/20578)
2026-10-09T15:17:04.3092066Z Updating files:  14% (2881/20578)
2026-10-09T15:17:04.3210354Z Updating files:  15% (3087/20578)
2026-10-09T15:17:04.3395609Z Updating files:  16% (3293/20578)
2026-10-09T15:17:04.3528325Z Updating files:  17% (3499/20578)
2026-10-09T15:17:04.3663672Z Updating files:  18% (3705/20578)
2026-10-09T15:17:04.4009448Z Updating files:  19% (3910/20578)
2026-10-09T15:17:04.4261058Z Updating files:  20% (4116/20578)
2026-10-09T15:17:04.4380676Z Updating files:  21% (4322/20578)
2026-10-09T15:17:05.0651275Z Updating files:  22% (4528/20578)
2026-10-09T15:17:06.0080353Z Updating files:  22% (4699/20578)
2026-10-09T15:17:06.0095738Z Updating files:  22% (4702/20578)
2026-10-09T15:17:06.0219320Z Updating files:  23% (4733/20578)
2026-10-09T15:17:06.0333530Z Updating files:  24% (4939/20578)
2026-10-09T15:17:06.0446539Z Updating files:  25% (5145/20578)
2026-10-09T15:17:06.0564019Z Updating files:  26% (5351/20578)
2026-10-09T15:17:06.0673227Z Updating files:  27% (5557/20578)
2026-10-09T15:17:06.1455753Z Updating files:  28% (5762/20578)
2026-10-09T15:17:06.1750375Z Updating files:  29% (5968/20578)
2026-10-09T15:17:06.1917491Z Updating files:  30% (6174/20578)
2026-10-09T15:17:06.2108611Z Updating files:  31% (6380/20578)
2026-10-09T15:17:06.2278975Z Updating files:  32% (6585/20578)
2026-10-09T15:17:06.2856233Z Updating files:  33% (6791/20578)
2026-10-09T15:17:06.3059927Z Updating files:  34% (6997/20578)
2026-10-09T15:17:06.3222866Z Updating files:  35% (7203/20578)
2026-10-09T15:17:06.3386645Z Updating files:  36% (7409/20578)
2026-10-09T15:17:06.3554818Z Updating files:  37% (7614/20578)
2026-10-09T15:17:06.3702452Z Updating files:  38% (7820/20578)
2026-10-09T15:17:06.3883977Z Updating files:  39% (8026/20578)
2026-10-09T15:17:06.4082634Z Updating files:  40% (8232/20578)
2026-10-09T15:17:06.4214825Z Updating files:  41% (8437/20578)
2026-10-09T15:17:06.4348125Z Updating files:  42% (8643/20578)
2026-10-09T15:17:06.4453057Z Updating files:  43% (8849/20578)
2026-10-09T15:17:06.4576871Z Updating files:  44% (9055/20578)
2026-10-09T15:17:06.5842099Z Updating files:  45% (9261/20578)
2026-10-09T15:17:06.6327661Z Updating files:  46% (9466/20578)
2026-10-09T15:17:06.7121505Z Updating files:  47% (9672/20578)
2026-10-09T15:17:06.8491273Z Updating files:  48% (9878/20578)
2026-10-09T15:17:06.8560827Z Updating files:  48% (10074/20578)
2026-10-09T15:17:07.0592895Z Updating files:  49% (10084/20578)
2026-10-09T15:17:07.3830979Z Updating files:  50% (10289/20578)
2026-10-09T15:17:07.5916214Z Updating files:  51% (10495/20578)
2026-10-09T15:17:07.8374118Z Updating files:  52% (10701/20578)
2026-10-09T15:17:07.8497821Z Updating files:  53% (10907/20578)
2026-10-09T15:17:08.0687464Z Updating files:  53% (10919/20578)
2026-10-09T15:17:08.3356203Z Updating files:  54% (11113/20578)
2026-10-09T15:17:08.4332618Z Updating files:  55% (11318/20578)
2026-10-09T15:17:08.5276298Z Updating files:  56% (11524/20578)
2026-10-09T15:17:08.5637563Z Updating files:  57% (11730/20578)
2026-10-09T15:17:08.5712911Z Updating files:  58% (11936/20578)
2026-10-09T15:17:08.5785950Z Updating files:  59% (12142/20578)
2026-10-09T15:17:08.5863004Z Updating files:  60% (12347/20578)
2026-10-09T15:17:08.5939611Z Updating files:  61% (12553/20578)
2026-10-09T15:17:08.6027903Z Updating files:  62% (12759/20578)
2026-10-09T15:17:08.6119199Z Updating files:  63% (12965/20578)
2026-10-09T15:17:08.6212731Z Updating files:  64% (13170/20578)
2026-10-09T15:17:08.6316671Z Updating files:  65% (13376/20578)
2026-10-09T15:17:08.6415015Z Updating files:  66% (13582/20578)
2026-10-09T15:17:08.6509159Z Updating files:  67% (13788/20578)
2026-10-09T15:17:08.6601674Z Updating files:  68% (13994/20578)
2026-10-09T15:17:08.6698448Z Updating files:  69% (14199/20578)
2026-10-09T15:17:08.6793157Z Updating files:  70% (14405/20578)
2026-10-09T15:17:08.6889829Z Updating files:  71% (14611/20578)
2026-10-09T15:17:08.6983215Z Updating files:  72% (14817/20578)
2026-10-09T15:17:08.7076091Z Updating files:  73% (15022/20578)
2026-10-09T15:17:08.7199335Z Updating files:  74% (15228/20578)
2026-10-09T15:17:08.7292217Z Updating files:  75% (15434/20578)
2026-10-09T15:17:08.7382812Z Updating files:  76% (15640/20578)
2026-10-09T15:17:08.7474680Z Updating files:  77% (15846/20578)
2026-10-09T15:17:08.7574567Z Updating files:  78% (16051/20578)
2026-10-09T15:17:08.7668566Z Updating files:  79% (16257/20578)
2026-10-09T15:17:08.7796519Z Updating files:  80% (16463/20578)
2026-10-09T15:17:08.7870587Z Updating files:  81% (16669/20578)
2026-10-09T15:17:08.7954277Z Updating files:  82% (16874/20578)
2026-10-09T15:17:08.8035042Z Updating files:  83% (17080/20578)
2026-10-09T15:17:08.8119770Z Updating files:  84% (17286/20578)
2026-10-09T15:17:08.8204422Z Updating files:  85% (17492/20578)
2026-10-09T15:17:08.8286196Z Updating files:  86% (17698/20578)
2026-10-09T15:17:08.8344589Z Updating files:  87% (17903/20578)
2026-10-09T15:17:08.8405349Z Updating files:  88% (18109/20578)
2026-10-09T15:17:08.8479333Z Updating files:  89% (18315/20578)
2026-10-09T15:17:08.8487373Z Updating files:  90% (18521/20578)
2026-10-09T15:17:08.8828399Z Updating files:  90% (18533/20578)
2026-10-09T15:17:08.8941745Z Updating files:  91% (18726/20578)
2026-10-09T15:17:08.9035523Z Updating files:  92% (18932/20578)
2026-10-09T15:17:08.9126908Z Updating files:  93% (19138/20578)
2026-10-09T15:17:09.0571452Z Updating files:  94% (19344/20578)
2026-10-09T15:17:09.1422743Z Updating files:  95% (19550/20578)
2026-10-09T15:17:09.1989946Z Updating files:  96% (19755/20578)
2026-10-09T15:17:09.2284297Z Updating files:  97% (19961/20578)
2026-10-09T15:17:09.2903538Z Updating files:  98% (20167/20578)
2026-10-09T15:17:09.3341750Z Updating files:  99% (20373/20578)
2026-10-09T15:17:09.3342308Z Updating files: 100% (20578/20578)
2026-10-09T15:17:09.3342793Z Updating files: 100% (20578/20578), done.
2026-10-09T15:17:09.3934406Z Note: switching to '5d3cbc82cb8759b909d1a957d6a22d542509d8c5'.
2026-10-09T15:17:09.3935049Z 
2026-10-09T15:17:09.3935695Z You are in 'detached HEAD' state. You can look around, make experimental
2026-10-09T15:17:09.3937184Z changes and commit them, and you can discard any commits you make in this
2026-10-09T15:17:09.3938784Z state without impacting any branches by switching back to a branch.
2026-10-09T15:17:09.3940115Z 
2026-10-09T15:17:09.3941414Z If you want to create a new branch to retain commits you create, you may
2026-10-09T15:17:09.3943299Z do so (now or later) by using -c with the switch command. Example:
2026-10-09T15:17:09.3944568Z 
2026-10-09T15:17:09.3945418Z   git switch -c <new-branch-name>
2026-10-09T15:17:09.3946147Z 
2026-10-09T15:17:09.3946465Z Or undo this operation with:
2026-10-09T15:17:09.3946894Z 
2026-10-09T15:17:09.3947180Z   git switch -
2026-10-09T15:17:09.3947509Z 
2026-10-09T15:17:09.3947911Z Turn off this advice by setting config variable advice.detachedHead to false
2026-10-09T15:17:09.3948460Z 
2026-10-09T15:17:09.3949044Z HEAD is now at 5d3cbc82 Correct the Lean exporter subprocess type for its existing ignored stdin [root-ts7-qualify]
2026-10-09T15:17:09.4056433Z ##[endgroup]
2026-10-09T15:17:09.4102699Z [command]/usr/bin/git log -1 --format=%H
2026-10-09T15:17:09.4131453Z 5d3cbc82cb8759b909d1a957d6a22d542509d8c5
2026-10-09T15:17:09.5376313Z ##[group]Run actions/setup-node@v4
2026-10-09T15:17:09.5376626Z with:
2026-10-09T15:17:09.5376856Z   node-version: 22.23.3
2026-10-09T15:17:09.5377095Z   always-auth: false
2026-10-09T15:17:09.5377327Z   check-latest: false
2026-10-09T15:17:09.5380052Z   token: ***
2026-10-09T15:17:09.5380270Z ##[endgroup]
2026-10-09T15:17:09.7411912Z Found in cache @ /opt/hostedtoolcache/node/22.23.3/x64
2026-10-09T15:17:09.7418818Z (node:2316) [DEP0040] DeprecationWarning: The `punycode` module is deprecated. Please use a userland alternative instead.
2026-10-09T15:17:09.7420590Z (Use `node --trace-deprecation ...` to show where the warning was created)
2026-10-09T15:17:09.7422722Z ##[group]Environment details
2026-10-09T15:17:10.3641115Z node: v22.23.3
2026-10-09T15:17:10.3641780Z npm: 10.9.9
2026-10-09T15:17:10.3642874Z yarn: 1.22.22
2026-10-09T15:17:10.3644343Z ##[endgroup]
2026-10-09T15:17:10.3801958Z ##[group]Run node scripts/root-typescript7-qualify.mjs
2026-10-09T15:17:10.3802514Z [36;1mnode scripts/root-typescript7-qualify.mjs[0m
2026-10-09T15:17:10.4092913Z shell: /usr/bin/bash -e {0}
2026-10-09T15:17:10.4093373Z ##[endgroup]
2026-10-09T15:17:10.4822765Z PS_ROOT_TS7_EVIDENCE_FILE_MANIFEST {"path":"dist/typescript7-root/package-lock.json","sha256":"69c5e49b040ff3d45909e15cf1e2123af39fa223b00a7241b533c022a49e33e1","bytes":21592,"chunkCount":22}
2026-10-09T15:17:10.4834752Z PS_ROOT_TS7_EVIDENCE_FILE_CHUNK {"path":"dist/typescript7-root/package-lock.json","sha256":"69c5e49b040ff3d45909e15cf1e2123af39fa223b00a7241b533c022a49e33e1","bytes":21592,"chunkIndex":0,"chunkCount":22,"content":"{\n  \"name\": \"lean-ts-kernel\",\n  \"version\": \"0.1.0\",\n  \"lockfileVersion\": 3,\n  \"requires\": true,\n  \"packages\": {\n    \"\": {\n      \"name\": \"lean-ts-kernel\",\n      \"version\": \"0.1.0\",\n      \"workspaces\": [\n        \"packages/*\"\n      ],\n      \"devDependencies\": {\n        \"@types/node\": \"22.15.3\",\n        \"typescript\": \"7.0.2\"\n      }\n    },\n    \"node_modules/@proofscript/backend-ts\": {\n      \"resolved\": \"packages/backend-ts\",\n      \"link\": true\n    },\n    \"node_modules/@proofscript/browser\": {\n      \"resolved\": \"packages/browser\",\n      \"link\": true\n    },\n    \"node_modules/@proofscript/checked-core\": {\n      \"resolved\": \"packages/checked-core\",\n      \"link\": true\n    },\n    \"node_modules/@proofscript/compiler\": {\n      \"resolved\": \"packages/compiler\",\n      \"link\": true\n    },\n    \"node_modules/@proofscript/compiler-ir\": {\n      \"resolved\": \"packages/compiler-ir\",\n      \"link\": true\n    },\n    \"node_modules/@proofscript/conformance\": {\n      \"resolved\": \"packages/conformance\",\n      \"link\": true\n    },\n    \"node_"}
2026-10-09T15:17:10.4845909Z PS_ROOT_TS7_EVIDENCE_FILE_CHUNK {"path":"dist/typescript7-root/package-lock.json","sha256":"69c5e49b040ff3d45909e15cf1e2123af39fa223b00a7241b533c022a49e33e1","bytes":21592,"chunkIndex":1,"chunkCount":22,"content":"modules/@proofscript/elab\": {\n      \"resolved\": \"packages/elab\",\n      \"link\": true\n    },\n    \"node_modules/@proofscript/environment\": {\n      \"resolved\": \"packages/environment\",\n      \"link\": true\n    },\n    \"node_modules/@proofscript/erasure\": {\n      \"resolved\": \"packages/erasure\",\n      \"link\": true\n    },\n    \"node_modules/@proofscript/language-service\": {\n      \"resolved\": \"packages/language-service\",\n      \"link\": true\n    },\n    \"node_modules/@proofscript/lean4export\": {\n      \"resolved\": \"packages/lean4export\",\n      \"link\": true\n    },\n    \"node_modules/@proofscript/lsp\": {\n      \"resolved\": \"packages/lsp\",\n      \"link\": true\n    },\n    \"node_modules/@proofscript/meta\": {\n      \"resolved\": \"packages/meta\",\n      \"link\": true\n    },\n    \"node_modules/@proofscript/module\": {\n      \"resolved\": \"packages/module\",\n      \"link\": true\n    },\n    \"node_modules/@proofscript/pretty\": {\n      \"resolved\": \"packages/pretty\",\n      \"link\": true\n    },\n    \"node_modules/@proofscript/project\": {\n      \"resolved\": "}
2026-10-09T15:17:10.4856528Z PS_ROOT_TS7_EVIDENCE_FILE_CHUNK {"path":"dist/typescript7-root/package-lock.json","sha256":"69c5e49b040ff3d45909e15cf1e2123af39fa223b00a7241b533c022a49e33e1","bytes":21592,"chunkIndex":2,"chunkCount":22,"content":"\"packages/project\",\n      \"link\": true\n    },\n    \"node_modules/@proofscript/runtime\": {\n      \"resolved\": \"packages/runtime\",\n      \"link\": true\n    },\n    \"node_modules/@proofscript/syntax\": {\n      \"resolved\": \"packages/syntax\",\n      \"link\": true\n    },\n    \"node_modules/@proofscript/tactic\": {\n      \"resolved\": \"packages/tactic\",\n      \"link\": true\n    },\n    \"node_modules/@types/node\": {\n      \"version\": \"22.15.3\",\n      \"resolved\": \"https://registry.npmjs.org/@types/node/-/node-22.15.3.tgz\",\n      \"integrity\": \"sha512-lX7HFZeHf4QG/J7tBZqrCAXwz9J5RD56Y6MpP0eJkka8p+K0RY/yBTW7CYFJ4VGCclxqOLKmiGP5juQc6MKgcw==\",\n      \"dev\": true,\n      \"license\": \"MIT\",\n      \"dependencies\": {\n        \"undici-types\": \"~6.21.0\"\n      }\n    },\n    \"node_modules/@typescript/typescript-aix-ppc64\": {\n      \"version\": \"7.0.2\",\n      \"resolved\": \"https://registry.npmjs.org/@typescript/typescript-aix-ppc64/-/typescript-aix-ppc64-7.0.2.tgz\",\n      \"integrity\": \"sha512-MTKKkWB7p/0E9xi1d1tHtZ5PiLkGEMIq88pK2CubZjOsLtYTLqhgIgi6zepFa+9G"}
2026-10-09T15:17:10.4867179Z PS_ROOT_TS7_EVIDENCE_FILE_CHUNK {"path":"dist/typescript7-root/package-lock.json","sha256":"69c5e49b040ff3d45909e15cf1e2123af39fa223b00a7241b533c022a49e33e1","bytes":21592,"chunkIndex":3,"chunkCount":22,"content":"HZ6h05NMCkQxGKiPXMxXtQ==\",\n      \"cpu\": [\n        \"ppc64\"\n      ],\n      \"license\": \"Apache-2.0\",\n      \"optional\": true,\n      \"os\": [\n        \"aix\"\n      ],\n      \"engines\": {\n        \"node\": \">=16.20.0\"\n      }\n    },\n    \"node_modules/@typescript/typescript-darwin-arm64\": {\n      \"version\": \"7.0.2\",\n      \"resolved\": \"https://registry.npmjs.org/@typescript/typescript-darwin-arm64/-/typescript-darwin-arm64-7.0.2.tgz\",\n      \"integrity\": \"sha512-gowzar9MwS/aRWp6f3a4KUqzRjAZjOsmGNCM6LcTgXum+dBfgsBVMN+AgvOCCbguXyick6LJhpBszxMebJ8syA==\",\n      \"cpu\": [\n        \"arm64\"\n      ],\n      \"license\": \"Apache-2.0\",\n      \"optional\": true,\n      \"os\": [\n        \"darwin\"\n      ],\n      \"engines\": {\n        \"node\": \">=16.20.0\"\n      }\n    },\n    \"node_modules/@typescript/typescript-darwin-x64\": {\n      \"version\": \"7.0.2\",\n      \"resolved\": \"https://registry.npmjs.org/@typescript/typescript-darwin-x64/-/typescript-darwin-x64-7.0.2.tgz\",\n      \"integrity\": \"sha512-SZ9xZInqApNlNGc9s0W1VSsktYSOe9cFqNOIqmN1Gs8SmkjKZYFt017G4Vw"}
2026-10-09T15:17:10.4877692Z PS_ROOT_TS7_EVIDENCE_FILE_CHUNK {"path":"dist/typescript7-root/package-lock.json","sha256":"69c5e49b040ff3d45909e15cf1e2123af39fa223b00a7241b533c022a49e33e1","bytes":21592,"chunkIndex":4,"chunkCount":22,"content":"PxASInODuAdbTW7sXiFUf893RgA==\",\n      \"cpu\": [\n        \"x64\"\n      ],\n      \"license\": \"Apache-2.0\",\n      \"optional\": true,\n      \"os\": [\n        \"darwin\"\n      ],\n      \"engines\": {\n        \"node\": \">=16.20.0\"\n      }\n    },\n    \"node_modules/@typescript/typescript-freebsd-arm64\": {\n      \"version\": \"7.0.2\",\n      \"resolved\": \"https://registry.npmjs.org/@typescript/typescript-freebsd-arm64/-/typescript-freebsd-arm64-7.0.2.tgz\",\n      \"integrity\": \"sha512-W5NH4y/J0plIIS5b2xvTEkU7JFxyqdMAOgf+Ilhl0vHQXKO5dZoxd+C/jEtq56c4F3wk71RB4BMRQ2XdI+bwYQ==\",\n      \"cpu\": [\n        \"arm64\"\n      ],\n      \"license\": \"Apache-2.0\",\n      \"optional\": true,\n      \"os\": [\n        \"freebsd\"\n      ],\n      \"engines\": {\n        \"node\": \">=16.20.0\"\n      }\n    },\n    \"node_modules/@typescript/typescript-freebsd-x64\": {\n      \"version\": \"7.0.2\",\n      \"resolved\": \"https://registry.npmjs.org/@typescript/typescript-freebsd-x64/-/typescript-freebsd-x64-7.0.2.tgz\",\n      \"integrity\": \"sha512-UMGDx5sTpzNw3WiPebH7l90IWfJggEd+egHt/q6p7/Cm3z"}
2026-10-09T15:17:10.4888354Z PS_ROOT_TS7_EVIDENCE_FILE_CHUNK {"path":"dist/typescript7-root/package-lock.json","sha256":"69c5e49b040ff3d45909e15cf1e2123af39fa223b00a7241b533c022a49e33e1","bytes":21592,"chunkIndex":5,"chunkCount":22,"content":"qoV7VxkGXt+3DxPIw8CcmvAB0j3sVVfbhX+M4Tpw==\",\n      \"cpu\": [\n        \"x64\"\n      ],\n      \"license\": \"Apache-2.0\",\n      \"optional\": true,\n      \"os\": [\n        \"freebsd\"\n      ],\n      \"engines\": {\n        \"node\": \">=16.20.0\"\n      }\n    },\n    \"node_modules/@typescript/typescript-linux-arm\": {\n      \"version\": \"7.0.2\",\n      \"resolved\": \"https://registry.npmjs.org/@typescript/typescript-linux-arm/-/typescript-linux-arm-7.0.2.tgz\",\n      \"integrity\": \"sha512-gffT3xPz9sR7j/YJExkyPntrI0P2EP9XbOyWzth2/Gs0RstK+90RBcO0ncXoXy/beYll1SXw846Nf2zdnEz0QQ==\",\n      \"cpu\": [\n        \"arm\"\n      ],\n      \"license\": \"Apache-2.0\",\n      \"optional\": true,\n      \"os\": [\n        \"linux\"\n      ],\n      \"engines\": {\n        \"node\": \">=16.20.0\"\n      }\n    },\n    \"node_modules/@typescript/typescript-linux-arm64\": {\n      \"version\": \"7.0.2\",\n      \"resolved\": \"https://registry.npmjs.org/@typescript/typescript-linux-arm64/-/typescript-linux-arm64-7.0.2.tgz\",\n      \"integrity\": \"sha512-Qh4eU4/y3yDjnfjjyPYihMj5/ODIlmt+Bzu17OI+fiSRDW57"}
2026-10-09T15:17:10.4902971Z PS_ROOT_TS7_EVIDENCE_FILE_CHUNK {"path":"dist/typescript7-root/package-lock.json","sha256":"69c5e49b040ff3d45909e15cf1e2123af39fa223b00a7241b533c022a49e33e1","bytes":21592,"chunkIndex":6,"chunkCount":22,"content":"QmU5SiN63exPRNJPKUzcc1INa1NXdrJ+MqHjUQ==\",\n      \"cpu\": [\n        \"arm64\"\n      ],\n      \"license\": \"Apache-2.0\",\n      \"optional\": true,\n      \"os\": [\n        \"linux\"\n      ],\n      \"engines\": {\n        \"node\": \">=16.20.0\"\n      }\n    },\n    \"node_modules/@typescript/typescript-linux-loong64\": {\n      \"version\": \"7.0.2\",\n      \"resolved\": \"https://registry.npmjs.org/@typescript/typescript-linux-loong64/-/typescript-linux-loong64-7.0.2.tgz\",\n      \"integrity\": \"sha512-uEHck9i8hoAzXPiYRib1O7miOnz23SxIeVl6F4LXox+qov1K35jHcEW6VHKvZI+pyvl7fZEP4MCU5LYvIq1GuQ==\",\n      \"cpu\": [\n        \"loong64\"\n      ],\n      \"license\": \"Apache-2.0\",\n      \"optional\": true,\n      \"os\": [\n        \"linux\"\n      ],\n      \"engines\": {\n        \"node\": \">=16.20.0\"\n      }\n    },\n    \"node_modules/@typescript/typescript-linux-mips64el\": {\n      \"version\": \"7.0.2\",\n      \"resolved\": \"https://registry.npmjs.org/@typescript/typescript-linux-mips64el/-/typescript-linux-mips64el-7.0.2.tgz\",\n      \"integrity\": \"sha512-R4KvAMnE43W5Qeqb0Ly56O3mW"}
2026-10-09T15:17:10.4921245Z PS_ROOT_TS7_EVIDENCE_FILE_CHUNK {"path":"dist/typescript7-root/package-lock.json","sha256":"69c5e49b040ff3d45909e15cf1e2123af39fa223b00a7241b533c022a49e33e1","bytes":21592,"chunkIndex":7,"chunkCount":22,"content":"MWIAgsMyz36DCaycd5nbg/9kzm0liw3JocfRqyJY0KPmzFjbswozXyW0DnIYA==\",\n      \"cpu\": [\n        \"mips64el\"\n      ],\n      \"license\": \"Apache-2.0\",\n      \"optional\": true,\n      \"os\": [\n        \"linux\"\n      ],\n      \"engines\": {\n        \"node\": \">=16.20.0\"\n      }\n    },\n    \"node_modules/@typescript/typescript-linux-ppc64\": {\n      \"version\": \"7.0.2\",\n      \"resolved\": \"https://registry.npmjs.org/@typescript/typescript-linux-ppc64/-/typescript-linux-ppc64-7.0.2.tgz\",\n      \"integrity\": \"sha512-DORx5b3sd/4S7eayxm4FQv+A7CrkUIGRaHiwI8oiHTAI1fAPWhF4J0vAlkC8biAlHSVVwxMQ3tjZ2/DVbnQiiA==\",\n      \"cpu\": [\n        \"ppc64\"\n      ],\n      \"license\": \"Apache-2.0\",\n      \"optional\": true,\n      \"os\": [\n        \"linux\"\n      ],\n      \"engines\": {\n        \"node\": \">=16.20.0\"\n      }\n    },\n    \"node_modules/@typescript/typescript-linux-riscv64\": {\n      \"version\": \"7.0.2\",\n      \"resolved\": \"https://registry.npmjs.org/@typescript/typescript-linux-riscv64/-/typescript-linux-riscv64-7.0.2.tgz\",\n      \"integrity\": \"sha512-wf0jqEDOjr"}
2026-10-09T15:17:10.4939993Z PS_ROOT_TS7_EVIDENCE_FILE_CHUNK {"path":"dist/typescript7-root/package-lock.json","sha256":"69c5e49b040ff3d45909e15cf1e2123af39fa223b00a7241b533c022a49e33e1","bytes":21592,"chunkIndex":8,"chunkCount":22,"content":"PRnKwYRyyJDRo11KMbvMFrU+q4zqKyChODBzvlkbhNQfKvLxQCcwTpdDaXSHZTVuh0JoCrKCUMHQ==\",\n      \"cpu\": [\n        \"riscv64\"\n      ],\n      \"license\": \"Apache-2.0\",\n      \"optional\": true,\n      \"os\": [\n        \"linux\"\n      ],\n      \"engines\": {\n        \"node\": \">=16.20.0\"\n      }\n    },\n    \"node_modules/@typescript/typescript-linux-s390x\": {\n      \"version\": \"7.0.2\",\n      \"resolved\": \"https://registry.npmjs.org/@typescript/typescript-linux-s390x/-/typescript-linux-s390x-7.0.2.tgz\",\n      \"integrity\": \"sha512-IkwJc3L7yhytWd/ewjyxNDfOmswCm9GWMJT/ue/dU4aZNbwZeYAetq42VyLmsmSjvoX7z74X6ZaYCtzAr0EuGw==\",\n      \"cpu\": [\n        \"s390x\"\n      ],\n      \"license\": \"Apache-2.0\",\n      \"optional\": true,\n      \"os\": [\n        \"linux\"\n      ],\n      \"engines\": {\n        \"node\": \">=16.20.0\"\n      }\n    },\n    \"node_modules/@typescript/typescript-linux-x64\": {\n      \"version\": \"7.0.2\",\n      \"resolved\": \"https://registry.npmjs.org/@typescript/typescript-linux-x64/-/typescript-linux-x64-7.0.2.tgz\",\n      \"integrity\": \"sha512-EYdf2cNg"}
2026-10-09T15:17:10.4958463Z PS_ROOT_TS7_EVIDENCE_FILE_CHUNK {"path":"dist/typescript7-root/package-lock.json","sha256":"69c5e49b040ff3d45909e15cf1e2123af39fa223b00a7241b533c022a49e33e1","bytes":21592,"chunkIndex":9,"chunkCount":22,"content":"7rgCWJnxCdJ+F3V39O8ihb37eHAu1LK8oAFizgTQbPOK7zHHXbPt8rX24COqODXeI3sIf0fCXG7H/A==\",\n      \"cpu\": [\n        \"x64\"\n      ],\n      \"license\": \"Apache-2.0\",\n      \"optional\": true,\n      \"os\": [\n        \"linux\"\n      ],\n      \"engines\": {\n        \"node\": \">=16.20.0\"\n      }\n    },\n    \"node_modules/@typescript/typescript-netbsd-arm64\": {\n      \"version\": \"7.0.2\",\n      \"resolved\": \"https://registry.npmjs.org/@typescript/typescript-netbsd-arm64/-/typescript-netbsd-arm64-7.0.2.tgz\",\n      \"integrity\": \"sha512-+polYF4MF04aPpO5FTkHran9yUQDSXqy5GiSDKpsll5jy3l3+g9QLhpf39T+ePtefhXLOGrLl0QIjkQP6VnelA==\",\n      \"cpu\": [\n        \"arm64\"\n      ],\n      \"license\": \"Apache-2.0\",\n      \"optional\": true,\n      \"os\": [\n        \"netbsd\"\n      ],\n      \"engines\": {\n        \"node\": \">=16.20.0\"\n      }\n    },\n    \"node_modules/@typescript/typescript-netbsd-x64\": {\n      \"version\": \"7.0.2\",\n      \"resolved\": \"https://registry.npmjs.org/@typescript/typescript-netbsd-x64/-/typescript-netbsd-x64-7.0.2.tgz\",\n      \"integrity\": \"sha512-8YI"}
2026-10-09T15:17:10.4976946Z PS_ROOT_TS7_EVIDENCE_FILE_CHUNK {"path":"dist/typescript7-root/package-lock.json","sha256":"69c5e49b040ff3d45909e15cf1e2123af39fa223b00a7241b533c022a49e33e1","bytes":21592,"chunkIndex":10,"chunkCount":22,"content":"T0EHM/3dq10ZOVF/A7pc/YSMtbcecct4rWtexrnSCHOPcpC2KTLXfTCR6vDpnSiY12heNb1GiN/wu+T/FyA==\",\n      \"cpu\": [\n        \"x64\"\n      ],\n      \"license\": \"Apache-2.0\",\n      \"optional\": true,\n      \"os\": [\n        \"netbsd\"\n      ],\n      \"engines\": {\n        \"node\": \">=16.20.0\"\n      }\n    },\n    \"node_modules/@typescript/typescript-openbsd-arm64\": {\n      \"version\": \"7.0.2\",\n      \"resolved\": \"https://registry.npmjs.org/@typescript/typescript-openbsd-arm64/-/typescript-openbsd-arm64-7.0.2.tgz\",\n      \"integrity\": \"sha512-APT8+ClYnuYm1u9+kgGXoMj2VzWzcymwh2gNSQVySHfkRDGOTVkoWLjCmOQSaO+PoqQ57B0flRp9SA+7GnnkzQ==\",\n      \"cpu\": [\n        \"arm64\"\n      ],\n      \"license\": \"Apache-2.0\",\n      \"optional\": true,\n      \"os\": [\n        \"openbsd\"\n      ],\n      \"engines\": {\n        \"node\": \">=16.20.0\"\n      }\n    },\n    \"node_modules/@typescript/typescript-openbsd-x64\": {\n      \"version\": \"7.0.2\",\n      \"resolved\": \"https://registry.npmjs.org/@typescript/typescript-openbsd-x64/-/typescript-openbsd-x64-7.0.2.tgz\",\n      \"integrity\""}
2026-10-09T15:17:10.4995549Z PS_ROOT_TS7_EVIDENCE_FILE_CHUNK {"path":"dist/typescript7-root/package-lock.json","sha256":"69c5e49b040ff3d45909e15cf1e2123af39fa223b00a7241b533c022a49e33e1","bytes":21592,"chunkIndex":11,"chunkCount":22,"content":": \"sha512-yX7s+Q0Dln0Dt9tEzZsAjXXR/+ytBM7AlglaqyeMPxQszJ1JhlJdZ6jLA+IzldHtflX81em7lDao1xXu+aRRkg==\",\n      \"cpu\": [\n        \"x64\"\n      ],\n      \"license\": \"Apache-2.0\",\n      \"optional\": true,\n      \"os\": [\n        \"openbsd\"\n      ],\n      \"engines\": {\n        \"node\": \">=16.20.0\"\n      }\n    },\n    \"node_modules/@typescript/typescript-sunos-x64\": {\n      \"version\": \"7.0.2\",\n      \"resolved\": \"https://registry.npmjs.org/@typescript/typescript-sunos-x64/-/typescript-sunos-x64-7.0.2.tgz\",\n      \"integrity\": \"sha512-dLJDGaLZ1D4HPQn62u1n8mBDkJREwMsAkCdkwd4Ieqw+x3TUyTsqY0YiBCtE6H6OzzgGk3iuZ3vFWRS+E8/d1g==\",\n      \"cpu\": [\n        \"x64\"\n      ],\n      \"license\": \"Apache-2.0\",\n      \"optional\": true,\n      \"os\": [\n        \"sunos\"\n      ],\n      \"engines\": {\n        \"node\": \">=16.20.0\"\n      }\n    },\n    \"node_modules/@typescript/typescript-win32-arm64\": {\n      \"version\": \"7.0.2\",\n      \"resolved\": \"https://registry.npmjs.org/@typescript/typescript-win32-arm64/-/typescript-win32-arm64-7.0.2.tgz\",\n      \"integrity\": "}
2026-10-09T15:17:10.5013934Z PS_ROOT_TS7_EVIDENCE_FILE_CHUNK {"path":"dist/typescript7-root/package-lock.json","sha256":"69c5e49b040ff3d45909e15cf1e2123af39fa223b00a7241b533c022a49e33e1","bytes":21592,"chunkIndex":12,"chunkCount":22,"content":"\"sha512-Gyl1Vy6OsWesLzmq+EP0Fb7b4Nid5232AvcA2SFcdYreldpNtYFFofPjnt62y9hQy7VTaZp65ICJjuAQRaVcIQ==\",\n      \"cpu\": [\n        \"arm64\"\n      ],\n      \"license\": \"Apache-2.0\",\n      \"optional\": true,\n      \"os\": [\n        \"win32\"\n      ],\n      \"engines\": {\n        \"node\": \">=16.20.0\"\n      }\n    },\n    \"node_modules/@typescript/typescript-win32-x64\": {\n      \"version\": \"7.0.2\",\n      \"resolved\": \"https://registry.npmjs.org/@typescript/typescript-win32-x64/-/typescript-win32-x64-7.0.2.tgz\",\n      \"integrity\": \"sha512-0BQ3HkAHHlKLSp1qRvf3SUhGpGsDuhB/jgFw75guyqbxJqEaS0Cw/VFO8i2nHglJUzQCRtMMR/IBAKE3ETMC4g==\",\n      \"cpu\": [\n        \"x64\"\n      ],\n      \"license\": \"Apache-2.0\",\n      \"optional\": true,\n      \"os\": [\n        \"win32\"\n      ],\n      \"engines\": {\n        \"node\": \">=16.20.0\"\n      }\n    },\n    \"node_modules/lean-ts-kernel\": {\n      \"resolved\": \"\",\n      \"link\": true\n    },\n    \"node_modules/pskernel-cli\": {\n      \"resolved\": \"packages/cli\",\n      \"link\": true\n    },\n    \"node_modules/typescript\": {\n      \"ve"}
2026-10-09T15:17:10.5032095Z PS_ROOT_TS7_EVIDENCE_FILE_CHUNK {"path":"dist/typescript7-root/package-lock.json","sha256":"69c5e49b040ff3d45909e15cf1e2123af39fa223b00a7241b533c022a49e33e1","bytes":21592,"chunkIndex":13,"chunkCount":22,"content":"rsion\": \"7.0.2\",\n      \"resolved\": \"https://registry.npmjs.org/typescript/-/typescript-7.0.2.tgz\",\n      \"integrity\": \"sha512-8FYau96o3NKOhbjKi/qNvG/W5jhzxkbdm5sj9AbZ/5T5sWqn3hJgLfGx27sRKZWTvyzCP8dLRBTf5tBTSRVUNA==\",\n      \"license\": \"Apache-2.0\",\n      \"bin\": {\n        \"tsc\": \"bin/tsc\"\n      },\n      \"engines\": {\n        \"node\": \">=16.20.0\"\n      },\n      \"optionalDependencies\": {\n        \"@typescript/typescript-aix-ppc64\": \"7.0.2\",\n        \"@typescript/typescript-darwin-arm64\": \"7.0.2\",\n        \"@typescript/typescript-darwin-x64\": \"7.0.2\",\n        \"@typescript/typescript-freebsd-arm64\": \"7.0.2\",\n        \"@typescript/typescript-freebsd-x64\": \"7.0.2\",\n        \"@typescript/typescript-linux-arm\": \"7.0.2\",\n        \"@typescript/typescript-linux-arm64\": \"7.0.2\",\n        \"@typescript/typescript-linux-loong64\": \"7.0.2\",\n        \"@typescript/typescript-linux-mips64el\": \"7.0.2\",\n        \"@typescript/typescript-linux-ppc64\": \"7.0.2\",\n        \"@typescript/typescript-linux-riscv64\": \"7.0.2\",\n        \"@typescript/typescri"}
2026-10-09T15:17:10.5051684Z PS_ROOT_TS7_EVIDENCE_FILE_CHUNK {"path":"dist/typescript7-root/package-lock.json","sha256":"69c5e49b040ff3d45909e15cf1e2123af39fa223b00a7241b533c022a49e33e1","bytes":21592,"chunkIndex":14,"chunkCount":22,"content":"pt-linux-s390x\": \"7.0.2\",\n        \"@typescript/typescript-linux-x64\": \"7.0.2\",\n        \"@typescript/typescript-netbsd-arm64\": \"7.0.2\",\n        \"@typescript/typescript-netbsd-x64\": \"7.0.2\",\n        \"@typescript/typescript-openbsd-arm64\": \"7.0.2\",\n        \"@typescript/typescript-openbsd-x64\": \"7.0.2\",\n        \"@typescript/typescript-sunos-x64\": \"7.0.2\",\n        \"@typescript/typescript-win32-arm64\": \"7.0.2\",\n        \"@typescript/typescript-win32-x64\": \"7.0.2\"\n      }\n    },\n    \"node_modules/undici-types\": {\n      \"version\": \"6.21.0\",\n      \"resolved\": \"https://registry.npmjs.org/undici-types/-/undici-types-6.21.0.tgz\",\n      \"integrity\": \"sha512-iwDZqg0QAGrg9Rav5H4n0M64c3mkR59cJ6wQp+7C4nI0gsmExaedaYLNO44eT4AtBBwjbTiGPMlt2Md0T9H9JQ==\",\n      \"dev\": true,\n      \"license\": \"MIT\"\n    },\n    \"packages/backend-ts\": {\n      \"name\": \"@proofscript/backend-ts\",\n      \"version\": \"0.0.0-dev\",\n      \"dependencies\": {\n        \"@proofscript/compiler-ir\": \"file:../compiler-ir\",\n        \"typescript\": \"7.0.2\"\n      },\n      \"dev"}
2026-10-09T15:17:10.5068160Z PS_ROOT_TS7_EVIDENCE_FILE_CHUNK {"path":"dist/typescript7-root/package-lock.json","sha256":"69c5e49b040ff3d45909e15cf1e2123af39fa223b00a7241b533c022a49e33e1","bytes":21592,"chunkIndex":15,"chunkCount":22,"content":"Dependencies\": {\n        \"@types/node\": \"22.15.3\"\n      }\n    },\n    \"packages/browser\": {\n      \"name\": \"@proofscript/browser\",\n      \"version\": \"0.0.0-dev\",\n      \"devDependencies\": {\n        \"typescript\": \"7.0.2\"\n      }\n    },\n    \"packages/checked-core\": {\n      \"name\": \"@proofscript/checked-core\",\n      \"version\": \"0.0.0-dev\",\n      \"dependencies\": {\n        \"lean-ts-kernel\": \"file:../..\"\n      },\n      \"devDependencies\": {\n        \"typescript\": \"7.0.2\"\n      }\n    },\n    \"packages/cli\": {\n      \"name\": \"pskernel-cli\",\n      \"version\": \"0.1.0\",\n      \"dependencies\": {\n        \"@proofscript/backend-ts\": \"file:../backend-ts\",\n        \"@proofscript/checked-core\": \"file:../checked-core\",\n        \"@proofscript/compiler\": \"file:../compiler\",\n        \"@proofscript/compiler-ir\": \"file:../compiler-ir\",\n        \"@proofscript/elab\": \"file:../elab\",\n        \"@proofscript/environment\": \"file:../environment\",\n        \"@proofscript/module\": \"file:../module\",\n        \"@proofscript/project\": \"file:../project\",\n        \""}
2026-10-09T15:17:10.5080222Z PS_ROOT_TS7_EVIDENCE_FILE_CHUNK {"path":"dist/typescript7-root/package-lock.json","sha256":"69c5e49b040ff3d45909e15cf1e2123af39fa223b00a7241b533c022a49e33e1","bytes":21592,"chunkIndex":16,"chunkCount":22,"content":"@proofscript/syntax\": \"file:../syntax\",\n        \"lean-ts-kernel\": \"file:../..\"\n      },\n      \"bin\": {\n        \"psc\": \"dist/bin/psc.js\",\n        \"pskernel\": \"dist/bin/pskernel.js\"\n      },\n      \"devDependencies\": {\n        \"@types/node\": \"22.15.3\",\n        \"typescript\": \"7.0.2\"\n      }\n    },\n    \"packages/compiler\": {\n      \"name\": \"@proofscript/compiler\",\n      \"version\": \"0.0.0-dev\",\n      \"dependencies\": {\n        \"@proofscript/backend-ts\": \"file:../backend-ts\",\n        \"@proofscript/checked-core\": \"file:../checked-core\",\n        \"@proofscript/compiler-ir\": \"file:../compiler-ir\",\n        \"@proofscript/erasure\": \"file:../erasure\",\n        \"lean-ts-kernel\": \"file:../..\"\n      },\n      \"devDependencies\": {\n        \"typescript\": \"7.0.2\"\n      }\n    },\n    \"packages/compiler-ir\": {\n      \"name\": \"@proofscript/compiler-ir\",\n      \"version\": \"0.0.0-dev\",\n      \"devDependencies\": {\n        \"typescript\": \"7.0.2\"\n      }\n    },\n    \"packages/conformance\": {\n      \"name\": \"@proofscript/conformance\",\n      \"version\""}
2026-10-09T15:17:10.5091309Z PS_ROOT_TS7_EVIDENCE_FILE_CHUNK {"path":"dist/typescript7-root/package-lock.json","sha256":"69c5e49b040ff3d45909e15cf1e2123af39fa223b00a7241b533c022a49e33e1","bytes":21592,"chunkIndex":17,"chunkCount":22,"content":": \"0.0.0-dev\",\n      \"dependencies\": {\n        \"lean-ts-kernel\": \"file:../..\"\n      },\n      \"bin\": {\n        \"pskernel-conformance\": \"dist/bin/pskernel-conformance.js\"\n      },\n      \"devDependencies\": {\n        \"@types/node\": \"22.15.3\",\n        \"typescript\": \"7.0.2\"\n      }\n    },\n    \"packages/elab\": {\n      \"name\": \"@proofscript/elab\",\n      \"version\": \"0.0.0-dev\",\n      \"dependencies\": {\n        \"@proofscript/checked-core\": \"file:../checked-core\",\n        \"@proofscript/meta\": \"file:../meta\",\n        \"@proofscript/syntax\": \"file:../syntax\",\n        \"@proofscript/tactic\": \"file:../tactic\",\n        \"lean-ts-kernel\": \"file:../..\"\n      },\n      \"devDependencies\": {\n        \"typescript\": \"7.0.2\"\n      }\n    },\n    \"packages/environment\": {\n      \"name\": \"@proofscript/environment\",\n      \"version\": \"0.0.0-dev\",\n      \"dependencies\": {\n        \"lean-ts-kernel\": \"file:../..\"\n      },\n      \"devDependencies\": {\n        \"@types/node\": \"22.15.3\",\n        \"typescript\": \"7.0.2\"\n      }\n    },\n    \"packages/erasure\": "}
2026-10-09T15:17:10.5101835Z PS_ROOT_TS7_EVIDENCE_FILE_CHUNK {"path":"dist/typescript7-root/package-lock.json","sha256":"69c5e49b040ff3d45909e15cf1e2123af39fa223b00a7241b533c022a49e33e1","bytes":21592,"chunkIndex":18,"chunkCount":22,"content":"{\n      \"name\": \"@proofscript/erasure\",\n      \"version\": \"0.0.0-dev\",\n      \"dependencies\": {\n        \"@proofscript/checked-core\": \"file:../checked-core\",\n        \"@proofscript/compiler-ir\": \"file:../compiler-ir\",\n        \"lean-ts-kernel\": \"file:../..\"\n      },\n      \"devDependencies\": {\n        \"typescript\": \"7.0.2\"\n      }\n    },\n    \"packages/language-service\": {\n      \"name\": \"@proofscript/language-service\",\n      \"version\": \"0.0.0-dev\",\n      \"dependencies\": {\n        \"@proofscript/checked-core\": \"file:../checked-core\",\n        \"@proofscript/elab\": \"file:../elab\",\n        \"@proofscript/project\": \"file:../project\",\n        \"@proofscript/syntax\": \"file:../syntax\",\n        \"lean-ts-kernel\": \"file:../..\"\n      },\n      \"devDependencies\": {\n        \"typescript\": \"7.0.2\"\n      }\n    },\n    \"packages/lean4export\": {\n      \"name\": \"@proofscript/lean4export\",\n      \"version\": \"0.0.0-dev\",\n      \"dependencies\": {\n        \"@proofscript/module\": \"file:../module\",\n        \"lean-ts-kernel\": \"file:../..\"\n      },\n     "}
2026-10-09T15:17:10.5111929Z PS_ROOT_TS7_EVIDENCE_FILE_CHUNK {"path":"dist/typescript7-root/package-lock.json","sha256":"69c5e49b040ff3d45909e15cf1e2123af39fa223b00a7241b533c022a49e33e1","bytes":21592,"chunkIndex":19,"chunkCount":22,"content":" \"bin\": {\n        \"proofscript-lean4export\": \"dist/bin/proofscript-lean4export.js\"\n      },\n      \"devDependencies\": {\n        \"@types/node\": \"22.15.3\",\n        \"typescript\": \"7.0.2\"\n      }\n    },\n    \"packages/lsp\": {\n      \"name\": \"@proofscript/lsp\",\n      \"version\": \"0.0.0-dev\",\n      \"dependencies\": {\n        \"@proofscript/environment\": \"file:../environment\",\n        \"@proofscript/language-service\": \"file:../language-service\",\n        \"@proofscript/project\": \"file:../project\",\n        \"lean-ts-kernel\": \"file:../..\"\n      },\n      \"bin\": {\n        \"proofscript-lsp\": \"dist/src/bin.js\"\n      },\n      \"devDependencies\": {\n        \"@types/node\": \"22.15.3\",\n        \"typescript\": \"7.0.2\"\n      }\n    },\n    \"packages/meta\": {\n      \"name\": \"@proofscript/meta\",\n      \"version\": \"0.0.0-dev\",\n      \"dependencies\": {\n        \"lean-ts-kernel\": \"file:../..\"\n      },\n      \"devDependencies\": {\n        \"typescript\": \"7.0.2\"\n      }\n    },\n    \"packages/module\": {\n      \"name\": \"@proofscript/module\",\n      \"version\": \"0."}
2026-10-09T15:17:10.5125249Z PS_ROOT_TS7_EVIDENCE_FILE_CHUNK {"path":"dist/typescript7-root/package-lock.json","sha256":"69c5e49b040ff3d45909e15cf1e2123af39fa223b00a7241b533c022a49e33e1","bytes":21592,"chunkIndex":20,"chunkCount":22,"content":"0.0-dev\",\n      \"dependencies\": {\n        \"@proofscript/checked-core\": \"file:../checked-core\",\n        \"lean-ts-kernel\": \"file:../..\"\n      },\n      \"devDependencies\": {\n        \"@types/node\": \"22.15.3\",\n        \"typescript\": \"7.0.2\"\n      }\n    },\n    \"packages/pretty\": {\n      \"name\": \"@proofscript/pretty\",\n      \"version\": \"0.0.0-dev\",\n      \"devDependencies\": {\n        \"typescript\": \"7.0.2\"\n      }\n    },\n    \"packages/project\": {\n      \"name\": \"@proofscript/project\",\n      \"version\": \"0.0.0-dev\",\n      \"devDependencies\": {\n        \"@types/node\": \"22.15.3\",\n        \"typescript\": \"7.0.2\"\n      }\n    },\n    \"packages/runtime\": {\n      \"name\": \"@proofscript/runtime\",\n      \"version\": \"0.0.0-dev\",\n      \"devDependencies\": {\n        \"typescript\": \"7.0.2\"\n      }\n    },\n    \"packages/syntax\": {\n      \"name\": \"@proofscript/syntax\",\n      \"version\": \"0.0.0-dev\",\n      \"devDependencies\": {\n        \"typescript\": \"7.0.2\"\n      }\n    },\n    \"packages/tactic\": {\n      \"name\": \"@proofscript/tactic\",\n      \"version\": \"0"}
2026-10-09T15:17:10.5131143Z PS_ROOT_TS7_EVIDENCE_FILE_CHUNK {"path":"dist/typescript7-root/package-lock.json","sha256":"69c5e49b040ff3d45909e15cf1e2123af39fa223b00a7241b533c022a49e33e1","bytes":21592,"chunkIndex":21,"chunkCount":22,"content":".0.0-dev\",\n      \"devDependencies\": {\n        \"typescript\": \"7.0.2\"\n      }\n    }\n  }\n}\n"}
2026-10-09T15:17:11.8012025Z 
2026-10-09T15:17:11.8012643Z added 25 packages in 1s
2026-10-09T15:17:11.8462047Z PS_ROOT_TS7_EVIDENCE_FILE {"path":"dist/typescript7-root/installed-typescript-package.json","sha256":"3722b30210616a13a3213ded11575ba6b2dbab10c32a5ef67afca8513e27017e","bytes":3087,"content":"{\n    \"name\": \"typescript\",\n    \"version\": \"7.0.2\",\n    \"license\": \"Apache-2.0\",\n    \"author\": \"Microsoft Corp.\",\n    \"homepage\": \"https://www.typescriptlang.org/\",\n    \"description\": \"TypeScript is a language for application scale JavaScript development\",\n    \"keywords\": [\n        \"TypeScript\",\n        \"Microsoft\",\n        \"compiler\",\n        \"language\",\n        \"javascript\"\n    ],\n    \"bugs\": {\n        \"url\": \"https://github.com/microsoft/TypeScript/issues\"\n    },\n    \"repository\": {\n        \"type\": \"git\",\n        \"url\": \"https://github.com/microsoft/TypeScript.git\"\n    },\n    \"type\": \"module\",\n    \"preferUnplugged\": true,\n    \"engines\": {\n        \"node\": \">=16.20.0\"\n    },\n    \"files\": [\n        \"bin\",\n        \"lib\",\n        \"dist\",\n        \"vendor\",\n        \"NOTICE.txt\"\n    ],\n    \"bin\": {\n        \"tsc\": \"./bin/tsc\"\n    },\n    \"exports\": {\n        \"./package.json\": \"./package.json\",\n        \".\": \"./lib/version.cjs\",\n        \"./unstable/sync\": \"./dist/api/sync/api.js\",\n        \"./unstable/async\": \"./dist/api/async/api.js\",\n        \"./unstable/fs\": \"./dist/api/fs.js\",\n        \"./unstable/proto\": \"./dist/api/proto.js\",\n        \"./unstable/ast\": \"./dist/ast/index.js\",\n        \"./unstable/ast/is\": \"./dist/ast/is.js\",\n        \"./unstable/ast/factory\": \"./dist/ast/factory.generated.js\",\n        \"./unstable/ast/utils\": \"./dist/ast/utils.js\",\n        \"./unstable/ast/scanner\": \"./dist/ast/scanner.js\",\n        \"./unstable/ast/visitor\": \"./dist/ast/visitor.js\",\n        \"./unstable/ast/clone\": \"./dist/ast/clone.js\"\n    },\n    \"imports\": {\n        \"#getExePath\": \"./lib/getExePath.js\",\n        \"#enums/*\": {\n            \"types\": \"./dist/enums/*.enum.d.ts\",\n            \"default\": \"./dist/enums/*.js\"\n        },\n        \"#vscode-jsonrpc/node\": \"./vendor/vscode-jsonrpc/lib/node/main.js\"\n    },\n    \"gitHead\": \"2bd066d87f5bafd315be9f40889d0a60b9e58e0b\",\n    \"publishConfig\": {\n        \"access\": \"public\",\n        \"tag\": \"latest\"\n    },\n    \"optionalDependencies\": {\n        \"@typescript/typescript-win32-x64\": \"7.0.2\",\n        \"@typescript/typescript-win32-arm64\": \"7.0.2\",\n        \"@typescript/typescript-linux-x64\": \"7.0.2\",\n        \"@typescript/typescript-linux-arm\": \"7.0.2\",\n        \"@typescript/typescript-linux-arm64\": \"7.0.2\",\n        \"@typescript/typescript-darwin-x64\": \"7.0.2\",\n        \"@typescript/typescript-darwin-arm64\": \"7.0.2\",\n        \"@typescript/typescript-aix-ppc64\": \"7.0.2\",\n        \"@typescript/typescript-freebsd-arm64\": \"7.0.2\",\n        \"@typescript/typescript-freebsd-x64\": \"7.0.2\",\n        \"@typescript/typescript-linux-loong64\": \"7.0.2\",\n        \"@typescript/typescript-linux-mips64el\": \"7.0.2\",\n        \"@typescript/typescript-linux-ppc64\": \"7.0.2\",\n        \"@typescript/typescript-linux-riscv64\": \"7.0.2\",\n        \"@typescript/typescript-linux-s390x\": \"7.0.2\",\n        \"@typescript/typescript-netbsd-arm64\": \"7.0.2\",\n        \"@typescript/typescript-netbsd-x64\": \"7.0.2\",\n        \"@typescript/typescript-openbsd-arm64\": \"7.0.2\",\n        \"@typescript/typescript-openbsd-x64\": \"7.0.2\",\n        \"@typescript/typescript-sunos-x64\": \"7.0.2\"\n    }\n}"}
2026-10-09T15:17:11.8499956Z PS_ROOT_TS7_EVIDENCE_FILE {"path":"dist/typescript7-root/installed-profile.json","sha256":"6704cdcaa52d8601a25db687fda00805ad89b4012c9dc8a7fc7aad3bb8d0a5bd","bytes":4644,"content":"{\n  \"schemaVersion\": 1,\n  \"kind\": \"root-typescript7-installed-profile\",\n  \"sourceRef\": \"5d3cbc82cb8759b909d1a957d6a22d542509d8c5\",\n  \"workflowRunId\": 37950522687,\n  \"workflowRunAttempt\": 1,\n  \"node\": \"v22.23.3\",\n  \"platform\": \"linux\",\n  \"architecture\": \"x64\",\n  \"typescript\": \"7.0.2\",\n  \"reportedVersion\": \"Version 7.0.2\",\n  \"launcherSha256\": \"2219f428a7e55aaf1f7ad85b9b0f0cf5078aeb76ccc9a7c6036c92d48f492ffd\",\n  \"lockGenerated\": false,\n  \"packageLockSha256\": \"69c5e49b040ff3d45909e15cf1e2123af39fa223b00a7241b533c022a49e33e1\",\n  \"manifests\": [\n    {\n      \"path\": \"package.json\",\n      \"sha256\": \"7134c3f84b92442c0ea20117d9d68e5fe327b630b2d06200fc4fe84c3485c6bb\"\n    },\n    {\n      \"path\": \"packages/backend-ts/package.json\",\n      \"sha256\": \"01ce17eac169bf3a9b52c79a2df383e696554bbb2a8d87d3578afe57f17e012d\"\n    },\n    {\n      \"path\": \"packages/browser/package.json\",\n      \"sha256\": \"0b547866087820f9a2b69c5a6b3a9ec4269d499542503057a58b13df5fe65331\"\n    },\n    {\n      \"path\": \"packages/checked-core/package.json\",\n      \"sha256\": \"509507a75506587e9d4d5674dc2b9f9abad5d215a64db027d4f10617cbceb609\"\n    },\n    {\n      \"path\": \"packages/cli/package.json\",\n      \"sha256\": \"978fba06b269d508cb1b8a46a1d467553d0db3f37108d0f9db927d0993a7bb36\"\n    },\n    {\n      \"path\": \"packages/compiler-ir/package.json\",\n      \"sha256\": \"e840be27225f47bb6ae07b28dc5da046d473583cd0f92f2e9f0af5f75e4033b8\"\n    },\n    {\n      \"path\": \"packages/compiler/package.json\",\n      \"sha256\": \"0700268a945c6d8421ce0adb310228ba7c8dccb540a510831e50449b5b4242c2\"\n    },\n    {\n      \"path\": \"packages/conformance/package.json\",\n      \"sha256\": \"22563d0c6935e2a2def621e8809e66ae4d4814d67b1cf9bbe9709a68f3662518\"\n    },\n    {\n      \"path\": \"packages/elab/package.json\",\n      \"sha256\": \"d6655712683f75a986e462f1e2a983c29ac75b3be728cb3067f6c4ac0e238bef\"\n    },\n    {\n      \"path\": \"packages/environment/package.json\",\n      \"sha256\": \"dcf7cb7b3a451768f97290c2c85d024e82a3ec152b80f39b9e6e627d5770bf99\"\n    },\n    {\n      \"path\": \"packages/erasure/package.json\",\n      \"sha256\": \"6b589740a1f5c854454078506fdda9a3542c65294867084ac9069113a21c51b0\"\n    },\n    {\n      \"path\": \"packages/language-service/package.json\",\n      \"sha256\": \"7d3353f0da775c603694a9af9c231ba4e5eac74651799f8b3cfed8fb9da6043b\"\n    },\n    {\n      \"path\": \"packages/lean4export/package.json\",\n      \"sha256\": \"75a88451ba54d25478e668d5f71842bd205c06bef2a543cfa1330f9ab1330948\"\n    },\n    {\n      \"path\": \"packages/lsp/package.json\",\n      \"sha256\": \"d3213eb0b2961b095c69e375dfbcdd36ee69e18e0711325d379d21524655f555\"\n    },\n    {\n      \"path\": \"packages/meta/package.json\",\n      \"sha256\": \"8e9ce16be33e2fef9f140bc80a66c121e1ecb6eadd418cb39ca744f6cd3af9f1\"\n    },\n    {\n      \"path\": \"packages/module/package.json\",\n      \"sha256\": \"ab02c38611e688f3143e3f71da888fc3de8e54c762b31f597b19d8a9447b7117\"\n    },\n    {\n      \"path\": \"packages/pretty/package.json\",\n      \"sha256\": \"1876a58f8349e25fcccae9ae40d8507d831ea7e435614c6c10ab32e31cdcbe9c\"\n    },\n    {\n      \"path\": \"packages/project/package.json\",\n      \"sha256\": \"81b57ea3bb383b7d3ad2a29be4ec5de11bac12034659654aa2f64005f775e591\"\n    },\n    {\n      \"path\": \"packages/runtime/package.json\",\n      \"sha256\": \"c7ecdb938467bac410a5719c270ce7a408315544d938d1e1ad159c7c05dcbfe4\"\n    },\n    {\n      \"path\": \"packages/syntax/package.json\",\n      \"sha256\": \"bf69bbeb3e87f6ab9425cee1eca99db6fab76f4f449dde03dff9d3fb4c196606\"\n    },\n    {\n      \"path\": \"packages/tactic/package.json\",\n      \"sha256\": \"e4f5f12a47dee0c279bfb0c69dda93729254f8b6fd8362607d1c0d355ffe5ed7\"\n    }\n  ],\n  \"optionalDependencies\": {\n    \"@typescript/typescript-win32-x64\": \"7.0.2\",\n    \"@typescript/typescript-win32-arm64\": \"7.0.2\",\n    \"@typescript/typescript-linux-x64\": \"7.0.2\",\n    \"@typescript/typescript-linux-arm\": \"7.0.2\",\n    \"@typescript/typescript-linux-arm64\": \"7.0.2\",\n    \"@typescript/typescript-darwin-x64\": \"7.0.2\",\n    \"@typescript/typescript-darwin-arm64\": \"7.0.2\",\n    \"@typescript/typescript-aix-ppc64\": \"7.0.2\",\n    \"@typescript/typescript-freebsd-arm64\": \"7.0.2\",\n    \"@typescript/typescript-freebsd-x64\": \"7.0.2\",\n    \"@typescript/typescript-linux-loong64\": \"7.0.2\",\n    \"@typescript/typescript-linux-mips64el\": \"7.0.2\",\n    \"@typescript/typescript-linux-ppc64\": \"7.0.2\",\n    \"@typescript/typescript-linux-riscv64\": \"7.0.2\",\n    \"@typescript/typescript-linux-s390x\": \"7.0.2\",\n    \"@typescript/typescript-netbsd-arm64\": \"7.0.2\",\n    \"@typescript/typescript-netbsd-x64\": \"7.0.2\",\n    \"@typescript/typescript-openbsd-arm64\": \"7.0.2\",\n    \"@typescript/typescript-openbsd-x64\": \"7.0.2\",\n    \"@typescript/typescript-sunos-x64\": \"7.0.2\"\n  },\n  \"retiredCompilerRuntimeUsed\": false\n}\n"}
2026-10-09T15:17:12.2149377Z 
2026-10-09T15:17:12.2150705Z > lean-ts-kernel@0.1.0 build
2026-10-09T15:17:12.2151199Z > tsc -p tsconfig.json
2026-10-09T15:17:12.2151402Z 
2026-10-09T15:17:28.7421856Z 
2026-10-09T15:17:28.7422581Z > lean-ts-kernel@0.1.0 test:packages
2026-10-09T15:17:28.7440991Z > npm run test:syntax && tsc -p packages/browser/tsconfig.json && node packages/browser/dist/test/index.test.js && tsc -p packages/pretty/tsconfig.json && node packages/pretty/dist/test/index.test.js && tsc -p packages/meta/tsconfig.json && node packages/meta/dist/test/index.test.js && tsc -p packages/environment/tsconfig.json && node packages/environment/dist/test/index.test.js && tsc -p packages/checked-core/tsconfig.json && node packages/checked-core/dist/test/index.test.js && tsc -p packages/tactic/tsconfig.json && node packages/tactic/dist/test/index.test.js && tsc -p packages/elab/tsconfig.json && node packages/elab/dist/test/index.test.js && tsc -p packages/compiler-ir/tsconfig.json && node packages/compiler-ir/dist/test/index.test.js && tsc -p packages/erasure/tsconfig.json && node packages/erasure/dist/test/index.test.js && tsc -p packages/runtime/tsconfig.json && node packages/runtime/dist/test/index.test.js && tsc -p packages/backend-ts/tsconfig.json && node packages/backend-ts/dist/test/index.test.js && node packages/backend-ts/dist/test/typescript-compiler.test.js && tsc -p packages/compiler/tsconfig.json && node packages/compiler/dist/test/index.test.js && tsc -p packages/project/tsconfig.json && node packages/project/dist/test/index.test.js && tsc -p packages/language-service/tsconfig.json && node packages/language-service/dist/test/index.test.js && tsc -p packages/lsp/tsconfig.json && node packages/lsp/dist/test/index.test.js && tsc -p packages/module/tsconfig.json && tsc -p packages/cli/tsconfig.json && node packages/cli/dist/test/cli.test.js
2026-10-09T15:17:28.7451349Z 
2026-10-09T15:17:28.7451361Z 
2026-10-09T15:17:28.7451667Z > lean-ts-kernel@0.1.0 test:syntax
2026-10-09T15:17:28.7453494Z > tsc -p packages/syntax/tsconfig.json && node packages/syntax/dist/test/syntax.test.js && node packages/syntax/dist/test/v061-conformance.test.js
2026-10-09T15:17:28.7454682Z 
2026-10-09T15:17:28.7455127Z ok - @proofscript/syntax lexer MVP
2026-10-09T15:17:28.7455908Z ok - @proofscript/syntax DS2 complete emitted-subset frontend
2026-10-09T15:17:28.7456797Z ok - @proofscript/syntax explicit runtime external declaration
2026-10-09T15:17:28.7457636Z ok - @proofscript/syntax inherited instance declarations
2026-10-09T15:17:28.7458523Z ok - v0.6.1 feature-complete lowering corpus (12 registered features)
2026-10-09T15:17:28.7459257Z ok - @proofscript/browser foundation
2026-10-09T15:17:28.7460060Z ok - @proofscript/pretty foundation
2026-10-09T15:17:28.7460581Z ok - @proofscript/meta foundation
2026-10-09T15:17:28.7461156Z ok - @proofscript/meta Expr metavariable context
2026-10-09T15:17:28.7461908Z ok - @proofscript/meta Lean-style metavariable depth discipline
2026-10-09T15:17:28.7462829Z ok - @proofscript/meta structural application unification with rollback
2026-10-09T15:17:28.7463652Z ok - @proofscript/meta structural Pi unification
2026-10-09T15:17:28.7464399Z ok - @proofscript/meta mixed universe/application unification
2026-10-09T15:17:28.7465211Z ok - @proofscript/meta bounded universe metavariable solving
2026-10-09T15:17:28.7466040Z ok - @proofscript/environment certified self-host compiler base
2026-10-09T15:17:28.7466936Z ok - @proofscript/environment replay and fail-closed provider
2026-10-09T15:17:28.7467704Z ok - @proofscript/checked-core kernel admission boundary
2026-10-09T15:17:28.7468425Z ok - @proofscript/checked-core mixed inductive admission
2026-10-09T15:17:28.7469138Z ok - @proofscript/checked-core class metadata admission
2026-10-09T15:17:28.7470079Z ok - @proofscript/checked-core instance registry metadata
2026-10-09T15:17:28.7471048Z ok - @proofscript/checked-core persistent admission codec
2026-10-09T15:17:28.7471841Z ok - @proofscript/checked-core external admission codec
2026-10-09T15:17:28.7472588Z ok - @proofscript/checked-core Char runtime external
2026-10-09T15:17:28.7473371Z ok - @proofscript/checked-core rejects proof-valued external
2026-10-09T15:17:28.7474114Z ok - @proofscript/tactic ordered multi-goal state
2026-10-09T15:17:28.7474767Z ok - @proofscript/elab foundation
2026-10-09T15:17:28.7475451Z ok - @proofscript/elab Lean-style application elaboration
2026-10-09T15:17:28.7476291Z ok - @proofscript/elab kernel-facing non-recursive definitions
2026-10-09T15:17:28.7477069Z ok - @proofscript/elab implicit declaration binders
2026-10-09T15:17:28.7477801Z ok - @proofscript/elab dependent type application path
2026-10-09T15:17:28.7478574Z ok - @proofscript/elab kernel theorem proof-term admission
2026-10-09T15:17:28.7479359Z ok - @proofscript/elab expected-type lambda elaboration
2026-10-09T15:17:28.7480619Z ok - @proofscript/elab annotated lambda solves generic expected metas
2026-10-09T15:17:28.7481439Z ok - @proofscript/elab core let elaboration
2026-10-09T15:17:28.7482141Z ok - @proofscript/elab exact and assumption tactic terms
2026-10-09T15:17:28.7482929Z ok - @proofscript/elab declaration expected-type propagation
2026-10-09T15:17:28.7483736Z ok - @proofscript/elab intro tactic proof-term construction
2026-10-09T15:17:28.7484603Z ok - @proofscript/elab bounded apply tactic proof-term construction
2026-10-09T15:17:28.7485422Z ok - @proofscript/elab ordered multi-goal apply tactic
2026-10-09T15:17:28.7486175Z ok - @proofscript/elab bounded synthetic-hole refine tactic
2026-10-09T15:17:28.7486912Z ok - @proofscript/elab bounded constructor via apply
2026-10-09T15:17:28.7487610Z ok - @proofscript/elab bounded cases via recursor
2026-10-09T15:17:28.7488304Z ok - @proofscript/elab parameterized bounded cases
2026-10-09T15:17:28.7489020Z ok - @proofscript/elab bounded induction via recursor
2026-10-09T15:17:28.7490451Z ok - @proofscript/elab induction preserves field/IH source names
2026-10-09T15:17:28.7491258Z ok - @proofscript/elab rw syntax reaches tactic AST
2026-10-09T15:17:28.7492124Z ok - @proofscript/elab multi-rule simp-only syntax reaches tactic AST
2026-10-09T15:17:28.7493391Z ok - @proofscript/elab direct polymorphic Eq.symm application
2026-10-09T15:17:28.7494081Z ok - @proofscript/elab bounded exact search
2026-10-09T15:17:28.7494747Z ok - @proofscript/elab bounded Eq-only rfl tactic
2026-10-09T15:17:28.7495406Z ok - @proofscript/elab bounded Nat notation
2026-10-09T15:17:28.7496113Z ok - @proofscript/elab dependent structure field admission
2026-10-09T15:17:28.7496941Z ok - @proofscript/elab record construction and kernel projection
2026-10-09T15:17:28.7497759Z ok - @proofscript/elab unparameterized inductive admission
2026-10-09T15:17:28.7498603Z ok - @proofscript/elab verified match recursor elaboration
2026-10-09T15:17:28.7499459Z ok - @proofscript/elab parameterized inductive constructor inference
2026-10-09T15:17:28.7500717Z ok - @proofscript/elab expected-type propagation into nested calls
2026-10-09T15:17:28.7501673Z ok - @proofscript/elab parameterized verified match recursor elaboration
2026-10-09T15:17:28.7502629Z ok - @proofscript/elab match branch Nat notation meta instantiation
2026-10-09T15:17:28.7503472Z ok - @proofscript/elab verified Bool literal match recursor
2026-10-09T15:17:28.7504367Z ok - @proofscript/elab direct recursive inductive + recursor match
2026-10-09T15:17:28.7505429Z ok - @proofscript/elab structural recursion via recursor
2026-10-09T15:17:28.7506416Z ok - @proofscript/elab structural recursion with invariant parameters
2026-10-09T15:17:28.7507416Z ok - @proofscript/elab generic structure admission
2026-10-09T15:17:28.7508192Z ok - @proofscript/elab acyclic where local helpers
2026-10-09T15:17:28.7508999Z ok - @proofscript/elab class admission as kernel inductive
2026-10-09T15:17:28.7510133Z ok - @proofscript/elab local class instance synthesis
2026-10-09T15:17:28.7510963Z ok - @proofscript/elab global class instance synthesis
2026-10-09T15:17:28.7511915Z ok - @proofscript/elab imported structure/class/instance metadata seed
2026-10-09T15:17:28.7512847Z ok - @proofscript/elab proof-valued external fails closed
2026-10-09T15:17:28.7513715Z ok - @proofscript/elab explicit runtime external admission
2026-10-09T15:17:28.7514449Z ok - @proofscript/compiler-ir foundation
2026-10-09T15:17:28.7515249Z ok - @proofscript/compiler-ir verified dependent-core IR schema
2026-10-09T15:17:28.7516080Z ok - @proofscript/compiler-ir verified Nat intrinsic
2026-10-09T15:17:28.7516880Z ok - @proofscript/compiler-ir verified intrinsic contract
2026-10-09T15:17:28.7517689Z ok - @proofscript/compiler-ir external import boundary
2026-10-09T15:17:28.7518418Z ok - @proofscript/erasure generic identity
2026-10-09T15:17:28.7519182Z ok - @proofscript/erasure flattened runtime callback convention
2026-10-09T15:17:28.7520377Z ok - @proofscript/erasure Prop and proof binder erasure
2026-10-09T15:17:28.7521138Z ok - @proofscript/erasure Nat intrinsic lowering
2026-10-09T15:17:28.7521879Z ok - @proofscript/erasure checked Char.ofNat lowering
2026-10-09T15:17:28.7522685Z ok - @proofscript/erasure certified text intrinsic lowering
2026-10-09T15:17:28.7523590Z ok - @proofscript/erasure semantic primitive type identity
2026-10-09T15:17:28.7524422Z ok - @proofscript/erasure primitive Bool recursor lowering
2026-10-09T15:17:28.7525218Z ok - @proofscript/erasure verified runtime structures
2026-10-09T15:17:28.7526001Z ok - @proofscript/erasure verified ADT constructors
2026-10-09T15:17:28.7526872Z ok - @proofscript/erasure verified ADT recursor match lowering
2026-10-09T15:17:28.7527881Z ok - @proofscript/erasure generic nonrecursive ADT constructor erasure
2026-10-09T15:17:28.7528922Z ok - @proofscript/erasure generic ADT recursor parameter substitution
2026-10-09T15:17:28.7530112Z ok - @proofscript/erasure recursive ADT metadata erasure
2026-10-09T15:17:28.7530901Z ok - @proofscript/erasure generic structure metadata
2026-10-09T15:17:28.7531668Z ok - @proofscript/erasure external import lowering
2026-10-09T15:17:28.7532355Z ok - @proofscript/runtime foundation
2026-10-09T15:17:28.7532967Z ok - @proofscript/backend-ts foundation
2026-10-09T15:17:28.7534257Z ok - @proofscript/backend-ts verified generic TypeScript emission
2026-10-09T15:17:28.7535189Z ok - @proofscript/backend-ts explicit generic call type arguments
2026-10-09T15:17:28.7536045Z ok - @proofscript/backend-ts verified Nat intrinsic emission
2026-10-09T15:17:28.7536880Z ok - @proofscript/backend-ts Lean-faithful Char.ofNat emission
2026-10-09T15:17:28.7537699Z ok - @proofscript/backend-ts certified text intrinsic emission
2026-10-09T15:17:28.7538516Z ok - @proofscript/backend-ts verified String equality emission
2026-10-09T15:17:28.7539369Z ok - @proofscript/backend-ts canonical Array intrinsic emission
2026-10-09T15:17:28.7540575Z ok - @proofscript/backend-ts verified nominal structure emission
2026-10-09T15:17:28.7541442Z ok - @proofscript/backend-ts verified ADT constructor emission
2026-10-09T15:17:28.7542219Z ok - @proofscript/backend-ts verified ADT match emission
2026-10-09T15:17:28.7543115Z ok - @proofscript/backend-ts verified generic ADT TypeScript emission
2026-10-09T15:17:28.7544106Z ok - @proofscript/backend-ts generic structure TypeScript emission
2026-10-09T15:17:28.7544955Z ok - @proofscript/backend-ts external ESM import emission
2026-10-09T15:17:28.7548790Z PS_ROOT_TYPESCRIPT7_CONTRACT {"schema":"psc-root-typescript7-contract-v1","typescript":"7.0.2","passed":true,"cases":["virtual-source-and-existing-products","logical-map-name","config-independent-positional","relative-typescript-import","package-export-import","root-output-selection","logical-diagnostic-position","self-reference-refusal","declaration-input-refusal","missing-directory-refusal","stage-cleanup"]}
2026-10-09T15:17:28.7552248Z ok - @proofscript/compiler checked-core orchestration
2026-10-09T15:17:28.7553228Z ok - @proofscript/compiler IR keeps language primitive identity upstream of TS mapping
2026-10-09T15:17:28.7554159Z ok - @proofscript/project mixed-source graph foundation
2026-10-09T15:17:28.7554922Z ok - @proofscript/project shared Node source-root resolver
2026-10-09T15:17:28.7555766Z ok - @proofscript/project exact runtime dependency policy parser
2026-10-09T15:17:28.7556651Z ok - @proofscript/language-service proof-aware document analysis
2026-10-09T15:17:28.7557507Z ok - @proofscript/language-service Lean-subset source routing
2026-10-09T15:17:28.7558325Z ok - @proofscript/language-service navigation and completion
2026-10-09T15:17:28.7559183Z ok - @proofscript/language-service sequential document environment
2026-10-09T15:17:28.7560423Z ok - @proofscript/language-service mixed-source import environment
2026-10-09T15:17:28.7561351Z ok - @proofscript/language-service project failure is fail-closed
2026-10-09T15:17:28.7562200Z ok - @proofscript/language-service cross-source navigation
2026-10-09T15:17:28.7562970Z ok - @proofscript/language-service document translation
2026-10-09T15:17:28.7563788Z ok - @proofscript/language-service importer buffer invalidation
2026-10-09T15:17:28.7564481Z ok - @proofscript/lsp foundation
2026-10-09T15:17:28.7565096Z ok - @proofscript/lsp proof-aware protocol surface
2026-10-09T15:17:28.7565804Z ok - @proofscript/lsp dual-source document routing
2026-10-09T15:17:28.7566548Z ok - @proofscript/lsp shared project source-root resolver
2026-10-09T15:17:28.7567268Z ok - @proofscript/lsp translation service surface
2026-10-09T15:17:28.7567999Z ok - @proofscript/lsp importer diagnostic refresh targets
2026-10-09T15:17:28.7568643Z ok - psc CLI argument/UX contract
2026-10-09T15:17:28.7569242Z ok - psc verified checked-core compiler pipeline
2026-10-09T15:17:28.7570086Z ok - psc verified runtime external assurance
2026-10-09T15:17:28.7570867Z ok - psc verified project assurance reports source externals
2026-10-09T15:17:28.7571709Z ok - psc verified check rejects undeclared runtime dependency
2026-10-09T15:17:28.7572520Z ok - psc verified source FFI resolves exact package and runs
2026-10-09T15:17:28.7573409Z ok - psc runtime lock rejects missing required transitive entry
2026-10-09T15:17:28.7574152Z ok - psc verified Nat source pipeline
2026-10-09T15:17:28.7575028Z ok - psc checked Char.ofNat source pipeline
2026-10-09T15:17:28.7575892Z ok - psc checked character literal source pipeline
2026-10-09T15:17:28.7576669Z ok - psc checked Char/String equality source pipeline
2026-10-09T15:17:28.7577302Z ok - psc verified runtime ABI
2026-10-09T15:17:28.7577932Z ok - psc Lean-faithful Char.ofNat runtime pipeline
2026-10-09T15:17:28.7578612Z ok - psc verified run filesystem pipeline
2026-10-09T15:17:28.7579342Z ok - psc verified Lean-subset run filesystem pipeline
2026-10-09T15:17:28.7580413Z ok - psc SH1 dual-source Unicode String.length runtime
2026-10-09T15:17:28.7581208Z ok - psc SH1 dual-source UTF-8 next/get/extract runtime
2026-10-09T15:17:28.7581929Z ok - psc SH1 dual-source UTF-8 atEnd runtime
2026-10-09T15:17:28.7582603Z ok - psc SH2 dual-source canonical Prod runtime
2026-10-09T15:17:28.7583337Z ok - psc SH2 dual-source canonical Array runtime
2026-10-09T15:17:28.7584126Z ok - psc SH2 deterministic ordered Map/Set runtime
2026-10-09T15:17:28.7584898Z ok - psc verified structure JSON ABI round-trip
2026-10-09T15:17:28.7585601Z ok - psc verified generic ADT JSON ABI round-trip
2026-10-09T15:17:28.7586368Z ok - psc verified structural recursion run filesystem pipeline
2026-10-09T15:17:28.7587114Z ok - psc verified proposition-based if pipeline
2026-10-09T15:17:28.7587769Z ok - psc verified nominal structure pipeline
2026-10-09T15:17:28.7588408Z ok - psc verified ADT constructor pipeline
2026-10-09T15:17:28.7588997Z ok - psc verified ADT match pipeline
2026-10-09T15:17:28.7589886Z ok - psc verified generic ADT constructor pipeline
2026-10-09T15:17:28.7590576Z ok - psc verified generic ADT match pipeline
2026-10-09T15:17:28.7591235Z ok - psc verified recursive ADT match pipeline
2026-10-09T15:17:28.7591944Z ok - psc verified structural recursive function pipeline
2026-10-09T15:17:28.7592771Z ok - psc verified invariant structural recursion pipeline
2026-10-09T15:17:28.7593519Z ok - psc verified invariant structural recursion run
2026-10-09T15:17:28.7594286Z ok - psc verified generic map structural recursion pipeline
2026-10-09T15:17:28.7595107Z ok - psc verified generic map run filesystem pipeline
2026-10-09T15:17:28.7595852Z ok - psc verified generic structure source pipeline
2026-10-09T15:17:28.7596570Z ok - psc verified acyclic where source pipeline
2026-10-09T15:17:28.7597256Z ok - psc verified local class instance pipeline
2026-10-09T15:17:28.7597948Z ok - psc verified global class instance pipeline
2026-10-09T15:17:28.7598629Z ok - psc emit-lean uses source/target dispatch
2026-10-09T15:17:28.7599303Z ok - psc translate ps/lean canonical round-trip
2026-10-09T15:17:28.7600362Z ok - psc canonical source hash is source-kind neutral
2026-10-09T15:17:28.7601079Z ok - psc mixed ProofScript -> Lean import run
2026-10-09T15:17:28.7601745Z ok - psc mixed Lean -> ProofScript import run
2026-10-09T15:17:28.7602551Z ok - psc mixed imports preserve structure/class/instance metadata
2026-10-09T15:17:28.7603438Z ok - psc checked-module cache uses dependency integrity keys
2026-10-09T15:17:28.7604411Z ok - psc emits replay-gated checked-admission .psmodule v2 artifacts
2026-10-09T15:17:28.7605313Z ok - psc configured source roots resolve mixed-source imports
2026-10-09T15:17:28.7606204Z ok - psc configured source roots reject duplicate logical modules
2026-10-09T15:17:28.7607008Z ok - psc mixed-source module ambiguity fails closed
2026-10-09T15:17:28.7607684Z ok - psc has one checked-core semantic lane
2026-10-09T15:17:29.0299117Z 
2026-10-09T15:17:29.0300318Z > @proofscript/conformance@0.0.0-dev build
2026-10-09T15:17:29.0300910Z > tsc -p tsconfig.json
2026-10-09T15:17:29.0301086Z 
2026-10-09T15:17:29.3277996Z 
2026-10-09T15:17:29.3278782Z > @proofscript/lean4export@0.0.0-dev build
2026-10-09T15:17:29.3280175Z > tsc -p tsconfig.json
2026-10-09T15:17:29.3280633Z 
2026-10-09T15:17:40.3620940Z 
2026-10-09T15:17:40.3621860Z > lean-ts-kernel@0.1.0 test:package-integration
2026-10-09T15:17:40.3623092Z > node scripts/package-integration-smoke.mjs
2026-10-09T15:17:40.3627155Z 
2026-10-09T15:17:40.3627915Z package integration smoke: PASS
2026-10-09T15:17:40.5009953Z file:///home/runner/work/pskernel/pskernel/scripts/package-map-check.mjs:47
2026-10-09T15:17:40.5010885Z 
2026-10-09T15:17:40.5011928Z     throw new Error(`package-map: TypeScript source policy missing in manifest for ${pkg.name}`);
2026-10-09T15:17:40.5013008Z           ^
2026-10-09T15:17:40.5013675Z > lean-ts-kernel@0.1.0 check:packages
2026-10-09T15:17:40.5014257Z 
2026-10-09T15:17:40.5015448Z > node scripts/package-map-check.mjs && npm run check:source-shape && npm run check:vscode && npm run check:architecture
2026-10-09T15:17:40.5017502Z Error: package-map: TypeScript source policy missing in manifest for compiler
2026-10-09T15:17:40.5018708Z     at file:///home/runner/work/pskernel/pskernel/scripts/package-map-check.mjs:47:11
2026-10-09T15:17:40.5019921Z 
2026-10-09T15:17:40.5020847Z     at ModuleJob.run (node:internal/modules/esm/module_job:343:25)
2026-10-09T15:17:40.5022222Z     at async onImport.tracePromise.__proto__ (node:internal/modules/esm/loader:681:26)
2026-10-09T15:17:40.5023392Z     at async asyncRunEntryPointWithESMLoader (node:internal/modules/run_main:117:5)
2026-10-09T15:17:40.5024341Z 
2026-10-09T15:17:40.5024524Z Node.js v22.23.3
2026-10-09T15:17:40.5049887Z PS_ROOT_TS7_EVIDENCE_FILE {"path":"dist/typescript7-root/qualification.json","sha256":"6eee4c15020b32f724cf150f847f5671ee0ee8975b1d752122a4495a851b47c3","bytes":3574,"content":"{\n  \"schemaVersion\": 1,\n  \"kind\": \"root-typescript7-qualification\",\n  \"sourceRef\": \"5d3cbc82cb8759b909d1a957d6a22d542509d8c5\",\n  \"workflowRunId\": 37950522687,\n  \"workflowRunAttempt\": 1,\n  \"startedAt\": \"2026-10-09T15:17:10.457Z\",\n  \"completedAt\": \"2026-10-09T15:17:40.502Z\",\n  \"passed\": false,\n  \"node\": \"v22.23.3\",\n  \"typescript\": \"7.0.2\",\n  \"lockGenerated\": false,\n  \"packageLockSha256\": \"69c5e49b040ff3d45909e15cf1e2123af39fa223b00a7241b533c022a49e33e1\",\n  \"installedProfileSha256\": \"6704cdcaa52d8601a25db687fda00805ad89b4012c9dc8a7fc7aad3bb8d0a5bd\",\n  \"commands\": [\n    {\n      \"name\": \"install\",\n      \"command\": [\n        \"npm\",\n        \"ci\",\n        \"--ignore-scripts\",\n        \"--no-audit\",\n        \"--no-fund\"\n      ],\n      \"exitCode\": 0,\n      \"signal\": null,\n      \"elapsedMs\": 1319,\n      \"stdoutSha256\": \"6a7de75b54c9614bfa040966983635014d77fce2fdc3dc6204da61b1c0031920\",\n      \"stderrSha256\": \"e3b0c44298fc1c149afbf4c8996fb92427ae41e4649b934ca495991b7852b855\"\n    },\n    {\n      \"name\": \"root-build\",\n      \"command\": [\n        \"npm\",\n        \"run\",\n        \"build\"\n      ],\n      \"exitCode\": 0,\n      \"signal\": null,\n      \"elapsedMs\": 371,\n      \"stdoutSha256\": \"0ad5fa5e957471919af121f63e7be285285f8dfd9a8e7c2a4e40fe58db00d963\",\n      \"stderrSha256\": \"e3b0c44298fc1c149afbf4c8996fb92427ae41e4649b934ca495991b7852b855\"\n    },\n    {\n      \"name\": \"package-tests\",\n      \"command\": [\n        \"npm\",\n        \"run\",\n        \"test:packages\"\n      ],\n      \"exitCode\": 0,\n      \"signal\": null,\n      \"elapsedMs\": 16528,\n      \"stdoutSha256\": \"48b83f50ec3c2b48a18478ddd66d1d25a0f9016fd072838425a2cd5ed1c0587c\",\n      \"stderrSha256\": \"e3b0c44298fc1c149afbf4c8996fb92427ae41e4649b934ca495991b7852b855\"\n    },\n    {\n      \"name\": \"conformance-build\",\n      \"command\": [\n        \"npm\",\n        \"run\",\n        \"build\",\n        \"--workspace\",\n        \"@proofscript/conformance\"\n      ],\n      \"exitCode\": 0,\n      \"signal\": null,\n      \"elapsedMs\": 287,\n      \"stdoutSha256\": \"fa8d35b1f896977818e177e65159971f324da48eeb6e54ae39eef9ce0a9dabae\",\n      \"stderrSha256\": \"e3b0c44298fc1c149afbf4c8996fb92427ae41e4649b934ca495991b7852b855\"\n    },\n    {\n      \"name\": \"lean4export-build\",\n      \"command\": [\n        \"npm\",\n        \"run\",\n        \"build\",\n        \"--workspace\",\n        \"@proofscript/lean4export\"\n      ],\n      \"exitCode\": 0,\n      \"signal\": null,\n      \"elapsedMs\": 298,\n      \"stdoutSha256\": \"0db7c2249c7666c8aec0a7cdbaea383495b76e865cd17e7298f350548d24896a\",\n      \"stderrSha256\": \"e3b0c44298fc1c149afbf4c8996fb92427ae41e4649b934ca495991b7852b855\"\n    },\n    {\n      \"name\": \"package-integration\",\n      \"command\": [\n        \"npm\",\n        \"run\",\n        \"test:package-integration\"\n      ],\n      \"exitCode\": 0,\n      \"signal\": null,\n      \"elapsedMs\": 11034,\n      \"stdoutSha256\": \"32ddb05951dc8a589ce06873fe26a4010c437067416483f9123180116a4d6dd1\",\n      \"stderrSha256\": \"e3b0c44298fc1c149afbf4c8996fb92427ae41e4649b934ca495991b7852b855\"\n    },\n    {\n      \"name\": \"package-boundaries\",\n      \"command\": [\n        \"npm\",\n        \"run\",\n        \"check:packages\"\n      ],\n      \"exitCode\": 1,\n      \"signal\": null,\n      \"elapsedMs\": 138,\n      \"stdoutSha256\": \"d3d08caa9370a63dd643a4c25614ad5c73ba5ffa2c89a30954c2d03a1d72a08c\",\n      \"stderrSha256\": \"918c38c8ae01d4f7235fbfe8680be75cf94de460281828982fc079f528c54aea\"\n    }\n  ],\n  \"retiredCompilerRuntimeUsed\": false,\n  \"psc0Qualification\": false,\n  \"kernelOracleOrCorpusExecuted\": false,\n  \"seedSelectionChanged\": false,\n  \"failure\": \"AssertionError [ERR_ASSERTION]: package-boundaries failed\\n\\n1 !== 0\\n\"\n}\n"}
2026-10-09T15:17:40.5062751Z node:internal/modules/run_main:123
2026-10-09T15:17:40.5063078Z     triggerUncaughtException(
2026-10-09T15:17:40.5063333Z     ^
2026-10-09T15:17:40.5063445Z 
2026-10-09T15:17:40.5063692Z AssertionError [ERR_ASSERTION]: package-boundaries failed
2026-10-09T15:17:40.5063958Z 
2026-10-09T15:17:40.5064039Z 1 !== 0
2026-10-09T15:17:40.5064153Z 
2026-10-09T15:17:40.5064527Z     at run (file:///home/runner/work/pskernel/pskernel/scripts/root-typescript7-qualify.mjs:62:10)
2026-10-09T15:17:40.5065249Z     at file:///home/runner/work/pskernel/pskernel/scripts/root-typescript7-qualify.mjs:179:3
2026-10-09T15:17:40.5065823Z     at ModuleJob.run (node:internal/modules/esm/module_job:343:25)
2026-10-09T15:17:40.5066388Z     at async onImport.tracePromise.__proto__ (node:internal/modules/esm/loader:681:26)
2026-10-09T15:17:40.5067022Z     at async asyncRunEntryPointWithESMLoader (node:internal/modules/run_main:117:5) {
2026-10-09T15:17:40.5067467Z   generatedMessage: false,
2026-10-09T15:17:40.5067712Z   code: 'ERR_ASSERTION',
2026-10-09T15:17:40.5067943Z   actual: 1,
2026-10-09T15:17:40.5068146Z   expected: 0,
2026-10-09T15:17:40.5068360Z   operator: 'strictEqual',
2026-10-09T15:17:40.5068597Z   diff: 'simple'
2026-10-09T15:17:40.5068798Z }
2026-10-09T15:17:40.5068898Z 
2026-10-09T15:17:40.5068989Z Node.js v22.23.3
2026-10-09T15:17:40.5075225Z PS_ROOT_TS7_EVIDENCE_FILE {"path":"dist/typescript7-root/evidence-index.json","sha256":"8217fa5af55fc78f447aea60972fffc51c6957ba6663849a6543487a27f24f66","bytes":820,"content":"{\n  \"schemaVersion\": 1,\n  \"sourceRef\": \"5d3cbc82cb8759b909d1a957d6a22d542509d8c5\",\n  \"files\": [\n    {\n      \"path\": \"dist/typescript7-root/package-lock.json\",\n      \"sha256\": \"69c5e49b040ff3d45909e15cf1e2123af39fa223b00a7241b533c022a49e33e1\",\n      \"bytes\": 21592\n    },\n    {\n      \"path\": \"dist/typescript7-root/installed-typescript-package.json\",\n      \"sha256\": \"3722b30210616a13a3213ded11575ba6b2dbab10c32a5ef67afca8513e27017e\",\n      \"bytes\": 3087\n    },\n    {\n      \"path\": \"dist/typescript7-root/installed-profile.json\",\n      \"sha256\": \"6704cdcaa52d8601a25db687fda00805ad89b4012c9dc8a7fc7aad3bb8d0a5bd\",\n      \"bytes\": 4644\n    },\n    {\n      \"path\": \"dist/typescript7-root/qualification.json\",\n      \"sha256\": \"6eee4c15020b32f724cf150f847f5671ee0ee8975b1d752122a4495a851b47c3\",\n      \"bytes\": 3574\n    }\n  ]\n}\n"}
2026-10-09T15:17:40.5093394Z ##[error]Process completed with exit code 1.
2026-10-09T15:17:40.5196166Z ##[group]Run actions/upload-artifact@v4
2026-10-09T15:17:40.5196494Z with:
2026-10-09T15:17:40.5196820Z   name: root-typescript7-5d3cbc82cb8759b909d1a957d6a22d542509d8c5
2026-10-09T15:17:40.5197241Z   path: dist/typescript7-root
2026-10-09T15:17:40.5197686Z   if-no-files-found: error
2026-10-09T15:17:40.5197939Z   retention-days: 30
2026-10-09T15:17:40.5198177Z   compression-level: 6
2026-10-09T15:17:40.5198414Z   overwrite: false
2026-10-09T15:17:40.5198649Z   include-hidden-files: false
2026-10-09T15:17:40.5198912Z ##[endgroup]
2026-10-09T15:17:40.6893381Z (node:4693) [DEP0040] DeprecationWarning: The `punycode` module is deprecated. Please use a userland alternative instead.
2026-10-09T15:17:40.6894545Z (Use `node --trace-deprecation ...` to show where the warning was created)
2026-10-09T15:17:40.7004002Z With the provided path, there will be 19 files uploaded
2026-10-09T15:17:40.7010505Z Artifact name is valid!
2026-10-09T15:17:40.7011640Z Root directory input is valid!
2026-10-09T15:17:40.9091744Z Beginning upload of artifact content to blob storage
2026-10-09T15:17:40.9545586Z (node:4693) [DEP0169] DeprecationWarning: `url.parse()` behavior is not standardized and prone to errors that have security implications. Use the WHATWG URL API instead. CVEs are not issued for `url.parse()` vulnerabilities.
2026-10-09T15:17:41.0019342Z Uploaded bytes 13394
2026-10-09T15:17:41.0201686Z Finished uploading artifact content to blob storage!
2026-10-09T15:17:41.0203824Z SHA256 digest of uploaded artifact zip is d5ea77cdd1c88fb5ce52327b57c752a0c15ea87e998041d4305fa4ff165fc1c1
2026-10-09T15:17:41.0205187Z Finalizing artifact upload
2026-10-09T15:17:41.3021405Z Artifact root-typescript7-5d3cbc82cb8759b909d1a957d6a22d542509d8c5.zip successfully finalized. Artifact ID 11626081245
2026-10-09T15:17:41.3024268Z Artifact root-typescript7-5d3cbc82cb8759b909d1a957d6a22d542509d8c5 has been successfully uploaded! Final size is 13394 bytes. Artifact ID is 11626081245
2026-10-09T15:17:41.3028082Z Artifact download URL: https://github.com/dwijayuda/pskernel/actions/runs/37950522687/artifacts/11626081245
2026-10-09T15:17:41.3245375Z Post job cleanup.
2026-10-09T15:17:41.4102774Z [command]/usr/bin/git version
2026-10-09T15:17:41.4150647Z git version 2.55.0
2026-10-09T15:17:41.4195188Z Temporarily overriding HOME='/home/runner/work/_temp/65a0b8ca-652c-4101-972e-8596c65c7063' before making global git config changes
2026-10-09T15:17:41.4197680Z Adding repository directory to the temporary git global config as a safe directory
2026-10-09T15:17:41.4210280Z [command]/usr/bin/git config --global --add safe.directory /home/runner/work/pskernel/pskernel
2026-10-09T15:17:41.4242596Z [command]/usr/bin/git config --local --name-only --get-regexp core\.sshCommand
2026-10-09T15:17:41.4279304Z [command]/usr/bin/git submodule foreach --recursive sh -c "git config --local --name-only --get-regexp 'core\.sshCommand' && git config --local --unset-all 'core.sshCommand' || :"
2026-10-09T15:17:41.4565954Z [command]/usr/bin/git config --local --name-only --get-regexp http\.https\:\/\/github\.com\/\.extraheader
2026-10-09T15:17:41.4593790Z http.https://github.com/.extraheader
2026-10-09T15:17:41.4611230Z [command]/usr/bin/git config --local --unset-all http.https://github.com/.extraheader
2026-10-09T15:17:41.4643504Z [command]/usr/bin/git submodule foreach --recursive sh -c "git config --local --name-only --get-regexp 'http\.https\:\/\/github\.com\/\.extraheader' && git config --local --unset-all 'http.https://github.com/.extraheader' || :"
2026-10-09T15:17:41.4922556Z [command]/usr/bin/git config --local --name-only --get-regexp ^includeIf\.gitdir:
2026-10-09T15:17:41.4960231Z [command]/usr/bin/git submodule foreach --recursive git config --local --show-origin --name-only --get-regexp remote.origin.url
2026-10-09T15:17:41.5391447Z Cleaning up orphan processes
2026-10-09T15:17:41.5798158Z ##[warning]Node.js 20 is deprecated. The following actions target Node.js 20 but are being forced to run on Node.js 24: actions/checkout@v4, actions/setup-node@v4, actions/upload-artifact@v4. For more information see: https://github.blog/changelog/2025-09-19-deprecation-of-node-20-on-github-actions-runners/
