2026-10-09T19:44:39.2607268Z Current runner version: '2.337.0'
2026-10-09T19:44:39.2635470Z ##[group]Runner Image Provisioner
2026-10-09T19:44:39.2636444Z Hosted Compute Agent
2026-10-09T19:44:39.2637224Z Version: 20261002.596
2026-10-09T19:44:39.2638033Z Commit: c3d12f3313a95f25162a1503be624f3b0617f8c0
2026-10-09T19:44:39.2638945Z Build Date: 2026-10-02T22:28:27Z
2026-10-09T19:44:39.2639799Z Worker ID: {8afff1c1-d75d-4f76-bd46-b5847eb39d83}
2026-10-09T19:44:39.2640666Z Region: eastus
2026-10-09T19:44:39.2641362Z Cloud: Azure
2026-10-09T19:44:39.2642033Z ##[endgroup]
2026-10-09T19:44:39.2643981Z ##[group]Operating System
2026-10-09T19:44:39.2644913Z Ubuntu
2026-10-09T19:44:39.2645531Z 24.04.5
2026-10-09T19:44:39.2646245Z LTS
2026-10-09T19:44:39.2646946Z ##[endgroup]
2026-10-09T19:44:39.2647653Z ##[group]Runner Image
2026-10-09T19:44:39.2648408Z Image: ubuntu-24.04
2026-10-09T19:44:39.2649088Z Version: 20261004.327.1
2026-10-09T19:44:39.2650671Z Included Software: https://github.com/actions/runner-images/blob/ubuntu24/20261004.327/images/ubuntu/Ubuntu2404-Readme.md
2026-10-09T19:44:39.2652927Z Image Release: https://github.com/actions/runner-images/releases/tag/ubuntu24%2F20261004.327
2026-10-09T19:44:39.2654158Z ##[endgroup]
2026-10-09T19:44:39.2655676Z ##[group]GITHUB_TOKEN Permissions
2026-10-09T19:44:39.2657736Z Actions: read
2026-10-09T19:44:39.2658486Z Contents: read
2026-10-09T19:44:39.2659185Z Metadata: read
2026-10-09T19:44:39.2659848Z ##[endgroup]
2026-10-09T19:44:39.2662356Z Secret source: Actions
2026-10-09T19:44:39.2663614Z Cache mode: write
2026-10-09T19:44:39.2664436Z Prepare workflow directory
2026-10-09T19:44:39.3911698Z Prepare all required actions
2026-10-09T19:44:39.3950182Z Getting action download info
2026-10-09T19:44:39.5733868Z Download action repository 'actions/checkout@v4' (SHA:11d5960a326750d5838078e36cf38b85af677262)
2026-10-09T19:44:40.0307958Z Download action repository 'actions/github-script@v7' (SHA:f28e40c7f34bde8b3046d885e986cb6290c5673b)
2026-10-09T19:44:40.2525500Z Download action repository 'actions/setup-node@v4' (SHA:49933ea5288caeca8642d1e84afbd3f7d6820020)
2026-10-09T19:44:40.7326705Z Download action repository 'leanprover/lean-action@v1' (SHA:f061402b660e0c34644504b324e830f2991d4865)
2026-10-09T19:44:41.0239932Z Download action repository 'actions/cache@v4' (SHA:0057852bfaa89a56745cba8c7296529d2fc39830)
2026-10-09T19:44:41.7184545Z Download action repository 'actions/upload-artifact@v4' (SHA:ea165f8d65b6e75b540449e92b4886f43607fa02)
2026-10-09T19:44:42.3086114Z Getting action download info
2026-10-09T19:44:42.3838551Z Download action repository 'actions/cache@caa296126883cff596d87d8935842f9db880ef25' (SHA:caa296126883cff596d87d8935842f9db880ef25)
2026-10-09T19:44:42.8043812Z Complete job name: compiler
2026-10-09T19:44:42.8647225Z ##[group]Run actions/checkout@v4
2026-10-09T19:44:42.8647655Z with:
2026-10-09T19:44:42.8647854Z   repository: dwijayuda/pskernel
2026-10-09T19:44:42.8649960Z   token: ***
2026-10-09T19:44:42.8650145Z   ssh-strict: true
2026-10-09T19:44:42.8650315Z   ssh-user: git
2026-10-09T19:44:42.8650515Z   persist-credentials: true
2026-10-09T19:44:42.8650724Z   clean: true
2026-10-09T19:44:42.8650909Z   sparse-checkout-cone-mode: true
2026-10-09T19:44:42.8651128Z   fetch-depth: 1
2026-10-09T19:44:42.8651294Z   fetch-tags: false
2026-10-09T19:44:42.8651471Z   show-progress: true
2026-10-09T19:44:42.8651645Z   lfs: false
2026-10-09T19:44:42.8651804Z   submodules: false
2026-10-09T19:44:42.8651976Z   set-safe-directory: true
2026-10-09T19:44:42.8652192Z   allow-unsafe-pr-checkout: false
2026-10-09T19:44:42.8652684Z ##[endgroup]
2026-10-09T19:44:42.9466867Z Syncing repository: dwijayuda/pskernel
2026-10-09T19:44:42.9468055Z ##[group]Getting Git version info
2026-10-09T19:44:42.9468456Z Working directory is '/home/runner/work/pskernel/pskernel'
2026-10-09T19:44:42.9468903Z [command]/usr/bin/git version
2026-10-09T19:44:43.0529023Z git version 2.55.0
2026-10-09T19:44:43.0545751Z ##[endgroup]
2026-10-09T19:44:43.0559074Z Temporarily overriding HOME='/home/runner/work/_temp/75eba63f-4a5a-4b93-a04c-9d828aa5d1fa' before making global git config changes
2026-10-09T19:44:43.0560467Z Adding repository directory to the temporary git global config as a safe directory
2026-10-09T19:44:43.0564482Z [command]/usr/bin/git config --global --add safe.directory /home/runner/work/pskernel/pskernel
2026-10-09T19:44:43.0907087Z Deleting the contents of '/home/runner/work/pskernel/pskernel'
2026-10-09T19:44:43.0910598Z ##[group]Initializing the repository
2026-10-09T19:44:43.0914209Z [command]/usr/bin/git init /home/runner/work/pskernel/pskernel
2026-10-09T19:44:43.1347388Z hint: Using 'master' as the name for the initial branch. This default branch name
2026-10-09T19:44:43.1348196Z hint: will change to "main" in Git 3.0. To configure the initial branch name
2026-10-09T19:44:43.1348881Z hint: to use in all of your new repositories, which will suppress this warning,
2026-10-09T19:44:43.1349350Z hint: call:
2026-10-09T19:44:43.1349574Z hint:
2026-10-09T19:44:43.1349926Z hint: 	git config --global init.defaultBranch <name>
2026-10-09T19:44:43.1350316Z hint:
2026-10-09T19:44:43.1350698Z hint: Names commonly chosen instead of 'master' are 'main', 'trunk' and
2026-10-09T19:44:43.1351285Z hint: 'development'. The just-created branch can be renamed via this command:
2026-10-09T19:44:43.1351590Z hint:
2026-10-09T19:44:43.1351787Z hint: 	git branch -m <name>
2026-10-09T19:44:43.1351983Z hint:
2026-10-09T19:44:43.1352258Z hint: Disable this message with "git config set advice.defaultBranchName false"
2026-10-09T19:44:43.1352994Z Initialized empty Git repository in /home/runner/work/pskernel/pskernel/.git/
2026-10-09T19:44:43.1360756Z [command]/usr/bin/git remote add origin https://github.com/dwijayuda/pskernel
2026-10-09T19:44:43.1533694Z ##[endgroup]
2026-10-09T19:44:43.1534085Z ##[group]Disabling automatic garbage collection
2026-10-09T19:44:43.1558083Z [command]/usr/bin/git config --local gc.auto 0
2026-10-09T19:44:43.1569163Z ##[endgroup]
2026-10-09T19:44:43.1569485Z ##[group]Setting up auth
2026-10-09T19:44:43.1575276Z [command]/usr/bin/git config --local --name-only --get-regexp core\.sshCommand
2026-10-09T19:44:43.1603682Z [command]/usr/bin/git submodule foreach --recursive sh -c "git config --local --name-only --get-regexp 'core\.sshCommand' && git config --local --unset-all 'core.sshCommand' || :"
2026-10-09T19:44:43.2093381Z [command]/usr/bin/git config --local --name-only --get-regexp http\.https\:\/\/github\.com\/\.extraheader
2026-10-09T19:44:43.2124304Z [command]/usr/bin/git submodule foreach --recursive sh -c "git config --local --name-only --get-regexp 'http\.https\:\/\/github\.com\/\.extraheader' && git config --local --unset-all 'http.https://github.com/.extraheader' || :"
2026-10-09T19:44:43.2316886Z [command]/usr/bin/git config --local --name-only --get-regexp ^includeIf\.gitdir:
2026-10-09T19:44:43.2348985Z [command]/usr/bin/git submodule foreach --recursive git config --local --show-origin --name-only --get-regexp remote.origin.url
2026-10-09T19:44:43.2548421Z [command]/usr/bin/git config --local http.https://github.com/.extraheader AUTHORIZATION: basic ***
2026-10-09T19:44:43.2586031Z ##[endgroup]
2026-10-09T19:44:43.2586588Z ##[group]Fetching the repository
2026-10-09T19:44:43.2594062Z [command]/usr/bin/git -c protocol.version=2 fetch --no-tags --prune --no-recurse-submodules --depth=1 origin +2b5a4c903ed8a069cde8f08265b28042bcaf5766:refs/remotes/origin/psc0/strict-sh1-v1
2026-10-09T19:44:54.5059844Z From https://github.com/dwijayuda/pskernel
2026-10-09T19:44:54.5060379Z  * [new ref]           2b5a4c903ed8a069cde8f08265b28042bcaf5766 -> origin/psc0/strict-sh1-v1
2026-10-09T19:44:54.5063750Z ##[endgroup]
2026-10-09T19:44:54.5064066Z ##[group]Determining the checkout info
2026-10-09T19:44:54.5065536Z ##[endgroup]
2026-10-09T19:44:54.5070452Z [command]/usr/bin/git sparse-checkout disable
2026-10-09T19:44:54.5116746Z [command]/usr/bin/git config --local --unset-all extensions.worktreeConfig
2026-10-09T19:44:54.5144937Z ##[group]Checking out the ref
2026-10-09T19:44:54.5148880Z [command]/usr/bin/git checkout --progress --force -B psc0/strict-sh1-v1 refs/remotes/origin/psc0/strict-sh1-v1
2026-10-09T19:44:56.0161984Z Updating files:   6% (1439/20732)
2026-10-09T19:44:56.0246028Z Updating files:   7% (1452/20732)
2026-10-09T19:44:56.0374723Z Updating files:   8% (1659/20732)
2026-10-09T19:44:56.0568010Z Updating files:   9% (1866/20732)
2026-10-09T19:44:56.0742294Z Updating files:  10% (2074/20732)
2026-10-09T19:44:56.0918578Z Updating files:  11% (2281/20732)
2026-10-09T19:44:56.1016618Z Updating files:  12% (2488/20732)
2026-10-09T19:44:56.6265604Z Updating files:  13% (2696/20732)
2026-10-09T19:44:57.4238242Z Updating files:  13% (2783/20732)
2026-10-09T19:44:57.4327632Z Updating files:  14% (2903/20732)
2026-10-09T19:44:57.4404413Z Updating files:  15% (3110/20732)
2026-10-09T19:44:57.4523828Z Updating files:  16% (3318/20732)
2026-10-09T19:44:57.4624670Z Updating files:  17% (3525/20732)
2026-10-09T19:44:57.4731485Z Updating files:  18% (3732/20732)
2026-10-09T19:44:57.4944412Z Updating files:  19% (3940/20732)
2026-10-09T19:44:57.5090383Z Updating files:  20% (4147/20732)
2026-10-09T19:44:57.5276237Z Updating files:  21% (4354/20732)
2026-10-09T19:44:57.5323241Z Updating files:  22% (4562/20732)
2026-10-09T19:44:57.5375311Z Updating files:  22% (4660/20732)
2026-10-09T19:44:58.5998257Z Updating files:  23% (4769/20732)
2026-10-09T19:44:58.8645939Z Updating files:  23% (4855/20732)
2026-10-09T19:44:58.8759738Z Updating files:  24% (4976/20732)
2026-10-09T19:44:58.8857856Z Updating files:  25% (5183/20732)
2026-10-09T19:44:58.8952696Z Updating files:  26% (5391/20732)
2026-10-09T19:44:58.9034605Z Updating files:  27% (5598/20732)
2026-10-09T19:44:58.9278289Z Updating files:  28% (5805/20732)
2026-10-09T19:44:58.9841026Z Updating files:  29% (6013/20732)
2026-10-09T19:44:58.9945762Z Updating files:  30% (6220/20732)
2026-10-09T19:44:59.0073079Z Updating files:  31% (6427/20732)
2026-10-09T19:44:59.0201743Z Updating files:  32% (6635/20732)
2026-10-09T19:44:59.0335138Z Updating files:  33% (6842/20732)
2026-10-09T19:44:59.0458945Z Updating files:  34% (7049/20732)
2026-10-09T19:44:59.0586998Z Updating files:  35% (7257/20732)
2026-10-09T19:44:59.0713091Z Updating files:  36% (7464/20732)
2026-10-09T19:44:59.0827029Z Updating files:  37% (7671/20732)
2026-10-09T19:44:59.0933129Z Updating files:  38% (7879/20732)
2026-10-09T19:44:59.1068667Z Updating files:  39% (8086/20732)
2026-10-09T19:44:59.1246151Z Updating files:  40% (8293/20732)
2026-10-09T19:44:59.1353728Z Updating files:  41% (8501/20732)
2026-10-09T19:44:59.1455295Z Updating files:  42% (8708/20732)
2026-10-09T19:44:59.1548402Z Updating files:  43% (8915/20732)
2026-10-09T19:44:59.1641897Z Updating files:  44% (9123/20732)
2026-10-09T19:44:59.2493949Z Updating files:  45% (9330/20732)
2026-10-09T19:44:59.2973973Z Updating files:  46% (9537/20732)
2026-10-09T19:44:59.3628006Z Updating files:  47% (9745/20732)
2026-10-09T19:44:59.4427152Z Updating files:  48% (9952/20732)
2026-10-09T19:44:59.5333994Z Updating files:  49% (10159/20732)
2026-10-09T19:44:59.6002441Z Updating files:  49% (10293/20732)
2026-10-09T19:44:59.8417211Z Updating files:  50% (10366/20732)
2026-10-09T19:45:00.2431023Z Updating files:  51% (10574/20732)
2026-10-09T19:45:00.4259575Z Updating files:  52% (10781/20732)
2026-10-09T19:45:00.5324842Z Updating files:  53% (10988/20732)
2026-10-09T19:45:00.6285535Z Updating files:  53% (11102/20732)
2026-10-09T19:45:00.8607163Z Updating files:  54% (11196/20732)
2026-10-09T19:45:00.9946825Z Updating files:  55% (11403/20732)
2026-10-09T19:45:01.0559380Z Updating files:  56% (11610/20732)
2026-10-09T19:45:01.1132075Z Updating files:  57% (11818/20732)
2026-10-09T19:45:01.1193835Z Updating files:  58% (12025/20732)
2026-10-09T19:45:01.1251099Z Updating files:  59% (12232/20732)
2026-10-09T19:45:01.1310412Z Updating files:  60% (12440/20732)
2026-10-09T19:45:01.1368151Z Updating files:  61% (12647/20732)
2026-10-09T19:45:01.1434250Z Updating files:  62% (12854/20732)
2026-10-09T19:45:01.1506095Z Updating files:  63% (13062/20732)
2026-10-09T19:45:01.1577170Z Updating files:  64% (13269/20732)
2026-10-09T19:45:01.1652385Z Updating files:  65% (13476/20732)
2026-10-09T19:45:01.1733241Z Updating files:  66% (13684/20732)
2026-10-09T19:45:01.1806977Z Updating files:  67% (13891/20732)
2026-10-09T19:45:01.1880433Z Updating files:  68% (14098/20732)
2026-10-09T19:45:01.1951687Z Updating files:  69% (14306/20732)
2026-10-09T19:45:01.2022891Z Updating files:  70% (14513/20732)
2026-10-09T19:45:01.2098868Z Updating files:  71% (14720/20732)
2026-10-09T19:45:01.2172833Z Updating files:  72% (14928/20732)
2026-10-09T19:45:01.2258370Z Updating files:  73% (15135/20732)
2026-10-09T19:45:01.2337859Z Updating files:  74% (15342/20732)
2026-10-09T19:45:01.2408766Z Updating files:  75% (15549/20732)
2026-10-09T19:45:01.2478582Z Updating files:  76% (15757/20732)
2026-10-09T19:45:01.2548000Z Updating files:  77% (15964/20732)
2026-10-09T19:45:01.2623228Z Updating files:  78% (16171/20732)
2026-10-09T19:45:01.2697908Z Updating files:  79% (16379/20732)
2026-10-09T19:45:01.2797375Z Updating files:  80% (16586/20732)
2026-10-09T19:45:01.2856697Z Updating files:  81% (16793/20732)
2026-10-09T19:45:01.2920111Z Updating files:  82% (17001/20732)
2026-10-09T19:45:01.2982263Z Updating files:  83% (17208/20732)
2026-10-09T19:45:01.3047157Z Updating files:  84% (17415/20732)
2026-10-09T19:45:01.3114099Z Updating files:  85% (17623/20732)
2026-10-09T19:45:01.3177929Z Updating files:  86% (17830/20732)
2026-10-09T19:45:01.3220716Z Updating files:  87% (18037/20732)
2026-10-09T19:45:01.3268174Z Updating files:  88% (18245/20732)
2026-10-09T19:45:01.3318049Z Updating files:  89% (18452/20732)
2026-10-09T19:45:01.3595313Z Updating files:  90% (18659/20732)
2026-10-09T19:45:01.3688436Z Updating files:  91% (18867/20732)
2026-10-09T19:45:01.3755894Z Updating files:  92% (19074/20732)
2026-10-09T19:45:01.3822736Z Updating files:  93% (19281/20732)
2026-10-09T19:45:01.4972060Z Updating files:  94% (19489/20732)
2026-10-09T19:45:01.5324781Z Updating files:  95% (19696/20732)
2026-10-09T19:45:01.5666412Z Updating files:  95% (19821/20732)
2026-10-09T19:45:01.6143969Z Updating files:  96% (19903/20732)
2026-10-09T19:45:01.6362744Z Updating files:  97% (20111/20732)
2026-10-09T19:45:01.7007887Z Updating files:  98% (20318/20732)
2026-10-09T19:45:01.7780220Z Updating files:  99% (20525/20732)
2026-10-09T19:45:01.7783646Z Updating files: 100% (20732/20732)
2026-10-09T19:45:01.7783907Z Updating files: 100% (20732/20732), done.
2026-10-09T19:45:01.7988881Z Switched to a new branch 'psc0/strict-sh1-v1'
2026-10-09T19:45:01.7989991Z branch 'psc0/strict-sh1-v1' set up to track 'origin/psc0/strict-sh1-v1'.
2026-10-09T19:45:01.8100617Z ##[endgroup]
2026-10-09T19:45:01.8140583Z [command]/usr/bin/git log -1 --format=%H
2026-10-09T19:45:01.8165238Z 2b5a4c903ed8a069cde8f08265b28042bcaf5766
2026-10-09T19:45:01.9803607Z ##[group]Run actions/github-script@v7
2026-10-09T19:45:01.9803855Z with:
2026-10-09T19:45:01.9807449Z   script: const { mkdir, writeFile } = await import('node:fs/promises');
const path = await import('node:path');
const root = process.env.GITHUB_WORKSPACE + '/psc0';
const recovery = await import(root + '/scripts/sh1-native-seed-recovery.mjs');
const { selected, policySha256, recipeSha256 } = await recovery.readNativeSeedRecoveryPolicy({ root });
const directory = path.join(root, 'dist/sh1-seed-selection');
await mkdir(directory, { recursive: true });
await writeFile(path.join(directory, 'selected-native-recovery.json'), JSON.stringify({
  sourceRef: selected.sourceRef, identitySha256: selected.identitySha256,
  policySha256, recipeSha256, recipe: recovery.nativeSeedRecoveryRecipe,
  parentMetadataRetained: Boolean(selected.parent),
  parentExecutionRequired: false, typescriptVersion: '7.0.2',
}, null, 2) + '\n');
for (const [name, value] of Object.entries({
  mode: selected.mode,
  'full-qualification': process.env.PSC0_SH1_FULL_QUALIFICATION === 'true',
  'node-version': selected.nodeVersion,
  'source-ref': selected.sourceRef,
  'compiler-path': selected.compilerPath,
  'cache-key': selected.cacheKey,
  'cache-directory': selected.cacheDirectory,
  'artifact-run-id': selected.artifactRunId,
  'artifact-name': selected.artifactName,
  'recovery-typescript-version': '7.0.2',
  'has-parent': Boolean(selected.parent),
})) core.setOutput(name, value);

2026-10-09T19:45:01.9813319Z   github-token: ***
2026-10-09T19:45:01.9813503Z   debug: false
2026-10-09T19:45:01.9813687Z   user-agent: actions/github-script
2026-10-09T19:45:01.9813903Z   result-encoding: json
2026-10-09T19:45:01.9814090Z   retries: 0
2026-10-09T19:45:01.9814286Z   retry-exempt-status-codes: 400,401,403,404,422
2026-10-09T19:45:01.9814520Z env:
2026-10-09T19:45:01.9814682Z   PSC0_SH1_FULL_QUALIFICATION: true
2026-10-09T19:45:01.9814886Z ##[endgroup]
2026-10-09T19:45:02.0533397Z AssertionError [ERR_ASSERTION]: PSC0_SH1_NATIVE_SEED_RECIPE_FILE_PIN: scripts/sh1-grammar-conformance.mjs
2026-10-09T19:45:02.0534124Z + actual - expected
2026-10-09T19:45:02.0534293Z 
2026-10-09T19:45:02.0534443Z + '77dcbec4a94f7ba27b0727a0888b4098d77f05fc'
2026-10-09T19:45:02.0534833Z - '48efa9b0c90e7904a1df49f43253395841bff90c'
2026-10-09T19:45:02.0535102Z 
2026-10-09T19:45:02.0535589Z     at verifyRunnerFiles (file:///home/runner/work/pskernel/pskernel/psc0/scripts/sh1-native-seed-recovery.mjs:61:12)
2026-10-09T19:45:02.0536786Z     at async Module.readNativeSeedRecoveryPolicy (file:///home/runner/work/pskernel/pskernel/psc0/scripts/sh1-native-seed-recovery.mjs:80:24)
2026-10-09T19:45:02.0538052Z     at async eval (eval at callAsyncFunction (/home/runner/work/_actions/actions/github-script/v7/dist/index.js:36187:16), <anonymous>:7:50)
2026-10-09T19:45:02.0539118Z     at async main (/home/runner/work/_actions/actions/github-script/v7/dist/index.js:36285:20) {
2026-10-09T19:45:02.0539694Z   generatedMessage: false,
2026-10-09T19:45:02.0540037Z   code: 'ERR_ASSERTION',
2026-10-09T19:45:02.0540404Z   actual: '77dcbec4a94f7ba27b0727a0888b4098d77f05fc',
2026-10-09T19:45:02.0540901Z   expected: '48efa9b0c90e7904a1df49f43253395841bff90c',
2026-10-09T19:45:02.0541322Z   operator: 'strictEqual',
2026-10-09T19:45:02.0541682Z   diff: 'simple'
2026-10-09T19:45:02.0541965Z }
2026-10-09T19:45:02.0566353Z ##[error]Unhandled error: AssertionError [ERR_ASSERTION]: PSC0_SH1_NATIVE_SEED_RECIPE_FILE_PIN: scripts/sh1-grammar-conformance.mjs
+ actual - expected

+ '77dcbec4a94f7ba27b0727a0888b4098d77f05fc'
- '48efa9b0c90e7904a1df49f43253395841bff90c'

2026-10-09T19:45:02.0804844Z ##[group]Run actions/upload-artifact@v4
2026-10-09T19:45:02.0805084Z with:
2026-10-09T19:45:02.0805317Z   name: psc0-sh1-ts7.0.2-2b5a4c903ed8a069cde8f08265b28042bcaf5766
2026-10-09T19:45:02.0805857Z   path: psc0/dist/sh1
psc0/.selfhost-seeds
psc0/dist/sh1-native-seed-recovery
psc0/dist/sh1-seed-selection
psc0/dist/typescript-profile

2026-10-09T19:45:02.0806325Z   include-hidden-files: true
2026-10-09T19:45:02.0806536Z   if-no-files-found: ignore
2026-10-09T19:45:02.0806727Z   retention-days: 30
2026-10-09T19:45:02.0806902Z   compression-level: 6
2026-10-09T19:45:02.0807077Z   overwrite: false
2026-10-09T19:45:02.0819601Z ##[endgroup]
2026-10-09T19:45:02.2138667Z (node:2103) [DEP0040] DeprecationWarning: The `punycode` module is deprecated. Please use a userland alternative instead.
2026-10-09T19:45:02.2139558Z (Use `node --trace-deprecation ...` to show where the warning was created)
2026-10-09T19:45:02.2205368Z Multiple search paths detected. Calculating the least common ancestor of all paths
2026-10-09T19:45:02.2212192Z The least common ancestor is /home/runner/work/pskernel/pskernel/psc0. This will be the root directory of the artifact
2026-10-09T19:45:02.2213175Z No files were found with the provided path: psc0/dist/sh1
2026-10-09T19:45:02.2213687Z psc0/.selfhost-seeds
2026-10-09T19:45:02.2213979Z psc0/dist/sh1-native-seed-recovery
2026-10-09T19:45:02.2214428Z psc0/dist/sh1-seed-selection
2026-10-09T19:45:02.2214895Z psc0/dist/typescript-profile. No artifacts will be uploaded.
2026-10-09T19:45:02.2537089Z Post job cleanup.
2026-10-09T19:45:02.3261708Z [command]/usr/bin/git version
2026-10-09T19:45:02.3297992Z git version 2.55.0
2026-10-09T19:45:02.3327117Z Temporarily overriding HOME='/home/runner/work/_temp/5643b678-124a-4c85-a5b2-2d0b37bd1355' before making global git config changes
2026-10-09T19:45:02.3328124Z Adding repository directory to the temporary git global config as a safe directory
2026-10-09T19:45:02.3330936Z [command]/usr/bin/git config --global --add safe.directory /home/runner/work/pskernel/pskernel
2026-10-09T19:45:02.3432510Z [command]/usr/bin/git config --local --name-only --get-regexp core\.sshCommand
2026-10-09T19:45:02.3467397Z [command]/usr/bin/git submodule foreach --recursive sh -c "git config --local --name-only --get-regexp 'core\.sshCommand' && git config --local --unset-all 'core.sshCommand' || :"
2026-10-09T19:45:02.3736371Z [command]/usr/bin/git config --local --name-only --get-regexp http\.https\:\/\/github\.com\/\.extraheader
2026-10-09T19:45:02.3762063Z http.https://github.com/.extraheader
2026-10-09T19:45:02.3785137Z [command]/usr/bin/git config --local --unset-all http.https://github.com/.extraheader
2026-10-09T19:45:02.3870753Z [command]/usr/bin/git submodule foreach --recursive sh -c "git config --local --name-only --get-regexp 'http\.https\:\/\/github\.com\/\.extraheader' && git config --local --unset-all 'http.https://github.com/.extraheader' || :"
2026-10-09T19:45:02.4105254Z [command]/usr/bin/git config --local --name-only --get-regexp ^includeIf\.gitdir:
2026-10-09T19:45:02.4137942Z [command]/usr/bin/git submodule foreach --recursive git config --local --show-origin --name-only --get-regexp remote.origin.url
2026-10-09T19:45:02.4839073Z Evaluate and set job outputs
2026-10-09T19:45:02.4844835Z Set output 'qualified'
2026-10-09T19:45:02.4846302Z Cleaning up orphan processes
2026-10-09T19:45:02.5093229Z ##[warning]Node.js 20 is deprecated. The following actions target Node.js 20 but are being forced to run on Node.js 24: actions/checkout@v4, actions/github-script@v7, actions/upload-artifact@v4. For more information see: https://github.blog/changelog/2025-09-19-deprecation-of-node-20-on-github-actions-runners/
